Using device: cuda:0

=== content/bbbc022_x1024_learnable_frequency_seed44: inverse_warmup_m1 (m=1.0, steps=1500) ===
[inverse_warmup_m1] step=200 m=1.0 loss=0.11546 val_mse=0.06347 bin_frac=0.028
[inverse_warmup_m1] step=400 m=1.0 loss=0.10748 val_mse=0.04025 bin_frac=0.028
[inverse_warmup_m1] step=600 m=1.0 loss=0.08603 val_mse=0.04240 bin_frac=0.028
[inverse_warmup_m1] step=800 m=1.0 loss=0.09845 val_mse=0.03888 bin_frac=0.028
[inverse_warmup_m1] step=1000 m=1.0 loss=0.10315 val_mse=0.03835 bin_frac=0.028
[inverse_warmup_m1] step=1200 m=1.0 loss=0.09753 val_mse=0.03797 bin_frac=0.028
[inverse_warmup_m1] step=1400 m=1.0 loss=0.09792 val_mse=0.04015 bin_frac=0.028
[inverse_warmup_m1] step=1500 m=1.0 loss=0.10009 val_mse=0.03915 bin_frac=0.028

=== content/bbbc022_x1024_learnable_frequency_seed44: joint_soft_m1 (m=1.0, steps=5000) ===
[joint_soft_m1] step=1700 m=1.0 loss=0.08616 val_mse=0.04040 bin_frac=0.028
[joint_soft_m1] step=1900 m=1.0 loss=0.10482 val_mse=0.03954 bin_frac=0.028
[joint_soft_m1] step=2100 m=1.0 loss=0.09126 val_mse=0.03999 bin_frac=0.028
[joint_soft_m1] step=2300 m=1.0 loss=0.10189 val_mse=0.03972 bin_frac=0.028
[joint_soft_m1] step=2500 m=1.0 loss=0.10124 val_mse=0.03875 bin_frac=0.028
[joint_soft_m1] step=2700 m=1.0 loss=0.10102 val_mse=0.03872 bin_frac=0.028
[joint_soft_m1] step=2900 m=1.0 loss=0.09266 val_mse=0.04001 bin_frac=0.028
[joint_soft_m1] step=3100 m=1.0 loss=0.09376 val_mse=0.04095 bin_frac=0.028
[joint_soft_m1] step=3300 m=1.0 loss=0.08963 val_mse=0.04049 bin_frac=0.028
[joint_soft_m1] step=3500 m=1.0 loss=0.10728 val_mse=0.03895 bin_frac=0.028
[joint_soft_m1] step=3700 m=1.0 loss=0.10210 val_mse=0.04017 bin_frac=0.028
[joint_soft_m1] step=3900 m=1.0 loss=0.09427 val_mse=0.03935 bin_frac=0.028
[joint_soft_m1] step=4100 m=1.0 loss=0.09095 val_mse=0.03989 bin_frac=0.028
[joint_soft_m1] step=4300 m=1.0 loss=0.10219 val_mse=0.03853 bin_frac=0.028
[joint_soft_m1] step=4500 m=1.0 loss=0.09822 val_mse=0.04000 bin_frac=0.028
[joint_soft_m1] step=4700 m=1.0 loss=0.10181 val_mse=0.03924 bin_frac=0.028
[joint_soft_m1] step=4900 m=1.0 loss=0.09519 val_mse=0.04142 bin_frac=0.028
[joint_soft_m1] step=5100 m=1.0 loss=0.08703 val_mse=0.03955 bin_frac=0.028
[joint_soft_m1] step=5300 m=1.0 loss=0.09940 val_mse=0.03945 bin_frac=0.028
[joint_soft_m1] step=5500 m=1.0 loss=0.10238 val_mse=0.03903 bin_frac=0.028
[joint_soft_m1] step=5700 m=1.0 loss=0.10024 val_mse=0.04107 bin_frac=0.028
[joint_soft_m1] step=5900 m=1.0 loss=0.10145 val_mse=0.03967 bin_frac=0.028
[joint_soft_m1] step=6100 m=1.0 loss=0.08727 val_mse=0.03849 bin_frac=0.028
[joint_soft_m1] step=6300 m=1.0 loss=0.09305 val_mse=0.03916 bin_frac=0.028
[joint_soft_m1] step=6500 m=1.0 loss=0.09287 val_mse=0.04007 bin_frac=0.028

=== content/bbbc022_x1024_learnable_frequency_seed44: harden_m2 (m=2.0, steps=1200) ===
[harden_m2] step=6700 m=2.0 loss=0.11150 val_mse=0.04013 bin_frac=0.273
[harden_m2] step=6900 m=2.0 loss=0.08907 val_mse=0.03829 bin_frac=0.273
[harden_m2] step=7100 m=2.0 loss=0.09577 val_mse=0.03593 bin_frac=0.273
[harden_m2] step=7300 m=2.0 loss=0.09468 val_mse=0.03669 bin_frac=0.273
[harden_m2] step=7500 m=2.0 loss=0.08712 val_mse=0.03380 bin_frac=0.274
[harden_m2] step=7700 m=2.0 loss=0.08150 val_mse=0.03240 bin_frac=0.274

=== content/bbbc022_x1024_learnable_frequency_seed44: harden_m4 (m=4.0, steps=1200) ===
[harden_m4] step=7900 m=4.0 loss=0.08391 val_mse=0.02818 bin_frac=0.596
[harden_m4] step=8100 m=4.0 loss=0.06987 val_mse=0.02883 bin_frac=0.599
[harden_m4] step=8300 m=4.0 loss=0.07495 val_mse=0.02572 bin_frac=0.602
[harden_m4] step=8500 m=4.0 loss=0.07654 val_mse=0.02276 bin_frac=0.606
[harden_m4] step=8700 m=4.0 loss=0.07219 val_mse=0.02377 bin_frac=0.611
[harden_m4] step=8900 m=4.0 loss=0.07019 val_mse=0.02326 bin_frac=0.615

=== content/bbbc022_x1024_learnable_frequency_seed44: harden_m8 (m=8.0, steps=1200) ===
[harden_m8] step=9100 m=8.0 loss=0.06690 val_mse=0.02227 bin_frac=0.824
[harden_m8] step=9300 m=8.0 loss=0.07255 val_mse=0.02413 bin_frac=0.830
[harden_m8] step=9500 m=8.0 loss=0.07681 val_mse=0.02136 bin_frac=0.835
[harden_m8] step=9700 m=8.0 loss=0.07696 val_mse=0.02288 bin_frac=0.840
[harden_m8] step=9900 m=8.0 loss=0.06535 val_mse=0.02262 bin_frac=0.845
[harden_m8] step=10100 m=8.0 loss=0.06322 val_mse=0.02201 bin_frac=0.850
