Using device: cuda:0

=== content/bbbc022_x64_learnable_frequency_seed43: inverse_warmup_m1 (m=1.0, steps=1500) ===
[inverse_warmup_m1] step=200 m=1.0 loss=0.05351 val_mse=0.00938 bin_frac=0.028
[inverse_warmup_m1] step=400 m=1.0 loss=0.03886 val_mse=0.00681 bin_frac=0.028
[inverse_warmup_m1] step=600 m=1.0 loss=0.03777 val_mse=0.00621 bin_frac=0.028
[inverse_warmup_m1] step=800 m=1.0 loss=0.03311 val_mse=0.00591 bin_frac=0.028
[inverse_warmup_m1] step=1000 m=1.0 loss=0.03575 val_mse=0.00587 bin_frac=0.028
[inverse_warmup_m1] step=1200 m=1.0 loss=0.04156 val_mse=0.00572 bin_frac=0.028
[inverse_warmup_m1] step=1400 m=1.0 loss=0.03453 val_mse=0.00603 bin_frac=0.028
[inverse_warmup_m1] step=1500 m=1.0 loss=0.03783 val_mse=0.00974 bin_frac=0.028

=== content/bbbc022_x64_learnable_frequency_seed43: joint_soft_m1 (m=1.0, steps=5000) ===
[joint_soft_m1] step=1700 m=1.0 loss=0.03325 val_mse=0.00620 bin_frac=0.028
[joint_soft_m1] step=1900 m=1.0 loss=0.03249 val_mse=0.00558 bin_frac=0.028
[joint_soft_m1] step=2100 m=1.0 loss=0.03511 val_mse=0.00593 bin_frac=0.028
[joint_soft_m1] step=2300 m=1.0 loss=0.03575 val_mse=0.00553 bin_frac=0.028
[joint_soft_m1] step=2500 m=1.0 loss=0.03486 val_mse=0.00531 bin_frac=0.028
[joint_soft_m1] step=2700 m=1.0 loss=0.03219 val_mse=0.00521 bin_frac=0.028
[joint_soft_m1] step=2900 m=1.0 loss=0.03102 val_mse=0.00489 bin_frac=0.028
[joint_soft_m1] step=3100 m=1.0 loss=0.03161 val_mse=0.00505 bin_frac=0.028
[joint_soft_m1] step=3300 m=1.0 loss=0.03479 val_mse=0.00451 bin_frac=0.028
[joint_soft_m1] step=3500 m=1.0 loss=0.02881 val_mse=0.00413 bin_frac=0.028
[joint_soft_m1] step=3700 m=1.0 loss=0.03452 val_mse=0.00353 bin_frac=0.028
[joint_soft_m1] step=3900 m=1.0 loss=0.02598 val_mse=0.00314 bin_frac=0.028
[joint_soft_m1] step=4100 m=1.0 loss=0.02444 val_mse=0.00296 bin_frac=0.029
[joint_soft_m1] step=4300 m=1.0 loss=0.02253 val_mse=0.00254 bin_frac=0.029
[joint_soft_m1] step=4500 m=1.0 loss=0.02356 val_mse=0.00235 bin_frac=0.029
[joint_soft_m1] step=4700 m=1.0 loss=0.02245 val_mse=0.00224 bin_frac=0.029
[joint_soft_m1] step=4900 m=1.0 loss=0.02192 val_mse=0.00214 bin_frac=0.029
[joint_soft_m1] step=5100 m=1.0 loss=0.01999 val_mse=0.00199 bin_frac=0.029
[joint_soft_m1] step=5300 m=1.0 loss=0.02050 val_mse=0.00189 bin_frac=0.029
[joint_soft_m1] step=5500 m=1.0 loss=0.02032 val_mse=0.00183 bin_frac=0.029
[joint_soft_m1] step=5700 m=1.0 loss=0.02173 val_mse=0.00180 bin_frac=0.029
[joint_soft_m1] step=5900 m=1.0 loss=0.02018 val_mse=0.00172 bin_frac=0.029
[joint_soft_m1] step=6100 m=1.0 loss=0.01976 val_mse=0.00184 bin_frac=0.029
[joint_soft_m1] step=6300 m=1.0 loss=0.01886 val_mse=0.00169 bin_frac=0.029
[joint_soft_m1] step=6500 m=1.0 loss=0.01814 val_mse=0.00161 bin_frac=0.029

=== content/bbbc022_x64_learnable_frequency_seed43: harden_m2 (m=2.0, steps=1200) ===
[harden_m2] step=6700 m=2.0 loss=0.01704 val_mse=0.00139 bin_frac=0.297
[harden_m2] step=6900 m=2.0 loss=0.01674 val_mse=0.00135 bin_frac=0.298
[harden_m2] step=7100 m=2.0 loss=0.01871 val_mse=0.00142 bin_frac=0.298
[harden_m2] step=7300 m=2.0 loss=0.01812 val_mse=0.00131 bin_frac=0.298
[harden_m2] step=7500 m=2.0 loss=0.01728 val_mse=0.00139 bin_frac=0.299
[harden_m2] step=7700 m=2.0 loss=0.01760 val_mse=0.00141 bin_frac=0.299

=== content/bbbc022_x64_learnable_frequency_seed43: harden_m4 (m=4.0, steps=1200) ===
[harden_m4] step=7900 m=4.0 loss=0.01724 val_mse=0.00143 bin_frac=0.615
[harden_m4] step=8100 m=4.0 loss=0.01656 val_mse=0.00123 bin_frac=0.616
[harden_m4] step=8300 m=4.0 loss=0.01747 val_mse=0.00127 bin_frac=0.616
[harden_m4] step=8500 m=4.0 loss=0.01507 val_mse=0.00121 bin_frac=0.617
[harden_m4] step=8700 m=4.0 loss=0.01740 val_mse=0.00118 bin_frac=0.617
[harden_m4] step=8900 m=4.0 loss=0.01736 val_mse=0.00123 bin_frac=0.618

=== content/bbbc022_x64_learnable_frequency_seed43: harden_m8 (m=8.0, steps=1200) ===
[harden_m8] step=9100 m=8.0 loss=0.01847 val_mse=0.00119 bin_frac=0.808
[harden_m8] step=9300 m=8.0 loss=0.01712 val_mse=0.00117 bin_frac=0.810
[harden_m8] step=9500 m=8.0 loss=0.01614 val_mse=0.00121 bin_frac=0.811
[harden_m8] step=9700 m=8.0 loss=0.01461 val_mse=0.00124 bin_frac=0.813
[harden_m8] step=9900 m=8.0 loss=0.01737 val_mse=0.00129 bin_frac=0.816
[harden_m8] step=10100 m=8.0 loss=0.01619 val_mse=0.00125 bin_frac=0.819
