[x16/random_fixed] loading frozen base ...
[x16/random_fixed] building caches (frozen base forward) ...
[x16/random_fixed] cache: train=7920 val=40 test=60 (62s)
/home/leonidas/workspace/differentiable_micoscopy_replication/microscopy-clean/.venv/lib/python3.12/site-packages/timm/models/layers/__init__.py:49: FutureWarning: Importing from timm.models.layers is deprecated, please import via timm.layers
  warnings.warn(f"Importing from {__name__} is deprecated, please import via timm.layers", FutureWarning)
/home/leonidas/workspace/differentiable_micoscopy_replication/microscopy-clean/.venv/lib/python3.12/site-packages/torch/functional.py:505: UserWarning: torch.meshgrid: in an upcoming release, it will be required to pass the indexing argument. (Triggered internally at /pytorch/aten/src/ATen/native/TensorShape.cpp:4381.)
  return _VF.meshgrid(tensors, **kwargs)  # type: ignore[attr-defined]
[x16/random_fixed] SwinIR params=11.50M embed_dim=180 depths=[6, 6, 6, 6, 6, 6] identity_init=True
[x16/random_fixed] base val: ssim=0.9249 mse=0.000743
[x16/random_fixed] step 100/50000 lr=4.00e-05 d=0.6712 pixel=0.0183 perceptual=1.0825 adv=0.0714 g_total=1.1722 1.63 it/s
[x16/random_fixed] step 200/50000 lr=8.00e-05 d=0.5943 pixel=0.0158 perceptual=0.9728 adv=0.0875 g_total=1.0760 1.61 it/s
[x16/random_fixed] step 300/50000 lr=1.20e-04 d=0.6707 pixel=0.0136 perceptual=0.7144 adv=0.0765 g_total=0.8045 1.62 it/s
[x16/random_fixed] step 400/50000 lr=1.60e-04 d=0.6392 pixel=0.0156 perceptual=0.7711 adv=0.0820 g_total=0.8687 1.63 it/s
[x16/random_fixed] step 500/50000 lr=2.00e-04 d=0.6471 pixel=0.0156 perceptual=0.7928 adv=0.0699 g_total=0.8783 1.63 it/s
[x16/random_fixed] step 600/50000 lr=2.00e-04 d=0.6900 pixel=0.0146 perceptual=0.7033 adv=0.0575 g_total=0.7753 1.63 it/s
[x16/random_fixed] step 700/50000 lr=2.00e-04 d=0.6597 pixel=0.0173 perceptual=0.7747 adv=0.0688 g_total=0.8609 1.63 it/s
[x16/random_fixed] step 800/50000 lr=2.00e-04 d=0.6922 pixel=0.0128 perceptual=0.6135 adv=0.0836 g_total=0.7098 1.63 it/s
[x16/random_fixed] step 900/50000 lr=2.00e-04 d=0.6577 pixel=0.0164 perceptual=0.6913 adv=0.0595 g_total=0.7672 1.63 it/s
[x16/random_fixed] step 1000/50000 lr=2.00e-04 d=0.7072 pixel=0.0156 perceptual=0.6924 adv=0.0737 g_total=0.7817 1.63 it/s
[x16/random_fixed] step 1000 VAL ref_ssim=0.9019 (base 0.9249) ref_mse=0.000805 (base 0.000743) best_ssim=0.9019@1000 *
[x16/random_fixed] step 1100/50000 lr=2.00e-04 d=0.6675 pixel=0.0173 perceptual=0.7084 adv=0.0875 g_total=0.8132 1.60 it/s
[x16/random_fixed] step 1200/50000 lr=2.00e-04 d=0.6972 pixel=0.0143 perceptual=0.6414 adv=0.0848 g_total=0.7405 1.60 it/s
[x16/random_fixed] step 1300/50000 lr=2.00e-04 d=0.6518 pixel=0.0147 perceptual=0.6946 adv=0.0831 g_total=0.7924 1.61 it/s
[x16/random_fixed] step 1400/50000 lr=2.00e-04 d=0.6476 pixel=0.0168 perceptual=0.6600 adv=0.0749 g_total=0.7517 1.61 it/s
[x16/random_fixed] step 1500/50000 lr=2.00e-04 d=0.7019 pixel=0.0111 perceptual=0.5676 adv=0.0838 g_total=0.6625 1.61 it/s
[x16/random_fixed] step 1600/50000 lr=2.00e-04 d=0.6941 pixel=0.0131 perceptual=0.6180 adv=0.0731 g_total=0.7042 1.61 it/s
[x16/random_fixed] step 1700/50000 lr=2.00e-04 d=0.7310 pixel=0.0133 perceptual=0.5998 adv=0.0637 g_total=0.6769 1.61 it/s
[x16/random_fixed] step 1800/50000 lr=2.00e-04 d=0.6885 pixel=0.0178 perceptual=0.7835 adv=0.0678 g_total=0.8691 1.61 it/s
[x16/random_fixed] step 1900/50000 lr=2.00e-04 d=0.6940 pixel=0.0151 perceptual=0.6546 adv=0.0740 g_total=0.7438 1.61 it/s
[x16/random_fixed] step 2000/50000 lr=2.00e-04 d=0.6715 pixel=0.0129 perceptual=0.6074 adv=0.0654 g_total=0.6857 1.61 it/s
[x16/random_fixed] step 2000 VAL ref_ssim=0.9113 (base 0.9249) ref_mse=0.000767 (base 0.000743) best_ssim=0.9113@2000 *
[x16/random_fixed] step 2100/50000 lr=1.99e-04 d=0.6920 pixel=0.0141 perceptual=0.6176 adv=0.0727 g_total=0.7044 1.60 it/s
[x16/random_fixed] step 2200/50000 lr=1.99e-04 d=0.6984 pixel=0.0131 perceptual=0.5949 adv=0.0722 g_total=0.6802 1.60 it/s
[x16/random_fixed] step 2300/50000 lr=1.99e-04 d=0.6733 pixel=0.0133 perceptual=0.6110 adv=0.0747 g_total=0.6990 1.60 it/s
[x16/random_fixed] step 2400/50000 lr=1.99e-04 d=0.6955 pixel=0.0141 perceptual=0.6401 adv=0.0713 g_total=0.7255 1.60 it/s
[x16/random_fixed] step 2500/50000 lr=1.99e-04 d=0.6934 pixel=0.0141 perceptual=0.6175 adv=0.0701 g_total=0.7018 1.60 it/s
[x16/random_fixed] step 2600/50000 lr=1.99e-04 d=0.6690 pixel=0.0126 perceptual=0.5756 adv=0.0675 g_total=0.6557 1.60 it/s
[x16/random_fixed] step 2700/50000 lr=1.99e-04 d=0.6944 pixel=0.0127 perceptual=0.5644 adv=0.0702 g_total=0.6473 1.60 it/s
[x16/random_fixed] step 2800/50000 lr=1.99e-04 d=0.6933 pixel=0.0139 perceptual=0.6183 adv=0.0693 g_total=0.7015 1.60 it/s
[x16/random_fixed] step 2900/50000 lr=1.99e-04 d=0.7166 pixel=0.0153 perceptual=0.7188 adv=0.0840 g_total=0.8181 1.60 it/s
[x16/random_fixed] step 3000/50000 lr=1.99e-04 d=0.6932 pixel=0.0120 perceptual=0.5543 adv=0.0698 g_total=0.6361 1.61 it/s
[x16/random_fixed] step 3000 VAL ref_ssim=0.9151 (base 0.9249) ref_mse=0.000699 (base 0.000743) best_ssim=0.9151@3000 *
[x16/random_fixed] step 3100/50000 lr=1.99e-04 d=0.6928 pixel=0.0130 perceptual=0.5842 adv=0.0693 g_total=0.6664 1.60 it/s
[x16/random_fixed] step 3200/50000 lr=1.99e-04 d=0.7036 pixel=0.0143 perceptual=0.5921 adv=0.0755 g_total=0.6819 1.60 it/s
[x16/random_fixed] step 3300/50000 lr=1.98e-04 d=0.6943 pixel=0.0155 perceptual=0.7061 adv=0.0728 g_total=0.7944 1.60 it/s
[x16/random_fixed] step 3400/50000 lr=1.98e-04 d=0.6901 pixel=0.0139 perceptual=0.5866 adv=0.0710 g_total=0.6715 1.60 it/s
[x16/random_fixed] step 3500/50000 lr=1.98e-04 d=0.6937 pixel=0.0124 perceptual=0.5626 adv=0.0675 g_total=0.6425 1.60 it/s
[x16/random_fixed] step 3600/50000 lr=1.98e-04 d=0.6921 pixel=0.0142 perceptual=0.5822 adv=0.0690 g_total=0.6654 1.60 it/s
[x16/random_fixed] step 3700/50000 lr=1.98e-04 d=0.7631 pixel=0.0130 perceptual=0.6114 adv=0.0759 g_total=0.7003 1.60 it/s
[x16/random_fixed] step 3800/50000 lr=1.98e-04 d=0.6932 pixel=0.0155 perceptual=0.6371 adv=0.0693 g_total=0.7219 1.60 it/s
[x16/random_fixed] step 3900/50000 lr=1.98e-04 d=0.7034 pixel=0.0132 perceptual=0.5674 adv=0.0796 g_total=0.6602 1.60 it/s
[x16/random_fixed] step 4000/50000 lr=1.98e-04 d=0.6805 pixel=0.0124 perceptual=0.5613 adv=0.0732 g_total=0.6469 1.60 it/s
[x16/random_fixed] step 4000 VAL ref_ssim=0.9132 (base 0.9249) ref_mse=0.000691 (base 0.000743) best_ssim=0.9151@3000
[x16/random_fixed] step 4100/50000 lr=1.97e-04 d=0.6938 pixel=0.0128 perceptual=0.5889 adv=0.0711 g_total=0.6727 1.60 it/s
[x16/random_fixed] step 4200/50000 lr=1.97e-04 d=0.6875 pixel=0.0114 perceptual=0.5204 adv=0.0710 g_total=0.6028 1.60 it/s
[x16/random_fixed] step 4300/50000 lr=1.97e-04 d=0.6956 pixel=0.0137 perceptual=0.5997 adv=0.0698 g_total=0.6831 1.60 it/s
[x16/random_fixed] step 4400/50000 lr=1.97e-04 d=0.6887 pixel=0.0130 perceptual=0.5764 adv=0.0699 g_total=0.6593 1.60 it/s
[x16/random_fixed] step 4500/50000 lr=1.97e-04 d=0.6987 pixel=0.0136 perceptual=0.6180 adv=0.0697 g_total=0.7014 1.60 it/s
[x16/random_fixed] step 4600/50000 lr=1.97e-04 d=0.7220 pixel=0.0147 perceptual=0.5453 adv=0.0721 g_total=0.6321 1.60 it/s
[x16/random_fixed] step 4700/50000 lr=1.97e-04 d=0.6948 pixel=0.0124 perceptual=0.5621 adv=0.0679 g_total=0.6423 1.60 it/s
[x16/random_fixed] step 4800/50000 lr=1.96e-04 d=0.6685 pixel=0.0140 perceptual=0.6163 adv=0.0783 g_total=0.7085 1.60 it/s
[x16/random_fixed] step 4900/50000 lr=1.96e-04 d=0.7046 pixel=0.0121 perceptual=0.5459 adv=0.0674 g_total=0.6253 1.60 it/s
[x16/random_fixed] step 5000/50000 lr=1.96e-04 d=0.6899 pixel=0.0147 perceptual=0.6485 adv=0.0689 g_total=0.7322 1.60 it/s
[x16/random_fixed] step 5000 VAL ref_ssim=0.9104 (base 0.9249) ref_mse=0.000715 (base 0.000743) best_ssim=0.9151@3000
[x16/random_fixed] step 5100/50000 lr=1.96e-04 d=0.6828 pixel=0.0117 perceptual=0.5288 adv=0.0703 g_total=0.6108 1.60 it/s
[x16/random_fixed] step 5200/50000 lr=1.96e-04 d=0.6949 pixel=0.0122 perceptual=0.5554 adv=0.0669 g_total=0.6345 1.60 it/s
[x16/random_fixed] step 5300/50000 lr=1.95e-04 d=0.6898 pixel=0.0138 perceptual=0.5849 adv=0.0696 g_total=0.6683 1.60 it/s
[x16/random_fixed] step 5400/50000 lr=1.95e-04 d=0.6940 pixel=0.0148 perceptual=0.6460 adv=0.0670 g_total=0.7278 1.60 it/s
[x16/random_fixed] step 5500/50000 lr=1.95e-04 d=0.6913 pixel=0.0128 perceptual=0.5804 adv=0.0690 g_total=0.6623 1.60 it/s
[x16/random_fixed] step 5600/50000 lr=1.95e-04 d=0.6701 pixel=0.0123 perceptual=0.5285 adv=0.0725 g_total=0.6133 1.60 it/s
[x16/random_fixed] step 5700/50000 lr=1.95e-04 d=0.6664 pixel=0.0139 perceptual=0.6502 adv=0.0761 g_total=0.7403 1.60 it/s
[x16/random_fixed] step 5800/50000 lr=1.95e-04 d=0.6895 pixel=0.0129 perceptual=0.5823 adv=0.0697 g_total=0.6648 1.60 it/s
[x16/random_fixed] step 5900/50000 lr=1.94e-04 d=0.6864 pixel=0.0138 perceptual=0.5951 adv=0.0702 g_total=0.6792 1.60 it/s
[x16/random_fixed] step 6000/50000 lr=1.94e-04 d=0.6896 pixel=0.0130 perceptual=0.5770 adv=0.0693 g_total=0.6592 1.60 it/s
[x16/random_fixed] step 6000 VAL ref_ssim=0.9153 (base 0.9249) ref_mse=0.000689 (base 0.000743) best_ssim=0.9153@6000 *
[x16/random_fixed] step 6100/50000 lr=1.94e-04 d=0.6912 pixel=0.0119 perceptual=0.5395 adv=0.0683 g_total=0.6196 1.60 it/s
[x16/random_fixed] step 6200/50000 lr=1.94e-04 d=0.6845 pixel=0.0121 perceptual=0.5618 adv=0.0724 g_total=0.6463 1.60 it/s
[x16/random_fixed] step 6300/50000 lr=1.93e-04 d=0.6930 pixel=0.0122 perceptual=0.5200 adv=0.0689 g_total=0.6011 1.60 it/s
[x16/random_fixed] step 6400/50000 lr=1.93e-04 d=0.6873 pixel=0.0147 perceptual=0.5809 adv=0.0691 g_total=0.6647 1.60 it/s
[x16/random_fixed] step 6500/50000 lr=1.93e-04 d=0.6903 pixel=0.0114 perceptual=0.5476 adv=0.0691 g_total=0.6281 1.60 it/s
[x16/random_fixed] step 6600/50000 lr=1.93e-04 d=0.6870 pixel=0.0116 perceptual=0.5091 adv=0.0730 g_total=0.5937 1.60 it/s
[x16/random_fixed] step 6700/50000 lr=1.93e-04 d=0.6868 pixel=0.0110 perceptual=0.4981 adv=0.0681 g_total=0.5771 1.60 it/s
[x16/random_fixed] step 6800/50000 lr=1.92e-04 d=0.6943 pixel=0.0132 perceptual=0.5849 adv=0.0667 g_total=0.6648 1.60 it/s
[x16/random_fixed] step 6900/50000 lr=1.92e-04 d=0.6851 pixel=0.0144 perceptual=0.6305 adv=0.0703 g_total=0.7152 1.60 it/s
[x16/random_fixed] step 7000/50000 lr=1.92e-04 d=0.6236 pixel=0.0129 perceptual=0.5811 adv=0.0703 g_total=0.6643 1.60 it/s
[x16/random_fixed] step 7000 VAL ref_ssim=0.9153 (base 0.9249) ref_mse=0.000681 (base 0.000743) best_ssim=0.9153@6000
[x16/random_fixed] step 7100/50000 lr=1.92e-04 d=0.6963 pixel=0.0137 perceptual=0.6134 adv=0.0673 g_total=0.6943 1.59 it/s
[x16/random_fixed] step 7200/50000 lr=1.91e-04 d=0.6892 pixel=0.0100 perceptual=0.4798 adv=0.0684 g_total=0.5582 1.60 it/s
[x16/random_fixed] step 7300/50000 lr=1.91e-04 d=0.5297 pixel=0.0125 perceptual=0.5678 adv=0.0698 g_total=0.6501 1.60 it/s
[x16/random_fixed] step 7400/50000 lr=1.91e-04 d=0.6910 pixel=0.0112 perceptual=0.5210 adv=0.0706 g_total=0.6028 1.60 it/s
[x16/random_fixed] step 7500/50000 lr=1.90e-04 d=0.6945 pixel=0.0121 perceptual=0.5793 adv=0.0721 g_total=0.6634 1.60 it/s
[x16/random_fixed] step 7600/50000 lr=1.90e-04 d=0.6945 pixel=0.0118 perceptual=0.5299 adv=0.0697 g_total=0.6113 1.60 it/s
[x16/random_fixed] step 7700/50000 lr=1.90e-04 d=0.6781 pixel=0.0123 perceptual=0.5672 adv=0.0713 g_total=0.6509 1.60 it/s
[x16/random_fixed] step 7800/50000 lr=1.90e-04 d=0.6887 pixel=0.0116 perceptual=0.5399 adv=0.0745 g_total=0.6260 1.60 it/s
[x16/random_fixed] step 7900/50000 lr=1.89e-04 d=0.6862 pixel=0.0130 perceptual=0.5880 adv=0.0703 g_total=0.6712 1.60 it/s
[x16/random_fixed] step 8000/50000 lr=1.89e-04 d=0.6873 pixel=0.0137 perceptual=0.6335 adv=0.0699 g_total=0.7171 1.60 it/s
[x16/random_fixed] step 8000 VAL ref_ssim=0.9152 (base 0.9249) ref_mse=0.000709 (base 0.000743) best_ssim=0.9153@6000
[x16/random_fixed] step 8100/50000 lr=1.89e-04 d=0.6924 pixel=0.0147 perceptual=0.5705 adv=0.0707 g_total=0.6559 1.59 it/s
[x16/random_fixed] step 8200/50000 lr=1.89e-04 d=0.8874 pixel=0.0124 perceptual=0.5485 adv=0.0812 g_total=0.6420 1.60 it/s
[x16/random_fixed] step 8300/50000 lr=1.88e-04 d=0.6880 pixel=0.0135 perceptual=0.5789 adv=0.0718 g_total=0.6642 1.60 it/s
[x16/random_fixed] step 8400/50000 lr=1.88e-04 d=0.7000 pixel=0.0120 perceptual=0.5750 adv=0.0702 g_total=0.6571 1.60 it/s
[x16/random_fixed] step 8500/50000 lr=1.88e-04 d=0.7047 pixel=0.0134 perceptual=0.5966 adv=0.0775 g_total=0.6875 1.60 it/s
[x16/random_fixed] step 8600/50000 lr=1.87e-04 d=0.6786 pixel=0.0121 perceptual=0.5244 adv=0.0683 g_total=0.6048 1.60 it/s
[x16/random_fixed] step 8700/50000 lr=1.87e-04 d=0.6606 pixel=0.0145 perceptual=0.5770 adv=0.0667 g_total=0.6582 1.60 it/s
[x16/random_fixed] step 8800/50000 lr=1.87e-04 d=0.6934 pixel=0.0126 perceptual=0.5757 adv=0.0718 g_total=0.6601 1.60 it/s
[x16/random_fixed] step 8900/50000 lr=1.86e-04 d=0.6689 pixel=0.0135 perceptual=0.5724 adv=0.0689 g_total=0.6548 1.60 it/s
[x16/random_fixed] step 9000/50000 lr=1.86e-04 d=0.6697 pixel=0.0132 perceptual=0.6111 adv=0.0680 g_total=0.6923 1.60 it/s
[x16/random_fixed] step 9000 VAL ref_ssim=0.9139 (base 0.9249) ref_mse=0.000698 (base 0.000743) best_ssim=0.9153@6000
[x16/random_fixed] step 9100/50000 lr=1.86e-04 d=0.6874 pixel=0.0127 perceptual=0.5610 adv=0.0689 g_total=0.6426 1.59 it/s
[x16/random_fixed] step 9200/50000 lr=1.85e-04 d=0.6468 pixel=0.0144 perceptual=0.6080 adv=0.0675 g_total=0.6899 1.59 it/s
[x16/random_fixed] step 9300/50000 lr=1.85e-04 d=0.6738 pixel=0.0142 perceptual=0.5637 adv=0.0539 g_total=0.6319 1.59 it/s
[x16/random_fixed] step 9400/50000 lr=1.85e-04 d=0.7122 pixel=0.0125 perceptual=0.5598 adv=0.0840 g_total=0.6563 1.60 it/s
[x16/random_fixed] step 9500/50000 lr=1.84e-04 d=0.7005 pixel=0.0156 perceptual=0.5883 adv=0.0531 g_total=0.6571 1.60 it/s
[x16/random_fixed] step 9600/50000 lr=1.84e-04 d=0.7013 pixel=0.0131 perceptual=0.5644 adv=0.0821 g_total=0.6596 1.60 it/s
[x16/random_fixed] step 9700/50000 lr=1.84e-04 d=0.6893 pixel=0.0142 perceptual=0.6227 adv=0.0773 g_total=0.7142 1.60 it/s
[x16/random_fixed] step 9800/50000 lr=1.83e-04 d=0.6938 pixel=0.0121 perceptual=0.5611 adv=0.0757 g_total=0.6489 1.60 it/s
[x16/random_fixed] step 9900/50000 lr=1.83e-04 d=0.6791 pixel=0.0123 perceptual=0.5548 adv=0.0521 g_total=0.6192 1.60 it/s
[x16/random_fixed] step 10000/50000 lr=1.83e-04 d=0.6154 pixel=0.0142 perceptual=0.5806 adv=0.0630 g_total=0.6578 1.60 it/s
[x16/random_fixed] step 10000 VAL ref_ssim=0.9114 (base 0.9249) ref_mse=0.000705 (base 0.000743) best_ssim=0.9153@6000
[x16/random_fixed] step 10100/50000 lr=1.82e-04 d=0.6636 pixel=0.0129 perceptual=0.5875 adv=0.0560 g_total=0.6564 1.59 it/s
[x16/random_fixed] step 10200/50000 lr=1.82e-04 d=0.7093 pixel=0.0133 perceptual=0.5035 adv=0.0840 g_total=0.6008 1.59 it/s
[x16/random_fixed] step 10300/50000 lr=1.82e-04 d=0.6746 pixel=0.0138 perceptual=0.5976 adv=0.0747 g_total=0.6862 1.59 it/s
[x16/random_fixed] step 10400/50000 lr=1.81e-04 d=0.7048 pixel=0.0140 perceptual=0.5784 adv=0.0588 g_total=0.6512 1.59 it/s
[x16/random_fixed] step 10500/50000 lr=1.81e-04 d=0.6841 pixel=0.0104 perceptual=0.5029 adv=0.0717 g_total=0.5851 1.59 it/s
[x16/random_fixed] step 10600/50000 lr=1.81e-04 d=0.6867 pixel=0.0131 perceptual=0.5891 adv=0.0825 g_total=0.6846 1.60 it/s
[x16/random_fixed] step 10700/50000 lr=1.80e-04 d=0.6937 pixel=0.0141 perceptual=0.6245 adv=0.0763 g_total=0.7149 1.60 it/s
[x16/random_fixed] step 10800/50000 lr=1.80e-04 d=0.6978 pixel=0.0121 perceptual=0.5234 adv=0.0854 g_total=0.6209 1.60 it/s
[x16/random_fixed] step 10900/50000 lr=1.79e-04 d=0.7080 pixel=0.0141 perceptual=0.5877 adv=0.0474 g_total=0.6492 1.60 it/s
[x16/random_fixed] step 11000/50000 lr=1.79e-04 d=0.7188 pixel=0.0121 perceptual=0.5570 adv=0.0806 g_total=0.6496 1.60 it/s
[x16/random_fixed] step 11000 VAL ref_ssim=0.9077 (base 0.9249) ref_mse=0.000717 (base 0.000743) best_ssim=0.9153@6000
[x16/random_fixed] step 11100/50000 lr=1.79e-04 d=0.6797 pixel=0.0144 perceptual=0.6083 adv=0.0769 g_total=0.6995 1.59 it/s
[x16/random_fixed] step 11200/50000 lr=1.78e-04 d=0.6406 pixel=0.0139 perceptual=0.5734 adv=0.0611 g_total=0.6484 1.59 it/s
[x16/random_fixed] step 11300/50000 lr=1.78e-04 d=0.6818 pixel=0.0134 perceptual=0.5954 adv=0.0772 g_total=0.6859 1.59 it/s
[x16/random_fixed] step 11400/50000 lr=1.77e-04 d=0.6688 pixel=0.0113 perceptual=0.4955 adv=0.0741 g_total=0.5810 1.59 it/s
[x16/random_fixed] step 11500/50000 lr=1.77e-04 d=0.6990 pixel=0.0116 perceptual=0.5210 adv=0.0781 g_total=0.6106 1.59 it/s
[x16/random_fixed] step 11600/50000 lr=1.77e-04 d=0.6418 pixel=0.0160 perceptual=0.5549 adv=0.0764 g_total=0.6474 1.59 it/s
[x16/random_fixed] step 11700/50000 lr=1.76e-04 d=0.6717 pixel=0.0117 perceptual=0.5242 adv=0.0672 g_total=0.6032 1.60 it/s
[x16/random_fixed] step 11800/50000 lr=1.76e-04 d=0.6125 pixel=0.0153 perceptual=0.6179 adv=0.0559 g_total=0.6890 1.60 it/s
[x16/random_fixed] step 11900/50000 lr=1.75e-04 d=0.7099 pixel=0.0154 perceptual=0.6606 adv=0.0514 g_total=0.7275 1.60 it/s
[x16/random_fixed] step 12000/50000 lr=1.75e-04 d=0.6368 pixel=0.0117 perceptual=0.5503 adv=0.0693 g_total=0.6313 1.60 it/s
[x16/random_fixed] step 12000 VAL ref_ssim=0.9123 (base 0.9249) ref_mse=0.000695 (base 0.000743) best_ssim=0.9153@6000
[x16/random_fixed] step 12100/50000 lr=1.75e-04 d=0.6995 pixel=0.0167 perceptual=0.7189 adv=0.0807 g_total=0.8163 1.59 it/s
[x16/random_fixed] step 12200/50000 lr=1.74e-04 d=0.6694 pixel=0.0119 perceptual=0.5330 adv=0.0528 g_total=0.5976 1.59 it/s
[x16/random_fixed] step 12300/50000 lr=1.74e-04 d=0.6890 pixel=0.0154 perceptual=0.6385 adv=0.0785 g_total=0.7324 1.59 it/s
[x16/random_fixed] step 12400/50000 lr=1.73e-04 d=0.6866 pixel=0.0128 perceptual=0.5710 adv=0.0763 g_total=0.6601 1.59 it/s
[x16/random_fixed] step 12500/50000 lr=1.73e-04 d=0.6884 pixel=0.0125 perceptual=0.5754 adv=0.0859 g_total=0.6738 1.59 it/s
[x16/random_fixed] step 12600/50000 lr=1.72e-04 d=0.6537 pixel=0.0120 perceptual=0.5459 adv=0.0604 g_total=0.6183 1.59 it/s
[x16/random_fixed] step 12700/50000 lr=1.72e-04 d=0.6694 pixel=0.0112 perceptual=0.5145 adv=0.0708 g_total=0.5964 1.59 it/s
[x16/random_fixed] step 12800/50000 lr=1.72e-04 d=0.6812 pixel=0.0130 perceptual=0.5749 adv=0.0812 g_total=0.6692 1.60 it/s
[x16/random_fixed] step 12900/50000 lr=1.71e-04 d=0.6754 pixel=0.0141 perceptual=0.6371 adv=0.0682 g_total=0.7194 1.60 it/s
[x16/random_fixed] step 13000/50000 lr=1.71e-04 d=0.6416 pixel=0.0126 perceptual=0.5478 adv=0.0691 g_total=0.6295 1.60 it/s
[x16/random_fixed] step 13000 VAL ref_ssim=0.9137 (base 0.9249) ref_mse=0.000684 (base 0.000743) best_ssim=0.9153@6000
[x16/random_fixed] step 13100/50000 lr=1.70e-04 d=0.6903 pixel=0.0152 perceptual=0.6144 adv=0.0523 g_total=0.6819 1.59 it/s
[x16/random_fixed] step 13200/50000 lr=1.70e-04 d=0.7011 pixel=0.0122 perceptual=0.5219 adv=0.0664 g_total=0.6005 1.59 it/s
[x16/random_fixed] step 13300/50000 lr=1.69e-04 d=0.6823 pixel=0.0128 perceptual=0.5842 adv=0.0764 g_total=0.6734 1.59 it/s
[x16/random_fixed] step 13400/50000 lr=1.69e-04 d=0.6742 pixel=0.0120 perceptual=0.5209 adv=0.0756 g_total=0.6085 1.59 it/s
[x16/random_fixed] step 13500/50000 lr=1.68e-04 d=0.6491 pixel=0.0135 perceptual=0.6167 adv=0.0723 g_total=0.7025 1.59 it/s
[x16/random_fixed] step 13600/50000 lr=1.68e-04 d=0.6866 pixel=0.0149 perceptual=0.5750 adv=0.0724 g_total=0.6624 1.59 it/s
[x16/random_fixed] step 13700/50000 lr=1.68e-04 d=0.7092 pixel=0.0142 perceptual=0.6519 adv=0.0911 g_total=0.7572 1.59 it/s
[x16/random_fixed] step 13800/50000 lr=1.67e-04 d=0.6979 pixel=0.0130 perceptual=0.5751 adv=0.0843 g_total=0.6724 1.59 it/s
[x16/random_fixed] step 13900/50000 lr=1.67e-04 d=0.7246 pixel=0.0160 perceptual=0.6844 adv=0.0510 g_total=0.7514 1.60 it/s
[x16/random_fixed] step 14000/50000 lr=1.66e-04 d=0.6570 pixel=0.0145 perceptual=0.6013 adv=0.0743 g_total=0.6900 1.60 it/s
[x16/random_fixed] step 14000 VAL ref_ssim=0.9133 (base 0.9249) ref_mse=0.000701 (base 0.000743) best_ssim=0.9153@6000
[x16/random_fixed] step 14100/50000 lr=1.66e-04 d=0.6790 pixel=0.0148 perceptual=0.6110 adv=0.0774 g_total=0.7033 1.59 it/s
[x16/random_fixed] step 14200/50000 lr=1.65e-04 d=0.6508 pixel=0.0153 perceptual=0.6688 adv=0.0714 g_total=0.7555 1.59 it/s
[x16/random_fixed] step 14300/50000 lr=1.65e-04 d=0.6265 pixel=0.0135 perceptual=0.5719 adv=0.0706 g_total=0.6560 1.59 it/s
[x16/random_fixed] step 14400/50000 lr=1.64e-04 d=0.7395 pixel=0.0162 perceptual=0.5741 adv=0.0817 g_total=0.6720 1.59 it/s
[x16/random_fixed] step 14500/50000 lr=1.64e-04 d=0.6861 pixel=0.0136 perceptual=0.6241 adv=0.0764 g_total=0.7141 1.59 it/s
[x16/random_fixed] step 14600/50000 lr=1.63e-04 d=0.6715 pixel=0.0144 perceptual=0.5865 adv=0.0779 g_total=0.6788 1.59 it/s
[x16/random_fixed] step 14700/50000 lr=1.63e-04 d=0.6675 pixel=0.0124 perceptual=0.5604 adv=0.0745 g_total=0.6473 1.59 it/s
[x16/random_fixed] step 14800/50000 lr=1.62e-04 d=0.7013 pixel=0.0157 perceptual=0.6493 adv=0.0535 g_total=0.7185 1.59 it/s
[x16/random_fixed] step 14900/50000 lr=1.62e-04 d=0.6668 pixel=0.0136 perceptual=0.5628 adv=0.0734 g_total=0.6498 1.59 it/s
[x16/random_fixed] step 15000/50000 lr=1.61e-04 d=0.7082 pixel=0.0136 perceptual=0.5924 adv=0.0844 g_total=0.6904 1.59 it/s
[x16/random_fixed] step 15000 VAL ref_ssim=0.9087 (base 0.9249) ref_mse=0.000767 (base 0.000743) best_ssim=0.9153@6000
[x16/random_fixed] step 15100/50000 lr=1.61e-04 d=0.6774 pixel=0.0135 perceptual=0.5888 adv=0.0781 g_total=0.6803 1.59 it/s
[x16/random_fixed] step 15200/50000 lr=1.60e-04 d=0.7151 pixel=0.0139 perceptual=0.6001 adv=0.0590 g_total=0.6729 1.59 it/s
[x16/random_fixed] step 15300/50000 lr=1.60e-04 d=0.6905 pixel=0.0150 perceptual=0.6336 adv=0.0866 g_total=0.7352 1.59 it/s
[x16/random_fixed] step 15400/50000 lr=1.59e-04 d=0.6406 pixel=0.0124 perceptual=0.5606 adv=0.0694 g_total=0.6424 1.59 it/s
[x16/random_fixed] step 15500/50000 lr=1.59e-04 d=0.6585 pixel=0.0148 perceptual=0.5710 adv=0.0769 g_total=0.6627 1.59 it/s
[x16/random_fixed] step 15600/50000 lr=1.58e-04 d=0.6643 pixel=0.0123 perceptual=0.5375 adv=0.0722 g_total=0.6220 1.59 it/s
[x16/random_fixed] step 15700/50000 lr=1.58e-04 d=0.6757 pixel=0.0121 perceptual=0.4945 adv=0.0639 g_total=0.5706 1.59 it/s
[x16/random_fixed] step 15800/50000 lr=1.57e-04 d=0.6896 pixel=0.0103 perceptual=0.4723 adv=0.0808 g_total=0.5634 1.59 it/s
[x16/random_fixed] step 15900/50000 lr=1.57e-04 d=0.6924 pixel=0.0140 perceptual=0.6293 adv=0.0697 g_total=0.7131 1.59 it/s
[x16/random_fixed] step 16000/50000 lr=1.56e-04 d=0.7260 pixel=0.0140 perceptual=0.6153 adv=0.0907 g_total=0.7200 1.59 it/s
[x16/random_fixed] step 16000 VAL ref_ssim=0.9109 (base 0.9249) ref_mse=0.000730 (base 0.000743) best_ssim=0.9153@6000
[x16/random_fixed] step 16100/50000 lr=1.56e-04 d=0.7019 pixel=0.0127 perceptual=0.5310 adv=0.0783 g_total=0.6221 1.59 it/s
[x16/random_fixed] step 16200/50000 lr=1.55e-04 d=0.6482 pixel=0.0121 perceptual=0.5223 adv=0.0779 g_total=0.6122 1.59 it/s
[x16/random_fixed] step 16300/50000 lr=1.55e-04 d=0.6621 pixel=0.0144 perceptual=0.6116 adv=0.0679 g_total=0.6939 1.59 it/s
[x16/random_fixed] step 16400/50000 lr=1.54e-04 d=0.6565 pixel=0.0118 perceptual=0.5276 adv=0.0704 g_total=0.6098 1.59 it/s
[x16/random_fixed] step 16500/50000 lr=1.54e-04 d=0.6309 pixel=0.0183 perceptual=0.6310 adv=0.0701 g_total=0.7195 1.59 it/s
[x16/random_fixed] step 16600/50000 lr=1.53e-04 d=0.6732 pixel=0.0124 perceptual=0.5197 adv=0.0611 g_total=0.5932 1.59 it/s
[x16/random_fixed] step 16700/50000 lr=1.53e-04 d=0.6983 pixel=0.0122 perceptual=0.5223 adv=0.0644 g_total=0.5988 1.59 it/s
[x16/random_fixed] step 16800/50000 lr=1.52e-04 d=0.6715 pixel=0.0158 perceptual=0.5967 adv=0.0636 g_total=0.6761 1.59 it/s
[x16/random_fixed] step 16900/50000 lr=1.52e-04 d=0.6811 pixel=0.0147 perceptual=0.6342 adv=0.0795 g_total=0.7284 1.59 it/s
[x16/random_fixed] step 17000/50000 lr=1.51e-04 d=0.6614 pixel=0.0124 perceptual=0.5569 adv=0.0733 g_total=0.6426 1.59 it/s
[x16/random_fixed] step 17000 VAL ref_ssim=0.9116 (base 0.9249) ref_mse=0.000727 (base 0.000743) best_ssim=0.9153@6000
[x16/random_fixed] step 17100/50000 lr=1.50e-04 d=0.6732 pixel=0.0153 perceptual=0.6212 adv=0.0643 g_total=0.7008 1.59 it/s
[x16/random_fixed] step 17200/50000 lr=1.50e-04 d=0.6644 pixel=0.0158 perceptual=0.5543 adv=0.0816 g_total=0.6517 1.59 it/s
[x16/random_fixed] step 17300/50000 lr=1.49e-04 d=0.6989 pixel=0.0133 perceptual=0.5554 adv=0.0783 g_total=0.6470 1.59 it/s
[x16/random_fixed] step 17400/50000 lr=1.49e-04 d=0.6491 pixel=0.0160 perceptual=0.5341 adv=0.0759 g_total=0.6260 1.59 it/s
[x16/random_fixed] step 17500/50000 lr=1.48e-04 d=0.6564 pixel=0.0132 perceptual=0.5680 adv=0.0709 g_total=0.6521 1.59 it/s
[x16/random_fixed] step 17600/50000 lr=1.48e-04 d=0.6524 pixel=0.0133 perceptual=0.5745 adv=0.0737 g_total=0.6616 1.59 it/s
[x16/random_fixed] step 17700/50000 lr=1.47e-04 d=0.6819 pixel=0.0119 perceptual=0.5247 adv=0.0743 g_total=0.6109 1.59 it/s
[x16/random_fixed] step 17800/50000 lr=1.47e-04 d=0.7034 pixel=0.0142 perceptual=0.6236 adv=0.0856 g_total=0.7235 1.59 it/s
[x16/random_fixed] step 17900/50000 lr=1.46e-04 d=0.6581 pixel=0.0130 perceptual=0.5561 adv=0.0650 g_total=0.6341 1.59 it/s
[x16/random_fixed] step 18000/50000 lr=1.46e-04 d=0.6551 pixel=0.0124 perceptual=0.5703 adv=0.0710 g_total=0.6537 1.59 it/s
[x16/random_fixed] step 18000 VAL ref_ssim=0.9103 (base 0.9249) ref_mse=0.000785 (base 0.000743) best_ssim=0.9153@6000
[x16/random_fixed] step 18100/50000 lr=1.45e-04 d=0.7150 pixel=0.0147 perceptual=0.5754 adv=0.0772 g_total=0.6673 1.59 it/s
[x16/random_fixed] step 18200/50000 lr=1.44e-04 d=0.6694 pixel=0.0125 perceptual=0.5707 adv=0.0748 g_total=0.6580 1.59 it/s
[x16/random_fixed] step 18300/50000 lr=1.44e-04 d=0.7042 pixel=0.0122 perceptual=0.5400 adv=0.0628 g_total=0.6150 1.59 it/s
[x16/random_fixed] step 18400/50000 lr=1.43e-04 d=0.6703 pixel=0.0149 perceptual=0.6051 adv=0.0618 g_total=0.6818 1.59 it/s
[x16/random_fixed] step 18500/50000 lr=1.43e-04 d=0.7014 pixel=0.0128 perceptual=0.4977 adv=0.0797 g_total=0.5902 1.59 it/s
[x16/random_fixed] step 18600/50000 lr=1.42e-04 d=0.7015 pixel=0.0148 perceptual=0.6025 adv=0.0744 g_total=0.6918 1.59 it/s
[x16/random_fixed] step 18700/50000 lr=1.42e-04 d=0.6914 pixel=0.0154 perceptual=0.6181 adv=0.0772 g_total=0.7107 1.59 it/s
[x16/random_fixed] step 18800/50000 lr=1.41e-04 d=0.7066 pixel=0.0137 perceptual=0.5940 adv=0.0868 g_total=0.6945 1.59 it/s
[x16/random_fixed] step 18900/50000 lr=1.40e-04 d=0.6651 pixel=0.0116 perceptual=0.4920 adv=0.0743 g_total=0.5778 1.59 it/s
[x16/random_fixed] step 19000/50000 lr=1.40e-04 d=0.6565 pixel=0.0147 perceptual=0.4851 adv=0.0671 g_total=0.5669 1.59 it/s
[x16/random_fixed] step 19000 VAL ref_ssim=0.9119 (base 0.9249) ref_mse=0.000744 (base 0.000743) best_ssim=0.9153@6000
[x16/random_fixed] step 19100/50000 lr=1.39e-04 d=0.7324 pixel=0.0129 perceptual=0.5645 adv=0.0758 g_total=0.6532 1.59 it/s
[x16/random_fixed] step 19200/50000 lr=1.39e-04 d=0.6731 pixel=0.0160 perceptual=0.5647 adv=0.0606 g_total=0.6412 1.59 it/s
[x16/random_fixed] step 19300/50000 lr=1.38e-04 d=0.6632 pixel=0.0124 perceptual=0.5122 adv=0.0626 g_total=0.5871 1.59 it/s
[x16/random_fixed] step 19400/50000 lr=1.38e-04 d=0.6753 pixel=0.0122 perceptual=0.5083 adv=0.0603 g_total=0.5808 1.59 it/s
[x16/random_fixed] step 19500/50000 lr=1.37e-04 d=0.6559 pixel=0.0166 perceptual=0.6006 adv=0.0678 g_total=0.6850 1.59 it/s
[x16/random_fixed] step 19600/50000 lr=1.36e-04 d=0.6680 pixel=0.0106 perceptual=0.4913 adv=0.0784 g_total=0.5803 1.59 it/s
[x16/random_fixed] step 19700/50000 lr=1.36e-04 d=0.6450 pixel=0.0144 perceptual=0.5868 adv=0.0788 g_total=0.6800 1.59 it/s
[x16/random_fixed] step 19800/50000 lr=1.35e-04 d=0.7124 pixel=0.0145 perceptual=0.5981 adv=0.0989 g_total=0.7116 1.59 it/s
[x16/random_fixed] step 19900/50000 lr=1.35e-04 d=0.6398 pixel=0.0143 perceptual=0.6093 adv=0.0584 g_total=0.6820 1.59 it/s
[x16/random_fixed] step 20000/50000 lr=1.34e-04 d=0.6517 pixel=0.0140 perceptual=0.5865 adv=0.0786 g_total=0.6792 1.59 it/s
[x16/random_fixed] step 20000 VAL ref_ssim=0.9113 (base 0.9249) ref_mse=0.000724 (base 0.000743) best_ssim=0.9153@6000
[x16/random_fixed] step 20100/50000 lr=1.33e-04 d=0.6796 pixel=0.0147 perceptual=0.6108 adv=0.0699 g_total=0.6954 1.59 it/s
[x16/random_fixed] step 20200/50000 lr=1.33e-04 d=0.6826 pixel=0.0134 perceptual=0.5904 adv=0.0670 g_total=0.6709 1.59 it/s
[x16/random_fixed] step 20300/50000 lr=1.32e-04 d=0.6866 pixel=0.0140 perceptual=0.5867 adv=0.0834 g_total=0.6840 1.59 it/s
[x16/random_fixed] step 20400/50000 lr=1.32e-04 d=0.6307 pixel=0.0130 perceptual=0.5501 adv=0.0791 g_total=0.6421 1.59 it/s
[x16/random_fixed] step 20500/50000 lr=1.31e-04 d=0.6705 pixel=0.0137 perceptual=0.5724 adv=0.0664 g_total=0.6526 1.59 it/s
[x16/random_fixed] step 20600/50000 lr=1.31e-04 d=0.7299 pixel=0.0162 perceptual=0.6880 adv=0.0916 g_total=0.7958 1.59 it/s
[x16/random_fixed] step 20700/50000 lr=1.30e-04 d=0.6760 pixel=0.0143 perceptual=0.6323 adv=0.0725 g_total=0.7191 1.59 it/s
[x16/random_fixed] step 20800/50000 lr=1.29e-04 d=0.6336 pixel=0.0111 perceptual=0.4658 adv=0.0732 g_total=0.5501 1.59 it/s
[x16/random_fixed] step 20900/50000 lr=1.29e-04 d=0.6450 pixel=0.0135 perceptual=0.5902 adv=0.0782 g_total=0.6819 1.59 it/s
[x16/random_fixed] step 21000/50000 lr=1.28e-04 d=0.6413 pixel=0.0139 perceptual=0.6265 adv=0.0663 g_total=0.7068 1.59 it/s
[x16/random_fixed] step 21000 VAL ref_ssim=0.9096 (base 0.9249) ref_mse=0.000737 (base 0.000743) best_ssim=0.9153@6000
[x16/random_fixed] step 21100/50000 lr=1.28e-04 d=0.6935 pixel=0.0163 perceptual=0.6881 adv=0.0809 g_total=0.7852 1.59 it/s
[x16/random_fixed] step 21200/50000 lr=1.27e-04 d=0.6792 pixel=0.0143 perceptual=0.6219 adv=0.0590 g_total=0.6953 1.59 it/s
[x16/random_fixed] step 21300/50000 lr=1.26e-04 d=0.7004 pixel=0.0117 perceptual=0.5235 adv=0.0941 g_total=0.6294 1.59 it/s
[x16/random_fixed] step 21400/50000 lr=1.26e-04 d=0.6608 pixel=0.0142 perceptual=0.5818 adv=0.0845 g_total=0.6806 1.59 it/s
[x16/random_fixed] step 21500/50000 lr=1.25e-04 d=0.6616 pixel=0.0131 perceptual=0.5629 adv=0.0708 g_total=0.6468 1.59 it/s
[x16/random_fixed] step 21600/50000 lr=1.25e-04 d=0.6645 pixel=0.0155 perceptual=0.6323 adv=0.0627 g_total=0.7105 1.59 it/s
[x16/random_fixed] step 21700/50000 lr=1.24e-04 d=0.7021 pixel=0.0118 perceptual=0.5088 adv=0.0793 g_total=0.5999 1.59 it/s
[x16/random_fixed] step 21800/50000 lr=1.23e-04 d=0.6752 pixel=0.0143 perceptual=0.5646 adv=0.0785 g_total=0.6574 1.59 it/s
[x16/random_fixed] step 21900/50000 lr=1.23e-04 d=0.6899 pixel=0.0138 perceptual=0.5719 adv=0.0773 g_total=0.6630 1.59 it/s
[x16/random_fixed] step 22000/50000 lr=1.22e-04 d=0.6563 pixel=0.0133 perceptual=0.5510 adv=0.0781 g_total=0.6424 1.59 it/s
[x16/random_fixed] step 22000 VAL ref_ssim=0.9111 (base 0.9249) ref_mse=0.000795 (base 0.000743) best_ssim=0.9153@6000
[x16/random_fixed] step 22100/50000 lr=1.21e-04 d=0.6708 pixel=0.0136 perceptual=0.5333 adv=0.0786 g_total=0.6255 1.59 it/s
[x16/random_fixed] step 22200/50000 lr=1.21e-04 d=0.7184 pixel=0.0140 perceptual=0.5660 adv=0.0814 g_total=0.6614 1.59 it/s
[x16/random_fixed] step 22300/50000 lr=1.20e-04 d=0.6473 pixel=0.0123 perceptual=0.5581 adv=0.0769 g_total=0.6473 1.59 it/s
[x16/random_fixed] step 22400/50000 lr=1.20e-04 d=0.7164 pixel=0.0151 perceptual=0.6440 adv=0.0772 g_total=0.7362 1.59 it/s
[x16/random_fixed] step 22500/50000 lr=1.19e-04 d=0.7399 pixel=0.0138 perceptual=0.6093 adv=0.0718 g_total=0.6949 1.59 it/s
[x16/random_fixed] step 22600/50000 lr=1.18e-04 d=0.6697 pixel=0.0135 perceptual=0.5669 adv=0.0687 g_total=0.6491 1.59 it/s
[x16/random_fixed] step 22700/50000 lr=1.18e-04 d=0.6641 pixel=0.0140 perceptual=0.5742 adv=0.0581 g_total=0.6462 1.59 it/s
[x16/random_fixed] step 22800/50000 lr=1.17e-04 d=0.7105 pixel=0.0161 perceptual=0.5845 adv=0.0769 g_total=0.6776 1.59 it/s
[x16/random_fixed] step 22900/50000 lr=1.17e-04 d=0.6536 pixel=0.0131 perceptual=0.5511 adv=0.0725 g_total=0.6367 1.59 it/s
[x16/random_fixed] step 23000/50000 lr=1.16e-04 d=0.6773 pixel=0.0141 perceptual=0.5417 adv=0.0658 g_total=0.6215 1.59 it/s
[x16/random_fixed] step 23000 VAL ref_ssim=0.8976 (base 0.9249) ref_mse=0.000891 (base 0.000743) best_ssim=0.9153@6000
[x16/random_fixed] step 23100/50000 lr=1.15e-04 d=0.6236 pixel=0.0131 perceptual=0.5886 adv=0.0722 g_total=0.6740 1.59 it/s
[x16/random_fixed] step 23200/50000 lr=1.15e-04 d=0.6444 pixel=0.0148 perceptual=0.5755 adv=0.0756 g_total=0.6659 1.59 it/s
[x16/random_fixed] step 23300/50000 lr=1.14e-04 d=0.6382 pixel=0.0142 perceptual=0.6319 adv=0.0810 g_total=0.7271 1.59 it/s
[x16/random_fixed] step 23400/50000 lr=1.13e-04 d=0.7003 pixel=0.0146 perceptual=0.5548 adv=0.0741 g_total=0.6435 1.59 it/s
[x16/random_fixed] step 23500/50000 lr=1.13e-04 d=0.6151 pixel=0.0141 perceptual=0.5877 adv=0.0697 g_total=0.6715 1.59 it/s
[x16/random_fixed] step 23600/50000 lr=1.12e-04 d=0.6720 pixel=0.0139 perceptual=0.6081 adv=0.0763 g_total=0.6983 1.59 it/s
[x16/random_fixed] step 23700/50000 lr=1.12e-04 d=0.6229 pixel=0.0138 perceptual=0.6063 adv=0.0631 g_total=0.6833 1.59 it/s
[x16/random_fixed] step 23800/50000 lr=1.11e-04 d=0.6284 pixel=0.0145 perceptual=0.6011 adv=0.0749 g_total=0.6905 1.59 it/s
[x16/random_fixed] step 23900/50000 lr=1.10e-04 d=0.6514 pixel=0.0128 perceptual=0.5660 adv=0.0664 g_total=0.6453 1.59 it/s
[x16/random_fixed] step 24000/50000 lr=1.10e-04 d=0.7199 pixel=0.0141 perceptual=0.6133 adv=0.0692 g_total=0.6966 1.59 it/s
[x16/random_fixed] step 24000 VAL ref_ssim=0.9112 (base 0.9249) ref_mse=0.000751 (base 0.000743) best_ssim=0.9153@6000
[x16/random_fixed] step 24100/50000 lr=1.09e-04 d=0.7104 pixel=0.0137 perceptual=0.5914 adv=0.0855 g_total=0.6906 1.59 it/s
[x16/random_fixed] step 24200/50000 lr=1.09e-04 d=0.6952 pixel=0.0138 perceptual=0.5712 adv=0.0929 g_total=0.6779 1.59 it/s
[x16/random_fixed] step 24300/50000 lr=1.08e-04 d=0.7158 pixel=0.0140 perceptual=0.5462 adv=0.0598 g_total=0.6200 1.59 it/s
[x16/random_fixed] step 24400/50000 lr=1.07e-04 d=0.6672 pixel=0.0151 perceptual=0.5934 adv=0.0613 g_total=0.6697 1.59 it/s
[x16/random_fixed] step 24500/50000 lr=1.07e-04 d=0.6250 pixel=0.0148 perceptual=0.5653 adv=0.0655 g_total=0.6457 1.59 it/s
[x16/random_fixed] step 24600/50000 lr=1.06e-04 d=0.6726 pixel=0.0140 perceptual=0.5238 adv=0.0766 g_total=0.6144 1.59 it/s
[x16/random_fixed] step 24700/50000 lr=1.05e-04 d=0.6805 pixel=0.0131 perceptual=0.5920 adv=0.0663 g_total=0.6714 1.59 it/s
[x16/random_fixed] step 24800/50000 lr=1.05e-04 d=0.6916 pixel=0.0154 perceptual=0.5483 adv=0.0827 g_total=0.6464 1.59 it/s
[x16/random_fixed] step 24900/50000 lr=1.04e-04 d=0.6604 pixel=0.0136 perceptual=0.6056 adv=0.0695 g_total=0.6887 1.59 it/s
[x16/random_fixed] step 25000/50000 lr=1.04e-04 d=0.6665 pixel=0.0133 perceptual=0.5979 adv=0.0673 g_total=0.6785 1.59 it/s
[x16/random_fixed] step 25000 VAL ref_ssim=0.9140 (base 0.9249) ref_mse=0.000701 (base 0.000743) best_ssim=0.9153@6000
[x16/random_fixed] step 25100/50000 lr=1.03e-04 d=0.6529 pixel=0.0126 perceptual=0.5542 adv=0.0698 g_total=0.6366 1.59 it/s
[x16/random_fixed] step 25200/50000 lr=1.02e-04 d=0.6435 pixel=0.0138 perceptual=0.5741 adv=0.0701 g_total=0.6580 1.59 it/s
[x16/random_fixed] step 25300/50000 lr=1.02e-04 d=0.6352 pixel=0.0134 perceptual=0.5937 adv=0.0741 g_total=0.6812 1.59 it/s
[x16/random_fixed] step 25400/50000 lr=1.01e-04 d=0.7036 pixel=0.0157 perceptual=0.6231 adv=0.0937 g_total=0.7325 1.59 it/s
[x16/random_fixed] step 25500/50000 lr=1.00e-04 d=0.6673 pixel=0.0133 perceptual=0.5970 adv=0.0775 g_total=0.6878 1.59 it/s
[x16/random_fixed] step 25600/50000 lr=9.98e-05 d=0.6555 pixel=0.0179 perceptual=0.6075 adv=0.0655 g_total=0.6908 1.59 it/s
[x16/random_fixed] step 25700/50000 lr=9.92e-05 d=0.6267 pixel=0.0152 perceptual=0.6380 adv=0.0676 g_total=0.7209 1.59 it/s
[x16/random_fixed] step 25800/50000 lr=9.86e-05 d=0.7004 pixel=0.0150 perceptual=0.6061 adv=0.0702 g_total=0.6913 1.59 it/s
[x16/random_fixed] step 25900/50000 lr=9.80e-05 d=0.6852 pixel=0.0135 perceptual=0.5609 adv=0.0816 g_total=0.6560 1.59 it/s
[x16/random_fixed] step 26000/50000 lr=9.73e-05 d=0.6535 pixel=0.0138 perceptual=0.5812 adv=0.0783 g_total=0.6733 1.59 it/s
[x16/random_fixed] step 26000 VAL ref_ssim=0.9066 (base 0.9249) ref_mse=0.000764 (base 0.000743) best_ssim=0.9153@6000
[x16/random_fixed] step 26100/50000 lr=9.67e-05 d=0.6448 pixel=0.0156 perceptual=0.6080 adv=0.0758 g_total=0.6994 1.59 it/s
[x16/random_fixed] step 26200/50000 lr=9.61e-05 d=0.6437 pixel=0.0134 perceptual=0.5448 adv=0.0756 g_total=0.6338 1.59 it/s
[x16/random_fixed] step 26300/50000 lr=9.55e-05 d=0.6533 pixel=0.0152 perceptual=0.6109 adv=0.0887 g_total=0.7148 1.59 it/s
[x16/random_fixed] step 26400/50000 lr=9.49e-05 d=0.7021 pixel=0.0137 perceptual=0.5616 adv=0.0781 g_total=0.6534 1.59 it/s
[x16/random_fixed] step 26500/50000 lr=9.42e-05 d=0.7092 pixel=0.0156 perceptual=0.5998 adv=0.0960 g_total=0.7114 1.59 it/s
[x16/random_fixed] step 26600/50000 lr=9.36e-05 d=0.6668 pixel=0.0148 perceptual=0.5499 adv=0.0703 g_total=0.6350 1.59 it/s
[x16/random_fixed] step 26700/50000 lr=9.30e-05 d=0.6855 pixel=0.0133 perceptual=0.5613 adv=0.0847 g_total=0.6593 1.59 it/s
[x16/random_fixed] step 26800/50000 lr=9.24e-05 d=0.6803 pixel=0.0126 perceptual=0.5345 adv=0.0806 g_total=0.6278 1.59 it/s
[x16/random_fixed] step 26900/50000 lr=9.18e-05 d=0.7055 pixel=0.0174 perceptual=0.5992 adv=0.0738 g_total=0.6905 1.59 it/s
[x16/random_fixed] step 27000/50000 lr=9.11e-05 d=0.6499 pixel=0.0148 perceptual=0.6468 adv=0.0881 g_total=0.7497 1.59 it/s
[x16/random_fixed] step 27000 VAL ref_ssim=0.9138 (base 0.9249) ref_mse=0.000801 (base 0.000743) best_ssim=0.9153@6000
[x16/random_fixed] step 27100/50000 lr=9.05e-05 d=0.6922 pixel=0.0136 perceptual=0.5560 adv=0.0721 g_total=0.6417 1.59 it/s
[x16/random_fixed] step 27200/50000 lr=8.99e-05 d=0.6497 pixel=0.0142 perceptual=0.5981 adv=0.0772 g_total=0.6895 1.59 it/s
[x16/random_fixed] step 27300/50000 lr=8.93e-05 d=0.6394 pixel=0.0135 perceptual=0.5706 adv=0.0719 g_total=0.6560 1.59 it/s
[x16/random_fixed] step 27400/50000 lr=8.87e-05 d=0.6430 pixel=0.0133 perceptual=0.5440 adv=0.0806 g_total=0.6379 1.59 it/s
[x16/random_fixed] step 27500/50000 lr=8.81e-05 d=0.6460 pixel=0.0151 perceptual=0.6566 adv=0.0631 g_total=0.7348 1.59 it/s
[x16/random_fixed] step 27600/50000 lr=8.74e-05 d=0.6397 pixel=0.0136 perceptual=0.5545 adv=0.0644 g_total=0.6326 1.59 it/s
[x16/random_fixed] step 27700/50000 lr=8.68e-05 d=0.6948 pixel=0.0150 perceptual=0.6463 adv=0.0666 g_total=0.7279 1.59 it/s
[x16/random_fixed] step 27800/50000 lr=8.62e-05 d=0.6699 pixel=0.0160 perceptual=0.6829 adv=0.0572 g_total=0.7561 1.59 it/s
[x16/random_fixed] step 27900/50000 lr=8.56e-05 d=0.6590 pixel=0.0135 perceptual=0.5862 adv=0.0713 g_total=0.6710 1.59 it/s
[x16/random_fixed] step 28000/50000 lr=8.50e-05 d=0.6996 pixel=0.0143 perceptual=0.5741 adv=0.0798 g_total=0.6682 1.59 it/s
[x16/random_fixed] step 28000 VAL ref_ssim=0.9047 (base 0.9249) ref_mse=0.000857 (base 0.000743) best_ssim=0.9153@6000
[x16/random_fixed] step 28100/50000 lr=8.44e-05 d=0.7227 pixel=0.0137 perceptual=0.5438 adv=0.0592 g_total=0.6167 1.59 it/s
[x16/random_fixed] step 28200/50000 lr=8.38e-05 d=0.7278 pixel=0.0139 perceptual=0.5464 adv=0.0659 g_total=0.6262 1.59 it/s
[x16/random_fixed] step 28300/50000 lr=8.32e-05 d=0.6684 pixel=0.0149 perceptual=0.5659 adv=0.0693 g_total=0.6501 1.59 it/s
[x16/random_fixed] step 28400/50000 lr=8.25e-05 d=0.6587 pixel=0.0152 perceptual=0.5585 adv=0.0819 g_total=0.6556 1.59 it/s
[x16/random_fixed] step 28500/50000 lr=8.19e-05 d=0.6674 pixel=0.0150 perceptual=0.6058 adv=0.0765 g_total=0.6973 1.59 it/s
[x16/random_fixed] step 28600/50000 lr=8.13e-05 d=0.6650 pixel=0.0149 perceptual=0.6178 adv=0.0739 g_total=0.7066 1.59 it/s
[x16/random_fixed] step 28700/50000 lr=8.07e-05 d=0.6626 pixel=0.0156 perceptual=0.6135 adv=0.0636 g_total=0.6926 1.59 it/s
[x16/random_fixed] step 28800/50000 lr=8.01e-05 d=0.6517 pixel=0.0142 perceptual=0.6105 adv=0.0821 g_total=0.7068 1.59 it/s
[x16/random_fixed] step 28900/50000 lr=7.95e-05 d=0.6731 pixel=0.0115 perceptual=0.5142 adv=0.0768 g_total=0.6025 1.59 it/s
[x16/random_fixed] step 29000/50000 lr=7.89e-05 d=0.6598 pixel=0.0132 perceptual=0.5670 adv=0.0641 g_total=0.6442 1.59 it/s
[x16/random_fixed] step 29000 VAL ref_ssim=0.9097 (base 0.9249) ref_mse=0.000783 (base 0.000743) best_ssim=0.9153@6000
[x16/random_fixed] step 29100/50000 lr=7.83e-05 d=0.6887 pixel=0.0140 perceptual=0.5824 adv=0.0663 g_total=0.6627 1.59 it/s
[x16/random_fixed] step 29200/50000 lr=7.77e-05 d=0.6376 pixel=0.0148 perceptual=0.5981 adv=0.0648 g_total=0.6777 1.59 it/s
[x16/random_fixed] step 29300/50000 lr=7.71e-05 d=0.6863 pixel=0.0143 perceptual=0.6153 adv=0.0667 g_total=0.6963 1.59 it/s
[x16/random_fixed] step 29400/50000 lr=7.65e-05 d=0.6758 pixel=0.0153 perceptual=0.6485 adv=0.0681 g_total=0.7319 1.59 it/s
[x16/random_fixed] step 29500/50000 lr=7.59e-05 d=0.6807 pixel=0.0138 perceptual=0.5739 adv=0.0708 g_total=0.6585 1.59 it/s
[x16/random_fixed] step 29600/50000 lr=7.53e-05 d=0.6339 pixel=0.0131 perceptual=0.5349 adv=0.0764 g_total=0.6244 1.59 it/s
[x16/random_fixed] step 29700/50000 lr=7.47e-05 d=0.6652 pixel=0.0128 perceptual=0.5460 adv=0.0841 g_total=0.6429 1.59 it/s
[x16/random_fixed] step 29800/50000 lr=7.41e-05 d=0.6723 pixel=0.0182 perceptual=0.6707 adv=0.0745 g_total=0.7633 1.59 it/s
[x16/random_fixed] step 29900/50000 lr=7.35e-05 d=0.6706 pixel=0.0154 perceptual=0.6454 adv=0.0771 g_total=0.7379 1.59 it/s
[x16/random_fixed] step 30000/50000 lr=7.29e-05 d=0.7019 pixel=0.0136 perceptual=0.5658 adv=0.0936 g_total=0.6730 1.59 it/s
[x16/random_fixed] step 30000 VAL ref_ssim=0.9104 (base 0.9249) ref_mse=0.000880 (base 0.000743) best_ssim=0.9153@6000
[x16/random_fixed] step 30100/50000 lr=7.23e-05 d=0.6961 pixel=0.0131 perceptual=0.5413 adv=0.0675 g_total=0.6219 1.59 it/s
[x16/random_fixed] step 30200/50000 lr=7.17e-05 d=0.7035 pixel=0.0141 perceptual=0.5922 adv=0.0884 g_total=0.6947 1.59 it/s
[x16/random_fixed] step 30300/50000 lr=7.11e-05 d=0.6904 pixel=0.0138 perceptual=0.5619 adv=0.0818 g_total=0.6575 1.59 it/s
[x16/random_fixed] step 30400/50000 lr=7.05e-05 d=0.6437 pixel=0.0137 perceptual=0.5991 adv=0.0787 g_total=0.6915 1.59 it/s
[x16/random_fixed] step 30500/50000 lr=7.00e-05 d=0.6361 pixel=0.0156 perceptual=0.6608 adv=0.0752 g_total=0.7516 1.59 it/s
[x16/random_fixed] step 30600/50000 lr=6.94e-05 d=0.6374 pixel=0.0125 perceptual=0.5515 adv=0.0782 g_total=0.6422 1.59 it/s
[x16/random_fixed] step 30700/50000 lr=6.88e-05 d=0.6868 pixel=0.0130 perceptual=0.5410 adv=0.0887 g_total=0.6427 1.59 it/s
[x16/random_fixed] step 30800/50000 lr=6.82e-05 d=0.6828 pixel=0.0145 perceptual=0.6004 adv=0.0776 g_total=0.6926 1.59 it/s
[x16/random_fixed] step 30900/50000 lr=6.76e-05 d=0.6881 pixel=0.0170 perceptual=0.7070 adv=0.0611 g_total=0.7850 1.59 it/s
[x16/random_fixed] step 31000/50000 lr=6.70e-05 d=0.6957 pixel=0.0131 perceptual=0.5382 adv=0.0792 g_total=0.6305 1.59 it/s
[x16/random_fixed] step 31000 VAL ref_ssim=0.9041 (base 0.9249) ref_mse=0.000851 (base 0.000743) best_ssim=0.9153@6000
[x16/random_fixed] step 31100/50000 lr=6.65e-05 d=0.6445 pixel=0.0158 perceptual=0.6473 adv=0.0630 g_total=0.7261 1.59 it/s
[x16/random_fixed] step 31200/50000 lr=6.59e-05 d=0.6673 pixel=0.0117 perceptual=0.5071 adv=0.0775 g_total=0.5962 1.59 it/s
[x16/random_fixed] step 31300/50000 lr=6.53e-05 d=0.6677 pixel=0.0156 perceptual=0.6625 adv=0.0638 g_total=0.7418 1.59 it/s
[x16/random_fixed] step 31400/50000 lr=6.47e-05 d=0.6452 pixel=0.0169 perceptual=0.5956 adv=0.0800 g_total=0.6926 1.59 it/s
[x16/random_fixed] step 31500/50000 lr=6.41e-05 d=0.7013 pixel=0.0130 perceptual=0.5531 adv=0.0650 g_total=0.6310 1.59 it/s
[x16/random_fixed] step 31600/50000 lr=6.36e-05 d=0.6251 pixel=0.0138 perceptual=0.5575 adv=0.0704 g_total=0.6417 1.59 it/s
[x16/random_fixed] step 31700/50000 lr=6.30e-05 d=0.6610 pixel=0.0129 perceptual=0.5425 adv=0.0777 g_total=0.6332 1.59 it/s
[x16/random_fixed] step 31800/50000 lr=6.24e-05 d=0.7010 pixel=0.0132 perceptual=0.5573 adv=0.0868 g_total=0.6573 1.59 it/s
[x16/random_fixed] step 31900/50000 lr=6.19e-05 d=0.6833 pixel=0.0142 perceptual=0.5436 adv=0.0788 g_total=0.6366 1.59 it/s
[x16/random_fixed] step 32000/50000 lr=6.13e-05 d=0.7703 pixel=0.0143 perceptual=0.6032 adv=0.0847 g_total=0.7021 1.59 it/s
[x16/random_fixed] step 32000 VAL ref_ssim=0.9017 (base 0.9249) ref_mse=0.000960 (base 0.000743) best_ssim=0.9153@6000
[x16/random_fixed] step 32100/50000 lr=6.07e-05 d=0.6955 pixel=0.0155 perceptual=0.6329 adv=0.0728 g_total=0.7213 1.59 it/s
[x16/random_fixed] step 32200/50000 lr=6.02e-05 d=0.6310 pixel=0.0159 perceptual=0.6263 adv=0.0743 g_total=0.7165 1.59 it/s
[x16/random_fixed] step 32300/50000 lr=5.96e-05 d=0.5990 pixel=0.0159 perceptual=0.5650 adv=0.0727 g_total=0.6536 1.59 it/s
[x16/random_fixed] step 32400/50000 lr=5.90e-05 d=0.5816 pixel=0.0166 perceptual=0.6040 adv=0.0830 g_total=0.7036 1.59 it/s
[x16/random_fixed] step 32500/50000 lr=5.85e-05 d=0.6582 pixel=0.0148 perceptual=0.6519 adv=0.0608 g_total=0.7275 1.59 it/s
[x16/random_fixed] step 32600/50000 lr=5.79e-05 d=0.6381 pixel=0.0129 perceptual=0.5761 adv=0.0652 g_total=0.6542 1.59 it/s
[x16/random_fixed] step 32700/50000 lr=5.74e-05 d=0.6583 pixel=0.0127 perceptual=0.5750 adv=0.0763 g_total=0.6639 1.59 it/s
[x16/random_fixed] step 32800/50000 lr=5.68e-05 d=0.6442 pixel=0.0162 perceptual=0.6080 adv=0.0635 g_total=0.6877 1.59 it/s
[x16/random_fixed] step 32900/50000 lr=5.63e-05 d=0.6959 pixel=0.0135 perceptual=0.5755 adv=0.0720 g_total=0.6610 1.59 it/s
[x16/random_fixed] step 33000/50000 lr=5.57e-05 d=0.6680 pixel=0.0136 perceptual=0.5572 adv=0.0828 g_total=0.6536 1.59 it/s
[x16/random_fixed] step 33000 VAL ref_ssim=0.9109 (base 0.9249) ref_mse=0.000865 (base 0.000743) best_ssim=0.9153@6000
[x16/random_fixed] step 33100/50000 lr=5.52e-05 d=0.6416 pixel=0.0135 perceptual=0.5606 adv=0.0816 g_total=0.6558 1.59 it/s
[x16/random_fixed] step 33200/50000 lr=5.46e-05 d=0.6949 pixel=0.0131 perceptual=0.5761 adv=0.0808 g_total=0.6700 1.59 it/s
[x16/random_fixed] step 33300/50000 lr=5.41e-05 d=0.6749 pixel=0.0151 perceptual=0.5820 adv=0.0683 g_total=0.6653 1.59 it/s
[x16/random_fixed] step 33400/50000 lr=5.35e-05 d=0.6712 pixel=0.0116 perceptual=0.5041 adv=0.0746 g_total=0.5903 1.59 it/s
[x16/random_fixed] step 33500/50000 lr=5.30e-05 d=0.7007 pixel=0.0177 perceptual=0.6187 adv=0.0662 g_total=0.7026 1.59 it/s
[x16/random_fixed] step 33600/50000 lr=5.25e-05 d=0.6121 pixel=0.0154 perceptual=0.6240 adv=0.0829 g_total=0.7223 1.59 it/s
[x16/random_fixed] step 33700/50000 lr=5.19e-05 d=0.6641 pixel=0.0129 perceptual=0.5644 adv=0.0833 g_total=0.6607 1.59 it/s
[x16/random_fixed] step 33800/50000 lr=5.14e-05 d=0.6683 pixel=0.0135 perceptual=0.5721 adv=0.0665 g_total=0.6522 1.59 it/s
[x16/random_fixed] step 33900/50000 lr=5.09e-05 d=0.6566 pixel=0.0153 perceptual=0.5220 adv=0.0688 g_total=0.6061 1.59 it/s
[x16/random_fixed] step 34000/50000 lr=5.03e-05 d=0.6656 pixel=0.0152 perceptual=0.6413 adv=0.0682 g_total=0.7247 1.59 it/s
[x16/random_fixed] step 34000 VAL ref_ssim=0.9080 (base 0.9249) ref_mse=0.000781 (base 0.000743) best_ssim=0.9153@6000
[x16/random_fixed] step 34100/50000 lr=4.98e-05 d=0.6745 pixel=0.0153 perceptual=0.6415 adv=0.0762 g_total=0.7330 1.59 it/s
[x16/random_fixed] step 34200/50000 lr=4.93e-05 d=0.6347 pixel=0.0139 perceptual=0.5730 adv=0.0799 g_total=0.6667 1.59 it/s
[x16/random_fixed] step 34300/50000 lr=4.88e-05 d=0.6809 pixel=0.0141 perceptual=0.6098 adv=0.0737 g_total=0.6975 1.59 it/s
[x16/random_fixed] step 34400/50000 lr=4.82e-05 d=0.6920 pixel=0.0144 perceptual=0.5898 adv=0.0846 g_total=0.6888 1.59 it/s
[x16/random_fixed] step 34500/50000 lr=4.77e-05 d=0.6645 pixel=0.0145 perceptual=0.6236 adv=0.0727 g_total=0.7108 1.59 it/s
[x16/random_fixed] step 34600/50000 lr=4.72e-05 d=0.6443 pixel=0.0128 perceptual=0.5486 adv=0.0828 g_total=0.6442 1.59 it/s
[x16/random_fixed] step 34700/50000 lr=4.67e-05 d=0.6348 pixel=0.0132 perceptual=0.5840 adv=0.0635 g_total=0.6607 1.59 it/s
[x16/random_fixed] step 34800/50000 lr=4.62e-05 d=0.6796 pixel=0.0121 perceptual=0.5322 adv=0.0721 g_total=0.6164 1.59 it/s
[x16/random_fixed] step 34900/50000 lr=4.57e-05 d=0.6809 pixel=0.0117 perceptual=0.5105 adv=0.0766 g_total=0.5988 1.59 it/s
[x16/random_fixed] step 35000/50000 lr=4.52e-05 d=0.6973 pixel=0.0152 perceptual=0.5914 adv=0.0903 g_total=0.6969 1.59 it/s
[x16/random_fixed] step 35000 VAL ref_ssim=0.9064 (base 0.9249) ref_mse=0.000779 (base 0.000743) best_ssim=0.9153@6000
[x16/random_fixed] step 35100/50000 lr=4.47e-05 d=0.7033 pixel=0.0137 perceptual=0.5509 adv=0.0580 g_total=0.6226 1.59 it/s
[x16/random_fixed] step 35200/50000 lr=4.42e-05 d=0.6578 pixel=0.0151 perceptual=0.6393 adv=0.0714 g_total=0.7258 1.59 it/s
[x16/random_fixed] step 35300/50000 lr=4.36e-05 d=0.6369 pixel=0.0149 perceptual=0.6257 adv=0.0729 g_total=0.7136 1.59 it/s
[x16/random_fixed] step 35400/50000 lr=4.32e-05 d=0.6660 pixel=0.0153 perceptual=0.6104 adv=0.0808 g_total=0.7065 1.59 it/s
[x16/random_fixed] step 35500/50000 lr=4.27e-05 d=0.6576 pixel=0.0159 perceptual=0.6312 adv=0.0804 g_total=0.7274 1.59 it/s
[x16/random_fixed] step 35600/50000 lr=4.22e-05 d=0.6955 pixel=0.0152 perceptual=0.6602 adv=0.0677 g_total=0.7431 1.59 it/s
[x16/random_fixed] step 35700/50000 lr=4.17e-05 d=0.6871 pixel=0.0134 perceptual=0.5482 adv=0.0662 g_total=0.6278 1.59 it/s
[x16/random_fixed] step 35800/50000 lr=4.12e-05 d=0.6218 pixel=0.0134 perceptual=0.5734 adv=0.0829 g_total=0.6697 1.59 it/s
[x16/random_fixed] step 35900/50000 lr=4.07e-05 d=0.7073 pixel=0.0119 perceptual=0.5297 adv=0.0761 g_total=0.6176 1.59 it/s
[x16/random_fixed] step 36000/50000 lr=4.02e-05 d=0.6679 pixel=0.0153 perceptual=0.5554 adv=0.0736 g_total=0.6443 1.59 it/s
[x16/random_fixed] step 36000 VAL ref_ssim=0.9138 (base 0.9249) ref_mse=0.000738 (base 0.000743) best_ssim=0.9153@6000
[x16/random_fixed] step 36100/50000 lr=3.97e-05 d=0.6286 pixel=0.0121 perceptual=0.5174 adv=0.0682 g_total=0.5977 1.59 it/s
[x16/random_fixed] step 36200/50000 lr=3.93e-05 d=0.6843 pixel=0.0162 perceptual=0.6292 adv=0.0763 g_total=0.7218 1.59 it/s
[x16/random_fixed] step 36300/50000 lr=3.88e-05 d=0.6038 pixel=0.0148 perceptual=0.6068 adv=0.0649 g_total=0.6865 1.59 it/s
[x16/random_fixed] step 36400/50000 lr=3.83e-05 d=0.6811 pixel=0.0137 perceptual=0.5768 adv=0.0741 g_total=0.6646 1.59 it/s
[x16/random_fixed] step 36500/50000 lr=3.78e-05 d=0.6396 pixel=0.0124 perceptual=0.5547 adv=0.0829 g_total=0.6499 1.59 it/s
[x16/random_fixed] step 36600/50000 lr=3.74e-05 d=0.6638 pixel=0.0120 perceptual=0.5299 adv=0.0870 g_total=0.6289 1.59 it/s
[x16/random_fixed] step 36700/50000 lr=3.69e-05 d=0.6682 pixel=0.0139 perceptual=0.5690 adv=0.0817 g_total=0.6645 1.59 it/s
[x16/random_fixed] step 36800/50000 lr=3.64e-05 d=0.6835 pixel=0.0188 perceptual=0.6106 adv=0.0737 g_total=0.7031 1.59 it/s
[x16/random_fixed] step 36900/50000 lr=3.60e-05 d=0.6900 pixel=0.0160 perceptual=0.5327 adv=0.0655 g_total=0.6142 1.59 it/s
[x16/random_fixed] step 37000/50000 lr=3.55e-05 d=0.6571 pixel=0.0151 perceptual=0.5854 adv=0.0782 g_total=0.6787 1.59 it/s
[x16/random_fixed] step 37000 VAL ref_ssim=0.9064 (base 0.9249) ref_mse=0.000746 (base 0.000743) best_ssim=0.9153@6000
[x16/random_fixed] step 37100/50000 lr=3.51e-05 d=0.6402 pixel=0.0173 perceptual=0.5914 adv=0.0637 g_total=0.6724 1.59 it/s
[x16/random_fixed] step 37200/50000 lr=3.46e-05 d=0.6832 pixel=0.0144 perceptual=0.5922 adv=0.0767 g_total=0.6832 1.59 it/s
[x16/random_fixed] step 37300/50000 lr=3.42e-05 d=0.6575 pixel=0.0124 perceptual=0.5300 adv=0.0823 g_total=0.6247 1.59 it/s
[x16/random_fixed] step 37400/50000 lr=3.37e-05 d=0.6619 pixel=0.0124 perceptual=0.5458 adv=0.0805 g_total=0.6387 1.59 it/s
[x16/random_fixed] step 37500/50000 lr=3.33e-05 d=0.6866 pixel=0.0182 perceptual=0.5562 adv=0.0678 g_total=0.6421 1.59 it/s
[x16/random_fixed] step 37600/50000 lr=3.28e-05 d=0.6609 pixel=0.0123 perceptual=0.5294 adv=0.0805 g_total=0.6221 1.59 it/s
[x16/random_fixed] step 37700/50000 lr=3.24e-05 d=0.6937 pixel=0.0126 perceptual=0.5773 adv=0.0747 g_total=0.6647 1.59 it/s
[x16/random_fixed] step 37800/50000 lr=3.19e-05 d=0.6501 pixel=0.0127 perceptual=0.5573 adv=0.0688 g_total=0.6388 1.59 it/s
[x16/random_fixed] step 37900/50000 lr=3.15e-05 d=0.7303 pixel=0.0148 perceptual=0.5590 adv=0.0774 g_total=0.6512 1.59 it/s
[x16/random_fixed] step 38000/50000 lr=3.11e-05 d=0.6522 pixel=0.0112 perceptual=0.4502 adv=0.0670 g_total=0.5284 1.59 it/s
[x16/random_fixed] step 38000 VAL ref_ssim=0.9159 (base 0.9249) ref_mse=0.000725 (base 0.000743) best_ssim=0.9159@38000 *
[x16/random_fixed] step 38100/50000 lr=3.07e-05 d=0.5941 pixel=0.0119 perceptual=0.5275 adv=0.0786 g_total=0.6180 1.59 it/s
[x16/random_fixed] step 38200/50000 lr=3.02e-05 d=0.7303 pixel=0.0132 perceptual=0.5426 adv=0.0660 g_total=0.6217 1.59 it/s
[x16/random_fixed] step 38300/50000 lr=2.98e-05 d=0.5466 pixel=0.0158 perceptual=0.6050 adv=0.0818 g_total=0.7026 1.59 it/s
[x16/random_fixed] step 38400/50000 lr=2.94e-05 d=0.6553 pixel=0.0143 perceptual=0.4934 adv=0.0747 g_total=0.5823 1.59 it/s
[x16/random_fixed] step 38500/50000 lr=2.90e-05 d=0.7235 pixel=0.0141 perceptual=0.5751 adv=0.0922 g_total=0.6813 1.59 it/s
[x16/random_fixed] step 38600/50000 lr=2.86e-05 d=0.5654 pixel=0.0120 perceptual=0.5465 adv=0.0759 g_total=0.6344 1.59 it/s
[x16/random_fixed] step 38700/50000 lr=2.81e-05 d=0.7710 pixel=0.0131 perceptual=0.5498 adv=0.0807 g_total=0.6436 1.59 it/s
[x16/random_fixed] step 38800/50000 lr=2.77e-05 d=0.6462 pixel=0.0144 perceptual=0.5588 adv=0.0840 g_total=0.6572 1.59 it/s
[x16/random_fixed] step 38900/50000 lr=2.73e-05 d=0.7183 pixel=0.0126 perceptual=0.5411 adv=0.0963 g_total=0.6499 1.59 it/s
[x16/random_fixed] step 39000/50000 lr=2.69e-05 d=0.6877 pixel=0.0148 perceptual=0.6014 adv=0.0775 g_total=0.6938 1.59 it/s
[x16/random_fixed] step 39000 VAL ref_ssim=0.9053 (base 0.9249) ref_mse=0.000787 (base 0.000743) best_ssim=0.9159@38000
[x16/random_fixed] step 39100/50000 lr=2.65e-05 d=0.6570 pixel=0.0137 perceptual=0.5627 adv=0.0739 g_total=0.6502 1.59 it/s
[x16/random_fixed] step 39200/50000 lr=2.61e-05 d=0.6874 pixel=0.0130 perceptual=0.5725 adv=0.0777 g_total=0.6632 1.59 it/s
[x16/random_fixed] step 39300/50000 lr=2.57e-05 d=0.6863 pixel=0.0134 perceptual=0.5912 adv=0.0795 g_total=0.6840 1.59 it/s
[x16/random_fixed] step 39400/50000 lr=2.54e-05 d=0.6648 pixel=0.0141 perceptual=0.6044 adv=0.0627 g_total=0.6812 1.59 it/s
[x16/random_fixed] step 39500/50000 lr=2.50e-05 d=0.7048 pixel=0.0121 perceptual=0.5291 adv=0.0819 g_total=0.6232 1.59 it/s
[x16/random_fixed] step 39600/50000 lr=2.46e-05 d=0.7445 pixel=0.0133 perceptual=0.5662 adv=0.0911 g_total=0.6706 1.59 it/s
[x16/random_fixed] step 39700/50000 lr=2.42e-05 d=0.6389 pixel=0.0110 perceptual=0.4883 adv=0.0725 g_total=0.5718 1.59 it/s
[x16/random_fixed] step 39800/50000 lr=2.38e-05 d=0.6637 pixel=0.0148 perceptual=0.6128 adv=0.0798 g_total=0.7074 1.59 it/s
[x16/random_fixed] step 39900/50000 lr=2.35e-05 d=0.7825 pixel=0.0147 perceptual=0.6030 adv=0.0722 g_total=0.6900 1.59 it/s
[x16/random_fixed] step 40000/50000 lr=2.31e-05 d=0.6347 pixel=0.0140 perceptual=0.5982 adv=0.0759 g_total=0.6881 1.59 it/s
[x16/random_fixed] step 40000 VAL ref_ssim=0.9036 (base 0.9249) ref_mse=0.000759 (base 0.000743) best_ssim=0.9159@38000
[x16/random_fixed] step 40100/50000 lr=2.27e-05 d=0.7039 pixel=0.0130 perceptual=0.5641 adv=0.0786 g_total=0.6557 1.59 it/s
[x16/random_fixed] step 40200/50000 lr=2.24e-05 d=0.6258 pixel=0.0143 perceptual=0.6102 adv=0.0943 g_total=0.7188 1.59 it/s
[x16/random_fixed] step 40300/50000 lr=2.20e-05 d=0.6584 pixel=0.0134 perceptual=0.5565 adv=0.0817 g_total=0.6516 1.59 it/s
[x16/random_fixed] step 40400/50000 lr=2.16e-05 d=0.7834 pixel=0.0148 perceptual=0.5619 adv=0.1008 g_total=0.6775 1.59 it/s
[x16/random_fixed] step 40500/50000 lr=2.13e-05 d=0.6628 pixel=0.0125 perceptual=0.5370 adv=0.0850 g_total=0.6346 1.59 it/s
[x16/random_fixed] step 40600/50000 lr=2.09e-05 d=0.6834 pixel=0.0116 perceptual=0.5420 adv=0.0658 g_total=0.6194 1.59 it/s
[x16/random_fixed] step 40700/50000 lr=2.06e-05 d=0.5826 pixel=0.0139 perceptual=0.5831 adv=0.0826 g_total=0.6796 1.59 it/s
[x16/random_fixed] step 40800/50000 lr=2.02e-05 d=0.6966 pixel=0.0138 perceptual=0.5629 adv=0.0709 g_total=0.6476 1.59 it/s
[x16/random_fixed] step 40900/50000 lr=1.99e-05 d=0.5305 pixel=0.0124 perceptual=0.5373 adv=0.0812 g_total=0.6309 1.59 it/s
[x16/random_fixed] step 41000/50000 lr=1.96e-05 d=0.7296 pixel=0.0136 perceptual=0.6141 adv=0.0704 g_total=0.6980 1.59 it/s
[x16/random_fixed] step 41000 VAL ref_ssim=0.9081 (base 0.9249) ref_mse=0.000794 (base 0.000743) best_ssim=0.9159@38000
[x16/random_fixed] step 41100/50000 lr=1.92e-05 d=0.6461 pixel=0.0130 perceptual=0.5674 adv=0.0838 g_total=0.6642 1.59 it/s
[x16/random_fixed] step 41200/50000 lr=1.89e-05 d=0.6198 pixel=0.0180 perceptual=0.6020 adv=0.0713 g_total=0.6913 1.59 it/s
[x16/random_fixed] step 41300/50000 lr=1.86e-05 d=0.7275 pixel=0.0142 perceptual=0.5787 adv=0.0665 g_total=0.6593 1.59 it/s
[x16/random_fixed] step 41400/50000 lr=1.82e-05 d=0.6427 pixel=0.0131 perceptual=0.5576 adv=0.0742 g_total=0.6449 1.59 it/s
[x16/random_fixed] step 41500/50000 lr=1.79e-05 d=0.6353 pixel=0.0137 perceptual=0.5627 adv=0.0861 g_total=0.6625 1.59 it/s
[x16/random_fixed] step 41600/50000 lr=1.76e-05 d=0.7190 pixel=0.0145 perceptual=0.5897 adv=0.0877 g_total=0.6919 1.59 it/s
[x16/random_fixed] step 41700/50000 lr=1.73e-05 d=0.6871 pixel=0.0133 perceptual=0.5633 adv=0.0815 g_total=0.6581 1.59 it/s
[x16/random_fixed] step 41800/50000 lr=1.70e-05 d=0.6926 pixel=0.0125 perceptual=0.5544 adv=0.0852 g_total=0.6521 1.59 it/s
[x16/random_fixed] step 41900/50000 lr=1.67e-05 d=0.5974 pixel=0.0129 perceptual=0.5390 adv=0.0856 g_total=0.6374 1.59 it/s
[x16/random_fixed] step 42000/50000 lr=1.64e-05 d=0.6613 pixel=0.0131 perceptual=0.5721 adv=0.0828 g_total=0.6680 1.59 it/s
[x16/random_fixed] step 42000 VAL ref_ssim=0.9056 (base 0.9249) ref_mse=0.000823 (base 0.000743) best_ssim=0.9159@38000
[x16/random_fixed] step 42100/50000 lr=1.61e-05 d=0.6644 pixel=0.0137 perceptual=0.5790 adv=0.0672 g_total=0.6598 1.59 it/s
[x16/random_fixed] step 42200/50000 lr=1.58e-05 d=0.7231 pixel=0.0130 perceptual=0.5276 adv=0.0697 g_total=0.6104 1.59 it/s
[x16/random_fixed] step 42300/50000 lr=1.55e-05 d=0.6139 pixel=0.0147 perceptual=0.5896 adv=0.0761 g_total=0.6804 1.59 it/s
[x16/random_fixed] step 42400/50000 lr=1.52e-05 d=0.6843 pixel=0.0126 perceptual=0.5403 adv=0.0758 g_total=0.6286 1.59 it/s
[x16/random_fixed] step 42500/50000 lr=1.49e-05 d=0.6600 pixel=0.0140 perceptual=0.5955 adv=0.0654 g_total=0.6750 1.59 it/s
[x16/random_fixed] step 42600/50000 lr=1.46e-05 d=0.6106 pixel=0.0125 perceptual=0.5286 adv=0.0774 g_total=0.6184 1.59 it/s
[x16/random_fixed] step 42700/50000 lr=1.43e-05 d=0.6716 pixel=0.0126 perceptual=0.5248 adv=0.0788 g_total=0.6161 1.59 it/s
[x16/random_fixed] step 42800/50000 lr=1.41e-05 d=0.5887 pixel=0.0154 perceptual=0.6246 adv=0.0943 g_total=0.7343 1.59 it/s
[x16/random_fixed] step 42900/50000 lr=1.38e-05 d=0.6354 pixel=0.0120 perceptual=0.5479 adv=0.0740 g_total=0.6339 1.59 it/s
[x16/random_fixed] step 43000/50000 lr=1.35e-05 d=0.5691 pixel=0.0129 perceptual=0.5372 adv=0.0955 g_total=0.6457 1.59 it/s
[x16/random_fixed] step 43000 VAL ref_ssim=0.9085 (base 0.9249) ref_mse=0.000793 (base 0.000743) best_ssim=0.9159@38000
[x16/random_fixed] step 43100/50000 lr=1.33e-05 d=0.6591 pixel=0.0147 perceptual=0.6258 adv=0.0650 g_total=0.7055 1.59 it/s
[x16/random_fixed] step 43200/50000 lr=1.30e-05 d=0.6759 pixel=0.0135 perceptual=0.5746 adv=0.0767 g_total=0.6647 1.59 it/s
[x16/random_fixed] step 43300/50000 lr=1.27e-05 d=0.5366 pixel=0.0137 perceptual=0.5464 adv=0.0729 g_total=0.6330 1.59 it/s
[x16/random_fixed] step 43400/50000 lr=1.25e-05 d=0.5992 pixel=0.0142 perceptual=0.5913 adv=0.0883 g_total=0.6937 1.59 it/s
[x16/random_fixed] step 43500/50000 lr=1.22e-05 d=0.6299 pixel=0.0145 perceptual=0.6160 adv=0.0967 g_total=0.7273 1.59 it/s
[x16/random_fixed] step 43600/50000 lr=1.20e-05 d=0.7631 pixel=0.0131 perceptual=0.5519 adv=0.0874 g_total=0.6524 1.59 it/s
[x16/random_fixed] step 43700/50000 lr=1.17e-05 d=0.6476 pixel=0.0118 perceptual=0.4963 adv=0.0795 g_total=0.5876 1.59 it/s
[x16/random_fixed] step 43800/50000 lr=1.15e-05 d=0.6978 pixel=0.0145 perceptual=0.5964 adv=0.0562 g_total=0.6671 1.59 it/s
[x16/random_fixed] step 43900/50000 lr=1.13e-05 d=0.6543 pixel=0.0172 perceptual=0.6249 adv=0.0759 g_total=0.7180 1.59 it/s
[x16/random_fixed] step 44000/50000 lr=1.10e-05 d=0.6628 pixel=0.0123 perceptual=0.5201 adv=0.0683 g_total=0.6007 1.59 it/s
[x16/random_fixed] step 44000 VAL ref_ssim=0.9086 (base 0.9249) ref_mse=0.000827 (base 0.000743) best_ssim=0.9159@38000
[x16/random_fixed] step 44100/50000 lr=1.08e-05 d=0.6312 pixel=0.0158 perceptual=0.5916 adv=0.0871 g_total=0.6944 1.59 it/s
[x16/random_fixed] step 44200/50000 lr=1.06e-05 d=0.6706 pixel=0.0148 perceptual=0.6216 adv=0.0883 g_total=0.7248 1.59 it/s
[x16/random_fixed] step 44300/50000 lr=1.03e-05 d=0.5864 pixel=0.0163 perceptual=0.5651 adv=0.0783 g_total=0.6597 1.59 it/s
[x16/random_fixed] step 44400/50000 lr=1.01e-05 d=0.5921 pixel=0.0140 perceptual=0.5980 adv=0.0825 g_total=0.6946 1.59 it/s
[x16/random_fixed] step 44500/50000 lr=9.91e-06 d=0.6471 pixel=0.0116 perceptual=0.5094 adv=0.0799 g_total=0.6009 1.59 it/s
[x16/random_fixed] step 44600/50000 lr=9.70e-06 d=0.5910 pixel=0.0133 perceptual=0.5799 adv=0.0803 g_total=0.6736 1.59 it/s
[x16/random_fixed] step 44700/50000 lr=9.49e-06 d=0.6267 pixel=0.0138 perceptual=0.5741 adv=0.0771 g_total=0.6649 1.59 it/s
[x16/random_fixed] step 44800/50000 lr=9.29e-06 d=0.6111 pixel=0.0147 perceptual=0.6239 adv=0.0889 g_total=0.7275 1.59 it/s
[x16/random_fixed] step 44900/50000 lr=9.09e-06 d=0.5742 pixel=0.0143 perceptual=0.5702 adv=0.0889 g_total=0.6733 1.59 it/s
[x16/random_fixed] step 45000/50000 lr=8.89e-06 d=0.6095 pixel=0.0121 perceptual=0.5369 adv=0.0762 g_total=0.6253 1.59 it/s
[x16/random_fixed] step 45000 VAL ref_ssim=0.9091 (base 0.9249) ref_mse=0.000814 (base 0.000743) best_ssim=0.9159@38000
[x16/random_fixed] step 45100/50000 lr=8.70e-06 d=0.6215 pixel=0.0138 perceptual=0.6207 adv=0.0680 g_total=0.7025 1.59 it/s
[x16/random_fixed] step 45200/50000 lr=8.51e-06 d=0.7166 pixel=0.0139 perceptual=0.5607 adv=0.0824 g_total=0.6570 1.59 it/s
[x16/random_fixed] step 45300/50000 lr=8.33e-06 d=0.5641 pixel=0.0142 perceptual=0.6049 adv=0.0781 g_total=0.6972 1.59 it/s
[x16/random_fixed] step 45400/50000 lr=8.15e-06 d=0.6196 pixel=0.0137 perceptual=0.5845 adv=0.0862 g_total=0.6845 1.59 it/s
[x16/random_fixed] step 45500/50000 lr=7.97e-06 d=0.6070 pixel=0.0125 perceptual=0.5334 adv=0.0958 g_total=0.6416 1.59 it/s
[x16/random_fixed] step 45600/50000 lr=7.80e-06 d=0.5759 pixel=0.0132 perceptual=0.5526 adv=0.0895 g_total=0.6553 1.59 it/s
[x16/random_fixed] step 45700/50000 lr=7.63e-06 d=0.5579 pixel=0.0166 perceptual=0.6748 adv=0.0799 g_total=0.7713 1.59 it/s
[x16/random_fixed] step 45800/50000 lr=7.46e-06 d=0.6515 pixel=0.0145 perceptual=0.6130 adv=0.0811 g_total=0.7085 1.59 it/s
[x16/random_fixed] step 45900/50000 lr=7.30e-06 d=0.5848 pixel=0.0163 perceptual=0.5623 adv=0.0882 g_total=0.6668 1.59 it/s
[x16/random_fixed] step 46000/50000 lr=7.14e-06 d=0.6628 pixel=0.0137 perceptual=0.5642 adv=0.0702 g_total=0.6480 1.59 it/s
[x16/random_fixed] step 46000 VAL ref_ssim=0.9064 (base 0.9249) ref_mse=0.000838 (base 0.000743) best_ssim=0.9159@38000
[x16/random_fixed] step 46100/50000 lr=6.99e-06 d=0.5906 pixel=0.0135 perceptual=0.6355 adv=0.0849 g_total=0.7338 1.59 it/s
[x16/random_fixed] step 46200/50000 lr=6.84e-06 d=0.5722 pixel=0.0167 perceptual=0.5957 adv=0.0836 g_total=0.6961 1.59 it/s
[x16/random_fixed] step 46300/50000 lr=6.69e-06 d=0.7177 pixel=0.0152 perceptual=0.6309 adv=0.0456 g_total=0.6917 1.59 it/s
[x16/random_fixed] step 46400/50000 lr=6.55e-06 d=0.6555 pixel=0.0158 perceptual=0.6651 adv=0.0696 g_total=0.7505 1.59 it/s
[x16/random_fixed] step 46500/50000 lr=6.41e-06 d=0.6855 pixel=0.0140 perceptual=0.5526 adv=0.0733 g_total=0.6399 1.59 it/s
[x16/random_fixed] step 46600/50000 lr=6.27e-06 d=0.6649 pixel=0.0141 perceptual=0.5734 adv=0.0720 g_total=0.6594 1.59 it/s
[x16/random_fixed] step 46700/50000 lr=6.14e-06 d=0.5966 pixel=0.0141 perceptual=0.5917 adv=0.1140 g_total=0.7198 1.59 it/s
[x16/random_fixed] step 46800/50000 lr=6.02e-06 d=0.6425 pixel=0.0143 perceptual=0.5719 adv=0.0739 g_total=0.6601 1.59 it/s
[x16/random_fixed] step 46900/50000 lr=5.89e-06 d=0.4744 pixel=0.0164 perceptual=0.6177 adv=0.1044 g_total=0.7384 1.59 it/s
[x16/random_fixed] step 47000/50000 lr=5.77e-06 d=0.7221 pixel=0.0184 perceptual=0.5773 adv=0.0749 g_total=0.6706 1.59 it/s
[x16/random_fixed] step 47000 VAL ref_ssim=0.9084 (base 0.9249) ref_mse=0.000801 (base 0.000743) best_ssim=0.9159@38000
[x16/random_fixed] step 47100/50000 lr=5.66e-06 d=0.5072 pixel=0.0165 perceptual=0.6195 adv=0.1259 g_total=0.7619 1.59 it/s
[x16/random_fixed] step 47200/50000 lr=5.54e-06 d=0.6032 pixel=0.0135 perceptual=0.5711 adv=0.1083 g_total=0.6928 1.59 it/s
[x16/random_fixed] step 47300/50000 lr=5.44e-06 d=0.7242 pixel=0.0139 perceptual=0.5757 adv=0.0711 g_total=0.6607 1.59 it/s
[x16/random_fixed] step 47400/50000 lr=5.33e-06 d=0.6110 pixel=0.0144 perceptual=0.6160 adv=0.0715 g_total=0.7018 1.59 it/s
[x16/random_fixed] step 47500/50000 lr=5.23e-06 d=0.6635 pixel=0.0132 perceptual=0.5752 adv=0.1104 g_total=0.6988 1.59 it/s
[x16/random_fixed] step 47600/50000 lr=5.14e-06 d=0.6085 pixel=0.0118 perceptual=0.5031 adv=0.1480 g_total=0.6629 1.59 it/s
[x16/random_fixed] step 47700/50000 lr=5.04e-06 d=0.7597 pixel=0.0139 perceptual=0.6018 adv=0.0473 g_total=0.6630 1.59 it/s
[x16/random_fixed] step 47800/50000 lr=4.95e-06 d=0.6899 pixel=0.0161 perceptual=0.6263 adv=0.0811 g_total=0.7235 1.59 it/s
[x16/random_fixed] step 47900/50000 lr=4.87e-06 d=0.6031 pixel=0.0164 perceptual=0.6710 adv=0.0754 g_total=0.7628 1.59 it/s
[x16/random_fixed] step 48000/50000 lr=4.79e-06 d=0.5831 pixel=0.0136 perceptual=0.5790 adv=0.0915 g_total=0.6842 1.59 it/s
[x16/random_fixed] step 48000 VAL ref_ssim=0.9069 (base 0.9249) ref_mse=0.000821 (base 0.000743) best_ssim=0.9159@38000
[x16/random_fixed] step 48100/50000 lr=4.71e-06 d=0.5111 pixel=0.0116 perceptual=0.5039 adv=0.0917 g_total=0.6072 1.59 it/s
[x16/random_fixed] step 48200/50000 lr=4.64e-06 d=0.6457 pixel=0.0136 perceptual=0.5896 adv=0.0715 g_total=0.6747 1.59 it/s
[x16/random_fixed] step 48300/50000 lr=4.57e-06 d=0.6174 pixel=0.0153 perceptual=0.5325 adv=0.0768 g_total=0.6246 1.59 it/s
[x16/random_fixed] step 48400/50000 lr=4.51e-06 d=0.7521 pixel=0.0127 perceptual=0.5764 adv=0.0966 g_total=0.6857 1.59 it/s
[x16/random_fixed] step 48500/50000 lr=4.44e-06 d=0.5943 pixel=0.0164 perceptual=0.5659 adv=0.0751 g_total=0.6574 1.59 it/s
[x16/random_fixed] step 48600/50000 lr=4.39e-06 d=0.5397 pixel=0.0137 perceptual=0.6195 adv=0.0847 g_total=0.7178 1.59 it/s
[x16/random_fixed] step 48700/50000 lr=4.33e-06 d=0.5799 pixel=0.0143 perceptual=0.5482 adv=0.0829 g_total=0.6453 1.59 it/s
[x16/random_fixed] step 48800/50000 lr=4.28e-06 d=0.5782 pixel=0.0153 perceptual=0.6332 adv=0.0912 g_total=0.7398 1.59 it/s
[x16/random_fixed] step 48900/50000 lr=4.24e-06 d=0.6101 pixel=0.0153 perceptual=0.5839 adv=0.0806 g_total=0.6798 1.59 it/s
[x16/random_fixed] step 49000/50000 lr=4.20e-06 d=0.4628 pixel=0.0116 perceptual=0.5066 adv=0.0842 g_total=0.6024 1.59 it/s
[x16/random_fixed] step 49000 VAL ref_ssim=0.9105 (base 0.9249) ref_mse=0.000764 (base 0.000743) best_ssim=0.9159@38000
[x16/random_fixed] step 49100/50000 lr=4.16e-06 d=0.5680 pixel=0.0159 perceptual=0.6088 adv=0.0918 g_total=0.7165 1.59 it/s
[x16/random_fixed] step 49200/50000 lr=4.13e-06 d=0.5816 pixel=0.0139 perceptual=0.6175 adv=0.0852 g_total=0.7166 1.59 it/s
[x16/random_fixed] step 49300/50000 lr=4.10e-06 d=0.5575 pixel=0.0148 perceptual=0.6185 adv=0.0986 g_total=0.7319 1.59 it/s
[x16/random_fixed] step 49400/50000 lr=4.07e-06 d=0.5372 pixel=0.0151 perceptual=0.6289 adv=0.0941 g_total=0.7381 1.59 it/s
[x16/random_fixed] step 49500/50000 lr=4.05e-06 d=0.5291 pixel=0.0145 perceptual=0.5853 adv=0.1035 g_total=0.7033 1.59 it/s
[x16/random_fixed] step 49600/50000 lr=4.03e-06 d=0.5516 pixel=0.0142 perceptual=0.6077 adv=0.0930 g_total=0.7148 1.59 it/s
[x16/random_fixed] step 49700/50000 lr=4.02e-06 d=0.6117 pixel=0.0171 perceptual=0.5877 adv=0.1329 g_total=0.7377 1.59 it/s
[x16/random_fixed] step 49800/50000 lr=4.01e-06 d=0.5190 pixel=0.0180 perceptual=0.6337 adv=0.1071 g_total=0.7588 1.59 it/s
[x16/random_fixed] step 49900/50000 lr=4.00e-06 d=0.6061 pixel=0.0158 perceptual=0.6244 adv=0.1143 g_total=0.7545 1.59 it/s
[x16/random_fixed] step 50000/50000 lr=4.00e-06 d=0.4822 pixel=0.0130 perceptual=0.5807 adv=0.0944 g_total=0.6881 1.59 it/s
[x16/random_fixed] step 50000 VAL ref_ssim=0.9121 (base 0.9249) ref_mse=0.000777 (base 0.000743) best_ssim=0.9159@38000
[x16/random_fixed] DONE test base->ref  SSIM 0.9218->0.9134 (+-0.0084) | MSE 0.000782->0.000755 (-0.000027) | 524.2 min
