Using device: cuda:0
[stage1] training content-aware microscope (learnable=True)...
Using device: cuda:0

=== segmentation/x64_learnable_frequency_seed44_stage1: inverse_warmup_m1 (m=1.0, steps=1500) ===
[inverse_warmup_m1] step=200 m=1.0 loss=0.05360 val_mse=0.02725 bin_frac=0.028
[inverse_warmup_m1] step=400 m=1.0 loss=0.05361 val_mse=0.02721 bin_frac=0.028
[inverse_warmup_m1] step=600 m=1.0 loss=0.04574 val_mse=0.02707 bin_frac=0.028
[inverse_warmup_m1] step=800 m=1.0 loss=0.05006 val_mse=0.02727 bin_frac=0.028
[inverse_warmup_m1] step=1000 m=1.0 loss=0.04839 val_mse=0.02694 bin_frac=0.028
[inverse_warmup_m1] step=1200 m=1.0 loss=0.05928 val_mse=0.02826 bin_frac=0.028
[inverse_warmup_m1] step=1400 m=1.0 loss=0.04118 val_mse=0.02695 bin_frac=0.028
[inverse_warmup_m1] step=1500 m=1.0 loss=0.07933 val_mse=0.02939 bin_frac=0.028

=== segmentation/x64_learnable_frequency_seed44_stage1: joint_soft_m1 (m=1.0, steps=3500) ===
[joint_soft_m1] step=1700 m=1.0 loss=0.04275 val_mse=0.02712 bin_frac=0.028
[joint_soft_m1] step=1900 m=1.0 loss=0.04329 val_mse=0.02773 bin_frac=0.028
[joint_soft_m1] step=2100 m=1.0 loss=0.05209 val_mse=0.02842 bin_frac=0.028
[joint_soft_m1] step=2300 m=1.0 loss=0.03696 val_mse=0.02794 bin_frac=0.028
[joint_soft_m1] step=2500 m=1.0 loss=0.03769 val_mse=0.02755 bin_frac=0.028
[joint_soft_m1] step=2700 m=1.0 loss=0.03800 val_mse=0.02809 bin_frac=0.028
[joint_soft_m1] step=2900 m=1.0 loss=0.03678 val_mse=0.02859 bin_frac=0.028
[joint_soft_m1] step=3100 m=1.0 loss=0.03926 val_mse=0.03007 bin_frac=0.028
[joint_soft_m1] step=3300 m=1.0 loss=0.04658 val_mse=0.02639 bin_frac=0.028
[joint_soft_m1] step=3500 m=1.0 loss=0.03377 val_mse=0.02677 bin_frac=0.028
[joint_soft_m1] step=3700 m=1.0 loss=0.04000 val_mse=0.02604 bin_frac=0.028
[joint_soft_m1] step=3900 m=1.0 loss=0.03439 val_mse=0.02660 bin_frac=0.028
[joint_soft_m1] step=4100 m=1.0 loss=0.03011 val_mse=0.02700 bin_frac=0.028
[joint_soft_m1] step=4300 m=1.0 loss=0.03190 val_mse=0.02608 bin_frac=0.028
[joint_soft_m1] step=4500 m=1.0 loss=0.03216 val_mse=0.02567 bin_frac=0.028
[joint_soft_m1] step=4700 m=1.0 loss=0.03160 val_mse=0.02519 bin_frac=0.029
[joint_soft_m1] step=4900 m=1.0 loss=0.03525 val_mse=0.02458 bin_frac=0.029
[joint_soft_m1] step=5000 m=1.0 loss=0.03195 val_mse=0.02414 bin_frac=0.029

=== segmentation/x64_learnable_frequency_seed44_stage1: harden_m2 (m=2.0, steps=800) ===
[harden_m2] step=5200 m=2.0 loss=0.02612 val_mse=0.02250 bin_frac=0.285
[harden_m2] step=5400 m=2.0 loss=0.02807 val_mse=0.02231 bin_frac=0.285
[harden_m2] step=5600 m=2.0 loss=0.02387 val_mse=0.02219 bin_frac=0.286
[harden_m2] step=5800 m=2.0 loss=0.02805 val_mse=0.02087 bin_frac=0.287

=== segmentation/x64_learnable_frequency_seed44_stage1: harden_m4 (m=4.0, steps=800) ===
[harden_m4] step=6000 m=4.0 loss=0.03021 val_mse=0.01937 bin_frac=0.602
[harden_m4] step=6200 m=4.0 loss=0.02844 val_mse=0.01982 bin_frac=0.603
[harden_m4] step=6400 m=4.0 loss=0.02295 val_mse=0.01779 bin_frac=0.604
[harden_m4] step=6600 m=4.0 loss=0.02379 val_mse=0.01767 bin_frac=0.605

=== segmentation/x64_learnable_frequency_seed44_stage1: harden_m8 (m=8.0, steps=800) ===
[harden_m8] step=6800 m=8.0 loss=0.02359 val_mse=0.01600 bin_frac=0.804
[harden_m8] step=7000 m=8.0 loss=0.02685 val_mse=0.01536 bin_frac=0.806
[harden_m8] step=7200 m=8.0 loss=0.02093 val_mse=0.01491 bin_frac=0.809
[harden_m8] step=7400 m=8.0 loss=0.02115 val_mse=0.01444 bin_frac=0.812
[stage2] trainable report: {"illumination": {"num_params": 1, "total_elems": 262144, "trainable_elems": 0, "all_trainable": false, "all_frozen": true}, "inverse_model": {"num_params": 23, "total_elems": 334337, "trainable_elems": 0, "all_trainable": false, "all_frozen": true}, "segmentation_head": {"num_params": 6, "total_elems": 2625, "trainable_elems": 2625, "all_trainable": true, "all_frozen": false}}
[stage2] segmentation-head-only training (1200 steps)...
[stage2_seg_head] step=1/1200 total=1.02372 bce=0.65987 gn_seg=4.308e-01 gn_inv=0.000e+00 gn_illum=0.000e+00
[stage2_seg_head] step=200/1200 total=0.06612 bce=0.03795 gn_seg=1.689e-01 gn_inv=0.000e+00 gn_illum=0.000e+00
[stage2_seg_head] step=400/1200 total=0.07240 bce=0.04364 gn_seg=8.031e-02 gn_inv=0.000e+00 gn_illum=0.000e+00
[stage2_seg_head] step=600/1200 total=0.06494 bce=0.03823 gn_seg=2.514e-01 gn_inv=0.000e+00 gn_illum=0.000e+00
[stage2_seg_head] step=800/1200 total=0.07209 bce=0.04511 gn_seg=1.708e-01 gn_inv=0.000e+00 gn_illum=0.000e+00
[stage2_seg_head] step=1000/1200 total=0.08073 bce=0.04055 gn_seg=5.987e-02 gn_inv=0.000e+00 gn_illum=0.000e+00
[stage2_seg_head] step=1200/1200 total=0.07308 bce=0.04714 gn_seg=1.057e-01 gn_inv=0.000e+00 gn_illum=0.000e+00
[stage2] val dice=0.8940 iou=0.8086 (t=0.3)
[stage3] trainable report: {"illumination": {"num_params": 1, "total_elems": 262144, "trainable_elems": 262144, "all_trainable": true, "all_frozen": false}, "inverse_model": {"num_params": 23, "total_elems": 334337, "trainable_elems": 334337, "all_trainable": true, "all_frozen": false}, "segmentation_head": {"num_params": 6, "total_elems": 2625, "trainable_elems": 2625, "all_trainable": true, "all_frozen": false}}
[stage3] end-to-end finetuning (2500 steps; phases=[(1.0, 1500), (2.0, 333), (4.0, 333), (8.0, 334)])...
[stage3_finetune_all_m1] step=1/1500 total=0.12905 bce=0.08781 gn_seg=4.215e-01 gn_inv=1.182e+00 gn_illum=5.404e-06
[stage3_finetune_all_m1] step=200/1500 total=0.05758 bce=0.03386 gn_seg=2.942e-01 gn_inv=5.412e-01 gn_illum=2.208e-06
[stage3_finetune_all_m1] step=400/1500 total=0.06565 bce=0.02933 gn_seg=5.262e-02 gn_inv=4.407e-01 gn_illum=2.014e-06
[stage3_finetune_all_m1] step=600/1500 total=0.06019 bce=0.03729 gn_seg=1.560e-01 gn_inv=7.546e-01 gn_illum=4.122e-06
[stage3_finetune_all_m1] step=800/1500 total=0.04850 bce=0.02888 gn_seg=3.323e-01 gn_inv=7.173e-01 gn_illum=2.081e-06
[stage3_finetune_all_m1] step=1000/1500 total=0.03967 bce=0.02283 gn_seg=3.018e-02 gn_inv=3.535e-01 gn_illum=1.766e-06
[stage3_finetune_all_m1] step=1200/1500 total=0.03885 bce=0.02176 gn_seg=2.140e-01 gn_inv=6.080e-01 gn_illum=3.123e-06
[stage3_finetune_all_m1] step=1400/1500 total=0.05765 bce=0.02479 gn_seg=6.913e-02 gn_inv=6.161e-01 gn_illum=1.828e-06
[stage3_finetune_all_m1] step=1500/1500 total=0.03734 bce=0.02180 gn_seg=1.441e-01 gn_inv=5.156e-01 gn_illum=2.705e-06
[stage3_finetune_all_m2] step=1/333 total=0.06185 bce=0.02811 gn_seg=2.052e-01 gn_inv=6.977e-01 gn_illum=3.605e-06
[stage3_finetune_all_m2] step=200/333 total=0.05368 bce=0.02245 gn_seg=5.308e-01 gn_inv=9.617e-01 gn_illum=2.442e-06
[stage3_finetune_all_m2] step=333/333 total=0.04862 bce=0.01913 gn_seg=1.904e-01 gn_inv=4.376e-01 gn_illum=1.979e-06
[stage3_finetune_all_m4] step=1/333 total=0.05873 bce=0.02703 gn_seg=7.737e-02 gn_inv=7.330e-01 gn_illum=4.119e-06
[stage3_finetune_all_m4] step=200/333 total=0.02936 bce=0.01693 gn_seg=1.532e-01 gn_inv=5.889e-01 gn_illum=2.385e-06
[stage3_finetune_all_m4] step=333/333 total=0.03049 bce=0.01773 gn_seg=3.075e-01 gn_inv=4.486e-01 gn_illum=2.094e-06
[stage3_finetune_all_m8] step=1/334 total=0.03143 bce=0.01817 gn_seg=1.590e-01 gn_inv=5.747e-01 gn_illum=3.708e-06
[stage3_finetune_all_m8] step=200/334 total=0.03140 bce=0.01854 gn_seg=2.358e-01 gn_inv=4.555e-01 gn_illum=3.586e-06
[stage3_finetune_all_m8] step=334/334 total=0.02942 bce=0.01711 gn_seg=2.827e-01 gn_inv=4.915e-01 gn_illum=3.037e-06
[stage3] illumination pattern change (eval m=10.0): L2=6.4547e+01 rel=1.8736e-01
[final] test dice=0.8878 iou=0.7986 (val-selected t=0.1); dice@0.5=0.8830
