Using device: cuda:0

=== noise/k10000_sigma0_learnable_frequency_seed44: inverse_warmup_m1 (m=1.0, steps=3000) ===
[inverse_warmup_m1] step=500 m=1.0 loss=0.07490 val_mse=0.03630 bin_frac=0.028
[inverse_warmup_m1] step=1000 m=1.0 loss=0.05655 val_mse=0.02406 bin_frac=0.028
[inverse_warmup_m1] step=1500 m=1.0 loss=0.05053 val_mse=0.02033 bin_frac=0.028
[inverse_warmup_m1] step=2000 m=1.0 loss=0.04816 val_mse=0.01794 bin_frac=0.028
[inverse_warmup_m1] step=2500 m=1.0 loss=0.04602 val_mse=0.01714 bin_frac=0.028
[inverse_warmup_m1] step=3000 m=1.0 loss=0.04449 val_mse=0.01602 bin_frac=0.028

=== noise/k10000_sigma0_learnable_frequency_seed44: joint_soft_m1 (m=1.0, steps=7350) ===
[joint_soft_m1] step=3500 m=1.0 loss=0.03529 val_mse=0.01062 bin_frac=0.028
[joint_soft_m1] step=4000 m=1.0 loss=0.03167 val_mse=0.00873 bin_frac=0.028
[joint_soft_m1] step=4500 m=1.0 loss=0.02924 val_mse=0.00737 bin_frac=0.028
[joint_soft_m1] step=5000 m=1.0 loss=0.02690 val_mse=0.00656 bin_frac=0.028
[joint_soft_m1] step=5500 m=1.0 loss=0.02642 val_mse=0.00615 bin_frac=0.028
[joint_soft_m1] step=6000 m=1.0 loss=0.02470 val_mse=0.00571 bin_frac=0.028
[joint_soft_m1] step=6500 m=1.0 loss=0.02385 val_mse=0.00532 bin_frac=0.029
[joint_soft_m1] step=7000 m=1.0 loss=0.02309 val_mse=0.00490 bin_frac=0.029
[joint_soft_m1] step=7500 m=1.0 loss=0.02273 val_mse=0.00471 bin_frac=0.029
[joint_soft_m1] step=8000 m=1.0 loss=0.02199 val_mse=0.00447 bin_frac=0.029
[joint_soft_m1] step=8500 m=1.0 loss=0.02223 val_mse=0.00461 bin_frac=0.029
[joint_soft_m1] step=9000 m=1.0 loss=0.02142 val_mse=0.00431 bin_frac=0.029
[joint_soft_m1] step=9500 m=1.0 loss=0.02043 val_mse=0.00400 bin_frac=0.029
[joint_soft_m1] step=10000 m=1.0 loss=0.02047 val_mse=0.00398 bin_frac=0.029
[joint_soft_m1] step=10350 m=1.0 loss=0.02001 val_mse=0.00400 bin_frac=0.029

=== noise/k10000_sigma0_learnable_frequency_seed44: harden_m2 (m=2.0, steps=1500) ===
[harden_m2] step=10850 m=2.0 loss=0.01997 val_mse=0.00372 bin_frac=0.307
[harden_m2] step=11350 m=2.0 loss=0.01960 val_mse=0.00355 bin_frac=0.307
[harden_m2] step=11850 m=2.0 loss=0.01948 val_mse=0.00354 bin_frac=0.307

=== noise/k10000_sigma0_learnable_frequency_seed44: harden_m4 (m=4.0, steps=1500) ===
[harden_m4] step=12350 m=4.0 loss=0.01879 val_mse=0.00337 bin_frac=0.614
[harden_m4] step=12850 m=4.0 loss=0.01874 val_mse=0.00326 bin_frac=0.612
[harden_m4] step=13350 m=4.0 loss=0.01894 val_mse=0.00343 bin_frac=0.611

=== noise/k10000_sigma0_learnable_frequency_seed44: harden_m8 (m=8.0, steps=1500) ===
[harden_m8] step=13850 m=8.0 loss=0.01861 val_mse=0.00322 bin_frac=0.788
[harden_m8] step=14350 m=8.0 loss=0.01812 val_mse=0.00315 bin_frac=0.786
[harden_m8] step=14850 m=8.0 loss=0.01804 val_mse=0.00308 bin_frac=0.785
