Using device: cuda:0

=== content/bbbc022_x1024_learnable_frequency_seed43: inverse_warmup_m1 (m=1.0, steps=1500) ===
[inverse_warmup_m1] step=200 m=1.0 loss=0.11826 val_mse=0.05456 bin_frac=0.028
[inverse_warmup_m1] step=400 m=1.0 loss=0.09589 val_mse=0.04462 bin_frac=0.028
[inverse_warmup_m1] step=600 m=1.0 loss=0.09643 val_mse=0.03867 bin_frac=0.028
[inverse_warmup_m1] step=800 m=1.0 loss=0.08871 val_mse=0.04087 bin_frac=0.028
[inverse_warmup_m1] step=1000 m=1.0 loss=0.09656 val_mse=0.03816 bin_frac=0.028
[inverse_warmup_m1] step=1200 m=1.0 loss=0.10331 val_mse=0.03785 bin_frac=0.028
[inverse_warmup_m1] step=1400 m=1.0 loss=0.09162 val_mse=0.03738 bin_frac=0.028
[inverse_warmup_m1] step=1500 m=1.0 loss=0.09619 val_mse=0.04016 bin_frac=0.028

=== content/bbbc022_x1024_learnable_frequency_seed43: joint_soft_m1 (m=1.0, steps=5000) ===
[joint_soft_m1] step=1700 m=1.0 loss=0.08850 val_mse=0.03849 bin_frac=0.028
[joint_soft_m1] step=1900 m=1.0 loss=0.08914 val_mse=0.03941 bin_frac=0.028
[joint_soft_m1] step=2100 m=1.0 loss=0.09185 val_mse=0.03860 bin_frac=0.028
[joint_soft_m1] step=2300 m=1.0 loss=0.10108 val_mse=0.03888 bin_frac=0.028
[joint_soft_m1] step=2500 m=1.0 loss=0.08591 val_mse=0.03810 bin_frac=0.028
[joint_soft_m1] step=2700 m=1.0 loss=0.09071 val_mse=0.04229 bin_frac=0.028
[joint_soft_m1] step=2900 m=1.0 loss=0.08930 val_mse=0.03957 bin_frac=0.028
[joint_soft_m1] step=3100 m=1.0 loss=0.09135 val_mse=0.04200 bin_frac=0.028
[joint_soft_m1] step=3300 m=1.0 loss=0.10536 val_mse=0.04061 bin_frac=0.028
[joint_soft_m1] step=3500 m=1.0 loss=0.09485 val_mse=0.03931 bin_frac=0.028
[joint_soft_m1] step=3700 m=1.0 loss=0.10230 val_mse=0.04127 bin_frac=0.028
[joint_soft_m1] step=3900 m=1.0 loss=0.09188 val_mse=0.04187 bin_frac=0.028
[joint_soft_m1] step=4100 m=1.0 loss=0.09528 val_mse=0.04017 bin_frac=0.028
[joint_soft_m1] step=4300 m=1.0 loss=0.09329 val_mse=0.03894 bin_frac=0.028
[joint_soft_m1] step=4500 m=1.0 loss=0.09583 val_mse=0.04116 bin_frac=0.028
[joint_soft_m1] step=4700 m=1.0 loss=0.09501 val_mse=0.04317 bin_frac=0.028
[joint_soft_m1] step=4900 m=1.0 loss=0.09580 val_mse=0.03796 bin_frac=0.028
[joint_soft_m1] step=5100 m=1.0 loss=0.08579 val_mse=0.03869 bin_frac=0.028
[joint_soft_m1] step=5300 m=1.0 loss=0.09610 val_mse=0.03934 bin_frac=0.028
[joint_soft_m1] step=5500 m=1.0 loss=0.09336 val_mse=0.04205 bin_frac=0.028
[joint_soft_m1] step=5700 m=1.0 loss=0.10327 val_mse=0.03801 bin_frac=0.028
[joint_soft_m1] step=5900 m=1.0 loss=0.08334 val_mse=0.03822 bin_frac=0.028
[joint_soft_m1] step=6100 m=1.0 loss=0.09085 val_mse=0.03725 bin_frac=0.028
[joint_soft_m1] step=6300 m=1.0 loss=0.09512 val_mse=0.04092 bin_frac=0.028
[joint_soft_m1] step=6500 m=1.0 loss=0.09187 val_mse=0.04017 bin_frac=0.028

=== content/bbbc022_x1024_learnable_frequency_seed43: harden_m2 (m=2.0, steps=1200) ===
[harden_m2] step=6700 m=2.0 loss=0.09004 val_mse=0.03792 bin_frac=0.273
[harden_m2] step=6900 m=2.0 loss=0.09260 val_mse=0.03945 bin_frac=0.273
[harden_m2] step=7100 m=2.0 loss=0.09043 val_mse=0.03872 bin_frac=0.273
[harden_m2] step=7300 m=2.0 loss=0.08633 val_mse=0.03772 bin_frac=0.273
[harden_m2] step=7500 m=2.0 loss=0.08464 val_mse=0.03764 bin_frac=0.273
[harden_m2] step=7700 m=2.0 loss=0.09243 val_mse=0.03638 bin_frac=0.274

=== content/bbbc022_x1024_learnable_frequency_seed43: harden_m4 (m=4.0, steps=1200) ===
[harden_m4] step=7900 m=4.0 loss=0.08853 val_mse=0.03257 bin_frac=0.591
[harden_m4] step=8100 m=4.0 loss=0.08284 val_mse=0.03157 bin_frac=0.594
[harden_m4] step=8300 m=4.0 loss=0.07508 val_mse=0.02623 bin_frac=0.599
[harden_m4] step=8500 m=4.0 loss=0.07068 val_mse=0.02285 bin_frac=0.603
[harden_m4] step=8700 m=4.0 loss=0.07804 val_mse=0.02374 bin_frac=0.609
[harden_m4] step=8900 m=4.0 loss=0.07432 val_mse=0.02325 bin_frac=0.614

=== content/bbbc022_x1024_learnable_frequency_seed43: harden_m8 (m=8.0, steps=1200) ===
[harden_m8] step=9100 m=8.0 loss=0.07163 val_mse=0.02340 bin_frac=0.825
[harden_m8] step=9300 m=8.0 loss=0.06546 val_mse=0.02195 bin_frac=0.832
[harden_m8] step=9500 m=8.0 loss=0.06909 val_mse=0.02160 bin_frac=0.838
[harden_m8] step=9700 m=8.0 loss=0.06399 val_mse=0.02156 bin_frac=0.844
[harden_m8] step=9900 m=8.0 loss=0.06824 val_mse=0.02094 bin_frac=0.849
[harden_m8] step=10100 m=8.0 loss=0.06560 val_mse=0.02161 bin_frac=0.854
