[x256/learnable_frequency] loading frozen base ...
[x256/learnable_frequency] building caches (frozen base forward) ...
[x256/learnable_frequency] cache: train=7920 val=40 test=60 (61s)
/home/leonidas/workspace/differentiable_micoscopy_replication/microscopy-clean/.venv/lib/python3.12/site-packages/timm/models/layers/__init__.py:49: FutureWarning: Importing from timm.models.layers is deprecated, please import via timm.layers
  warnings.warn(f"Importing from {__name__} is deprecated, please import via timm.layers", FutureWarning)
/home/leonidas/workspace/differentiable_micoscopy_replication/microscopy-clean/.venv/lib/python3.12/site-packages/torch/functional.py:505: UserWarning: torch.meshgrid: in an upcoming release, it will be required to pass the indexing argument. (Triggered internally at /pytorch/aten/src/ATen/native/TensorShape.cpp:4381.)
  return _VF.meshgrid(tensors, **kwargs)  # type: ignore[attr-defined]
[x256/learnable_frequency] SwinIR params=11.50M embed_dim=180 depths=[6, 6, 6, 6, 6, 6] identity_init=True
[x256/learnable_frequency] base val: ssim=0.8305 mse=0.004486
[x256/learnable_frequency] step 100/50000 lr=4.00e-05 d=0.6305 pixel=0.0299 perceptual=1.2631 adv=0.0922 g_total=1.3852 1.61 it/s
[x256/learnable_frequency] step 200/50000 lr=8.00e-05 d=0.6840 pixel=0.0358 perceptual=1.2560 adv=0.0679 g_total=1.3597 1.60 it/s
[x256/learnable_frequency] step 300/50000 lr=1.20e-04 d=0.6476 pixel=0.0330 perceptual=1.2119 adv=0.0747 g_total=1.3195 1.62 it/s
[x256/learnable_frequency] step 400/50000 lr=1.60e-04 d=0.6130 pixel=0.0273 perceptual=1.0213 adv=0.0846 g_total=1.1332 1.62 it/s
[x256/learnable_frequency] step 500/50000 lr=2.00e-04 d=0.6256 pixel=0.0354 perceptual=1.1020 adv=0.0982 g_total=1.2357 1.62 it/s
[x256/learnable_frequency] step 600/50000 lr=2.00e-04 d=0.7392 pixel=0.0523 perceptual=1.1308 adv=0.0566 g_total=1.2398 1.62 it/s
[x256/learnable_frequency] step 700/50000 lr=2.00e-04 d=0.6739 pixel=0.0349 perceptual=1.0460 adv=0.0714 g_total=1.1523 1.62 it/s
[x256/learnable_frequency] step 800/50000 lr=2.00e-04 d=0.6982 pixel=0.0363 perceptual=0.9779 adv=0.0661 g_total=1.0804 1.62 it/s
[x256/learnable_frequency] step 900/50000 lr=2.00e-04 d=0.7509 pixel=0.0423 perceptual=1.1135 adv=0.0560 g_total=1.2119 1.62 it/s
[x256/learnable_frequency] step 1000/50000 lr=2.00e-04 d=0.6806 pixel=0.0257 perceptual=0.8798 adv=0.0757 g_total=0.9812 1.62 it/s
[x256/learnable_frequency] step 1000 VAL ref_ssim=0.7382 (base 0.8305) ref_mse=0.004463 (base 0.004486) best_ssim=0.7382@1000 *
[x256/learnable_frequency] step 1100/50000 lr=2.00e-04 d=0.6320 pixel=0.0260 perceptual=0.8078 adv=0.0698 g_total=0.9037 1.60 it/s
[x256/learnable_frequency] step 1200/50000 lr=2.00e-04 d=0.7057 pixel=0.0361 perceptual=1.1408 adv=0.0849 g_total=1.2618 1.60 it/s
[x256/learnable_frequency] step 1300/50000 lr=2.00e-04 d=0.6404 pixel=0.0401 perceptual=1.0014 adv=0.0721 g_total=1.1136 1.60 it/s
[x256/learnable_frequency] step 1400/50000 lr=2.00e-04 d=0.6305 pixel=0.0323 perceptual=1.0431 adv=0.0584 g_total=1.1337 1.60 it/s
[x256/learnable_frequency] step 1500/50000 lr=2.00e-04 d=0.6756 pixel=0.0257 perceptual=0.9045 adv=0.0814 g_total=1.0115 1.60 it/s
[x256/learnable_frequency] step 1600/50000 lr=2.00e-04 d=0.6472 pixel=0.0273 perceptual=0.8668 adv=0.0757 g_total=0.9698 1.60 it/s
[x256/learnable_frequency] step 1700/50000 lr=2.00e-04 d=0.7080 pixel=0.0305 perceptual=0.9267 adv=0.0661 g_total=1.0234 1.60 it/s
[x256/learnable_frequency] step 1800/50000 lr=2.00e-04 d=0.7102 pixel=0.0277 perceptual=0.9150 adv=0.1045 g_total=1.0472 1.61 it/s
[x256/learnable_frequency] step 1900/50000 lr=2.00e-04 d=0.6626 pixel=0.0293 perceptual=0.9363 adv=0.0731 g_total=1.0387 1.61 it/s
[x256/learnable_frequency] step 2000/50000 lr=2.00e-04 d=0.6623 pixel=0.0257 perceptual=0.8795 adv=0.0812 g_total=0.9864 1.61 it/s
[x256/learnable_frequency] step 2000 VAL ref_ssim=0.8162 (base 0.8305) ref_mse=0.004153 (base 0.004486) best_ssim=0.8162@2000 *
[x256/learnable_frequency] step 2100/50000 lr=1.99e-04 d=0.6585 pixel=0.0340 perceptual=0.9416 adv=0.0525 g_total=1.0282 1.60 it/s
[x256/learnable_frequency] step 2200/50000 lr=1.99e-04 d=0.6397 pixel=0.0274 perceptual=0.9482 adv=0.0907 g_total=1.0663 1.60 it/s
[x256/learnable_frequency] step 2300/50000 lr=1.99e-04 d=0.6749 pixel=0.0301 perceptual=0.9611 adv=0.0944 g_total=1.0856 1.60 it/s
[x256/learnable_frequency] step 2400/50000 lr=1.99e-04 d=0.6298 pixel=0.0293 perceptual=0.9942 adv=0.0880 g_total=1.1115 1.60 it/s
[x256/learnable_frequency] step 2500/50000 lr=1.99e-04 d=0.6966 pixel=0.0306 perceptual=0.9397 adv=0.1013 g_total=1.0716 1.60 it/s
[x256/learnable_frequency] step 2600/50000 lr=1.99e-04 d=0.6367 pixel=0.0350 perceptual=1.0345 adv=0.0710 g_total=1.1404 1.60 it/s
[x256/learnable_frequency] step 2700/50000 lr=1.99e-04 d=0.7264 pixel=0.0325 perceptual=0.9786 adv=0.0572 g_total=1.0683 1.60 it/s
[x256/learnable_frequency] step 2800/50000 lr=1.99e-04 d=0.6175 pixel=0.0285 perceptual=0.9560 adv=0.0742 g_total=1.0586 1.60 it/s
[x256/learnable_frequency] step 2900/50000 lr=1.99e-04 d=0.7423 pixel=0.0315 perceptual=0.9392 adv=0.0816 g_total=1.0523 1.60 it/s
[x256/learnable_frequency] step 3000/50000 lr=1.99e-04 d=0.6357 pixel=0.0314 perceptual=0.9734 adv=0.0542 g_total=1.0590 1.60 it/s
[x256/learnable_frequency] step 3000 VAL ref_ssim=0.8162 (base 0.8305) ref_mse=0.004157 (base 0.004486) best_ssim=0.8162@2000
[x256/learnable_frequency] step 3100/50000 lr=1.99e-04 d=0.6998 pixel=0.0343 perceptual=0.9429 adv=0.0656 g_total=1.0428 1.59 it/s
[x256/learnable_frequency] step 3200/50000 lr=1.99e-04 d=0.6688 pixel=0.0384 perceptual=1.0340 adv=0.0950 g_total=1.1675 1.60 it/s
[x256/learnable_frequency] step 3300/50000 lr=1.98e-04 d=0.6140 pixel=0.0305 perceptual=0.9370 adv=0.0827 g_total=1.0503 1.60 it/s
[x256/learnable_frequency] step 3400/50000 lr=1.98e-04 d=0.8062 pixel=0.0326 perceptual=0.9377 adv=0.0634 g_total=1.0336 1.60 it/s
[x256/learnable_frequency] step 3500/50000 lr=1.98e-04 d=0.6191 pixel=0.0299 perceptual=1.0067 adv=0.0900 g_total=1.1266 1.60 it/s
[x256/learnable_frequency] step 3600/50000 lr=1.98e-04 d=0.6919 pixel=0.0336 perceptual=0.9949 adv=0.0666 g_total=1.0952 1.60 it/s
[x256/learnable_frequency] step 3700/50000 lr=1.98e-04 d=0.6653 pixel=0.0338 perceptual=1.0233 adv=0.0683 g_total=1.1254 1.60 it/s
[x256/learnable_frequency] step 3800/50000 lr=1.98e-04 d=0.6383 pixel=0.0323 perceptual=1.0986 adv=0.0687 g_total=1.1996 1.60 it/s
[x256/learnable_frequency] step 3900/50000 lr=1.98e-04 d=0.7071 pixel=0.0317 perceptual=1.0184 adv=0.0972 g_total=1.1473 1.60 it/s
[x256/learnable_frequency] step 4000/50000 lr=1.98e-04 d=0.6010 pixel=0.0298 perceptual=0.9075 adv=0.0848 g_total=1.0221 1.60 it/s
[x256/learnable_frequency] step 4000 VAL ref_ssim=0.8304 (base 0.8305) ref_mse=0.003950 (base 0.004486) best_ssim=0.8304@4000 *
[x256/learnable_frequency] step 4100/50000 lr=1.97e-04 d=0.6210 pixel=0.0278 perceptual=0.8828 adv=0.0701 g_total=0.9807 1.59 it/s
[x256/learnable_frequency] step 4200/50000 lr=1.97e-04 d=0.6423 pixel=0.0332 perceptual=0.9883 adv=0.0954 g_total=1.1168 1.59 it/s
[x256/learnable_frequency] step 4300/50000 lr=1.97e-04 d=0.6274 pixel=0.0302 perceptual=0.9671 adv=0.0640 g_total=1.0613 1.59 it/s
[x256/learnable_frequency] step 4400/50000 lr=1.97e-04 d=0.6445 pixel=0.0282 perceptual=0.9080 adv=0.0985 g_total=1.0347 1.60 it/s
[x256/learnable_frequency] step 4500/50000 lr=1.97e-04 d=0.6458 pixel=0.0329 perceptual=0.9897 adv=0.0820 g_total=1.1046 1.60 it/s
[x256/learnable_frequency] step 4600/50000 lr=1.97e-04 d=0.6290 pixel=0.0310 perceptual=0.9116 adv=0.0672 g_total=1.0098 1.60 it/s
[x256/learnable_frequency] step 4700/50000 lr=1.97e-04 d=0.7709 pixel=0.0445 perceptual=1.1721 adv=0.0677 g_total=1.2843 1.60 it/s
[x256/learnable_frequency] step 4800/50000 lr=1.96e-04 d=0.7291 pixel=0.0334 perceptual=1.0752 adv=0.0710 g_total=1.1796 1.60 it/s
[x256/learnable_frequency] step 4900/50000 lr=1.96e-04 d=0.6751 pixel=0.0237 perceptual=0.8248 adv=0.0704 g_total=0.9188 1.60 it/s
[x256/learnable_frequency] step 5000/50000 lr=1.96e-04 d=0.6027 pixel=0.0285 perceptual=0.8671 adv=0.0916 g_total=0.9872 1.60 it/s
[x256/learnable_frequency] step 5000 VAL ref_ssim=0.8365 (base 0.8305) ref_mse=0.004129 (base 0.004486) best_ssim=0.8365@5000 *
[x256/learnable_frequency] step 5100/50000 lr=1.96e-04 d=0.5934 pixel=0.0282 perceptual=0.9417 adv=0.0705 g_total=1.0404 1.59 it/s
[x256/learnable_frequency] step 5200/50000 lr=1.96e-04 d=0.7094 pixel=0.0240 perceptual=0.7276 adv=0.0604 g_total=0.8120 1.59 it/s
[x256/learnable_frequency] step 5300/50000 lr=1.95e-04 d=0.6337 pixel=0.0271 perceptual=0.9151 adv=0.0649 g_total=1.0070 1.59 it/s
[x256/learnable_frequency] step 5400/50000 lr=1.95e-04 d=0.6318 pixel=0.0314 perceptual=1.0406 adv=0.0644 g_total=1.1365 1.59 it/s
[x256/learnable_frequency] step 5500/50000 lr=1.95e-04 d=0.6859 pixel=0.0385 perceptual=1.0643 adv=0.0780 g_total=1.1808 1.60 it/s
[x256/learnable_frequency] step 5600/50000 lr=1.95e-04 d=0.6905 pixel=0.0247 perceptual=0.8350 adv=0.0917 g_total=0.9514 1.60 it/s
[x256/learnable_frequency] step 5700/50000 lr=1.95e-04 d=0.6325 pixel=0.0364 perceptual=1.0628 adv=0.0977 g_total=1.1968 1.60 it/s
[x256/learnable_frequency] step 5800/50000 lr=1.95e-04 d=0.6437 pixel=0.0296 perceptual=0.9473 adv=0.0577 g_total=1.0347 1.60 it/s
[x256/learnable_frequency] step 5900/50000 lr=1.94e-04 d=0.5739 pixel=0.0327 perceptual=0.9686 adv=0.0851 g_total=1.0865 1.60 it/s
[x256/learnable_frequency] step 6000/50000 lr=1.94e-04 d=0.6371 pixel=0.0311 perceptual=0.9535 adv=0.0640 g_total=1.0485 1.60 it/s
[x256/learnable_frequency] step 6000 VAL ref_ssim=0.8234 (base 0.8305) ref_mse=0.004045 (base 0.004486) best_ssim=0.8365@5000
[x256/learnable_frequency] step 6100/50000 lr=1.94e-04 d=0.6365 pixel=0.0242 perceptual=0.7960 adv=0.0744 g_total=0.8946 1.59 it/s
[x256/learnable_frequency] step 6200/50000 lr=1.94e-04 d=0.6965 pixel=0.0248 perceptual=0.7759 adv=0.0524 g_total=0.8532 1.59 it/s
[x256/learnable_frequency] step 6300/50000 lr=1.93e-04 d=0.8582 pixel=0.0286 perceptual=0.9263 adv=0.0503 g_total=1.0051 1.59 it/s
[x256/learnable_frequency] step 6400/50000 lr=1.93e-04 d=0.6500 pixel=0.0354 perceptual=1.0311 adv=0.0983 g_total=1.1649 1.59 it/s
[x256/learnable_frequency] step 6500/50000 lr=1.93e-04 d=0.6461 pixel=0.0354 perceptual=0.9854 adv=0.0719 g_total=1.0927 1.59 it/s
[x256/learnable_frequency] step 6600/50000 lr=1.93e-04 d=0.6888 pixel=0.0300 perceptual=0.9128 adv=0.0678 g_total=1.0106 1.60 it/s
[x256/learnable_frequency] step 6700/50000 lr=1.93e-04 d=0.5603 pixel=0.0283 perceptual=0.9391 adv=0.0643 g_total=1.0318 1.60 it/s
[x256/learnable_frequency] step 6800/50000 lr=1.92e-04 d=0.6571 pixel=0.0317 perceptual=0.9961 adv=0.0827 g_total=1.1104 1.60 it/s
[x256/learnable_frequency] step 6900/50000 lr=1.92e-04 d=0.6660 pixel=0.0358 perceptual=1.0410 adv=0.0897 g_total=1.1665 1.60 it/s
[x256/learnable_frequency] step 7000/50000 lr=1.92e-04 d=0.6828 pixel=0.0308 perceptual=1.0101 adv=0.0844 g_total=1.1253 1.60 it/s
[x256/learnable_frequency] step 7000 VAL ref_ssim=0.8274 (base 0.8305) ref_mse=0.004119 (base 0.004486) best_ssim=0.8365@5000
[x256/learnable_frequency] step 7100/50000 lr=1.92e-04 d=0.6747 pixel=0.0318 perceptual=0.9143 adv=0.0927 g_total=1.0389 1.59 it/s
[x256/learnable_frequency] step 7200/50000 lr=1.91e-04 d=0.6432 pixel=0.0321 perceptual=1.0072 adv=0.1010 g_total=1.1403 1.59 it/s
[x256/learnable_frequency] step 7300/50000 lr=1.91e-04 d=0.5956 pixel=0.0384 perceptual=1.0346 adv=0.0732 g_total=1.1463 1.59 it/s
[x256/learnable_frequency] step 7400/50000 lr=1.91e-04 d=0.6571 pixel=0.0247 perceptual=0.8405 adv=0.1042 g_total=0.9693 1.59 it/s
[x256/learnable_frequency] step 7500/50000 lr=1.90e-04 d=0.6776 pixel=0.0268 perceptual=0.8927 adv=0.0736 g_total=0.9931 1.59 it/s
[x256/learnable_frequency] step 7600/50000 lr=1.90e-04 d=0.6964 pixel=0.0352 perceptual=0.9205 adv=0.0703 g_total=1.0261 1.60 it/s
[x256/learnable_frequency] step 7700/50000 lr=1.90e-04 d=0.6776 pixel=0.0273 perceptual=0.8619 adv=0.0776 g_total=0.9667 1.60 it/s
[x256/learnable_frequency] step 7800/50000 lr=1.90e-04 d=0.6806 pixel=0.0276 perceptual=0.8505 adv=0.0932 g_total=0.9713 1.60 it/s
[x256/learnable_frequency] step 7900/50000 lr=1.89e-04 d=0.6348 pixel=0.0320 perceptual=0.9792 adv=0.0631 g_total=1.0743 1.60 it/s
[x256/learnable_frequency] step 8000/50000 lr=1.89e-04 d=0.7364 pixel=0.0238 perceptual=0.6849 adv=0.0786 g_total=0.7873 1.60 it/s
[x256/learnable_frequency] step 8000 VAL ref_ssim=0.8044 (base 0.8305) ref_mse=0.004837 (base 0.004486) best_ssim=0.8365@5000
[x256/learnable_frequency] step 8100/50000 lr=1.89e-04 d=0.6203 pixel=0.0352 perceptual=0.9130 adv=0.0788 g_total=1.0270 1.59 it/s
[x256/learnable_frequency] step 8200/50000 lr=1.89e-04 d=0.4985 pixel=0.0318 perceptual=0.9985 adv=0.0886 g_total=1.1189 1.59 it/s
[x256/learnable_frequency] step 8300/50000 lr=1.88e-04 d=0.5689 pixel=0.0303 perceptual=0.9152 adv=0.0661 g_total=1.0116 1.59 it/s
[x256/learnable_frequency] step 8400/50000 lr=1.88e-04 d=0.6831 pixel=0.0280 perceptual=0.9175 adv=0.1092 g_total=1.0547 1.59 it/s
[x256/learnable_frequency] step 8500/50000 lr=1.88e-04 d=0.6168 pixel=0.0288 perceptual=0.8886 adv=0.0716 g_total=0.9890 1.59 it/s
[x256/learnable_frequency] step 8600/50000 lr=1.87e-04 d=0.6671 pixel=0.0284 perceptual=0.8279 adv=0.0720 g_total=0.9283 1.59 it/s
[x256/learnable_frequency] step 8700/50000 lr=1.87e-04 d=0.5913 pixel=0.0292 perceptual=0.9214 adv=0.0761 g_total=1.0266 1.59 it/s
[x256/learnable_frequency] step 8800/50000 lr=1.87e-04 d=0.6813 pixel=0.0224 perceptual=0.7692 adv=0.0994 g_total=0.8910 1.60 it/s
[x256/learnable_frequency] step 8900/50000 lr=1.86e-04 d=0.6312 pixel=0.0248 perceptual=0.7838 adv=0.0869 g_total=0.8954 1.60 it/s
[x256/learnable_frequency] step 9000/50000 lr=1.86e-04 d=0.5462 pixel=0.0332 perceptual=0.9986 adv=0.0784 g_total=1.1102 1.60 it/s
[x256/learnable_frequency] step 9000 VAL ref_ssim=0.8394 (base 0.8305) ref_mse=0.004113 (base 0.004486) best_ssim=0.8394@9000 *
[x256/learnable_frequency] step 9100/50000 lr=1.86e-04 d=0.7213 pixel=0.0313 perceptual=0.8896 adv=0.0552 g_total=0.9761 1.59 it/s
[x256/learnable_frequency] step 9200/50000 lr=1.85e-04 d=0.6885 pixel=0.0341 perceptual=1.0071 adv=0.0534 g_total=1.0947 1.59 it/s
[x256/learnable_frequency] step 9300/50000 lr=1.85e-04 d=0.6631 pixel=0.0288 perceptual=0.9156 adv=0.0998 g_total=1.0441 1.59 it/s
[x256/learnable_frequency] step 9400/50000 lr=1.85e-04 d=0.6586 pixel=0.0306 perceptual=0.9936 adv=0.0846 g_total=1.1089 1.59 it/s
[x256/learnable_frequency] step 9500/50000 lr=1.84e-04 d=0.6149 pixel=0.0299 perceptual=0.9121 adv=0.0955 g_total=1.0375 1.59 it/s
[x256/learnable_frequency] step 9600/50000 lr=1.84e-04 d=0.6496 pixel=0.0326 perceptual=0.9426 adv=0.1067 g_total=1.0819 1.59 it/s
[x256/learnable_frequency] step 9700/50000 lr=1.84e-04 d=0.5891 pixel=0.0434 perceptual=1.1275 adv=0.0877 g_total=1.2586 1.59 it/s
[x256/learnable_frequency] step 9800/50000 lr=1.83e-04 d=0.6923 pixel=0.0247 perceptual=0.8130 adv=0.0773 g_total=0.9150 1.59 it/s
[x256/learnable_frequency] step 9900/50000 lr=1.83e-04 d=0.6483 pixel=0.0233 perceptual=0.7711 adv=0.0773 g_total=0.8716 1.59 it/s
[x256/learnable_frequency] step 10000/50000 lr=1.83e-04 d=0.6582 pixel=0.0274 perceptual=0.9085 adv=0.0904 g_total=1.0262 1.60 it/s
[x256/learnable_frequency] step 10000 VAL ref_ssim=0.8356 (base 0.8305) ref_mse=0.004170 (base 0.004486) best_ssim=0.8394@9000
[x256/learnable_frequency] step 10100/50000 lr=1.82e-04 d=0.6100 pixel=0.0317 perceptual=0.9471 adv=0.0960 g_total=1.0749 1.59 it/s
[x256/learnable_frequency] step 10200/50000 lr=1.82e-04 d=0.6592 pixel=0.0242 perceptual=0.7987 adv=0.0704 g_total=0.8933 1.59 it/s
[x256/learnable_frequency] step 10300/50000 lr=1.82e-04 d=0.6307 pixel=0.0296 perceptual=0.8884 adv=0.0793 g_total=0.9973 1.59 it/s
[x256/learnable_frequency] step 10400/50000 lr=1.81e-04 d=0.6856 pixel=0.0271 perceptual=0.9131 adv=0.1013 g_total=1.0415 1.59 it/s
[x256/learnable_frequency] step 10500/50000 lr=1.81e-04 d=0.6773 pixel=0.0306 perceptual=0.8111 adv=0.0733 g_total=0.9150 1.59 it/s
[x256/learnable_frequency] step 10600/50000 lr=1.81e-04 d=0.7149 pixel=0.0269 perceptual=0.8892 adv=0.0979 g_total=1.0141 1.59 it/s
[x256/learnable_frequency] step 10700/50000 lr=1.80e-04 d=0.5966 pixel=0.0280 perceptual=0.9085 adv=0.0862 g_total=1.0226 1.59 it/s
[x256/learnable_frequency] step 10800/50000 lr=1.80e-04 d=0.5977 pixel=0.0331 perceptual=1.0183 adv=0.0865 g_total=1.1379 1.59 it/s
[x256/learnable_frequency] step 10900/50000 lr=1.79e-04 d=0.6112 pixel=0.0324 perceptual=0.8713 adv=0.0739 g_total=0.9776 1.59 it/s
[x256/learnable_frequency] step 11000/50000 lr=1.79e-04 d=0.7437 pixel=0.0311 perceptual=0.9906 adv=0.0545 g_total=1.0762 1.59 it/s
[x256/learnable_frequency] step 11000 VAL ref_ssim=0.8083 (base 0.8305) ref_mse=0.004016 (base 0.004486) best_ssim=0.8394@9000
[x256/learnable_frequency] step 11100/50000 lr=1.79e-04 d=0.5654 pixel=0.0325 perceptual=1.0112 adv=0.0724 g_total=1.1160 1.59 it/s
[x256/learnable_frequency] step 11200/50000 lr=1.78e-04 d=0.6262 pixel=0.0278 perceptual=0.8921 adv=0.0748 g_total=0.9947 1.59 it/s
[x256/learnable_frequency] step 11300/50000 lr=1.78e-04 d=0.6065 pixel=0.0243 perceptual=0.7956 adv=0.0867 g_total=0.9066 1.59 it/s
[x256/learnable_frequency] step 11400/50000 lr=1.77e-04 d=0.5770 pixel=0.0277 perceptual=0.8321 adv=0.0882 g_total=0.9480 1.59 it/s
[x256/learnable_frequency] step 11500/50000 lr=1.77e-04 d=0.6178 pixel=0.0259 perceptual=0.7930 adv=0.0913 g_total=0.9101 1.59 it/s
[x256/learnable_frequency] step 11600/50000 lr=1.77e-04 d=0.6561 pixel=0.0297 perceptual=0.8528 adv=0.0861 g_total=0.9687 1.59 it/s
[x256/learnable_frequency] step 11700/50000 lr=1.76e-04 d=0.6378 pixel=0.0312 perceptual=0.9817 adv=0.0712 g_total=1.0840 1.59 it/s
[x256/learnable_frequency] step 11800/50000 lr=1.76e-04 d=0.6254 pixel=0.0272 perceptual=0.8928 adv=0.0935 g_total=1.0135 1.59 it/s
[x256/learnable_frequency] step 11900/50000 lr=1.75e-04 d=0.7077 pixel=0.0275 perceptual=0.8303 adv=0.0673 g_total=0.9251 1.59 it/s
[x256/learnable_frequency] step 12000/50000 lr=1.75e-04 d=0.5879 pixel=0.0301 perceptual=0.9729 adv=0.0935 g_total=1.0965 1.59 it/s
[x256/learnable_frequency] step 12000 VAL ref_ssim=0.8426 (base 0.8305) ref_mse=0.003872 (base 0.004486) best_ssim=0.8426@12000 *
[x256/learnable_frequency] step 12100/50000 lr=1.75e-04 d=0.5806 pixel=0.0258 perceptual=0.8172 adv=0.0795 g_total=0.9226 1.59 it/s
[x256/learnable_frequency] step 12200/50000 lr=1.74e-04 d=0.6356 pixel=0.0299 perceptual=0.9671 adv=0.0914 g_total=1.0883 1.59 it/s
[x256/learnable_frequency] step 12300/50000 lr=1.74e-04 d=0.6804 pixel=0.0299 perceptual=0.9146 adv=0.0898 g_total=1.0343 1.59 it/s
[x256/learnable_frequency] step 12400/50000 lr=1.73e-04 d=0.6547 pixel=0.0240 perceptual=0.8312 adv=0.0906 g_total=0.9459 1.59 it/s
[x256/learnable_frequency] step 12500/50000 lr=1.73e-04 d=0.6764 pixel=0.0341 perceptual=1.0527 adv=0.0675 g_total=1.1542 1.59 it/s
[x256/learnable_frequency] step 12600/50000 lr=1.72e-04 d=0.6941 pixel=0.0318 perceptual=0.9033 adv=0.0553 g_total=0.9905 1.59 it/s
[x256/learnable_frequency] step 12700/50000 lr=1.72e-04 d=0.6471 pixel=0.0352 perceptual=0.9724 adv=0.0712 g_total=1.0787 1.59 it/s
[x256/learnable_frequency] step 12800/50000 lr=1.72e-04 d=0.6183 pixel=0.0290 perceptual=0.9056 adv=0.0893 g_total=1.0240 1.59 it/s
[x256/learnable_frequency] step 12900/50000 lr=1.71e-04 d=0.6348 pixel=0.0276 perceptual=0.9246 adv=0.0738 g_total=1.0259 1.59 it/s
[x256/learnable_frequency] step 13000/50000 lr=1.71e-04 d=0.6068 pixel=0.0268 perceptual=0.9352 adv=0.0791 g_total=1.0410 1.59 it/s
[x256/learnable_frequency] step 13000 VAL ref_ssim=0.8329 (base 0.8305) ref_mse=0.003915 (base 0.004486) best_ssim=0.8426@12000
[x256/learnable_frequency] step 13100/50000 lr=1.70e-04 d=0.5939 pixel=0.0290 perceptual=0.9315 adv=0.0799 g_total=1.0404 1.59 it/s
[x256/learnable_frequency] step 13200/50000 lr=1.70e-04 d=0.6125 pixel=0.0269 perceptual=0.9073 adv=0.0818 g_total=1.0159 1.59 it/s
[x256/learnable_frequency] step 13300/50000 lr=1.69e-04 d=0.7786 pixel=0.0337 perceptual=0.9097 adv=0.0709 g_total=1.0143 1.59 it/s
[x256/learnable_frequency] step 13400/50000 lr=1.69e-04 d=0.6681 pixel=0.0238 perceptual=0.7870 adv=0.0864 g_total=0.8973 1.59 it/s
[x256/learnable_frequency] step 13500/50000 lr=1.68e-04 d=0.6913 pixel=0.0297 perceptual=0.9031 adv=0.0766 g_total=1.0093 1.59 it/s
[x256/learnable_frequency] step 13600/50000 lr=1.68e-04 d=0.6528 pixel=0.0327 perceptual=0.9677 adv=0.0901 g_total=1.0906 1.59 it/s
[x256/learnable_frequency] step 13700/50000 lr=1.68e-04 d=0.6392 pixel=0.0282 perceptual=0.9593 adv=0.0864 g_total=1.0739 1.59 it/s
[x256/learnable_frequency] step 13800/50000 lr=1.67e-04 d=0.6119 pixel=0.0252 perceptual=0.8084 adv=0.0881 g_total=0.9218 1.59 it/s
[x256/learnable_frequency] step 13900/50000 lr=1.67e-04 d=0.6152 pixel=0.0300 perceptual=0.9209 adv=0.0915 g_total=1.0424 1.59 it/s
[x256/learnable_frequency] step 14000/50000 lr=1.66e-04 d=0.6275 pixel=0.0242 perceptual=0.8086 adv=0.0840 g_total=0.9168 1.59 it/s
[x256/learnable_frequency] step 14000 VAL ref_ssim=0.8361 (base 0.8305) ref_mse=0.003732 (base 0.004486) best_ssim=0.8426@12000
[x256/learnable_frequency] step 14100/50000 lr=1.66e-04 d=0.7428 pixel=0.0282 perceptual=0.8924 adv=0.1163 g_total=1.0369 1.59 it/s
[x256/learnable_frequency] step 14200/50000 lr=1.65e-04 d=0.6491 pixel=0.0331 perceptual=1.0168 adv=0.0768 g_total=1.1266 1.59 it/s
[x256/learnable_frequency] step 14300/50000 lr=1.65e-04 d=0.6254 pixel=0.0272 perceptual=0.8992 adv=0.0829 g_total=1.0093 1.59 it/s
[x256/learnable_frequency] step 14400/50000 lr=1.64e-04 d=0.6107 pixel=0.0308 perceptual=0.9919 adv=0.0983 g_total=1.1210 1.59 it/s
[x256/learnable_frequency] step 14500/50000 lr=1.64e-04 d=0.6299 pixel=0.0330 perceptual=1.0669 adv=0.0821 g_total=1.1821 1.59 it/s
[x256/learnable_frequency] step 14600/50000 lr=1.63e-04 d=0.7073 pixel=0.0351 perceptual=0.9741 adv=0.1144 g_total=1.1236 1.59 it/s
[x256/learnable_frequency] step 14700/50000 lr=1.63e-04 d=0.6841 pixel=0.0266 perceptual=0.8833 adv=0.0689 g_total=0.9788 1.59 it/s
[x256/learnable_frequency] step 14800/50000 lr=1.62e-04 d=0.6405 pixel=0.0359 perceptual=0.9692 adv=0.0956 g_total=1.1008 1.59 it/s
[x256/learnable_frequency] step 14900/50000 lr=1.62e-04 d=0.7642 pixel=0.0289 perceptual=0.9942 adv=0.1167 g_total=1.1398 1.59 it/s
[x256/learnable_frequency] step 15000/50000 lr=1.61e-04 d=0.6536 pixel=0.0298 perceptual=0.9170 adv=0.0708 g_total=1.0176 1.59 it/s
[x256/learnable_frequency] step 15000 VAL ref_ssim=0.8353 (base 0.8305) ref_mse=0.003993 (base 0.004486) best_ssim=0.8426@12000
[x256/learnable_frequency] step 15100/50000 lr=1.61e-04 d=0.6357 pixel=0.0302 perceptual=0.9375 adv=0.1084 g_total=1.0761 1.59 it/s
[x256/learnable_frequency] step 15200/50000 lr=1.60e-04 d=0.6455 pixel=0.0278 perceptual=0.8779 adv=0.0871 g_total=0.9928 1.59 it/s
[x256/learnable_frequency] step 15300/50000 lr=1.60e-04 d=0.6672 pixel=0.0299 perceptual=0.9667 adv=0.0666 g_total=1.0632 1.59 it/s
[x256/learnable_frequency] step 15400/50000 lr=1.59e-04 d=0.6744 pixel=0.0256 perceptual=0.8235 adv=0.0743 g_total=0.9234 1.59 it/s
[x256/learnable_frequency] step 15500/50000 lr=1.59e-04 d=0.6552 pixel=0.0299 perceptual=0.9850 adv=0.0886 g_total=1.1035 1.59 it/s
[x256/learnable_frequency] step 15600/50000 lr=1.58e-04 d=0.7315 pixel=0.0280 perceptual=0.8018 adv=0.0678 g_total=0.8976 1.59 it/s
[x256/learnable_frequency] step 15700/50000 lr=1.58e-04 d=0.6124 pixel=0.0292 perceptual=0.9466 adv=0.0722 g_total=1.0480 1.59 it/s
[x256/learnable_frequency] step 15800/50000 lr=1.57e-04 d=0.6351 pixel=0.0312 perceptual=0.9123 adv=0.1128 g_total=1.0563 1.59 it/s
[x256/learnable_frequency] step 15900/50000 lr=1.57e-04 d=0.5918 pixel=0.0321 perceptual=0.9423 adv=0.0954 g_total=1.0699 1.59 it/s
[x256/learnable_frequency] step 16000/50000 lr=1.56e-04 d=0.6025 pixel=0.0304 perceptual=0.9472 adv=0.0774 g_total=1.0550 1.59 it/s
[x256/learnable_frequency] step 16000 VAL ref_ssim=0.8428 (base 0.8305) ref_mse=0.003861 (base 0.004486) best_ssim=0.8428@16000 *
[x256/learnable_frequency] step 16100/50000 lr=1.56e-04 d=0.6521 pixel=0.0307 perceptual=0.9427 adv=0.0718 g_total=1.0452 1.59 it/s
[x256/learnable_frequency] step 16200/50000 lr=1.55e-04 d=0.5884 pixel=0.0310 perceptual=1.0117 adv=0.0905 g_total=1.1332 1.59 it/s
[x256/learnable_frequency] step 16300/50000 lr=1.55e-04 d=0.6412 pixel=0.0293 perceptual=0.8789 adv=0.0666 g_total=0.9749 1.59 it/s
[x256/learnable_frequency] step 16400/50000 lr=1.54e-04 d=0.6489 pixel=0.0265 perceptual=0.8145 adv=0.0749 g_total=0.9158 1.59 it/s
[x256/learnable_frequency] step 16500/50000 lr=1.54e-04 d=0.5401 pixel=0.0335 perceptual=1.0354 adv=0.0777 g_total=1.1466 1.59 it/s
[x256/learnable_frequency] step 16600/50000 lr=1.53e-04 d=0.5795 pixel=0.0289 perceptual=0.9359 adv=0.0726 g_total=1.0374 1.59 it/s
[x256/learnable_frequency] step 16700/50000 lr=1.53e-04 d=0.5426 pixel=0.0291 perceptual=0.8843 adv=0.0904 g_total=1.0038 1.59 it/s
[x256/learnable_frequency] step 16800/50000 lr=1.52e-04 d=0.6615 pixel=0.0275 perceptual=0.8548 adv=0.0875 g_total=0.9698 1.59 it/s
[x256/learnable_frequency] step 16900/50000 lr=1.52e-04 d=0.5961 pixel=0.0257 perceptual=0.8290 adv=0.0715 g_total=0.9262 1.59 it/s
[x256/learnable_frequency] step 17000/50000 lr=1.51e-04 d=0.5853 pixel=0.0275 perceptual=0.8745 adv=0.0840 g_total=0.9861 1.59 it/s
[x256/learnable_frequency] step 17000 VAL ref_ssim=0.8369 (base 0.8305) ref_mse=0.003843 (base 0.004486) best_ssim=0.8428@16000
[x256/learnable_frequency] step 17100/50000 lr=1.50e-04 d=0.6496 pixel=0.0263 perceptual=0.8502 adv=0.0684 g_total=0.9450 1.59 it/s
[x256/learnable_frequency] step 17200/50000 lr=1.50e-04 d=0.5768 pixel=0.0275 perceptual=0.9149 adv=0.0820 g_total=1.0244 1.59 it/s
[x256/learnable_frequency] step 17300/50000 lr=1.49e-04 d=0.6807 pixel=0.0281 perceptual=0.8819 adv=0.0717 g_total=0.9816 1.59 it/s
[x256/learnable_frequency] step 17400/50000 lr=1.49e-04 d=0.6668 pixel=0.0271 perceptual=0.8311 adv=0.0979 g_total=0.9561 1.59 it/s
[x256/learnable_frequency] step 17500/50000 lr=1.48e-04 d=0.6186 pixel=0.0232 perceptual=0.8428 adv=0.0930 g_total=0.9591 1.59 it/s
[x256/learnable_frequency] step 17600/50000 lr=1.48e-04 d=0.6707 pixel=0.0318 perceptual=0.8550 adv=0.0801 g_total=0.9669 1.59 it/s
[x256/learnable_frequency] step 17700/50000 lr=1.47e-04 d=0.6926 pixel=0.0339 perceptual=0.9375 adv=0.0764 g_total=1.0479 1.59 it/s
[x256/learnable_frequency] step 17800/50000 lr=1.47e-04 d=0.7464 pixel=0.0365 perceptual=0.9605 adv=0.0718 g_total=1.0688 1.59 it/s
[x256/learnable_frequency] step 17900/50000 lr=1.46e-04 d=0.6126 pixel=0.0315 perceptual=1.0233 adv=0.0903 g_total=1.1451 1.59 it/s
[x256/learnable_frequency] step 18000/50000 lr=1.46e-04 d=0.6049 pixel=0.0305 perceptual=0.8938 adv=0.0831 g_total=1.0074 1.59 it/s
[x256/learnable_frequency] step 18000 VAL ref_ssim=0.8118 (base 0.8305) ref_mse=0.003613 (base 0.004486) best_ssim=0.8428@16000
[x256/learnable_frequency] step 18100/50000 lr=1.45e-04 d=0.6654 pixel=0.0250 perceptual=0.8644 adv=0.0909 g_total=0.9803 1.59 it/s
[x256/learnable_frequency] step 18200/50000 lr=1.44e-04 d=0.6511 pixel=0.0304 perceptual=0.9523 adv=0.0944 g_total=1.0771 1.59 it/s
[x256/learnable_frequency] step 18300/50000 lr=1.44e-04 d=0.6586 pixel=0.0325 perceptual=1.0270 adv=0.0946 g_total=1.1540 1.59 it/s
[x256/learnable_frequency] step 18400/50000 lr=1.43e-04 d=0.7243 pixel=0.0253 perceptual=0.8355 adv=0.0706 g_total=0.9314 1.59 it/s
[x256/learnable_frequency] step 18500/50000 lr=1.43e-04 d=0.6331 pixel=0.0322 perceptual=1.0032 adv=0.0673 g_total=1.1027 1.59 it/s
[x256/learnable_frequency] step 18600/50000 lr=1.42e-04 d=0.6159 pixel=0.0309 perceptual=0.9047 adv=0.0758 g_total=1.0114 1.59 it/s
[x256/learnable_frequency] step 18700/50000 lr=1.42e-04 d=0.6831 pixel=0.0292 perceptual=0.8621 adv=0.0820 g_total=0.9733 1.59 it/s
[x256/learnable_frequency] step 18800/50000 lr=1.41e-04 d=0.6229 pixel=0.0272 perceptual=0.8824 adv=0.0889 g_total=0.9985 1.59 it/s
[x256/learnable_frequency] step 18900/50000 lr=1.40e-04 d=0.5925 pixel=0.0267 perceptual=0.8927 adv=0.0849 g_total=1.0044 1.59 it/s
[x256/learnable_frequency] step 19000/50000 lr=1.40e-04 d=0.6281 pixel=0.0331 perceptual=0.9974 adv=0.0585 g_total=1.0889 1.59 it/s
[x256/learnable_frequency] step 19000 VAL ref_ssim=0.8410 (base 0.8305) ref_mse=0.003691 (base 0.004486) best_ssim=0.8428@16000
[x256/learnable_frequency] step 19100/50000 lr=1.39e-04 d=0.6941 pixel=0.0292 perceptual=0.9826 adv=0.0913 g_total=1.1031 1.59 it/s
[x256/learnable_frequency] step 19200/50000 lr=1.39e-04 d=0.6165 pixel=0.0264 perceptual=0.8626 adv=0.0791 g_total=0.9681 1.59 it/s
[x256/learnable_frequency] step 19300/50000 lr=1.38e-04 d=0.6481 pixel=0.0308 perceptual=0.9675 adv=0.0644 g_total=1.0628 1.59 it/s
[x256/learnable_frequency] step 19400/50000 lr=1.38e-04 d=0.5863 pixel=0.0264 perceptual=0.8873 adv=0.0954 g_total=1.0091 1.59 it/s
[x256/learnable_frequency] step 19500/50000 lr=1.37e-04 d=0.5577 pixel=0.0317 perceptual=0.9048 adv=0.0866 g_total=1.0231 1.59 it/s
[x256/learnable_frequency] step 19600/50000 lr=1.36e-04 d=0.5218 pixel=0.0306 perceptual=1.0176 adv=0.0791 g_total=1.1272 1.59 it/s
[x256/learnable_frequency] step 19700/50000 lr=1.36e-04 d=0.5933 pixel=0.0261 perceptual=0.9026 adv=0.0757 g_total=1.0043 1.59 it/s
[x256/learnable_frequency] step 19800/50000 lr=1.35e-04 d=0.6476 pixel=0.0257 perceptual=0.8657 adv=0.0803 g_total=0.9718 1.59 it/s
[x256/learnable_frequency] step 19900/50000 lr=1.35e-04 d=0.6710 pixel=0.0233 perceptual=0.8116 adv=0.0871 g_total=0.9220 1.59 it/s
[x256/learnable_frequency] step 20000/50000 lr=1.34e-04 d=0.6291 pixel=0.0251 perceptual=0.8676 adv=0.0854 g_total=0.9781 1.59 it/s
[x256/learnable_frequency] step 20000 VAL ref_ssim=0.8478 (base 0.8305) ref_mse=0.003603 (base 0.004486) best_ssim=0.8478@20000 *
[x256/learnable_frequency] step 20100/50000 lr=1.33e-04 d=0.6369 pixel=0.0302 perceptual=0.9920 adv=0.0850 g_total=1.1073 1.59 it/s
[x256/learnable_frequency] step 20200/50000 lr=1.33e-04 d=0.5810 pixel=0.0245 perceptual=0.8058 adv=0.0808 g_total=0.9111 1.59 it/s
[x256/learnable_frequency] step 20300/50000 lr=1.32e-04 d=0.6035 pixel=0.0272 perceptual=0.9290 adv=0.0780 g_total=1.0342 1.59 it/s
[x256/learnable_frequency] step 20400/50000 lr=1.32e-04 d=0.6432 pixel=0.0275 perceptual=0.8771 adv=0.0789 g_total=0.9835 1.59 it/s
[x256/learnable_frequency] step 20500/50000 lr=1.31e-04 d=0.5886 pixel=0.0280 perceptual=0.9198 adv=0.0841 g_total=1.0319 1.59 it/s
[x256/learnable_frequency] step 20600/50000 lr=1.31e-04 d=0.6280 pixel=0.0250 perceptual=0.8945 adv=0.0781 g_total=0.9976 1.59 it/s
[x256/learnable_frequency] step 20700/50000 lr=1.30e-04 d=0.5900 pixel=0.0316 perceptual=0.9661 adv=0.0854 g_total=1.0831 1.59 it/s
[x256/learnable_frequency] step 20800/50000 lr=1.29e-04 d=0.6159 pixel=0.0313 perceptual=0.9775 adv=0.0977 g_total=1.1065 1.59 it/s
[x256/learnable_frequency] step 20900/50000 lr=1.29e-04 d=0.6351 pixel=0.0278 perceptual=0.8653 adv=0.0883 g_total=0.9814 1.59 it/s
[x256/learnable_frequency] step 21000/50000 lr=1.28e-04 d=0.7211 pixel=0.0312 perceptual=0.9884 adv=0.0672 g_total=1.0868 1.59 it/s
[x256/learnable_frequency] step 21000 VAL ref_ssim=0.8221 (base 0.8305) ref_mse=0.004159 (base 0.004486) best_ssim=0.8478@20000
[x256/learnable_frequency] step 21100/50000 lr=1.28e-04 d=0.6298 pixel=0.0241 perceptual=0.7451 adv=0.0828 g_total=0.8519 1.59 it/s
[x256/learnable_frequency] step 21200/50000 lr=1.27e-04 d=0.6166 pixel=0.0258 perceptual=0.8323 adv=0.0794 g_total=0.9375 1.59 it/s
[x256/learnable_frequency] step 21300/50000 lr=1.26e-04 d=0.5450 pixel=0.0318 perceptual=0.9528 adv=0.0739 g_total=1.0585 1.59 it/s
[x256/learnable_frequency] step 21400/50000 lr=1.26e-04 d=0.6521 pixel=0.0304 perceptual=0.9752 adv=0.0811 g_total=1.0868 1.59 it/s
[x256/learnable_frequency] step 21500/50000 lr=1.25e-04 d=0.6638 pixel=0.0268 perceptual=0.8990 adv=0.0795 g_total=1.0053 1.59 it/s
[x256/learnable_frequency] step 21600/50000 lr=1.25e-04 d=0.6041 pixel=0.0230 perceptual=0.8454 adv=0.0907 g_total=0.9591 1.59 it/s
[x256/learnable_frequency] step 21700/50000 lr=1.24e-04 d=0.6197 pixel=0.0294 perceptual=0.9395 adv=0.0732 g_total=1.0421 1.59 it/s
[x256/learnable_frequency] step 21800/50000 lr=1.23e-04 d=0.5973 pixel=0.0302 perceptual=0.8408 adv=0.0847 g_total=0.9557 1.59 it/s
[x256/learnable_frequency] step 21900/50000 lr=1.23e-04 d=0.7087 pixel=0.0266 perceptual=0.9082 adv=0.0733 g_total=1.0082 1.59 it/s
[x256/learnable_frequency] step 22000/50000 lr=1.22e-04 d=0.5754 pixel=0.0267 perceptual=0.8690 adv=0.0971 g_total=0.9928 1.59 it/s
[x256/learnable_frequency] step 22000 VAL ref_ssim=0.8190 (base 0.8305) ref_mse=0.003815 (base 0.004486) best_ssim=0.8478@20000
[x256/learnable_frequency] step 22100/50000 lr=1.21e-04 d=0.6563 pixel=0.0303 perceptual=0.9470 adv=0.0954 g_total=1.0727 1.59 it/s
[x256/learnable_frequency] step 22200/50000 lr=1.21e-04 d=0.6088 pixel=0.0304 perceptual=0.9565 adv=0.0872 g_total=1.0742 1.59 it/s
[x256/learnable_frequency] step 22300/50000 lr=1.20e-04 d=0.6835 pixel=0.0269 perceptual=0.8881 adv=0.0754 g_total=0.9904 1.59 it/s
[x256/learnable_frequency] step 22400/50000 lr=1.20e-04 d=0.6518 pixel=0.0270 perceptual=0.9217 adv=0.0851 g_total=1.0338 1.59 it/s
[x256/learnable_frequency] step 22500/50000 lr=1.19e-04 d=0.6367 pixel=0.0260 perceptual=0.8928 adv=0.0874 g_total=1.0062 1.59 it/s
[x256/learnable_frequency] step 22600/50000 lr=1.18e-04 d=0.5734 pixel=0.0282 perceptual=0.8961 adv=0.0901 g_total=1.0144 1.59 it/s
[x256/learnable_frequency] step 22700/50000 lr=1.18e-04 d=0.5847 pixel=0.0272 perceptual=0.8976 adv=0.0845 g_total=1.0092 1.59 it/s
[x256/learnable_frequency] step 22800/50000 lr=1.17e-04 d=0.6073 pixel=0.0264 perceptual=0.8746 adv=0.0727 g_total=0.9737 1.59 it/s
[x256/learnable_frequency] step 22900/50000 lr=1.17e-04 d=0.6118 pixel=0.0227 perceptual=0.7920 adv=0.0888 g_total=0.9035 1.59 it/s
[x256/learnable_frequency] step 23000/50000 lr=1.16e-04 d=0.6032 pixel=0.0269 perceptual=0.8854 adv=0.0844 g_total=0.9967 1.59 it/s
[x256/learnable_frequency] step 23000 VAL ref_ssim=0.8359 (base 0.8305) ref_mse=0.004036 (base 0.004486) best_ssim=0.8478@20000
[x256/learnable_frequency] step 23100/50000 lr=1.15e-04 d=0.6062 pixel=0.0266 perceptual=0.9654 adv=0.0775 g_total=1.0696 1.59 it/s
[x256/learnable_frequency] step 23200/50000 lr=1.15e-04 d=0.7219 pixel=0.0319 perceptual=0.9730 adv=0.0932 g_total=1.0981 1.59 it/s
[x256/learnable_frequency] step 23300/50000 lr=1.14e-04 d=0.6341 pixel=0.0217 perceptual=0.7259 adv=0.0888 g_total=0.8364 1.59 it/s
[x256/learnable_frequency] step 23400/50000 lr=1.13e-04 d=0.5943 pixel=0.0281 perceptual=0.9168 adv=0.0830 g_total=1.0279 1.59 it/s
[x256/learnable_frequency] step 23500/50000 lr=1.13e-04 d=0.6527 pixel=0.0268 perceptual=0.9184 adv=0.0872 g_total=1.0325 1.59 it/s
[x256/learnable_frequency] step 23600/50000 lr=1.12e-04 d=0.6944 pixel=0.0263 perceptual=0.8758 adv=0.0682 g_total=0.9703 1.59 it/s
[x256/learnable_frequency] step 23700/50000 lr=1.12e-04 d=0.6647 pixel=0.0329 perceptual=0.9812 adv=0.0811 g_total=1.0953 1.59 it/s
[x256/learnable_frequency] step 23800/50000 lr=1.11e-04 d=0.5925 pixel=0.0294 perceptual=0.9606 adv=0.1105 g_total=1.1005 1.59 it/s
[x256/learnable_frequency] step 23900/50000 lr=1.10e-04 d=0.5927 pixel=0.0314 perceptual=0.9614 adv=0.0981 g_total=1.0909 1.59 it/s
[x256/learnable_frequency] step 24000/50000 lr=1.10e-04 d=0.5439 pixel=0.0254 perceptual=0.8597 adv=0.0793 g_total=0.9645 1.59 it/s
[x256/learnable_frequency] step 24000 VAL ref_ssim=0.8487 (base 0.8305) ref_mse=0.003470 (base 0.004486) best_ssim=0.8487@24000 *
[x256/learnable_frequency] step 24100/50000 lr=1.09e-04 d=0.6056 pixel=0.0299 perceptual=0.9121 adv=0.0742 g_total=1.0162 1.59 it/s
[x256/learnable_frequency] step 24200/50000 lr=1.09e-04 d=0.6623 pixel=0.0230 perceptual=0.7378 adv=0.0713 g_total=0.8321 1.59 it/s
[x256/learnable_frequency] step 24300/50000 lr=1.08e-04 d=0.5647 pixel=0.0243 perceptual=0.9042 adv=0.0903 g_total=1.0188 1.59 it/s
[x256/learnable_frequency] step 24400/50000 lr=1.07e-04 d=0.6249 pixel=0.0251 perceptual=0.8653 adv=0.0909 g_total=0.9813 1.59 it/s
[x256/learnable_frequency] step 24500/50000 lr=1.07e-04 d=0.6495 pixel=0.0310 perceptual=0.9852 adv=0.0851 g_total=1.1013 1.59 it/s
[x256/learnable_frequency] step 24600/50000 lr=1.06e-04 d=0.7130 pixel=0.0243 perceptual=0.8339 adv=0.0711 g_total=0.9293 1.59 it/s
[x256/learnable_frequency] step 24700/50000 lr=1.05e-04 d=0.6248 pixel=0.0271 perceptual=0.8921 adv=0.0786 g_total=0.9978 1.59 it/s
[x256/learnable_frequency] step 24800/50000 lr=1.05e-04 d=0.6918 pixel=0.0286 perceptual=0.9413 adv=0.0968 g_total=1.0667 1.59 it/s
[x256/learnable_frequency] step 24900/50000 lr=1.04e-04 d=0.6320 pixel=0.0299 perceptual=0.8623 adv=0.0782 g_total=0.9704 1.59 it/s
[x256/learnable_frequency] step 25000/50000 lr=1.04e-04 d=0.7021 pixel=0.0347 perceptual=1.0355 adv=0.0785 g_total=1.1487 1.59 it/s
[x256/learnable_frequency] step 25000 VAL ref_ssim=0.8374 (base 0.8305) ref_mse=0.003786 (base 0.004486) best_ssim=0.8487@24000
[x256/learnable_frequency] step 25100/50000 lr=1.03e-04 d=0.6224 pixel=0.0349 perceptual=0.9007 adv=0.0756 g_total=1.0112 1.59 it/s
[x256/learnable_frequency] step 25200/50000 lr=1.02e-04 d=0.5636 pixel=0.0261 perceptual=0.8600 adv=0.0784 g_total=0.9644 1.59 it/s
[x256/learnable_frequency] step 25300/50000 lr=1.02e-04 d=0.6304 pixel=0.0242 perceptual=0.7914 adv=0.0898 g_total=0.9054 1.59 it/s
[x256/learnable_frequency] step 25400/50000 lr=1.01e-04 d=0.6134 pixel=0.0304 perceptual=0.8965 adv=0.0910 g_total=1.0180 1.59 it/s
[x256/learnable_frequency] step 25500/50000 lr=1.00e-04 d=0.6228 pixel=0.0317 perceptual=1.0200 adv=0.0838 g_total=1.1354 1.59 it/s
[x256/learnable_frequency] step 25600/50000 lr=9.98e-05 d=0.6672 pixel=0.0254 perceptual=0.8459 adv=0.0883 g_total=0.9595 1.59 it/s
[x256/learnable_frequency] step 25700/50000 lr=9.92e-05 d=0.6228 pixel=0.0272 perceptual=0.8845 adv=0.0811 g_total=0.9928 1.59 it/s
[x256/learnable_frequency] step 25800/50000 lr=9.86e-05 d=0.6205 pixel=0.0298 perceptual=0.9213 adv=0.0810 g_total=1.0321 1.59 it/s
[x256/learnable_frequency] step 25900/50000 lr=9.80e-05 d=0.6214 pixel=0.0316 perceptual=0.9647 adv=0.0853 g_total=1.0816 1.59 it/s
[x256/learnable_frequency] step 26000/50000 lr=9.73e-05 d=0.5998 pixel=0.0278 perceptual=0.9001 adv=0.0945 g_total=1.0225 1.59 it/s
[x256/learnable_frequency] step 26000 VAL ref_ssim=0.8272 (base 0.8305) ref_mse=0.003745 (base 0.004486) best_ssim=0.8487@24000
[x256/learnable_frequency] step 26100/50000 lr=9.67e-05 d=0.6602 pixel=0.0321 perceptual=0.8556 adv=0.0766 g_total=0.9642 1.59 it/s
[x256/learnable_frequency] step 26200/50000 lr=9.61e-05 d=0.5558 pixel=0.0305 perceptual=0.9645 adv=0.1082 g_total=1.1032 1.59 it/s
[x256/learnable_frequency] step 26300/50000 lr=9.55e-05 d=0.5812 pixel=0.0311 perceptual=0.9541 adv=0.0791 g_total=1.0643 1.59 it/s
[x256/learnable_frequency] step 26400/50000 lr=9.49e-05 d=0.6667 pixel=0.0312 perceptual=0.9841 adv=0.0961 g_total=1.1114 1.59 it/s
[x256/learnable_frequency] step 26500/50000 lr=9.42e-05 d=0.6312 pixel=0.0285 perceptual=0.8741 adv=0.0833 g_total=0.9860 1.59 it/s
[x256/learnable_frequency] step 26600/50000 lr=9.36e-05 d=0.7319 pixel=0.0261 perceptual=0.8877 adv=0.0923 g_total=1.0060 1.59 it/s
[x256/learnable_frequency] step 26700/50000 lr=9.30e-05 d=0.6512 pixel=0.0234 perceptual=0.7840 adv=0.0923 g_total=0.8997 1.59 it/s
[x256/learnable_frequency] step 26800/50000 lr=9.24e-05 d=0.5986 pixel=0.0312 perceptual=1.0229 adv=0.0783 g_total=1.1323 1.59 it/s
[x256/learnable_frequency] step 26900/50000 lr=9.18e-05 d=0.6437 pixel=0.0271 perceptual=0.8569 adv=0.0751 g_total=0.9591 1.59 it/s
[x256/learnable_frequency] step 27000/50000 lr=9.11e-05 d=0.6439 pixel=0.0293 perceptual=0.9404 adv=0.0745 g_total=1.0443 1.59 it/s
[x256/learnable_frequency] step 27000 VAL ref_ssim=0.8248 (base 0.8305) ref_mse=0.003665 (base 0.004486) best_ssim=0.8487@24000
[x256/learnable_frequency] step 27100/50000 lr=9.05e-05 d=0.6166 pixel=0.0270 perceptual=0.8929 adv=0.0780 g_total=0.9979 1.59 it/s
[x256/learnable_frequency] step 27200/50000 lr=8.99e-05 d=0.6321 pixel=0.0255 perceptual=0.9127 adv=0.1028 g_total=1.0411 1.59 it/s
[x256/learnable_frequency] step 27300/50000 lr=8.93e-05 d=0.6474 pixel=0.0248 perceptual=0.7907 adv=0.0892 g_total=0.9047 1.59 it/s
[x256/learnable_frequency] step 27400/50000 lr=8.87e-05 d=0.5845 pixel=0.0314 perceptual=0.9038 adv=0.0884 g_total=1.0236 1.59 it/s
[x256/learnable_frequency] step 27500/50000 lr=8.81e-05 d=0.6080 pixel=0.0263 perceptual=0.8837 adv=0.0886 g_total=0.9987 1.59 it/s
[x256/learnable_frequency] step 27600/50000 lr=8.74e-05 d=0.6186 pixel=0.0336 perceptual=1.0132 adv=0.0740 g_total=1.1209 1.59 it/s
[x256/learnable_frequency] step 27700/50000 lr=8.68e-05 d=0.6725 pixel=0.0267 perceptual=0.8851 adv=0.0867 g_total=0.9985 1.59 it/s
[x256/learnable_frequency] step 27800/50000 lr=8.62e-05 d=0.5897 pixel=0.0337 perceptual=0.9943 adv=0.0845 g_total=1.1125 1.59 it/s
[x256/learnable_frequency] step 27900/50000 lr=8.56e-05 d=0.6737 pixel=0.0259 perceptual=0.8604 adv=0.0698 g_total=0.9562 1.59 it/s
[x256/learnable_frequency] step 28000/50000 lr=8.50e-05 d=0.5600 pixel=0.0309 perceptual=0.9545 adv=0.0783 g_total=1.0636 1.59 it/s
[x256/learnable_frequency] step 28000 VAL ref_ssim=0.8435 (base 0.8305) ref_mse=0.003619 (base 0.004486) best_ssim=0.8487@24000
[x256/learnable_frequency] step 28100/50000 lr=8.44e-05 d=0.6441 pixel=0.0227 perceptual=0.8290 adv=0.0830 g_total=0.9347 1.59 it/s
[x256/learnable_frequency] step 28200/50000 lr=8.38e-05 d=0.6616 pixel=0.0337 perceptual=1.0047 adv=0.0708 g_total=1.1092 1.59 it/s
[x256/learnable_frequency] step 28300/50000 lr=8.32e-05 d=0.6012 pixel=0.0346 perceptual=1.0217 adv=0.0664 g_total=1.1228 1.59 it/s
[x256/learnable_frequency] step 28400/50000 lr=8.25e-05 d=0.6244 pixel=0.0289 perceptual=0.8686 adv=0.1019 g_total=0.9994 1.59 it/s
[x256/learnable_frequency] step 28500/50000 lr=8.19e-05 d=0.6500 pixel=0.0201 perceptual=0.6989 adv=0.0848 g_total=0.8038 1.59 it/s
[x256/learnable_frequency] step 28600/50000 lr=8.13e-05 d=0.5598 pixel=0.0298 perceptual=0.9556 adv=0.0767 g_total=1.0622 1.59 it/s
[x256/learnable_frequency] step 28700/50000 lr=8.07e-05 d=0.6990 pixel=0.0322 perceptual=0.9801 adv=0.0554 g_total=1.0677 1.59 it/s
[x256/learnable_frequency] step 28800/50000 lr=8.01e-05 d=0.6154 pixel=0.0314 perceptual=1.0029 adv=0.0842 g_total=1.1186 1.59 it/s
[x256/learnable_frequency] step 28900/50000 lr=7.95e-05 d=0.6797 pixel=0.0319 perceptual=0.9703 adv=0.1032 g_total=1.1054 1.59 it/s
[x256/learnable_frequency] step 29000/50000 lr=7.89e-05 d=0.5995 pixel=0.0367 perceptual=1.0518 adv=0.0808 g_total=1.1693 1.59 it/s
[x256/learnable_frequency] step 29000 VAL ref_ssim=0.8333 (base 0.8305) ref_mse=0.004020 (base 0.004486) best_ssim=0.8487@24000
[x256/learnable_frequency] step 29100/50000 lr=7.83e-05 d=0.6057 pixel=0.0273 perceptual=0.8974 adv=0.0749 g_total=0.9997 1.59 it/s
[x256/learnable_frequency] step 29200/50000 lr=7.77e-05 d=0.6378 pixel=0.0280 perceptual=0.8772 adv=0.0786 g_total=0.9838 1.59 it/s
[x256/learnable_frequency] step 29300/50000 lr=7.71e-05 d=0.6255 pixel=0.0268 perceptual=0.8772 adv=0.1011 g_total=1.0050 1.59 it/s
[x256/learnable_frequency] step 29400/50000 lr=7.65e-05 d=0.6412 pixel=0.0300 perceptual=0.9442 adv=0.0876 g_total=1.0619 1.59 it/s
[x256/learnable_frequency] step 29500/50000 lr=7.59e-05 d=0.6132 pixel=0.0254 perceptual=0.8384 adv=0.0831 g_total=0.9469 1.59 it/s
[x256/learnable_frequency] step 29600/50000 lr=7.53e-05 d=0.5787 pixel=0.0292 perceptual=0.8731 adv=0.0825 g_total=0.9848 1.59 it/s
[x256/learnable_frequency] step 29700/50000 lr=7.47e-05 d=0.5753 pixel=0.0267 perceptual=0.9143 adv=0.0789 g_total=1.0199 1.59 it/s
[x256/learnable_frequency] step 29800/50000 lr=7.41e-05 d=0.5979 pixel=0.0264 perceptual=0.8578 adv=0.0772 g_total=0.9614 1.59 it/s
[x256/learnable_frequency] step 29900/50000 lr=7.35e-05 d=0.5915 pixel=0.0289 perceptual=0.9398 adv=0.0811 g_total=1.0497 1.59 it/s
[x256/learnable_frequency] step 30000/50000 lr=7.29e-05 d=0.6922 pixel=0.0243 perceptual=0.8518 adv=0.0768 g_total=0.9529 1.59 it/s
[x256/learnable_frequency] step 30000 VAL ref_ssim=0.8337 (base 0.8305) ref_mse=0.003483 (base 0.004486) best_ssim=0.8487@24000
[x256/learnable_frequency] step 30100/50000 lr=7.23e-05 d=0.5344 pixel=0.0296 perceptual=0.9318 adv=0.0833 g_total=1.0447 1.59 it/s
[x256/learnable_frequency] step 30200/50000 lr=7.17e-05 d=0.6643 pixel=0.0287 perceptual=0.9345 adv=0.0769 g_total=1.0401 1.59 it/s
[x256/learnable_frequency] step 30300/50000 lr=7.11e-05 d=0.6590 pixel=0.0284 perceptual=0.8274 adv=0.0858 g_total=0.9417 1.59 it/s
[x256/learnable_frequency] step 30400/50000 lr=7.05e-05 d=0.7107 pixel=0.0253 perceptual=0.9240 adv=0.1167 g_total=1.0661 1.59 it/s
[x256/learnable_frequency] step 30500/50000 lr=7.00e-05 d=0.6076 pixel=0.0310 perceptual=0.9673 adv=0.0908 g_total=1.0891 1.59 it/s
[x256/learnable_frequency] step 30600/50000 lr=6.94e-05 d=0.6127 pixel=0.0302 perceptual=0.9913 adv=0.0765 g_total=1.0981 1.59 it/s
[x256/learnable_frequency] step 30700/50000 lr=6.88e-05 d=0.7775 pixel=0.0325 perceptual=0.9279 adv=0.0981 g_total=1.0585 1.59 it/s
[x256/learnable_frequency] step 30800/50000 lr=6.82e-05 d=0.6174 pixel=0.0236 perceptual=0.7975 adv=0.0794 g_total=0.9005 1.59 it/s
[x256/learnable_frequency] step 30900/50000 lr=6.76e-05 d=0.5915 pixel=0.0248 perceptual=0.8459 adv=0.0857 g_total=0.9564 1.59 it/s
[x256/learnable_frequency] step 31000/50000 lr=6.70e-05 d=0.6218 pixel=0.0336 perceptual=0.9738 adv=0.0713 g_total=1.0787 1.59 it/s
[x256/learnable_frequency] step 31000 VAL ref_ssim=0.8437 (base 0.8305) ref_mse=0.003656 (base 0.004486) best_ssim=0.8487@24000
[x256/learnable_frequency] step 31100/50000 lr=6.65e-05 d=0.6517 pixel=0.0218 perceptual=0.7930 adv=0.0937 g_total=0.9086 1.59 it/s
[x256/learnable_frequency] step 31200/50000 lr=6.59e-05 d=0.6128 pixel=0.0306 perceptual=0.9291 adv=0.0788 g_total=1.0386 1.59 it/s
[x256/learnable_frequency] step 31300/50000 lr=6.53e-05 d=0.7454 pixel=0.0278 perceptual=0.8130 adv=0.0862 g_total=0.9270 1.59 it/s
[x256/learnable_frequency] step 31400/50000 lr=6.47e-05 d=0.6217 pixel=0.0309 perceptual=0.9639 adv=0.0674 g_total=1.0622 1.59 it/s
[x256/learnable_frequency] step 31500/50000 lr=6.41e-05 d=0.6457 pixel=0.0252 perceptual=0.8734 adv=0.0933 g_total=0.9918 1.59 it/s
[x256/learnable_frequency] step 31600/50000 lr=6.36e-05 d=0.5934 pixel=0.0215 perceptual=0.7922 adv=0.0832 g_total=0.8969 1.59 it/s
[x256/learnable_frequency] step 31700/50000 lr=6.30e-05 d=0.6324 pixel=0.0269 perceptual=0.8875 adv=0.0791 g_total=0.9934 1.59 it/s
[x256/learnable_frequency] step 31800/50000 lr=6.24e-05 d=0.6443 pixel=0.0233 perceptual=0.7977 adv=0.0948 g_total=0.9158 1.59 it/s
[x256/learnable_frequency] step 31900/50000 lr=6.19e-05 d=0.6331 pixel=0.0230 perceptual=0.8400 adv=0.0990 g_total=0.9620 1.59 it/s
[x256/learnable_frequency] step 32000/50000 lr=6.13e-05 d=0.5888 pixel=0.0269 perceptual=0.8457 adv=0.0813 g_total=0.9539 1.59 it/s
[x256/learnable_frequency] step 32000 VAL ref_ssim=0.8375 (base 0.8305) ref_mse=0.003656 (base 0.004486) best_ssim=0.8487@24000
[x256/learnable_frequency] step 32100/50000 lr=6.07e-05 d=0.6151 pixel=0.0255 perceptual=0.7871 adv=0.0758 g_total=0.8884 1.59 it/s
[x256/learnable_frequency] step 32200/50000 lr=6.02e-05 d=0.6282 pixel=0.0258 perceptual=0.8808 adv=0.0865 g_total=0.9931 1.59 it/s
[x256/learnable_frequency] step 32300/50000 lr=5.96e-05 d=0.6478 pixel=0.0288 perceptual=0.9411 adv=0.0648 g_total=1.0347 1.59 it/s
[x256/learnable_frequency] step 32400/50000 lr=5.90e-05 d=0.6434 pixel=0.0248 perceptual=0.7594 adv=0.0857 g_total=0.8699 1.59 it/s
[x256/learnable_frequency] step 32500/50000 lr=5.85e-05 d=0.6147 pixel=0.0257 perceptual=0.8459 adv=0.0905 g_total=0.9620 1.59 it/s
[x256/learnable_frequency] step 32600/50000 lr=5.79e-05 d=0.6056 pixel=0.0290 perceptual=0.9279 adv=0.0950 g_total=1.0519 1.59 it/s
[x256/learnable_frequency] step 32700/50000 lr=5.74e-05 d=0.6011 pixel=0.0187 perceptual=0.6619 adv=0.0890 g_total=0.7696 1.59 it/s
[x256/learnable_frequency] step 32800/50000 lr=5.68e-05 d=0.6745 pixel=0.0201 perceptual=0.6909 adv=0.0875 g_total=0.7985 1.59 it/s
[x256/learnable_frequency] step 32900/50000 lr=5.63e-05 d=0.6131 pixel=0.0258 perceptual=0.8910 adv=0.0914 g_total=1.0082 1.59 it/s
[x256/learnable_frequency] step 33000/50000 lr=5.57e-05 d=0.6992 pixel=0.0415 perceptual=1.1702 adv=0.0665 g_total=1.2783 1.59 it/s
[x256/learnable_frequency] step 33000 VAL ref_ssim=0.8408 (base 0.8305) ref_mse=0.004020 (base 0.004486) best_ssim=0.8487@24000
[x256/learnable_frequency] step 33100/50000 lr=5.52e-05 d=0.7465 pixel=0.0290 perceptual=0.9315 adv=0.0788 g_total=1.0394 1.59 it/s
[x256/learnable_frequency] step 33200/50000 lr=5.46e-05 d=0.5893 pixel=0.0329 perceptual=0.9617 adv=0.0782 g_total=1.0728 1.59 it/s
[x256/learnable_frequency] step 33300/50000 lr=5.41e-05 d=0.6516 pixel=0.0236 perceptual=0.7720 adv=0.1062 g_total=0.9018 1.59 it/s
[x256/learnable_frequency] step 33400/50000 lr=5.35e-05 d=0.6420 pixel=0.0308 perceptual=0.9442 adv=0.0781 g_total=1.0531 1.59 it/s
[x256/learnable_frequency] step 33500/50000 lr=5.30e-05 d=0.6463 pixel=0.0268 perceptual=0.8888 adv=0.0698 g_total=0.9854 1.59 it/s
[x256/learnable_frequency] step 33600/50000 lr=5.25e-05 d=0.6017 pixel=0.0282 perceptual=0.8981 adv=0.1010 g_total=1.0273 1.59 it/s
[x256/learnable_frequency] step 33700/50000 lr=5.19e-05 d=0.5675 pixel=0.0338 perceptual=1.0279 adv=0.0780 g_total=1.1398 1.59 it/s
[x256/learnable_frequency] step 33800/50000 lr=5.14e-05 d=0.6639 pixel=0.0263 perceptual=0.8611 adv=0.0653 g_total=0.9528 1.59 it/s
[x256/learnable_frequency] step 33900/50000 lr=5.09e-05 d=0.5781 pixel=0.0292 perceptual=0.9291 adv=0.0822 g_total=1.0405 1.59 it/s
[x256/learnable_frequency] step 34000/50000 lr=5.03e-05 d=0.6021 pixel=0.0281 perceptual=0.9085 adv=0.0715 g_total=1.0081 1.59 it/s
[x256/learnable_frequency] step 34000 VAL ref_ssim=0.8440 (base 0.8305) ref_mse=0.003802 (base 0.004486) best_ssim=0.8487@24000
[x256/learnable_frequency] step 34100/50000 lr=4.98e-05 d=0.7464 pixel=0.0217 perceptual=0.7623 adv=0.0800 g_total=0.8640 1.59 it/s
[x256/learnable_frequency] step 34200/50000 lr=4.93e-05 d=0.5776 pixel=0.0282 perceptual=0.9578 adv=0.0769 g_total=1.0630 1.59 it/s
[x256/learnable_frequency] step 34300/50000 lr=4.88e-05 d=0.6292 pixel=0.0320 perceptual=0.9954 adv=0.0887 g_total=1.1160 1.59 it/s
[x256/learnable_frequency] step 34400/50000 lr=4.82e-05 d=0.6743 pixel=0.0247 perceptual=0.8346 adv=0.0739 g_total=0.9333 1.59 it/s
[x256/learnable_frequency] step 34500/50000 lr=4.77e-05 d=0.5659 pixel=0.0279 perceptual=0.9483 adv=0.0762 g_total=1.0525 1.59 it/s
[x256/learnable_frequency] step 34600/50000 lr=4.72e-05 d=0.5672 pixel=0.0247 perceptual=0.8037 adv=0.0972 g_total=0.9256 1.59 it/s
[x256/learnable_frequency] step 34700/50000 lr=4.67e-05 d=0.6109 pixel=0.0280 perceptual=0.9538 adv=0.0695 g_total=1.0513 1.59 it/s
[x256/learnable_frequency] step 34800/50000 lr=4.62e-05 d=0.5455 pixel=0.0256 perceptual=0.8389 adv=0.0858 g_total=0.9503 1.59 it/s
[x256/learnable_frequency] step 34900/50000 lr=4.57e-05 d=0.5573 pixel=0.0306 perceptual=0.9288 adv=0.1029 g_total=1.0623 1.59 it/s
[x256/learnable_frequency] step 35000/50000 lr=4.52e-05 d=0.6158 pixel=0.0218 perceptual=0.7708 adv=0.0775 g_total=0.8702 1.59 it/s
[x256/learnable_frequency] step 35000 VAL ref_ssim=0.8370 (base 0.8305) ref_mse=0.003730 (base 0.004486) best_ssim=0.8487@24000
[x256/learnable_frequency] step 35100/50000 lr=4.47e-05 d=0.6809 pixel=0.0254 perceptual=0.8456 adv=0.0871 g_total=0.9581 1.59 it/s
[x256/learnable_frequency] step 35200/50000 lr=4.42e-05 d=0.6429 pixel=0.0231 perceptual=0.7801 adv=0.0739 g_total=0.8772 1.59 it/s
[x256/learnable_frequency] step 35300/50000 lr=4.36e-05 d=0.5791 pixel=0.0264 perceptual=0.8437 adv=0.0837 g_total=0.9537 1.59 it/s
[x256/learnable_frequency] step 35400/50000 lr=4.32e-05 d=0.6360 pixel=0.0294 perceptual=0.9284 adv=0.0680 g_total=1.0257 1.59 it/s
[x256/learnable_frequency] step 35500/50000 lr=4.27e-05 d=0.6497 pixel=0.0271 perceptual=0.8383 adv=0.0876 g_total=0.9530 1.59 it/s
[x256/learnable_frequency] step 35600/50000 lr=4.22e-05 d=0.5377 pixel=0.0285 perceptual=0.9702 adv=0.0758 g_total=1.0745 1.59 it/s
[x256/learnable_frequency] step 35700/50000 lr=4.17e-05 d=0.6054 pixel=0.0241 perceptual=0.8177 adv=0.0981 g_total=0.9399 1.59 it/s
[x256/learnable_frequency] step 35800/50000 lr=4.12e-05 d=0.6386 pixel=0.0236 perceptual=0.7717 adv=0.1001 g_total=0.8953 1.59 it/s
[x256/learnable_frequency] step 35900/50000 lr=4.07e-05 d=0.5953 pixel=0.0291 perceptual=0.9248 adv=0.0901 g_total=1.0440 1.59 it/s
[x256/learnable_frequency] step 36000/50000 lr=4.02e-05 d=0.6114 pixel=0.0218 perceptual=0.7799 adv=0.0872 g_total=0.8890 1.59 it/s
[x256/learnable_frequency] step 36000 VAL ref_ssim=0.8457 (base 0.8305) ref_mse=0.003490 (base 0.004486) best_ssim=0.8487@24000
[x256/learnable_frequency] step 36100/50000 lr=3.97e-05 d=0.6456 pixel=0.0340 perceptual=1.0194 adv=0.0940 g_total=1.1475 1.59 it/s
[x256/learnable_frequency] step 36200/50000 lr=3.93e-05 d=0.6338 pixel=0.0326 perceptual=0.7807 adv=0.0864 g_total=0.8998 1.59 it/s
[x256/learnable_frequency] step 36300/50000 lr=3.88e-05 d=0.5889 pixel=0.0309 perceptual=0.9583 adv=0.0903 g_total=1.0795 1.59 it/s
[x256/learnable_frequency] step 36400/50000 lr=3.83e-05 d=0.6446 pixel=0.0261 perceptual=0.8802 adv=0.0959 g_total=1.0021 1.59 it/s
[x256/learnable_frequency] step 36500/50000 lr=3.78e-05 d=0.6169 pixel=0.0255 perceptual=0.9227 adv=0.0876 g_total=1.0358 1.59 it/s
[x256/learnable_frequency] step 36600/50000 lr=3.74e-05 d=0.5585 pixel=0.0279 perceptual=0.9306 adv=0.1016 g_total=1.0600 1.59 it/s
[x256/learnable_frequency] step 36700/50000 lr=3.69e-05 d=0.6981 pixel=0.0238 perceptual=0.7422 adv=0.0763 g_total=0.8424 1.59 it/s
[x256/learnable_frequency] step 36800/50000 lr=3.64e-05 d=0.5780 pixel=0.0218 perceptual=0.7822 adv=0.0818 g_total=0.8858 1.59 it/s
[x256/learnable_frequency] step 36900/50000 lr=3.60e-05 d=0.5427 pixel=0.0355 perceptual=1.0606 adv=0.0992 g_total=1.1953 1.59 it/s
[x256/learnable_frequency] step 37000/50000 lr=3.55e-05 d=0.6700 pixel=0.0280 perceptual=0.8264 adv=0.0746 g_total=0.9290 1.59 it/s
[x256/learnable_frequency] step 37000 VAL ref_ssim=0.7698 (base 0.8305) ref_mse=0.003844 (base 0.004486) best_ssim=0.8487@24000
[x256/learnable_frequency] step 37100/50000 lr=3.51e-05 d=0.5919 pixel=0.0239 perceptual=0.8745 adv=0.1006 g_total=0.9990 1.59 it/s
[x256/learnable_frequency] step 37200/50000 lr=3.46e-05 d=0.6183 pixel=0.0286 perceptual=0.8684 adv=0.1002 g_total=0.9971 1.59 it/s
[x256/learnable_frequency] step 37300/50000 lr=3.42e-05 d=0.6267 pixel=0.0237 perceptual=0.8455 adv=0.0864 g_total=0.9556 1.59 it/s
[x256/learnable_frequency] step 37400/50000 lr=3.37e-05 d=0.6540 pixel=0.0267 perceptual=0.9259 adv=0.0896 g_total=1.0421 1.59 it/s
[x256/learnable_frequency] step 37500/50000 lr=3.33e-05 d=0.6350 pixel=0.0261 perceptual=0.8168 adv=0.0773 g_total=0.9202 1.59 it/s
[x256/learnable_frequency] step 37600/50000 lr=3.28e-05 d=0.5722 pixel=0.0302 perceptual=1.0120 adv=0.0870 g_total=1.1293 1.59 it/s
[x256/learnable_frequency] step 37700/50000 lr=3.24e-05 d=0.6142 pixel=0.0313 perceptual=0.8886 adv=0.1020 g_total=1.0219 1.59 it/s
[x256/learnable_frequency] step 37800/50000 lr=3.19e-05 d=0.5974 pixel=0.0247 perceptual=0.8477 adv=0.0718 g_total=0.9441 1.59 it/s
[x256/learnable_frequency] step 37900/50000 lr=3.15e-05 d=0.6294 pixel=0.0314 perceptual=0.9128 adv=0.0893 g_total=1.0335 1.59 it/s
[x256/learnable_frequency] step 38000/50000 lr=3.11e-05 d=0.5681 pixel=0.0316 perceptual=0.9299 adv=0.0815 g_total=1.0430 1.59 it/s
[x256/learnable_frequency] step 38000 VAL ref_ssim=0.8411 (base 0.8305) ref_mse=0.003686 (base 0.004486) best_ssim=0.8487@24000
[x256/learnable_frequency] step 38100/50000 lr=3.07e-05 d=0.6281 pixel=0.0252 perceptual=0.8771 adv=0.0914 g_total=0.9937 1.59 it/s
[x256/learnable_frequency] step 38200/50000 lr=3.02e-05 d=0.6309 pixel=0.0265 perceptual=0.8870 adv=0.1116 g_total=1.0252 1.59 it/s
[x256/learnable_frequency] step 38300/50000 lr=2.98e-05 d=0.6029 pixel=0.0216 perceptual=0.7836 adv=0.0960 g_total=0.9012 1.59 it/s
[x256/learnable_frequency] step 38400/50000 lr=2.94e-05 d=0.5910 pixel=0.0254 perceptual=0.8674 adv=0.0870 g_total=0.9797 1.59 it/s
[x256/learnable_frequency] step 38500/50000 lr=2.90e-05 d=0.5674 pixel=0.0275 perceptual=0.9280 adv=0.0855 g_total=1.0409 1.59 it/s
[x256/learnable_frequency] step 38600/50000 lr=2.86e-05 d=0.6215 pixel=0.0234 perceptual=0.8300 adv=0.0702 g_total=0.9236 1.59 it/s
[x256/learnable_frequency] step 38700/50000 lr=2.81e-05 d=0.6109 pixel=0.0275 perceptual=0.9393 adv=0.1350 g_total=1.1017 1.59 it/s
[x256/learnable_frequency] step 38800/50000 lr=2.77e-05 d=0.5668 pixel=0.0297 perceptual=0.9912 adv=0.1075 g_total=1.1284 1.59 it/s
[x256/learnable_frequency] step 38900/50000 lr=2.73e-05 d=0.6207 pixel=0.0287 perceptual=0.8003 adv=0.0753 g_total=0.9043 1.59 it/s
[x256/learnable_frequency] step 39000/50000 lr=2.69e-05 d=0.6369 pixel=0.0257 perceptual=0.8243 adv=0.0699 g_total=0.9199 1.59 it/s
[x256/learnable_frequency] step 39000 VAL ref_ssim=0.8462 (base 0.8305) ref_mse=0.003814 (base 0.004486) best_ssim=0.8487@24000
[x256/learnable_frequency] step 39100/50000 lr=2.65e-05 d=0.7021 pixel=0.0293 perceptual=0.9114 adv=0.0834 g_total=1.0240 1.59 it/s
[x256/learnable_frequency] step 39200/50000 lr=2.61e-05 d=0.5450 pixel=0.0308 perceptual=0.9759 adv=0.0910 g_total=1.0978 1.59 it/s
[x256/learnable_frequency] step 39300/50000 lr=2.57e-05 d=0.5768 pixel=0.0276 perceptual=0.8979 adv=0.0871 g_total=1.0126 1.59 it/s
[x256/learnable_frequency] step 39400/50000 lr=2.54e-05 d=0.5923 pixel=0.0230 perceptual=0.8523 adv=0.0900 g_total=0.9653 1.59 it/s
[x256/learnable_frequency] step 39500/50000 lr=2.50e-05 d=0.6338 pixel=0.0260 perceptual=0.8801 adv=0.0982 g_total=1.0043 1.59 it/s
[x256/learnable_frequency] step 39600/50000 lr=2.46e-05 d=0.6290 pixel=0.0284 perceptual=0.9379 adv=0.0985 g_total=1.0648 1.59 it/s
[x256/learnable_frequency] step 39700/50000 lr=2.42e-05 d=0.5853 pixel=0.0239 perceptual=0.8438 adv=0.1006 g_total=0.9683 1.59 it/s
[x256/learnable_frequency] step 39800/50000 lr=2.38e-05 d=0.6230 pixel=0.0279 perceptual=0.9527 adv=0.1129 g_total=1.0935 1.59 it/s
[x256/learnable_frequency] step 39900/50000 lr=2.35e-05 d=0.5767 pixel=0.0224 perceptual=0.7828 adv=0.0920 g_total=0.8972 1.59 it/s
[x256/learnable_frequency] step 40000/50000 lr=2.31e-05 d=0.7869 pixel=0.0294 perceptual=0.9334 adv=0.0566 g_total=1.0194 1.59 it/s
[x256/learnable_frequency] step 40000 VAL ref_ssim=0.8378 (base 0.8305) ref_mse=0.003567 (base 0.004486) best_ssim=0.8487@24000
[x256/learnable_frequency] step 40100/50000 lr=2.27e-05 d=0.5576 pixel=0.0340 perceptual=1.0639 adv=0.0776 g_total=1.1755 1.59 it/s
[x256/learnable_frequency] step 40200/50000 lr=2.24e-05 d=0.5458 pixel=0.0324 perceptual=0.9658 adv=0.1015 g_total=1.0996 1.59 it/s
[x256/learnable_frequency] step 40300/50000 lr=2.20e-05 d=0.5573 pixel=0.0294 perceptual=0.9625 adv=0.0859 g_total=1.0778 1.59 it/s
[x256/learnable_frequency] step 40400/50000 lr=2.16e-05 d=0.6800 pixel=0.0300 perceptual=0.9131 adv=0.0826 g_total=1.0256 1.59 it/s
[x256/learnable_frequency] step 40500/50000 lr=2.13e-05 d=0.5892 pixel=0.0301 perceptual=0.9334 adv=0.0821 g_total=1.0456 1.59 it/s
[x256/learnable_frequency] step 40600/50000 lr=2.09e-05 d=0.6001 pixel=0.0320 perceptual=0.9487 adv=0.0912 g_total=1.0719 1.59 it/s
[x256/learnable_frequency] step 40700/50000 lr=2.06e-05 d=0.6116 pixel=0.0254 perceptual=0.8159 adv=0.1074 g_total=0.9487 1.59 it/s
[x256/learnable_frequency] step 40800/50000 lr=2.02e-05 d=0.6185 pixel=0.0279 perceptual=0.8967 adv=0.1138 g_total=1.0383 1.59 it/s
[x256/learnable_frequency] step 40900/50000 lr=1.99e-05 d=0.6086 pixel=0.0309 perceptual=0.9684 adv=0.0931 g_total=1.0924 1.59 it/s
[x256/learnable_frequency] step 41000/50000 lr=1.96e-05 d=0.6192 pixel=0.0260 perceptual=0.8706 adv=0.0789 g_total=0.9755 1.59 it/s
[x256/learnable_frequency] step 41000 VAL ref_ssim=0.8515 (base 0.8305) ref_mse=0.003379 (base 0.004486) best_ssim=0.8515@41000 *
[x256/learnable_frequency] step 41100/50000 lr=1.92e-05 d=0.6164 pixel=0.0302 perceptual=0.9397 adv=0.0717 g_total=1.0416 1.59 it/s
[x256/learnable_frequency] step 41200/50000 lr=1.89e-05 d=0.6071 pixel=0.0328 perceptual=0.9578 adv=0.1125 g_total=1.1030 1.59 it/s
[x256/learnable_frequency] step 41300/50000 lr=1.86e-05 d=0.5726 pixel=0.0271 perceptual=0.9030 adv=0.0987 g_total=1.0288 1.59 it/s
[x256/learnable_frequency] step 41400/50000 lr=1.82e-05 d=0.5900 pixel=0.0288 perceptual=0.8578 adv=0.0707 g_total=0.9573 1.59 it/s
[x256/learnable_frequency] step 41500/50000 lr=1.79e-05 d=0.5717 pixel=0.0308 perceptual=0.8871 adv=0.0879 g_total=1.0057 1.59 it/s
[x256/learnable_frequency] step 41600/50000 lr=1.76e-05 d=0.5535 pixel=0.0339 perceptual=1.0024 adv=0.0968 g_total=1.1332 1.59 it/s
[x256/learnable_frequency] step 41700/50000 lr=1.73e-05 d=0.6404 pixel=0.0253 perceptual=0.8128 adv=0.1021 g_total=0.9402 1.59 it/s
[x256/learnable_frequency] step 41800/50000 lr=1.70e-05 d=0.5948 pixel=0.0264 perceptual=0.9217 adv=0.1010 g_total=1.0491 1.59 it/s
[x256/learnable_frequency] step 41900/50000 lr=1.67e-05 d=0.5589 pixel=0.0298 perceptual=1.0099 adv=0.0977 g_total=1.1374 1.59 it/s
[x256/learnable_frequency] step 42000/50000 lr=1.64e-05 d=0.6489 pixel=0.0234 perceptual=0.8202 adv=0.0673 g_total=0.9109 1.59 it/s
[x256/learnable_frequency] step 42000 VAL ref_ssim=0.8421 (base 0.8305) ref_mse=0.003371 (base 0.004486) best_ssim=0.8515@41000
[x256/learnable_frequency] step 42100/50000 lr=1.61e-05 d=0.5513 pixel=0.0282 perceptual=0.8951 adv=0.0926 g_total=1.0160 1.59 it/s
[x256/learnable_frequency] step 42200/50000 lr=1.58e-05 d=0.5939 pixel=0.0233 perceptual=0.7981 adv=0.0781 g_total=0.8995 1.59 it/s
[x256/learnable_frequency] step 42300/50000 lr=1.55e-05 d=0.6496 pixel=0.0276 perceptual=0.8909 adv=0.1049 g_total=1.0234 1.59 it/s
[x256/learnable_frequency] step 42400/50000 lr=1.52e-05 d=0.6100 pixel=0.0267 perceptual=0.8901 adv=0.0882 g_total=1.0050 1.59 it/s
[x256/learnable_frequency] step 42500/50000 lr=1.49e-05 d=0.6316 pixel=0.0247 perceptual=0.8548 adv=0.0748 g_total=0.9544 1.59 it/s
[x256/learnable_frequency] step 42600/50000 lr=1.46e-05 d=0.6414 pixel=0.0210 perceptual=0.7826 adv=0.0879 g_total=0.8916 1.59 it/s
[x256/learnable_frequency] step 42700/50000 lr=1.43e-05 d=0.6243 pixel=0.0305 perceptual=0.8492 adv=0.0849 g_total=0.9645 1.59 it/s
[x256/learnable_frequency] step 42800/50000 lr=1.41e-05 d=0.5989 pixel=0.0281 perceptual=0.8471 adv=0.1044 g_total=0.9796 1.59 it/s
[x256/learnable_frequency] step 42900/50000 lr=1.38e-05 d=0.6036 pixel=0.0269 perceptual=0.9041 adv=0.1008 g_total=1.0318 1.59 it/s
[x256/learnable_frequency] step 43000/50000 lr=1.35e-05 d=0.6512 pixel=0.0280 perceptual=0.8602 adv=0.0999 g_total=0.9882 1.59 it/s
[x256/learnable_frequency] step 43000 VAL ref_ssim=0.8260 (base 0.8305) ref_mse=0.003970 (base 0.004486) best_ssim=0.8515@41000
[x256/learnable_frequency] step 43100/50000 lr=1.33e-05 d=0.6721 pixel=0.0255 perceptual=0.8461 adv=0.0986 g_total=0.9701 1.59 it/s
[x256/learnable_frequency] step 43200/50000 lr=1.30e-05 d=0.6455 pixel=0.0243 perceptual=0.8069 adv=0.0838 g_total=0.9150 1.59 it/s
[x256/learnable_frequency] step 43300/50000 lr=1.27e-05 d=0.5725 pixel=0.0322 perceptual=0.9363 adv=0.0832 g_total=1.0518 1.59 it/s
[x256/learnable_frequency] step 43400/50000 lr=1.25e-05 d=0.5794 pixel=0.0301 perceptual=0.8347 adv=0.0906 g_total=0.9554 1.59 it/s
[x256/learnable_frequency] step 43500/50000 lr=1.22e-05 d=0.5780 pixel=0.0227 perceptual=0.8037 adv=0.0967 g_total=0.9230 1.59 it/s
[x256/learnable_frequency] step 43600/50000 lr=1.20e-05 d=0.5855 pixel=0.0239 perceptual=0.8397 adv=0.0897 g_total=0.9533 1.59 it/s
[x256/learnable_frequency] step 43700/50000 lr=1.17e-05 d=0.5860 pixel=0.0212 perceptual=0.7316 adv=0.1146 g_total=0.8674 1.59 it/s
[x256/learnable_frequency] step 43800/50000 lr=1.15e-05 d=0.5732 pixel=0.0289 perceptual=0.9503 adv=0.1061 g_total=1.0854 1.59 it/s
[x256/learnable_frequency] step 43900/50000 lr=1.13e-05 d=0.6855 pixel=0.0321 perceptual=1.0565 adv=0.0865 g_total=1.1751 1.59 it/s
[x256/learnable_frequency] step 44000/50000 lr=1.10e-05 d=0.6043 pixel=0.0218 perceptual=0.7664 adv=0.0802 g_total=0.8685 1.59 it/s
[x256/learnable_frequency] step 44000 VAL ref_ssim=0.8410 (base 0.8305) ref_mse=0.003682 (base 0.004486) best_ssim=0.8515@41000
[x256/learnable_frequency] step 44100/50000 lr=1.08e-05 d=0.6723 pixel=0.0256 perceptual=0.8502 adv=0.1100 g_total=0.9857 1.59 it/s
[x256/learnable_frequency] step 44200/50000 lr=1.06e-05 d=0.5586 pixel=0.0276 perceptual=0.8834 adv=0.0869 g_total=0.9980 1.59 it/s
[x256/learnable_frequency] step 44300/50000 lr=1.03e-05 d=0.5564 pixel=0.0320 perceptual=0.9998 adv=0.0958 g_total=1.1277 1.59 it/s
[x256/learnable_frequency] step 44400/50000 lr=1.01e-05 d=0.6397 pixel=0.0327 perceptual=0.9545 adv=0.0883 g_total=1.0755 1.59 it/s
[x256/learnable_frequency] step 44500/50000 lr=9.91e-06 d=0.6616 pixel=0.0226 perceptual=0.8130 adv=0.0785 g_total=0.9141 1.59 it/s
[x256/learnable_frequency] step 44600/50000 lr=9.70e-06 d=0.6024 pixel=0.0207 perceptual=0.7229 adv=0.0796 g_total=0.8232 1.59 it/s
[x256/learnable_frequency] step 44700/50000 lr=9.49e-06 d=0.6550 pixel=0.0291 perceptual=0.9142 adv=0.0950 g_total=1.0383 1.59 it/s
[x256/learnable_frequency] step 44800/50000 lr=9.29e-06 d=0.5487 pixel=0.0233 perceptual=0.8415 adv=0.0872 g_total=0.9521 1.59 it/s
[x256/learnable_frequency] step 44900/50000 lr=9.09e-06 d=0.6249 pixel=0.0371 perceptual=1.0239 adv=0.0713 g_total=1.1323 1.59 it/s
[x256/learnable_frequency] step 45000/50000 lr=8.89e-06 d=0.6079 pixel=0.0289 perceptual=0.9248 adv=0.1051 g_total=1.0587 1.59 it/s
[x256/learnable_frequency] step 45000 VAL ref_ssim=0.8408 (base 0.8305) ref_mse=0.003674 (base 0.004486) best_ssim=0.8515@41000
[x256/learnable_frequency] step 45100/50000 lr=8.70e-06 d=0.4626 pixel=0.0312 perceptual=0.9619 adv=0.1072 g_total=1.1002 1.59 it/s
[x256/learnable_frequency] step 45200/50000 lr=8.51e-06 d=0.5503 pixel=0.0328 perceptual=0.9262 adv=0.0885 g_total=1.0475 1.59 it/s
[x256/learnable_frequency] step 45300/50000 lr=8.33e-06 d=0.4913 pixel=0.0254 perceptual=0.8707 adv=0.1251 g_total=1.0211 1.59 it/s
[x256/learnable_frequency] step 45400/50000 lr=8.15e-06 d=0.5605 pixel=0.0285 perceptual=0.8885 adv=0.0771 g_total=0.9941 1.59 it/s
[x256/learnable_frequency] step 45500/50000 lr=7.97e-06 d=0.4751 pixel=0.0269 perceptual=0.9007 adv=0.1036 g_total=1.0312 1.59 it/s
[x256/learnable_frequency] step 45600/50000 lr=7.80e-06 d=0.5423 pixel=0.0244 perceptual=0.7911 adv=0.0926 g_total=0.9081 1.59 it/s
[x256/learnable_frequency] step 45700/50000 lr=7.63e-06 d=0.5510 pixel=0.0278 perceptual=0.9113 adv=0.0795 g_total=1.0186 1.59 it/s
[x256/learnable_frequency] step 45800/50000 lr=7.46e-06 d=0.5257 pixel=0.0356 perceptual=1.0113 adv=0.0917 g_total=1.1386 1.59 it/s
[x256/learnable_frequency] step 45900/50000 lr=7.30e-06 d=0.6151 pixel=0.0256 perceptual=0.8063 adv=0.0770 g_total=0.9089 1.59 it/s
[x256/learnable_frequency] step 46000/50000 lr=7.14e-06 d=0.4947 pixel=0.0269 perceptual=0.9201 adv=0.1062 g_total=1.0532 1.59 it/s
[x256/learnable_frequency] step 46000 VAL ref_ssim=0.8423 (base 0.8305) ref_mse=0.003519 (base 0.004486) best_ssim=0.8515@41000
[x256/learnable_frequency] step 46100/50000 lr=6.99e-06 d=0.5908 pixel=0.0267 perceptual=0.8745 adv=0.1292 g_total=1.0304 1.59 it/s
[x256/learnable_frequency] step 46200/50000 lr=6.84e-06 d=0.5548 pixel=0.0273 perceptual=0.9011 adv=0.1110 g_total=1.0393 1.59 it/s
[x256/learnable_frequency] step 46300/50000 lr=6.69e-06 d=0.4495 pixel=0.0260 perceptual=0.8848 adv=0.1076 g_total=1.0184 1.59 it/s
[x256/learnable_frequency] step 46400/50000 lr=6.55e-06 d=0.6035 pixel=0.0272 perceptual=0.8216 adv=0.1009 g_total=0.9497 1.59 it/s
[x256/learnable_frequency] step 46500/50000 lr=6.41e-06 d=0.5101 pixel=0.0318 perceptual=0.9366 adv=0.0814 g_total=1.0499 1.59 it/s
[x256/learnable_frequency] step 46600/50000 lr=6.27e-06 d=0.5868 pixel=0.0248 perceptual=0.8438 adv=0.1083 g_total=0.9769 1.59 it/s
[x256/learnable_frequency] step 46700/50000 lr=6.14e-06 d=0.5584 pixel=0.0319 perceptual=0.9905 adv=0.0874 g_total=1.1098 1.59 it/s
[x256/learnable_frequency] step 46800/50000 lr=6.02e-06 d=0.5135 pixel=0.0270 perceptual=0.8962 adv=0.1192 g_total=1.0423 1.59 it/s
[x256/learnable_frequency] step 46900/50000 lr=5.89e-06 d=0.5414 pixel=0.0286 perceptual=0.9233 adv=0.0949 g_total=1.0468 1.59 it/s
[x256/learnable_frequency] step 47000/50000 lr=5.77e-06 d=0.4700 pixel=0.0279 perceptual=0.9016 adv=0.1070 g_total=1.0365 1.59 it/s
[x256/learnable_frequency] step 47000 VAL ref_ssim=0.8435 (base 0.8305) ref_mse=0.003784 (base 0.004486) best_ssim=0.8515@41000
[x256/learnable_frequency] step 47100/50000 lr=5.66e-06 d=0.4848 pixel=0.0272 perceptual=0.9328 adv=0.1305 g_total=1.0906 1.59 it/s
[x256/learnable_frequency] step 47200/50000 lr=5.54e-06 d=0.4951 pixel=0.0252 perceptual=0.8415 adv=0.0916 g_total=0.9583 1.59 it/s
[x256/learnable_frequency] step 47300/50000 lr=5.44e-06 d=0.5617 pixel=0.0345 perceptual=0.9895 adv=0.0978 g_total=1.1217 1.59 it/s
[x256/learnable_frequency] step 47400/50000 lr=5.33e-06 d=0.5080 pixel=0.0239 perceptual=0.8041 adv=0.1096 g_total=0.9376 1.59 it/s
[x256/learnable_frequency] step 47500/50000 lr=5.23e-06 d=0.4799 pixel=0.0261 perceptual=0.8780 adv=0.1208 g_total=1.0248 1.59 it/s
[x256/learnable_frequency] step 47600/50000 lr=5.14e-06 d=0.4920 pixel=0.0238 perceptual=0.8286 adv=0.0937 g_total=0.9461 1.59 it/s
[x256/learnable_frequency] step 47700/50000 lr=5.04e-06 d=0.5324 pixel=0.0289 perceptual=0.8864 adv=0.1355 g_total=1.0508 1.59 it/s
[x256/learnable_frequency] step 47800/50000 lr=4.95e-06 d=0.5485 pixel=0.0323 perceptual=0.9433 adv=0.1074 g_total=1.0831 1.59 it/s
[x256/learnable_frequency] step 47900/50000 lr=4.87e-06 d=0.5400 pixel=0.0298 perceptual=0.9324 adv=0.1233 g_total=1.0855 1.59 it/s
[x256/learnable_frequency] step 48000/50000 lr=4.79e-06 d=0.6015 pixel=0.0354 perceptual=1.0312 adv=0.0896 g_total=1.1562 1.59 it/s
[x256/learnable_frequency] step 48000 VAL ref_ssim=0.8479 (base 0.8305) ref_mse=0.003714 (base 0.004486) best_ssim=0.8515@41000
[x256/learnable_frequency] step 48100/50000 lr=4.71e-06 d=0.5421 pixel=0.0324 perceptual=0.9243 adv=0.1041 g_total=1.0607 1.59 it/s
[x256/learnable_frequency] step 48200/50000 lr=4.64e-06 d=0.5540 pixel=0.0305 perceptual=0.9864 adv=0.0823 g_total=1.0992 1.59 it/s
[x256/learnable_frequency] step 48300/50000 lr=4.57e-06 d=0.5274 pixel=0.0318 perceptual=0.9947 adv=0.1203 g_total=1.1468 1.59 it/s
[x256/learnable_frequency] step 48400/50000 lr=4.51e-06 d=0.4807 pixel=0.0311 perceptual=0.9433 adv=0.1238 g_total=1.0982 1.59 it/s
[x256/learnable_frequency] step 48500/50000 lr=4.44e-06 d=0.6259 pixel=0.0345 perceptual=0.9382 adv=0.0887 g_total=1.0614 1.59 it/s
[x256/learnable_frequency] step 48600/50000 lr=4.39e-06 d=0.5281 pixel=0.0293 perceptual=0.9517 adv=0.1491 g_total=1.1301 1.59 it/s
[x256/learnable_frequency] step 48700/50000 lr=4.33e-06 d=0.3925 pixel=0.0309 perceptual=0.9814 adv=0.1147 g_total=1.1270 1.59 it/s
[x256/learnable_frequency] step 48800/50000 lr=4.28e-06 d=0.4394 pixel=0.0415 perceptual=1.1630 adv=0.1316 g_total=1.3360 1.59 it/s
[x256/learnable_frequency] step 48900/50000 lr=4.24e-06 d=0.4941 pixel=0.0263 perceptual=0.8509 adv=0.1284 g_total=1.0056 1.59 it/s
[x256/learnable_frequency] step 49000/50000 lr=4.20e-06 d=0.6519 pixel=0.0267 perceptual=0.8549 adv=0.0574 g_total=0.9390 1.59 it/s
[x256/learnable_frequency] step 49000 VAL ref_ssim=0.8303 (base 0.8305) ref_mse=0.003785 (base 0.004486) best_ssim=0.8515@41000
[x256/learnable_frequency] step 49100/50000 lr=4.16e-06 d=0.4148 pixel=0.0308 perceptual=0.9365 adv=0.1498 g_total=1.1172 1.59 it/s
[x256/learnable_frequency] step 49200/50000 lr=4.13e-06 d=0.4124 pixel=0.0260 perceptual=0.8255 adv=0.1342 g_total=0.9857 1.59 it/s
[x256/learnable_frequency] step 49300/50000 lr=4.10e-06 d=0.6746 pixel=0.0310 perceptual=0.9059 adv=0.0889 g_total=1.0258 1.59 it/s
[x256/learnable_frequency] step 49400/50000 lr=4.07e-06 d=0.5519 pixel=0.0328 perceptual=0.9723 adv=0.1254 g_total=1.1305 1.59 it/s
[x256/learnable_frequency] step 49500/50000 lr=4.05e-06 d=0.4145 pixel=0.0286 perceptual=0.9070 adv=0.1607 g_total=1.0963 1.59 it/s
[x256/learnable_frequency] step 49600/50000 lr=4.03e-06 d=0.7461 pixel=0.0329 perceptual=0.9600 adv=0.0862 g_total=1.0791 1.59 it/s
[x256/learnable_frequency] step 49700/50000 lr=4.02e-06 d=0.5186 pixel=0.0309 perceptual=0.9394 adv=0.1051 g_total=1.0754 1.59 it/s
[x256/learnable_frequency] step 49800/50000 lr=4.01e-06 d=0.4473 pixel=0.0294 perceptual=0.9707 adv=0.1153 g_total=1.1154 1.59 it/s
[x256/learnable_frequency] step 49900/50000 lr=4.00e-06 d=0.5189 pixel=0.0316 perceptual=0.9125 adv=0.0960 g_total=1.0401 1.59 it/s
[x256/learnable_frequency] step 50000/50000 lr=4.00e-06 d=0.5271 pixel=0.0243 perceptual=0.8273 adv=0.0978 g_total=0.9494 1.59 it/s
[x256/learnable_frequency] step 50000 VAL ref_ssim=0.8222 (base 0.8305) ref_mse=0.003664 (base 0.004486) best_ssim=0.8515@41000
[x256/learnable_frequency] DONE test base->ref  SSIM 0.8198->0.8428 (++0.0230) | MSE 0.004728->0.003640 (-0.001089) | 525.6 min
