Using device: cuda:0

=== content/bbbc022_x16_learnable_frequency_seed44: inverse_warmup_m1 (m=1.0, steps=1500) ===
[inverse_warmup_m1] step=200 m=1.0 loss=0.04463 val_mse=0.01223 bin_frac=0.028
[inverse_warmup_m1] step=400 m=1.0 loss=0.03148 val_mse=0.00257 bin_frac=0.028
[inverse_warmup_m1] step=600 m=1.0 loss=0.02492 val_mse=0.00249 bin_frac=0.028
[inverse_warmup_m1] step=800 m=1.0 loss=0.01751 val_mse=0.00154 bin_frac=0.028
[inverse_warmup_m1] step=1000 m=1.0 loss=0.02044 val_mse=0.00158 bin_frac=0.028
[inverse_warmup_m1] step=1200 m=1.0 loss=0.01625 val_mse=0.00146 bin_frac=0.028
[inverse_warmup_m1] step=1400 m=1.0 loss=0.02126 val_mse=0.00141 bin_frac=0.028
[inverse_warmup_m1] step=1500 m=1.0 loss=0.01588 val_mse=0.00131 bin_frac=0.028

=== content/bbbc022_x16_learnable_frequency_seed44: joint_soft_m1 (m=1.0, steps=5000) ===
[joint_soft_m1] step=1700 m=1.0 loss=0.01627 val_mse=0.00139 bin_frac=0.028
[joint_soft_m1] step=1900 m=1.0 loss=0.02091 val_mse=0.00121 bin_frac=0.028
[joint_soft_m1] step=2100 m=1.0 loss=0.01696 val_mse=0.00121 bin_frac=0.028
[joint_soft_m1] step=2300 m=1.0 loss=0.01819 val_mse=0.00118 bin_frac=0.028
[joint_soft_m1] step=2500 m=1.0 loss=0.01616 val_mse=0.00126 bin_frac=0.028
[joint_soft_m1] step=2700 m=1.0 loss=0.01910 val_mse=0.00122 bin_frac=0.028
[joint_soft_m1] step=2900 m=1.0 loss=0.01513 val_mse=0.00135 bin_frac=0.028
[joint_soft_m1] step=3100 m=1.0 loss=0.01467 val_mse=0.00110 bin_frac=0.028
[joint_soft_m1] step=3300 m=1.0 loss=0.01441 val_mse=0.00103 bin_frac=0.028
[joint_soft_m1] step=3500 m=1.0 loss=0.01751 val_mse=0.00128 bin_frac=0.028
[joint_soft_m1] step=3700 m=1.0 loss=0.01581 val_mse=0.00124 bin_frac=0.028
[joint_soft_m1] step=3900 m=1.0 loss=0.01536 val_mse=0.00102 bin_frac=0.028
[joint_soft_m1] step=4100 m=1.0 loss=0.01436 val_mse=0.00100 bin_frac=0.028
[joint_soft_m1] step=4300 m=1.0 loss=0.01650 val_mse=0.00121 bin_frac=0.028
[joint_soft_m1] step=4500 m=1.0 loss=0.01794 val_mse=0.00099 bin_frac=0.028
[joint_soft_m1] step=4700 m=1.0 loss=0.01784 val_mse=0.00099 bin_frac=0.028
[joint_soft_m1] step=4900 m=1.0 loss=0.01511 val_mse=0.00101 bin_frac=0.028
[joint_soft_m1] step=5100 m=1.0 loss=0.01396 val_mse=0.00106 bin_frac=0.028
[joint_soft_m1] step=5300 m=1.0 loss=0.01466 val_mse=0.00096 bin_frac=0.028
[joint_soft_m1] step=5500 m=1.0 loss=0.01572 val_mse=0.00098 bin_frac=0.028
[joint_soft_m1] step=5700 m=1.0 loss=0.01509 val_mse=0.00105 bin_frac=0.028
[joint_soft_m1] step=5900 m=1.0 loss=0.01604 val_mse=0.00104 bin_frac=0.028
[joint_soft_m1] step=6100 m=1.0 loss=0.01520 val_mse=0.00098 bin_frac=0.028
[joint_soft_m1] step=6300 m=1.0 loss=0.01435 val_mse=0.00094 bin_frac=0.028
[joint_soft_m1] step=6500 m=1.0 loss=0.01361 val_mse=0.00099 bin_frac=0.028

=== content/bbbc022_x16_learnable_frequency_seed44: harden_m2 (m=2.0, steps=1200) ===
[harden_m2] step=6700 m=2.0 loss=0.02223 val_mse=0.00099 bin_frac=0.273
[harden_m2] step=6900 m=2.0 loss=0.01272 val_mse=0.00089 bin_frac=0.273
[harden_m2] step=7100 m=2.0 loss=0.01475 val_mse=0.00090 bin_frac=0.273
[harden_m2] step=7300 m=2.0 loss=0.01492 val_mse=0.00090 bin_frac=0.273
[harden_m2] step=7500 m=2.0 loss=0.01352 val_mse=0.00094 bin_frac=0.273
[harden_m2] step=7700 m=2.0 loss=0.01270 val_mse=0.00088 bin_frac=0.273

=== content/bbbc022_x16_learnable_frequency_seed44: harden_m4 (m=4.0, steps=1200) ===
[harden_m4] step=7900 m=4.0 loss=0.01347 val_mse=0.00081 bin_frac=0.585
[harden_m4] step=8100 m=4.0 loss=0.01729 val_mse=0.00092 bin_frac=0.586
[harden_m4] step=8300 m=4.0 loss=0.01340 val_mse=0.00079 bin_frac=0.586
[harden_m4] step=8500 m=4.0 loss=0.01432 val_mse=0.00082 bin_frac=0.586
[harden_m4] step=8700 m=4.0 loss=0.01377 val_mse=0.00076 bin_frac=0.587
[harden_m4] step=8900 m=4.0 loss=0.01344 val_mse=0.00074 bin_frac=0.587

=== content/bbbc022_x16_learnable_frequency_seed44: harden_m8 (m=8.0, steps=1200) ===
[harden_m8] step=9100 m=8.0 loss=0.01353 val_mse=0.00071 bin_frac=0.790
[harden_m8] step=9300 m=8.0 loss=0.01842 val_mse=0.00071 bin_frac=0.791
[harden_m8] step=9500 m=8.0 loss=0.01389 val_mse=0.00068 bin_frac=0.793
[harden_m8] step=9700 m=8.0 loss=0.01665 val_mse=0.00062 bin_frac=0.795
[harden_m8] step=9900 m=8.0 loss=0.01292 val_mse=0.00064 bin_frac=0.798
[harden_m8] step=10100 m=8.0 loss=0.01156 val_mse=0.00060 bin_frac=0.800
