Using device: cuda:0
[stage1] training content-aware microscope (learnable=True)...
Using device: cuda:0

=== segmentation/x64_learnable_frequency_seed42_stage1: inverse_warmup_m1 (m=1.0, steps=1500) ===
[inverse_warmup_m1] step=200 m=1.0 loss=0.05403 val_mse=0.02545 bin_frac=0.028
[inverse_warmup_m1] step=400 m=1.0 loss=0.05363 val_mse=0.02600 bin_frac=0.028
[inverse_warmup_m1] step=600 m=1.0 loss=0.04934 val_mse=0.02816 bin_frac=0.028
[inverse_warmup_m1] step=800 m=1.0 loss=0.05135 val_mse=0.02696 bin_frac=0.028
[inverse_warmup_m1] step=1000 m=1.0 loss=0.04719 val_mse=0.02621 bin_frac=0.028
[inverse_warmup_m1] step=1200 m=1.0 loss=0.04376 val_mse=0.02728 bin_frac=0.028
[inverse_warmup_m1] step=1400 m=1.0 loss=0.04282 val_mse=0.02752 bin_frac=0.028
[inverse_warmup_m1] step=1500 m=1.0 loss=0.04112 val_mse=0.02842 bin_frac=0.028

=== segmentation/x64_learnable_frequency_seed42_stage1: joint_soft_m1 (m=1.0, steps=3500) ===
[joint_soft_m1] step=1700 m=1.0 loss=0.05313 val_mse=0.02603 bin_frac=0.028
[joint_soft_m1] step=1900 m=1.0 loss=0.05598 val_mse=0.02598 bin_frac=0.028
[joint_soft_m1] step=2100 m=1.0 loss=0.06302 val_mse=0.02681 bin_frac=0.028
[joint_soft_m1] step=2300 m=1.0 loss=0.04806 val_mse=0.02721 bin_frac=0.028
[joint_soft_m1] step=2500 m=1.0 loss=0.05490 val_mse=0.02712 bin_frac=0.029
[joint_soft_m1] step=2700 m=1.0 loss=0.04588 val_mse=0.03143 bin_frac=0.029
[joint_soft_m1] step=2900 m=1.0 loss=0.04162 val_mse=0.02707 bin_frac=0.029
[joint_soft_m1] step=3100 m=1.0 loss=0.04109 val_mse=0.02591 bin_frac=0.029
[joint_soft_m1] step=3300 m=1.0 loss=0.05035 val_mse=0.02509 bin_frac=0.029
[joint_soft_m1] step=3500 m=1.0 loss=0.03461 val_mse=0.02383 bin_frac=0.029
[joint_soft_m1] step=3700 m=1.0 loss=0.04075 val_mse=0.02340 bin_frac=0.029
[joint_soft_m1] step=3900 m=1.0 loss=0.03833 val_mse=0.02221 bin_frac=0.029
[joint_soft_m1] step=4100 m=1.0 loss=0.04206 val_mse=0.02241 bin_frac=0.029
[joint_soft_m1] step=4300 m=1.0 loss=0.03229 val_mse=0.02303 bin_frac=0.029
[joint_soft_m1] step=4500 m=1.0 loss=0.03363 val_mse=0.01938 bin_frac=0.030
[joint_soft_m1] step=4700 m=1.0 loss=0.03380 val_mse=0.01869 bin_frac=0.030
[joint_soft_m1] step=4900 m=1.0 loss=0.03033 val_mse=0.01778 bin_frac=0.030
[joint_soft_m1] step=5000 m=1.0 loss=0.03951 val_mse=0.01704 bin_frac=0.030

=== segmentation/x64_learnable_frequency_seed42_stage1: harden_m2 (m=2.0, steps=800) ===
[harden_m2] step=5200 m=2.0 loss=0.03134 val_mse=0.01478 bin_frac=0.291
[harden_m2] step=5400 m=2.0 loss=0.02634 val_mse=0.01381 bin_frac=0.292
[harden_m2] step=5600 m=2.0 loss=0.03151 val_mse=0.01330 bin_frac=0.293
[harden_m2] step=5800 m=2.0 loss=0.02419 val_mse=0.01276 bin_frac=0.293

=== segmentation/x64_learnable_frequency_seed42_stage1: harden_m4 (m=4.0, steps=800) ===
[harden_m4] step=6000 m=4.0 loss=0.02448 val_mse=0.01179 bin_frac=0.611
[harden_m4] step=6200 m=4.0 loss=0.02421 val_mse=0.01127 bin_frac=0.612
[harden_m4] step=6400 m=4.0 loss=0.02112 val_mse=0.01070 bin_frac=0.613
[harden_m4] step=6600 m=4.0 loss=0.01987 val_mse=0.01054 bin_frac=0.614

=== segmentation/x64_learnable_frequency_seed42_stage1: harden_m8 (m=8.0, steps=800) ===
[harden_m8] step=6800 m=8.0 loss=0.01977 val_mse=0.01031 bin_frac=0.809
[harden_m8] step=7000 m=8.0 loss=0.02058 val_mse=0.00974 bin_frac=0.810
[harden_m8] step=7200 m=8.0 loss=0.01919 val_mse=0.00950 bin_frac=0.813
[harden_m8] step=7400 m=8.0 loss=0.02338 val_mse=0.00930 bin_frac=0.815
[stage2] trainable report: {"illumination": {"num_params": 1, "total_elems": 262144, "trainable_elems": 0, "all_trainable": false, "all_frozen": true}, "inverse_model": {"num_params": 23, "total_elems": 334337, "trainable_elems": 0, "all_trainable": false, "all_frozen": true}, "segmentation_head": {"num_params": 6, "total_elems": 2625, "trainable_elems": 2625, "all_trainable": true, "all_frozen": false}}
[stage2] segmentation-head-only training (1200 steps)...
[stage2_seg_head] step=1/1200 total=1.08851 bce=0.71263 gn_seg=5.536e-01 gn_inv=0.000e+00 gn_illum=0.000e+00
[stage2_seg_head] step=200/1200 total=0.08200 bce=0.03934 gn_seg=2.315e-02 gn_inv=0.000e+00 gn_illum=0.000e+00
[stage2_seg_head] step=400/1200 total=0.08133 bce=0.03873 gn_seg=3.544e-02 gn_inv=0.000e+00 gn_illum=0.000e+00
[stage2_seg_head] step=600/1200 total=0.06468 bce=0.03925 gn_seg=2.414e-02 gn_inv=0.000e+00 gn_illum=0.000e+00
[stage2_seg_head] step=800/1200 total=0.09376 bce=0.03816 gn_seg=6.189e-02 gn_inv=0.000e+00 gn_illum=0.000e+00
[stage2_seg_head] step=1000/1200 total=0.06602 bce=0.03926 gn_seg=1.175e-02 gn_inv=0.000e+00 gn_illum=0.000e+00
[stage2_seg_head] step=1200/1200 total=0.06016 bce=0.03452 gn_seg=3.151e-02 gn_inv=0.000e+00 gn_illum=0.000e+00
[stage2] val dice=0.9175 iou=0.8477 (t=0.4)
[stage3] trainable report: {"illumination": {"num_params": 1, "total_elems": 262144, "trainable_elems": 262144, "all_trainable": true, "all_frozen": false}, "inverse_model": {"num_params": 23, "total_elems": 334337, "trainable_elems": 334337, "all_trainable": true, "all_frozen": false}, "segmentation_head": {"num_params": 6, "total_elems": 2625, "trainable_elems": 2625, "all_trainable": true, "all_frozen": false}}
[stage3] end-to-end finetuning (2500 steps; phases=[(1.0, 1500), (2.0, 333), (4.0, 333), (8.0, 334)])...
[stage3_finetune_all_m1] step=1/1500 total=0.14781 bce=0.09093 gn_seg=8.856e-01 gn_inv=1.057e+00 gn_illum=5.404e-06
[stage3_finetune_all_m1] step=200/1500 total=0.05452 bce=0.03137 gn_seg=2.618e-02 gn_inv=4.008e-01 gn_illum=2.814e-06
[stage3_finetune_all_m1] step=400/1500 total=0.05201 bce=0.03080 gn_seg=2.029e-02 gn_inv=3.796e-01 gn_illum=2.796e-06
[stage3_finetune_all_m1] step=600/1500 total=0.05313 bce=0.03134 gn_seg=2.527e-01 gn_inv=6.681e-01 gn_illum=4.374e-06
[stage3_finetune_all_m1] step=800/1500 total=0.04982 bce=0.03040 gn_seg=4.858e-01 gn_inv=8.252e-01 gn_illum=3.258e-06
[stage3_finetune_all_m1] step=1000/1500 total=0.06275 bce=0.02820 gn_seg=2.621e-01 gn_inv=4.971e-01 gn_illum=2.704e-06
[stage3_finetune_all_m1] step=1200/1500 total=0.04105 bce=0.02460 gn_seg=7.446e-02 gn_inv=4.632e-01 gn_illum=3.971e-06
[stage3_finetune_all_m1] step=1400/1500 total=0.05538 bce=0.02273 gn_seg=3.043e-02 gn_inv=5.080e-01 gn_illum=2.453e-06
[stage3_finetune_all_m1] step=1500/1500 total=0.10912 bce=0.02834 gn_seg=1.265e-01 gn_inv=6.641e-01 gn_illum=4.878e-06
[stage3_finetune_all_m2] step=1/333 total=0.07035 bce=0.04529 gn_seg=3.510e-01 gn_inv=1.268e+00 gn_illum=5.390e-06
[stage3_finetune_all_m2] step=200/333 total=0.04897 bce=0.01884 gn_seg=1.711e-01 gn_inv=5.464e-01 gn_illum=2.372e-06
[stage3_finetune_all_m2] step=333/333 total=0.05259 bce=0.02166 gn_seg=3.330e-02 gn_inv=4.711e-01 gn_illum=2.725e-06
[stage3_finetune_all_m4] step=1/333 total=0.04682 bce=0.02828 gn_seg=6.175e-02 gn_inv=7.556e-01 gn_illum=4.989e-06
[stage3_finetune_all_m4] step=200/333 total=0.03126 bce=0.01841 gn_seg=1.915e-01 gn_inv=5.251e-01 gn_illum=2.742e-06
[stage3_finetune_all_m4] step=333/333 total=0.05010 bce=0.02043 gn_seg=1.994e-01 gn_inv=5.216e-01 gn_illum=3.302e-06
[stage3_finetune_all_m8] step=1/334 total=0.03188 bce=0.01801 gn_seg=2.796e-02 gn_inv=3.735e-01 gn_illum=4.162e-06
[stage3_finetune_all_m8] step=200/334 total=0.04484 bce=0.01714 gn_seg=2.370e-01 gn_inv=4.515e-01 gn_illum=3.292e-06
[stage3_finetune_all_m8] step=334/334 total=0.03174 bce=0.01926 gn_seg=1.369e-01 gn_inv=4.520e-01 gn_illum=4.258e-06
[stage3] illumination pattern change (eval m=10.0): L2=6.9326e+01 rel=2.0141e-01
[final] test dice=0.9118 iou=0.8382 (val-selected t=0.1); dice@0.5=0.9073
