[x64/random_fixed] loading frozen base ...
[x64/random_fixed] building caches (frozen base forward) ...
[x64/random_fixed] cache: train=7920 val=40 test=60 (65s)
/home/leonidas/workspace/differentiable_micoscopy_replication/microscopy-clean/.venv/lib/python3.12/site-packages/timm/models/layers/__init__.py:49: FutureWarning: Importing from timm.models.layers is deprecated, please import via timm.layers
  warnings.warn(f"Importing from {__name__} is deprecated, please import via timm.layers", FutureWarning)
/home/leonidas/workspace/differentiable_micoscopy_replication/microscopy-clean/.venv/lib/python3.12/site-packages/torch/functional.py:505: UserWarning: torch.meshgrid: in an upcoming release, it will be required to pass the indexing argument. (Triggered internally at /pytorch/aten/src/ATen/native/TensorShape.cpp:4381.)
  return _VF.meshgrid(tensors, **kwargs)  # type: ignore[attr-defined]
[x64/random_fixed] SwinIR params=11.50M embed_dim=180 depths=[6, 6, 6, 6, 6, 6] identity_init=True
[x64/random_fixed] base val: ssim=0.8629 mse=0.002686
[x64/random_fixed] step 100/50000 lr=4.00e-05 d=0.6661 pixel=0.0294 perceptual=1.3321 adv=0.0588 g_total=1.4203 1.62 it/s
[x64/random_fixed] step 200/50000 lr=8.00e-05 d=0.5639 pixel=0.0300 perceptual=1.2852 adv=0.0758 g_total=1.3909 1.61 it/s
[x64/random_fixed] step 300/50000 lr=1.20e-04 d=0.5637 pixel=0.0235 perceptual=1.0309 adv=0.0621 g_total=1.1165 1.62 it/s
[x64/random_fixed] step 400/50000 lr=1.60e-04 d=0.7024 pixel=0.0334 perceptual=1.1564 adv=0.0555 g_total=1.2453 1.63 it/s
[x64/random_fixed] step 500/50000 lr=2.00e-04 d=0.6409 pixel=0.0269 perceptual=1.0624 adv=0.0855 g_total=1.1749 1.63 it/s
[x64/random_fixed] step 600/50000 lr=2.00e-04 d=0.7050 pixel=0.0326 perceptual=0.9586 adv=0.0646 g_total=1.0558 1.62 it/s
[x64/random_fixed] step 700/50000 lr=2.00e-04 d=0.5944 pixel=0.0291 perceptual=1.0361 adv=0.0950 g_total=1.1602 1.63 it/s
[x64/random_fixed] step 800/50000 lr=2.00e-04 d=0.7298 pixel=0.0244 perceptual=0.8111 adv=0.0965 g_total=0.9320 1.63 it/s
[x64/random_fixed] step 900/50000 lr=2.00e-04 d=0.5914 pixel=0.0267 perceptual=0.9173 adv=0.0839 g_total=1.0279 1.63 it/s
[x64/random_fixed] step 1000/50000 lr=2.00e-04 d=0.6694 pixel=0.0249 perceptual=0.9445 adv=0.0862 g_total=1.0556 1.63 it/s
[x64/random_fixed] step 1000 VAL ref_ssim=0.8570 (base 0.8629) ref_mse=0.002531 (base 0.002686) best_ssim=0.8570@1000 *
[x64/random_fixed] step 1100/50000 lr=2.00e-04 d=0.6723 pixel=0.0285 perceptual=0.9181 adv=0.0640 g_total=1.0107 1.60 it/s
[x64/random_fixed] step 1200/50000 lr=2.00e-04 d=0.6828 pixel=0.0236 perceptual=0.8127 adv=0.0819 g_total=0.9181 1.61 it/s
[x64/random_fixed] step 1300/50000 lr=2.00e-04 d=0.5434 pixel=0.0270 perceptual=0.9214 adv=0.0880 g_total=1.0365 1.61 it/s
[x64/random_fixed] step 1400/50000 lr=2.00e-04 d=0.6020 pixel=0.0258 perceptual=0.8781 adv=0.0748 g_total=0.9787 1.61 it/s
[x64/random_fixed] step 1500/50000 lr=2.00e-04 d=0.6397 pixel=0.0175 perceptual=0.7247 adv=0.0923 g_total=0.8346 1.61 it/s
[x64/random_fixed] step 1600/50000 lr=2.00e-04 d=0.7191 pixel=0.0241 perceptual=0.8367 adv=0.0879 g_total=0.9487 1.61 it/s
[x64/random_fixed] step 1700/50000 lr=2.00e-04 d=0.7160 pixel=0.0216 perceptual=0.7947 adv=0.0939 g_total=0.9102 1.61 it/s
[x64/random_fixed] step 1800/50000 lr=2.00e-04 d=0.6385 pixel=0.0310 perceptual=1.0830 adv=0.0615 g_total=1.1755 1.61 it/s
[x64/random_fixed] step 1900/50000 lr=2.00e-04 d=0.6557 pixel=0.0244 perceptual=0.8676 adv=0.0773 g_total=0.9694 1.61 it/s
[x64/random_fixed] step 2000/50000 lr=2.00e-04 d=0.6863 pixel=0.0236 perceptual=0.8202 adv=0.0640 g_total=0.9078 1.61 it/s
[x64/random_fixed] step 2000 VAL ref_ssim=0.8684 (base 0.8629) ref_mse=0.002313 (base 0.002686) best_ssim=0.8684@2000 *
[x64/random_fixed] step 2100/50000 lr=1.99e-04 d=0.6612 pixel=0.0251 perceptual=0.8414 adv=0.0680 g_total=0.9346 1.60 it/s
[x64/random_fixed] step 2200/50000 lr=1.99e-04 d=0.7068 pixel=0.0226 perceptual=0.8342 adv=0.0682 g_total=0.9250 1.60 it/s
[x64/random_fixed] step 2300/50000 lr=1.99e-04 d=0.6970 pixel=0.0233 perceptual=0.8479 adv=0.0660 g_total=0.9371 1.60 it/s
[x64/random_fixed] step 2400/50000 lr=1.99e-04 d=0.6260 pixel=0.0248 perceptual=0.8921 adv=0.0832 g_total=1.0000 1.60 it/s
[x64/random_fixed] step 2500/50000 lr=1.99e-04 d=0.7063 pixel=0.0237 perceptual=0.8525 adv=0.0718 g_total=0.9480 1.60 it/s
[x64/random_fixed] step 2600/50000 lr=1.99e-04 d=0.6625 pixel=0.0205 perceptual=0.8010 adv=0.0876 g_total=0.9091 1.60 it/s
[x64/random_fixed] step 2700/50000 lr=1.99e-04 d=0.7060 pixel=0.0203 perceptual=0.7593 adv=0.0923 g_total=0.8718 1.61 it/s
[x64/random_fixed] step 2800/50000 lr=1.99e-04 d=0.6185 pixel=0.0255 perceptual=0.8889 adv=0.0742 g_total=0.9885 1.61 it/s
[x64/random_fixed] step 2900/50000 lr=1.99e-04 d=0.6857 pixel=0.0260 perceptual=0.9955 adv=0.0656 g_total=1.0871 1.61 it/s
[x64/random_fixed] step 3000/50000 lr=1.99e-04 d=0.7174 pixel=0.0210 perceptual=0.7756 adv=0.0960 g_total=0.8926 1.61 it/s
[x64/random_fixed] step 3000 VAL ref_ssim=0.8637 (base 0.8629) ref_mse=0.002440 (base 0.002686) best_ssim=0.8684@2000
[x64/random_fixed] step 3100/50000 lr=1.99e-04 d=0.6866 pixel=0.0207 perceptual=0.7702 adv=0.0718 g_total=0.8627 1.60 it/s
[x64/random_fixed] step 3200/50000 lr=1.99e-04 d=0.5901 pixel=0.0227 perceptual=0.7990 adv=0.0810 g_total=0.9027 1.60 it/s
[x64/random_fixed] step 3300/50000 lr=1.98e-04 d=0.6906 pixel=0.0267 perceptual=0.9825 adv=0.0666 g_total=1.0759 1.60 it/s
[x64/random_fixed] step 3400/50000 lr=1.98e-04 d=0.6951 pixel=0.0271 perceptual=0.8466 adv=0.0688 g_total=0.9425 1.60 it/s
[x64/random_fixed] step 3500/50000 lr=1.98e-04 d=0.7087 pixel=0.0200 perceptual=0.7615 adv=0.0888 g_total=0.8703 1.60 it/s
[x64/random_fixed] step 3600/50000 lr=1.98e-04 d=0.6196 pixel=0.0247 perceptual=0.8272 adv=0.0852 g_total=0.9371 1.60 it/s
[x64/random_fixed] step 3700/50000 lr=1.98e-04 d=0.7037 pixel=0.0229 perceptual=0.8253 adv=0.0830 g_total=0.9312 1.60 it/s
[x64/random_fixed] step 3800/50000 lr=1.98e-04 d=0.6666 pixel=0.0247 perceptual=0.8611 adv=0.0737 g_total=0.9595 1.60 it/s
[x64/random_fixed] step 3900/50000 lr=1.98e-04 d=0.7926 pixel=0.0233 perceptual=0.8036 adv=0.0801 g_total=0.9069 1.60 it/s
[x64/random_fixed] step 4000/50000 lr=1.98e-04 d=0.6100 pixel=0.0220 perceptual=0.7649 adv=0.0877 g_total=0.8746 1.60 it/s
[x64/random_fixed] step 4000 VAL ref_ssim=0.8622 (base 0.8629) ref_mse=0.002442 (base 0.002686) best_ssim=0.8684@2000
[x64/random_fixed] step 4100/50000 lr=1.97e-04 d=0.5294 pixel=0.0208 perceptual=0.7924 adv=0.0788 g_total=0.8920 1.60 it/s
[x64/random_fixed] step 4200/50000 lr=1.97e-04 d=0.7275 pixel=0.0179 perceptual=0.7270 adv=0.0699 g_total=0.8149 1.60 it/s
[x64/random_fixed] step 4300/50000 lr=1.97e-04 d=0.5917 pixel=0.0228 perceptual=0.8388 adv=0.0621 g_total=0.9237 1.60 it/s
[x64/random_fixed] step 4400/50000 lr=1.97e-04 d=0.7009 pixel=0.0225 perceptual=0.8014 adv=0.0787 g_total=0.9026 1.60 it/s
[x64/random_fixed] step 4500/50000 lr=1.97e-04 d=0.6786 pixel=0.0252 perceptual=0.8164 adv=0.0719 g_total=0.9136 1.60 it/s
[x64/random_fixed] step 4600/50000 lr=1.97e-04 d=0.7343 pixel=0.0262 perceptual=0.7039 adv=0.0539 g_total=0.7840 1.60 it/s
[x64/random_fixed] step 4700/50000 lr=1.97e-04 d=0.6188 pixel=0.0209 perceptual=0.7404 adv=0.0644 g_total=0.8257 1.60 it/s
[x64/random_fixed] step 4800/50000 lr=1.96e-04 d=0.6360 pixel=0.0241 perceptual=0.8194 adv=0.0496 g_total=0.8931 1.60 it/s
[x64/random_fixed] step 4900/50000 lr=1.96e-04 d=0.6881 pixel=0.0208 perceptual=0.7389 adv=0.0710 g_total=0.8307 1.60 it/s
[x64/random_fixed] step 5000/50000 lr=1.96e-04 d=0.7088 pixel=0.0254 perceptual=0.8931 adv=0.0725 g_total=0.9910 1.60 it/s
[x64/random_fixed] step 5000 VAL ref_ssim=0.8680 (base 0.8629) ref_mse=0.002351 (base 0.002686) best_ssim=0.8684@2000
[x64/random_fixed] step 5100/50000 lr=1.96e-04 d=0.6650 pixel=0.0194 perceptual=0.7154 adv=0.0682 g_total=0.8031 1.60 it/s
[x64/random_fixed] step 5200/50000 lr=1.96e-04 d=0.6953 pixel=0.0194 perceptual=0.7491 adv=0.0761 g_total=0.8446 1.60 it/s
[x64/random_fixed] step 5300/50000 lr=1.95e-04 d=0.7098 pixel=0.0205 perceptual=0.7624 adv=0.0887 g_total=0.8717 1.60 it/s
[x64/random_fixed] step 5400/50000 lr=1.95e-04 d=0.6743 pixel=0.0251 perceptual=0.8768 adv=0.0562 g_total=0.9581 1.60 it/s
[x64/random_fixed] step 5500/50000 lr=1.95e-04 d=0.6993 pixel=0.0214 perceptual=0.7810 adv=0.0839 g_total=0.8863 1.60 it/s
[x64/random_fixed] step 5600/50000 lr=1.95e-04 d=0.5813 pixel=0.0190 perceptual=0.6819 adv=0.0758 g_total=0.7767 1.60 it/s
[x64/random_fixed] step 5700/50000 lr=1.95e-04 d=0.6807 pixel=0.0247 perceptual=0.8999 adv=0.0701 g_total=0.9947 1.60 it/s
[x64/random_fixed] step 5800/50000 lr=1.95e-04 d=0.7018 pixel=0.0210 perceptual=0.7829 adv=0.0823 g_total=0.8862 1.60 it/s
[x64/random_fixed] step 5900/50000 lr=1.94e-04 d=0.6661 pixel=0.0228 perceptual=0.8128 adv=0.0679 g_total=0.9036 1.60 it/s
[x64/random_fixed] step 6000/50000 lr=1.94e-04 d=0.7526 pixel=0.0220 perceptual=0.7927 adv=0.0810 g_total=0.8956 1.60 it/s
[x64/random_fixed] step 6000 VAL ref_ssim=0.8580 (base 0.8629) ref_mse=0.002280 (base 0.002686) best_ssim=0.8684@2000
[x64/random_fixed] step 6100/50000 lr=1.94e-04 d=0.6196 pixel=0.0197 perceptual=0.7232 adv=0.0585 g_total=0.8015 1.60 it/s
[x64/random_fixed] step 6200/50000 lr=1.94e-04 d=0.6910 pixel=0.0215 perceptual=0.7622 adv=0.0768 g_total=0.8605 1.60 it/s
[x64/random_fixed] step 6300/50000 lr=1.93e-04 d=0.7225 pixel=0.0214 perceptual=0.7381 adv=0.0947 g_total=0.8542 1.60 it/s
[x64/random_fixed] step 6400/50000 lr=1.93e-04 d=0.6810 pixel=0.0250 perceptual=0.7495 adv=0.0793 g_total=0.8538 1.60 it/s
[x64/random_fixed] step 6500/50000 lr=1.93e-04 d=0.7512 pixel=0.0207 perceptual=0.7601 adv=0.0868 g_total=0.8676 1.60 it/s
[x64/random_fixed] step 6600/50000 lr=1.93e-04 d=0.6703 pixel=0.0191 perceptual=0.6885 adv=0.0710 g_total=0.7786 1.60 it/s
[x64/random_fixed] step 6700/50000 lr=1.93e-04 d=0.6920 pixel=0.0162 perceptual=0.6391 adv=0.0774 g_total=0.7327 1.60 it/s
[x64/random_fixed] step 6800/50000 lr=1.92e-04 d=0.6370 pixel=0.0254 perceptual=0.8363 adv=0.0731 g_total=0.9349 1.60 it/s
[x64/random_fixed] step 6900/50000 lr=1.92e-04 d=0.6895 pixel=0.0245 perceptual=0.8456 adv=0.0760 g_total=0.9461 1.60 it/s
[x64/random_fixed] step 7000/50000 lr=1.92e-04 d=0.6853 pixel=0.0233 perceptual=0.7876 adv=0.0851 g_total=0.8960 1.60 it/s
[x64/random_fixed] step 7000 VAL ref_ssim=0.8443 (base 0.8629) ref_mse=0.002396 (base 0.002686) best_ssim=0.8684@2000
[x64/random_fixed] step 7100/50000 lr=1.92e-04 d=0.6955 pixel=0.0243 perceptual=0.8315 adv=0.0772 g_total=0.9330 1.60 it/s
[x64/random_fixed] step 7200/50000 lr=1.91e-04 d=0.6925 pixel=0.0158 perceptual=0.6242 adv=0.0806 g_total=0.7206 1.60 it/s
[x64/random_fixed] step 7300/50000 lr=1.91e-04 d=0.7078 pixel=0.0214 perceptual=0.7656 adv=0.0864 g_total=0.8733 1.60 it/s
[x64/random_fixed] step 7400/50000 lr=1.91e-04 d=0.7030 pixel=0.0175 perceptual=0.6941 adv=0.0851 g_total=0.7966 1.60 it/s
[x64/random_fixed] step 7500/50000 lr=1.90e-04 d=0.6345 pixel=0.0209 perceptual=0.7810 adv=0.0614 g_total=0.8634 1.60 it/s
[x64/random_fixed] step 7600/50000 lr=1.90e-04 d=0.6939 pixel=0.0183 perceptual=0.6979 adv=0.0767 g_total=0.7928 1.60 it/s
[x64/random_fixed] step 7700/50000 lr=1.90e-04 d=0.6753 pixel=0.0233 perceptual=0.7599 adv=0.0746 g_total=0.8578 1.60 it/s
[x64/random_fixed] step 7800/50000 lr=1.90e-04 d=0.5899 pixel=0.0200 perceptual=0.7493 adv=0.0652 g_total=0.8344 1.60 it/s
[x64/random_fixed] step 7900/50000 lr=1.89e-04 d=0.6936 pixel=0.0233 perceptual=0.8319 adv=0.0826 g_total=0.9378 1.60 it/s
[x64/random_fixed] step 8000/50000 lr=1.89e-04 d=0.6783 pixel=0.0242 perceptual=0.8627 adv=0.0793 g_total=0.9662 1.60 it/s
[x64/random_fixed] step 8000 VAL ref_ssim=0.8738 (base 0.8629) ref_mse=0.002215 (base 0.002686) best_ssim=0.8738@8000 *
[x64/random_fixed] step 8100/50000 lr=1.89e-04 d=0.7575 pixel=0.0259 perceptual=0.8137 adv=0.0988 g_total=0.9384 1.60 it/s
[x64/random_fixed] step 8200/50000 lr=1.89e-04 d=0.6822 pixel=0.0183 perceptual=0.7072 adv=0.0715 g_total=0.7970 1.60 it/s
[x64/random_fixed] step 8300/50000 lr=1.88e-04 d=0.6143 pixel=0.0219 perceptual=0.7963 adv=0.0625 g_total=0.8806 1.60 it/s
[x64/random_fixed] step 8400/50000 lr=1.88e-04 d=0.6935 pixel=0.0216 perceptual=0.7794 adv=0.0504 g_total=0.8514 1.60 it/s
[x64/random_fixed] step 8500/50000 lr=1.88e-04 d=0.7007 pixel=0.0213 perceptual=0.7849 adv=0.0833 g_total=0.8895 1.60 it/s
[x64/random_fixed] step 8600/50000 lr=1.87e-04 d=0.6483 pixel=0.0189 perceptual=0.6744 adv=0.0769 g_total=0.7702 1.60 it/s
[x64/random_fixed] step 8700/50000 lr=1.87e-04 d=0.6529 pixel=0.0231 perceptual=0.7822 adv=0.0768 g_total=0.8821 1.60 it/s
[x64/random_fixed] step 8800/50000 lr=1.87e-04 d=0.7015 pixel=0.0212 perceptual=0.7905 adv=0.0839 g_total=0.8956 1.60 it/s
[x64/random_fixed] step 8900/50000 lr=1.86e-04 d=0.7255 pixel=0.0226 perceptual=0.7635 adv=0.0898 g_total=0.8758 1.60 it/s
[x64/random_fixed] step 9000/50000 lr=1.86e-04 d=0.5908 pixel=0.0225 perceptual=0.8165 adv=0.0725 g_total=0.9116 1.60 it/s
[x64/random_fixed] step 9000 VAL ref_ssim=0.8668 (base 0.8629) ref_mse=0.002367 (base 0.002686) best_ssim=0.8738@8000
[x64/random_fixed] step 9100/50000 lr=1.86e-04 d=0.6962 pixel=0.0213 perceptual=0.7600 adv=0.0750 g_total=0.8564 1.60 it/s
[x64/random_fixed] step 9200/50000 lr=1.85e-04 d=0.6818 pixel=0.0224 perceptual=0.8137 adv=0.0694 g_total=0.9055 1.60 it/s
[x64/random_fixed] step 9300/50000 lr=1.85e-04 d=0.6850 pixel=0.0211 perceptual=0.7596 adv=0.0899 g_total=0.8707 1.60 it/s
[x64/random_fixed] step 9400/50000 lr=1.85e-04 d=0.7074 pixel=0.0211 perceptual=0.7335 adv=0.0843 g_total=0.8389 1.60 it/s
[x64/random_fixed] step 9500/50000 lr=1.84e-04 d=0.6707 pixel=0.0233 perceptual=0.7627 adv=0.0863 g_total=0.8724 1.60 it/s
[x64/random_fixed] step 9600/50000 lr=1.84e-04 d=0.6684 pixel=0.0200 perceptual=0.7500 adv=0.0766 g_total=0.8466 1.60 it/s
[x64/random_fixed] step 9700/50000 lr=1.84e-04 d=0.6513 pixel=0.0231 perceptual=0.8356 adv=0.0638 g_total=0.9226 1.60 it/s
[x64/random_fixed] step 9800/50000 lr=1.83e-04 d=0.7135 pixel=0.0207 perceptual=0.7663 adv=0.0901 g_total=0.8771 1.60 it/s
[x64/random_fixed] step 9900/50000 lr=1.83e-04 d=0.6930 pixel=0.0201 perceptual=0.7442 adv=0.0898 g_total=0.8541 1.60 it/s
[x64/random_fixed] step 10000/50000 lr=1.83e-04 d=0.6672 pixel=0.0235 perceptual=0.7950 adv=0.0819 g_total=0.9004 1.60 it/s
[x64/random_fixed] step 10000 VAL ref_ssim=0.8697 (base 0.8629) ref_mse=0.002246 (base 0.002686) best_ssim=0.8738@8000
[x64/random_fixed] step 10100/50000 lr=1.82e-04 d=0.7092 pixel=0.0213 perceptual=0.7723 adv=0.0918 g_total=0.8854 1.60 it/s
[x64/random_fixed] step 10200/50000 lr=1.82e-04 d=0.6359 pixel=0.0175 perceptual=0.6701 adv=0.0475 g_total=0.7352 1.60 it/s
[x64/random_fixed] step 10300/50000 lr=1.82e-04 d=0.6966 pixel=0.0240 perceptual=0.8122 adv=0.0626 g_total=0.8987 1.60 it/s
[x64/random_fixed] step 10400/50000 lr=1.81e-04 d=0.6963 pixel=0.0231 perceptual=0.7891 adv=0.0698 g_total=0.8820 1.60 it/s
[x64/random_fixed] step 10500/50000 lr=1.81e-04 d=0.6562 pixel=0.0175 perceptual=0.6777 adv=0.0801 g_total=0.7753 1.60 it/s
[x64/random_fixed] step 10600/50000 lr=1.81e-04 d=0.6737 pixel=0.0222 perceptual=0.7958 adv=0.0854 g_total=0.9033 1.60 it/s
[x64/random_fixed] step 10700/50000 lr=1.80e-04 d=0.6764 pixel=0.0236 perceptual=0.8428 adv=0.0826 g_total=0.9491 1.60 it/s
[x64/random_fixed] step 10800/50000 lr=1.80e-04 d=0.6662 pixel=0.0209 perceptual=0.7002 adv=0.0706 g_total=0.7917 1.60 it/s
[x64/random_fixed] step 10900/50000 lr=1.79e-04 d=0.7023 pixel=0.0213 perceptual=0.8085 adv=0.0855 g_total=0.9153 1.60 it/s
[x64/random_fixed] step 11000/50000 lr=1.79e-04 d=0.6572 pixel=0.0196 perceptual=0.7171 adv=0.0767 g_total=0.8135 1.60 it/s
[x64/random_fixed] step 11000 VAL ref_ssim=0.8765 (base 0.8629) ref_mse=0.002031 (base 0.002686) best_ssim=0.8765@11000 *
[x64/random_fixed] step 11100/50000 lr=1.79e-04 d=0.6878 pixel=0.0223 perceptual=0.8190 adv=0.0683 g_total=0.9096 1.60 it/s
[x64/random_fixed] step 11200/50000 lr=1.78e-04 d=0.7018 pixel=0.0214 perceptual=0.7458 adv=0.0849 g_total=0.8521 1.60 it/s
[x64/random_fixed] step 11300/50000 lr=1.78e-04 d=0.7054 pixel=0.0226 perceptual=0.8111 adv=0.0616 g_total=0.8953 1.60 it/s
[x64/random_fixed] step 11400/50000 lr=1.77e-04 d=0.6907 pixel=0.0189 perceptual=0.6715 adv=0.0774 g_total=0.7678 1.60 it/s
[x64/random_fixed] step 11500/50000 lr=1.77e-04 d=0.7012 pixel=0.0198 perceptual=0.6946 adv=0.0804 g_total=0.7947 1.60 it/s
[x64/random_fixed] step 11600/50000 lr=1.77e-04 d=0.6244 pixel=0.0246 perceptual=0.7421 adv=0.0632 g_total=0.8298 1.60 it/s
[x64/random_fixed] step 11700/50000 lr=1.76e-04 d=0.6872 pixel=0.0200 perceptual=0.7152 adv=0.0867 g_total=0.8219 1.60 it/s
[x64/random_fixed] step 11800/50000 lr=1.76e-04 d=0.7133 pixel=0.0260 perceptual=0.8385 adv=0.0864 g_total=0.9508 1.60 it/s
[x64/random_fixed] step 11900/50000 lr=1.75e-04 d=0.5877 pixel=0.0264 perceptual=0.9140 adv=0.0600 g_total=1.0004 1.60 it/s
[x64/random_fixed] step 12000/50000 lr=1.75e-04 d=0.6208 pixel=0.0192 perceptual=0.7437 adv=0.0718 g_total=0.8347 1.60 it/s
[x64/random_fixed] step 12000 VAL ref_ssim=0.8689 (base 0.8629) ref_mse=0.002116 (base 0.002686) best_ssim=0.8765@11000
[x64/random_fixed] step 12100/50000 lr=1.75e-04 d=0.6863 pixel=0.0279 perceptual=0.9874 adv=0.0868 g_total=1.1021 1.60 it/s
[x64/random_fixed] step 12200/50000 lr=1.74e-04 d=0.6786 pixel=0.0187 perceptual=0.7346 adv=0.0842 g_total=0.8375 1.60 it/s
[x64/random_fixed] step 12300/50000 lr=1.74e-04 d=0.6450 pixel=0.0239 perceptual=0.8432 adv=0.0683 g_total=0.9355 1.60 it/s
[x64/random_fixed] step 12400/50000 lr=1.73e-04 d=0.6625 pixel=0.0222 perceptual=0.7583 adv=0.0749 g_total=0.8554 1.60 it/s
[x64/random_fixed] step 12500/50000 lr=1.73e-04 d=0.7633 pixel=0.0237 perceptual=0.7982 adv=0.0609 g_total=0.8828 1.60 it/s
[x64/random_fixed] step 12600/50000 lr=1.72e-04 d=0.7317 pixel=0.0210 perceptual=0.7605 adv=0.0662 g_total=0.8477 1.60 it/s
[x64/random_fixed] step 12700/50000 lr=1.72e-04 d=0.6977 pixel=0.0187 perceptual=0.6936 adv=0.0946 g_total=0.8068 1.60 it/s
[x64/random_fixed] step 12800/50000 lr=1.72e-04 d=0.6829 pixel=0.0220 perceptual=0.8044 adv=0.0805 g_total=0.9068 1.60 it/s
[x64/random_fixed] step 12900/50000 lr=1.71e-04 d=0.6416 pixel=0.0246 perceptual=0.8842 adv=0.0712 g_total=0.9800 1.60 it/s
[x64/random_fixed] step 13000/50000 lr=1.71e-04 d=0.7054 pixel=0.0199 perceptual=0.7355 adv=0.0870 g_total=0.8424 1.60 it/s
[x64/random_fixed] step 13000 VAL ref_ssim=0.8732 (base 0.8629) ref_mse=0.002213 (base 0.002686) best_ssim=0.8765@11000
[x64/random_fixed] step 13100/50000 lr=1.70e-04 d=0.5582 pixel=0.0253 perceptual=0.8320 adv=0.0803 g_total=0.9376 1.60 it/s
[x64/random_fixed] step 13200/50000 lr=1.70e-04 d=0.6946 pixel=0.0172 perceptual=0.6844 adv=0.0581 g_total=0.7596 1.60 it/s
[x64/random_fixed] step 13300/50000 lr=1.69e-04 d=0.6872 pixel=0.0204 perceptual=0.7563 adv=0.0803 g_total=0.8570 1.60 it/s
[x64/random_fixed] step 13400/50000 lr=1.69e-04 d=0.7105 pixel=0.0198 perceptual=0.7241 adv=0.0820 g_total=0.8260 1.60 it/s
[x64/random_fixed] step 13500/50000 lr=1.68e-04 d=0.5873 pixel=0.0222 perceptual=0.8403 adv=0.0613 g_total=0.9238 1.60 it/s
[x64/random_fixed] step 13600/50000 lr=1.68e-04 d=0.6487 pixel=0.0211 perceptual=0.7740 adv=0.0811 g_total=0.8763 1.60 it/s
[x64/random_fixed] step 13700/50000 lr=1.68e-04 d=0.6770 pixel=0.0234 perceptual=0.8602 adv=0.0812 g_total=0.9648 1.60 it/s
[x64/random_fixed] step 13800/50000 lr=1.67e-04 d=0.6698 pixel=0.0216 perceptual=0.7889 adv=0.0773 g_total=0.8877 1.60 it/s
[x64/random_fixed] step 13900/50000 lr=1.67e-04 d=0.6780 pixel=0.0242 perceptual=0.8728 adv=0.0746 g_total=0.9716 1.60 it/s
[x64/random_fixed] step 14000/50000 lr=1.66e-04 d=0.7095 pixel=0.0246 perceptual=0.8483 adv=0.0883 g_total=0.9612 1.60 it/s
[x64/random_fixed] step 14000 VAL ref_ssim=0.8730 (base 0.8629) ref_mse=0.002076 (base 0.002686) best_ssim=0.8765@11000
[x64/random_fixed] step 14100/50000 lr=1.66e-04 d=0.5136 pixel=0.0248 perceptual=0.8439 adv=0.0646 g_total=0.9333 1.60 it/s
[x64/random_fixed] step 14200/50000 lr=1.65e-04 d=0.7182 pixel=0.0258 perceptual=0.9257 adv=0.0841 g_total=1.0355 1.60 it/s
[x64/random_fixed] step 14300/50000 lr=1.65e-04 d=0.6772 pixel=0.0214 perceptual=0.7771 adv=0.0744 g_total=0.8729 1.60 it/s
[x64/random_fixed] step 14400/50000 lr=1.64e-04 d=0.6946 pixel=0.0215 perceptual=0.7517 adv=0.0876 g_total=0.8609 1.60 it/s
[x64/random_fixed] step 14500/50000 lr=1.64e-04 d=0.6627 pixel=0.0219 perceptual=0.8280 adv=0.0746 g_total=0.9245 1.60 it/s
[x64/random_fixed] step 14600/50000 lr=1.63e-04 d=0.7082 pixel=0.0252 perceptual=0.7846 adv=0.0917 g_total=0.9015 1.60 it/s
[x64/random_fixed] step 14700/50000 lr=1.63e-04 d=0.6881 pixel=0.0204 perceptual=0.7319 adv=0.0780 g_total=0.8304 1.60 it/s
[x64/random_fixed] step 14800/50000 lr=1.62e-04 d=0.5833 pixel=0.0239 perceptual=0.8806 adv=0.0548 g_total=0.9593 1.60 it/s
[x64/random_fixed] step 14900/50000 lr=1.62e-04 d=0.6892 pixel=0.0201 perceptual=0.7414 adv=0.0816 g_total=0.8431 1.60 it/s
[x64/random_fixed] step 15000/50000 lr=1.61e-04 d=0.7047 pixel=0.0226 perceptual=0.7840 adv=0.0830 g_total=0.8896 1.60 it/s
[x64/random_fixed] step 15000 VAL ref_ssim=0.8655 (base 0.8629) ref_mse=0.002098 (base 0.002686) best_ssim=0.8765@11000
[x64/random_fixed] step 15100/50000 lr=1.61e-04 d=0.7031 pixel=0.0237 perceptual=0.8196 adv=0.0553 g_total=0.8985 1.60 it/s
[x64/random_fixed] step 15200/50000 lr=1.60e-04 d=0.7210 pixel=0.0197 perceptual=0.7661 adv=0.0899 g_total=0.8757 1.60 it/s
[x64/random_fixed] step 15300/50000 lr=1.60e-04 d=0.6201 pixel=0.0237 perceptual=0.8407 adv=0.0733 g_total=0.9377 1.60 it/s
[x64/random_fixed] step 15400/50000 lr=1.59e-04 d=0.6894 pixel=0.0197 perceptual=0.7475 adv=0.0727 g_total=0.8400 1.60 it/s
[x64/random_fixed] step 15500/50000 lr=1.59e-04 d=0.6533 pixel=0.0196 perceptual=0.7446 adv=0.0771 g_total=0.8413 1.60 it/s
[x64/random_fixed] step 15600/50000 lr=1.58e-04 d=0.6907 pixel=0.0196 perceptual=0.6998 adv=0.0825 g_total=0.8019 1.60 it/s
[x64/random_fixed] step 15700/50000 lr=1.58e-04 d=0.7165 pixel=0.0177 perceptual=0.6535 adv=0.0789 g_total=0.7501 1.60 it/s
[x64/random_fixed] step 15800/50000 lr=1.57e-04 d=0.7090 pixel=0.0155 perceptual=0.6141 adv=0.0860 g_total=0.7157 1.60 it/s
[x64/random_fixed] step 15900/50000 lr=1.57e-04 d=0.5101 pixel=0.0227 perceptual=0.8295 adv=0.0696 g_total=0.9218 1.60 it/s
[x64/random_fixed] step 16000/50000 lr=1.56e-04 d=0.6908 pixel=0.0227 perceptual=0.8148 adv=0.0761 g_total=0.9136 1.60 it/s
[x64/random_fixed] step 16000 VAL ref_ssim=0.8785 (base 0.8629) ref_mse=0.002028 (base 0.002686) best_ssim=0.8785@16000 *
[x64/random_fixed] step 16100/50000 lr=1.56e-04 d=0.7084 pixel=0.0211 perceptual=0.6948 adv=0.0833 g_total=0.7992 1.59 it/s
[x64/random_fixed] step 16200/50000 lr=1.55e-04 d=0.6685 pixel=0.0196 perceptual=0.6613 adv=0.0672 g_total=0.7481 1.59 it/s
[x64/random_fixed] step 16300/50000 lr=1.55e-04 d=0.6468 pixel=0.0226 perceptual=0.8138 adv=0.0740 g_total=0.9104 1.60 it/s
[x64/random_fixed] step 16400/50000 lr=1.54e-04 d=0.7064 pixel=0.0183 perceptual=0.7286 adv=0.0706 g_total=0.8176 1.60 it/s
[x64/random_fixed] step 16500/50000 lr=1.54e-04 d=0.5911 pixel=0.0249 perceptual=0.8055 adv=0.0639 g_total=0.8943 1.60 it/s
[x64/random_fixed] step 16600/50000 lr=1.53e-04 d=0.6699 pixel=0.0174 perceptual=0.6700 adv=0.0795 g_total=0.7668 1.60 it/s
[x64/random_fixed] step 16700/50000 lr=1.53e-04 d=0.9654 pixel=0.0181 perceptual=0.6847 adv=0.0380 g_total=0.7409 1.60 it/s
[x64/random_fixed] step 16800/50000 lr=1.52e-04 d=0.6117 pixel=0.0257 perceptual=0.7772 adv=0.0685 g_total=0.8714 1.60 it/s
[x64/random_fixed] step 16900/50000 lr=1.52e-04 d=0.6642 pixel=0.0221 perceptual=0.8156 adv=0.0826 g_total=0.9203 1.60 it/s
[x64/random_fixed] step 17000/50000 lr=1.51e-04 d=0.6760 pixel=0.0183 perceptual=0.7302 adv=0.0812 g_total=0.8298 1.60 it/s
[x64/random_fixed] step 17000 VAL ref_ssim=0.8762 (base 0.8629) ref_mse=0.002032 (base 0.002686) best_ssim=0.8785@16000
[x64/random_fixed] step 17100/50000 lr=1.50e-04 d=0.6861 pixel=0.0240 perceptual=0.8394 adv=0.0727 g_total=0.9361 1.59 it/s
[x64/random_fixed] step 17200/50000 lr=1.50e-04 d=0.6979 pixel=0.0225 perceptual=0.7372 adv=0.0916 g_total=0.8512 1.59 it/s
[x64/random_fixed] step 17300/50000 lr=1.49e-04 d=0.6576 pixel=0.0189 perceptual=0.7116 adv=0.0775 g_total=0.8080 1.59 it/s
[x64/random_fixed] step 17400/50000 lr=1.49e-04 d=0.6663 pixel=0.0199 perceptual=0.6707 adv=0.0851 g_total=0.7757 1.60 it/s
[x64/random_fixed] step 17500/50000 lr=1.48e-04 d=0.6612 pixel=0.0201 perceptual=0.7752 adv=0.0775 g_total=0.8728 1.60 it/s
[x64/random_fixed] step 17600/50000 lr=1.48e-04 d=0.6619 pixel=0.0213 perceptual=0.7457 adv=0.0827 g_total=0.8497 1.60 it/s
[x64/random_fixed] step 17700/50000 lr=1.47e-04 d=0.6732 pixel=0.0174 perceptual=0.6687 adv=0.0634 g_total=0.7495 1.60 it/s
[x64/random_fixed] step 17800/50000 lr=1.47e-04 d=0.6766 pixel=0.0230 perceptual=0.8344 adv=0.0782 g_total=0.9356 1.60 it/s
[x64/random_fixed] step 17900/50000 lr=1.46e-04 d=0.6929 pixel=0.0195 perceptual=0.7209 adv=0.0895 g_total=0.8299 1.60 it/s
[x64/random_fixed] step 18000/50000 lr=1.46e-04 d=0.6556 pixel=0.0194 perceptual=0.7413 adv=0.0750 g_total=0.8358 1.60 it/s
[x64/random_fixed] step 18000 VAL ref_ssim=0.8744 (base 0.8629) ref_mse=0.002082 (base 0.002686) best_ssim=0.8785@16000
[x64/random_fixed] step 18100/50000 lr=1.45e-04 d=0.6237 pixel=0.0190 perceptual=0.7450 adv=0.0684 g_total=0.8324 1.59 it/s
[x64/random_fixed] step 18200/50000 lr=1.44e-04 d=0.6594 pixel=0.0195 perceptual=0.7755 adv=0.0688 g_total=0.8639 1.59 it/s
[x64/random_fixed] step 18300/50000 lr=1.44e-04 d=0.7574 pixel=0.0196 perceptual=0.7120 adv=0.0557 g_total=0.7872 1.59 it/s
[x64/random_fixed] step 18400/50000 lr=1.43e-04 d=0.6804 pixel=0.0228 perceptual=0.8026 adv=0.0841 g_total=0.9095 1.59 it/s
[x64/random_fixed] step 18500/50000 lr=1.43e-04 d=0.7062 pixel=0.0164 perceptual=0.6286 adv=0.0868 g_total=0.7318 1.59 it/s
[x64/random_fixed] step 18600/50000 lr=1.42e-04 d=0.6833 pixel=0.0229 perceptual=0.8070 adv=0.0779 g_total=0.9077 1.59 it/s
[x64/random_fixed] step 18700/50000 lr=1.42e-04 d=0.6949 pixel=0.0247 perceptual=0.8267 adv=0.0800 g_total=0.9314 1.60 it/s
[x64/random_fixed] step 18800/50000 lr=1.41e-04 d=0.6921 pixel=0.0223 perceptual=0.8188 adv=0.0614 g_total=0.9025 1.60 it/s
[x64/random_fixed] step 18900/50000 lr=1.40e-04 d=0.7085 pixel=0.0169 perceptual=0.6323 adv=0.0885 g_total=0.7376 1.60 it/s
[x64/random_fixed] step 19000/50000 lr=1.40e-04 d=0.6536 pixel=0.0192 perceptual=0.6171 adv=0.0740 g_total=0.7103 1.60 it/s
[x64/random_fixed] step 19000 VAL ref_ssim=0.8777 (base 0.8629) ref_mse=0.001976 (base 0.002686) best_ssim=0.8785@16000
[x64/random_fixed] step 19100/50000 lr=1.39e-04 d=0.6861 pixel=0.0202 perceptual=0.7473 adv=0.0777 g_total=0.8452 1.59 it/s
[x64/random_fixed] step 19200/50000 lr=1.39e-04 d=0.7064 pixel=0.0227 perceptual=0.7314 adv=0.0868 g_total=0.8409 1.59 it/s
[x64/random_fixed] step 19300/50000 lr=1.38e-04 d=0.6621 pixel=0.0177 perceptual=0.6639 adv=0.0727 g_total=0.7544 1.59 it/s
[x64/random_fixed] step 19400/50000 lr=1.38e-04 d=0.6689 pixel=0.0170 perceptual=0.6292 adv=0.0707 g_total=0.7168 1.59 it/s
[x64/random_fixed] step 19500/50000 lr=1.37e-04 d=0.6727 pixel=0.0257 perceptual=0.8090 adv=0.0808 g_total=0.9155 1.59 it/s
[x64/random_fixed] step 19600/50000 lr=1.36e-04 d=0.6897 pixel=0.0170 perceptual=0.6641 adv=0.0807 g_total=0.7617 1.59 it/s
[x64/random_fixed] step 19700/50000 lr=1.36e-04 d=0.6787 pixel=0.0207 perceptual=0.7546 adv=0.0567 g_total=0.8320 1.59 it/s
[x64/random_fixed] step 19800/50000 lr=1.35e-04 d=0.6764 pixel=0.0226 perceptual=0.7760 adv=0.0664 g_total=0.8649 1.59 it/s
[x64/random_fixed] step 19900/50000 lr=1.35e-04 d=0.7413 pixel=0.0252 perceptual=0.8456 adv=0.0933 g_total=0.9641 1.59 it/s
[x64/random_fixed] step 20000/50000 lr=1.34e-04 d=0.6797 pixel=0.0220 perceptual=0.7666 adv=0.0828 g_total=0.8714 1.60 it/s
[x64/random_fixed] step 20000 VAL ref_ssim=0.8763 (base 0.8629) ref_mse=0.002067 (base 0.002686) best_ssim=0.8785@16000
[x64/random_fixed] step 20100/50000 lr=1.33e-04 d=0.6442 pixel=0.0208 perceptual=0.7853 adv=0.0702 g_total=0.8764 1.59 it/s
[x64/random_fixed] step 20200/50000 lr=1.33e-04 d=0.7551 pixel=0.0225 perceptual=0.7931 adv=0.0760 g_total=0.8916 1.59 it/s
[x64/random_fixed] step 20300/50000 lr=1.32e-04 d=0.7304 pixel=0.0230 perceptual=0.7985 adv=0.0555 g_total=0.8771 1.59 it/s
[x64/random_fixed] step 20400/50000 lr=1.32e-04 d=0.7523 pixel=0.0212 perceptual=0.7562 adv=0.0966 g_total=0.8740 1.59 it/s
[x64/random_fixed] step 20500/50000 lr=1.31e-04 d=0.6751 pixel=0.0203 perceptual=0.7523 adv=0.0576 g_total=0.8302 1.59 it/s
[x64/random_fixed] step 20600/50000 lr=1.31e-04 d=0.6567 pixel=0.0249 perceptual=0.8917 adv=0.0708 g_total=0.9875 1.59 it/s
[x64/random_fixed] step 20700/50000 lr=1.30e-04 d=0.6781 pixel=0.0225 perceptual=0.8080 adv=0.0758 g_total=0.9062 1.59 it/s
[x64/random_fixed] step 20800/50000 lr=1.29e-04 d=0.6664 pixel=0.0161 perceptual=0.5947 adv=0.0664 g_total=0.6771 1.59 it/s
[x64/random_fixed] step 20900/50000 lr=1.29e-04 d=0.7323 pixel=0.0213 perceptual=0.7619 adv=0.0555 g_total=0.8387 1.59 it/s
[x64/random_fixed] step 21000/50000 lr=1.28e-04 d=0.6951 pixel=0.0218 perceptual=0.8341 adv=0.0881 g_total=0.9439 1.59 it/s
[x64/random_fixed] step 21000 VAL ref_ssim=0.8734 (base 0.8629) ref_mse=0.002034 (base 0.002686) best_ssim=0.8785@16000
[x64/random_fixed] step 21100/50000 lr=1.28e-04 d=0.7846 pixel=0.0265 perceptual=0.8959 adv=0.0574 g_total=0.9798 1.59 it/s
[x64/random_fixed] step 21200/50000 lr=1.27e-04 d=0.7431 pixel=0.0261 perceptual=0.8326 adv=0.0544 g_total=0.9132 1.59 it/s
[x64/random_fixed] step 21300/50000 lr=1.26e-04 d=0.6997 pixel=0.0175 perceptual=0.6777 adv=0.0872 g_total=0.7824 1.59 it/s
[x64/random_fixed] step 21400/50000 lr=1.26e-04 d=0.6278 pixel=0.0223 perceptual=0.7691 adv=0.0858 g_total=0.8771 1.59 it/s
[x64/random_fixed] step 21500/50000 lr=1.25e-04 d=0.6761 pixel=0.0205 perceptual=0.7465 adv=0.0718 g_total=0.8388 1.59 it/s
[x64/random_fixed] step 21600/50000 lr=1.25e-04 d=0.6042 pixel=0.0239 perceptual=0.8391 adv=0.0532 g_total=0.9162 1.59 it/s
[x64/random_fixed] step 21700/50000 lr=1.24e-04 d=0.7395 pixel=0.0175 perceptual=0.6436 adv=0.0561 g_total=0.7172 1.59 it/s
[x64/random_fixed] step 21800/50000 lr=1.23e-04 d=0.7300 pixel=0.0225 perceptual=0.7267 adv=0.0914 g_total=0.8406 1.59 it/s
[x64/random_fixed] step 21900/50000 lr=1.23e-04 d=0.6145 pixel=0.0195 perceptual=0.7326 adv=0.0635 g_total=0.8157 1.59 it/s
[x64/random_fixed] step 22000/50000 lr=1.22e-04 d=0.6649 pixel=0.0199 perceptual=0.7216 adv=0.0750 g_total=0.8164 1.59 it/s
[x64/random_fixed] step 22000 VAL ref_ssim=0.8782 (base 0.8629) ref_mse=0.001947 (base 0.002686) best_ssim=0.8785@16000
[x64/random_fixed] step 22100/50000 lr=1.21e-04 d=0.7473 pixel=0.0185 perceptual=0.6988 adv=0.0526 g_total=0.7699 1.59 it/s
[x64/random_fixed] step 22200/50000 lr=1.21e-04 d=0.7806 pixel=0.0209 perceptual=0.7342 adv=0.0794 g_total=0.8345 1.59 it/s
[x64/random_fixed] step 22300/50000 lr=1.20e-04 d=0.6980 pixel=0.0187 perceptual=0.7213 adv=0.0829 g_total=0.8229 1.59 it/s
[x64/random_fixed] step 22400/50000 lr=1.20e-04 d=0.6055 pixel=0.0236 perceptual=0.8354 adv=0.0736 g_total=0.9327 1.59 it/s
[x64/random_fixed] step 22500/50000 lr=1.19e-04 d=0.6857 pixel=0.0217 perceptual=0.7806 adv=0.0786 g_total=0.8809 1.59 it/s
[x64/random_fixed] step 22600/50000 lr=1.18e-04 d=0.6465 pixel=0.0205 perceptual=0.7471 adv=0.0593 g_total=0.8269 1.59 it/s
[x64/random_fixed] step 22700/50000 lr=1.18e-04 d=0.6426 pixel=0.0219 perceptual=0.7496 adv=0.0712 g_total=0.8427 1.59 it/s
[x64/random_fixed] step 22800/50000 lr=1.17e-04 d=0.5807 pixel=0.0211 perceptual=0.7327 adv=0.0591 g_total=0.8129 1.59 it/s
[x64/random_fixed] step 22900/50000 lr=1.17e-04 d=0.6643 pixel=0.0199 perceptual=0.7100 adv=0.0756 g_total=0.8055 1.59 it/s
[x64/random_fixed] step 23000/50000 lr=1.16e-04 d=0.7177 pixel=0.0200 perceptual=0.7089 adv=0.0743 g_total=0.8033 1.59 it/s
[x64/random_fixed] step 23000 VAL ref_ssim=0.8628 (base 0.8629) ref_mse=0.002188 (base 0.002686) best_ssim=0.8785@16000
[x64/random_fixed] step 23100/50000 lr=1.15e-04 d=0.6887 pixel=0.0208 perceptual=0.7945 adv=0.0835 g_total=0.8988 1.59 it/s
[x64/random_fixed] step 23200/50000 lr=1.15e-04 d=0.6914 pixel=0.0221 perceptual=0.7724 adv=0.0931 g_total=0.8876 1.59 it/s
[x64/random_fixed] step 23300/50000 lr=1.14e-04 d=0.6957 pixel=0.0241 perceptual=0.8534 adv=0.0921 g_total=0.9696 1.59 it/s
[x64/random_fixed] step 23400/50000 lr=1.13e-04 d=0.6931 pixel=0.0203 perceptual=0.7284 adv=0.0893 g_total=0.8380 1.59 it/s
[x64/random_fixed] step 23500/50000 lr=1.13e-04 d=0.6704 pixel=0.0212 perceptual=0.7843 adv=0.0879 g_total=0.8934 1.59 it/s
[x64/random_fixed] step 23600/50000 lr=1.12e-04 d=0.6842 pixel=0.0238 perceptual=0.8321 adv=0.0876 g_total=0.9436 1.59 it/s
[x64/random_fixed] step 23700/50000 lr=1.12e-04 d=0.6680 pixel=0.0218 perceptual=0.8060 adv=0.0899 g_total=0.9178 1.59 it/s
[x64/random_fixed] step 23800/50000 lr=1.11e-04 d=0.6879 pixel=0.0229 perceptual=0.8195 adv=0.0735 g_total=0.9159 1.59 it/s
[x64/random_fixed] step 23900/50000 lr=1.10e-04 d=0.6799 pixel=0.0195 perceptual=0.7572 adv=0.0723 g_total=0.8490 1.59 it/s
[x64/random_fixed] step 24000/50000 lr=1.10e-04 d=0.5894 pixel=0.0207 perceptual=0.7941 adv=0.0569 g_total=0.8717 1.59 it/s
[x64/random_fixed] step 24000 VAL ref_ssim=0.8731 (base 0.8629) ref_mse=0.002086 (base 0.002686) best_ssim=0.8785@16000
[x64/random_fixed] step 24100/50000 lr=1.09e-04 d=0.6263 pixel=0.0240 perceptual=0.7787 adv=0.0882 g_total=0.8909 1.59 it/s
[x64/random_fixed] step 24200/50000 lr=1.09e-04 d=0.6161 pixel=0.0195 perceptual=0.7404 adv=0.0651 g_total=0.8250 1.59 it/s
[x64/random_fixed] step 24300/50000 lr=1.08e-04 d=0.6761 pixel=0.0185 perceptual=0.7280 adv=0.0853 g_total=0.8317 1.59 it/s
[x64/random_fixed] step 24400/50000 lr=1.07e-04 d=0.6638 pixel=0.0236 perceptual=0.7753 adv=0.0523 g_total=0.8512 1.59 it/s
[x64/random_fixed] step 24500/50000 lr=1.07e-04 d=0.6764 pixel=0.0223 perceptual=0.7529 adv=0.0974 g_total=0.8726 1.59 it/s
[x64/random_fixed] step 24600/50000 lr=1.06e-04 d=0.6875 pixel=0.0195 perceptual=0.6804 adv=0.0784 g_total=0.7784 1.59 it/s
[x64/random_fixed] step 24700/50000 lr=1.05e-04 d=0.6989 pixel=0.0208 perceptual=0.7613 adv=0.0923 g_total=0.8744 1.59 it/s
[x64/random_fixed] step 24800/50000 lr=1.05e-04 d=0.7032 pixel=0.0219 perceptual=0.7186 adv=0.0945 g_total=0.8350 1.59 it/s
[x64/random_fixed] step 24900/50000 lr=1.04e-04 d=0.6416 pixel=0.0211 perceptual=0.8046 adv=0.0857 g_total=0.9113 1.59 it/s
[x64/random_fixed] step 25000/50000 lr=1.04e-04 d=0.6631 pixel=0.0223 perceptual=0.8080 adv=0.0645 g_total=0.8948 1.59 it/s
[x64/random_fixed] step 25000 VAL ref_ssim=0.8703 (base 0.8629) ref_mse=0.002139 (base 0.002686) best_ssim=0.8785@16000
[x64/random_fixed] step 25100/50000 lr=1.03e-04 d=0.7212 pixel=0.0191 perceptual=0.7346 adv=0.0707 g_total=0.8244 1.59 it/s
[x64/random_fixed] step 25200/50000 lr=1.02e-04 d=0.6689 pixel=0.0208 perceptual=0.7659 adv=0.0726 g_total=0.8593 1.59 it/s
[x64/random_fixed] step 25300/50000 lr=1.02e-04 d=0.7345 pixel=0.0198 perceptual=0.7861 adv=0.0914 g_total=0.8973 1.59 it/s
[x64/random_fixed] step 25400/50000 lr=1.01e-04 d=0.6838 pixel=0.0230 perceptual=0.8195 adv=0.0742 g_total=0.9167 1.59 it/s
[x64/random_fixed] step 25500/50000 lr=1.00e-04 d=0.7767 pixel=0.0245 perceptual=0.7956 adv=0.0692 g_total=0.8893 1.59 it/s
[x64/random_fixed] step 25600/50000 lr=9.98e-05 d=0.6157 pixel=0.0263 perceptual=0.7995 adv=0.0517 g_total=0.8775 1.59 it/s
[x64/random_fixed] step 25700/50000 lr=9.92e-05 d=0.6925 pixel=0.0255 perceptual=0.8879 adv=0.0590 g_total=0.9724 1.59 it/s
[x64/random_fixed] step 25800/50000 lr=9.86e-05 d=0.6907 pixel=0.0225 perceptual=0.7739 adv=0.0914 g_total=0.8877 1.59 it/s
[x64/random_fixed] step 25900/50000 lr=9.80e-05 d=0.6859 pixel=0.0203 perceptual=0.7421 adv=0.0802 g_total=0.8425 1.59 it/s
[x64/random_fixed] step 26000/50000 lr=9.73e-05 d=0.6807 pixel=0.0206 perceptual=0.7492 adv=0.0755 g_total=0.8453 1.59 it/s
[x64/random_fixed] step 26000 VAL ref_ssim=0.8757 (base 0.8629) ref_mse=0.001993 (base 0.002686) best_ssim=0.8785@16000
[x64/random_fixed] step 26100/50000 lr=9.67e-05 d=0.6461 pixel=0.0227 perceptual=0.7847 adv=0.0744 g_total=0.8818 1.59 it/s
[x64/random_fixed] step 26200/50000 lr=9.61e-05 d=0.7072 pixel=0.0189 perceptual=0.6874 adv=0.0571 g_total=0.7634 1.59 it/s
[x64/random_fixed] step 26300/50000 lr=9.55e-05 d=0.6388 pixel=0.0249 perceptual=0.8099 adv=0.0602 g_total=0.8950 1.59 it/s
[x64/random_fixed] step 26400/50000 lr=9.49e-05 d=0.6102 pixel=0.0201 perceptual=0.7487 adv=0.0674 g_total=0.8361 1.59 it/s
[x64/random_fixed] step 26500/50000 lr=9.42e-05 d=0.6675 pixel=0.0209 perceptual=0.7635 adv=0.0695 g_total=0.8539 1.59 it/s
[x64/random_fixed] step 26600/50000 lr=9.36e-05 d=0.7164 pixel=0.0227 perceptual=0.7426 adv=0.0871 g_total=0.8524 1.59 it/s
[x64/random_fixed] step 26700/50000 lr=9.30e-05 d=0.7298 pixel=0.0232 perceptual=0.7721 adv=0.0737 g_total=0.8690 1.59 it/s
[x64/random_fixed] step 26800/50000 lr=9.24e-05 d=0.6240 pixel=0.0185 perceptual=0.6968 adv=0.0697 g_total=0.7850 1.59 it/s
[x64/random_fixed] step 26900/50000 lr=9.18e-05 d=0.6992 pixel=0.0250 perceptual=0.8122 adv=0.0896 g_total=0.9268 1.59 it/s
[x64/random_fixed] step 27000/50000 lr=9.11e-05 d=0.6209 pixel=0.0238 perceptual=0.8733 adv=0.0580 g_total=0.9550 1.59 it/s
[x64/random_fixed] step 27000 VAL ref_ssim=0.8628 (base 0.8629) ref_mse=0.002033 (base 0.002686) best_ssim=0.8785@16000
[x64/random_fixed] step 27100/50000 lr=9.05e-05 d=0.6556 pixel=0.0209 perceptual=0.7446 adv=0.0815 g_total=0.8470 1.59 it/s
[x64/random_fixed] step 27200/50000 lr=8.99e-05 d=0.6848 pixel=0.0246 perceptual=0.8117 adv=0.0963 g_total=0.9326 1.59 it/s
[x64/random_fixed] step 27300/50000 lr=8.93e-05 d=0.7004 pixel=0.0218 perceptual=0.7573 adv=0.0851 g_total=0.8642 1.59 it/s
[x64/random_fixed] step 27400/50000 lr=8.87e-05 d=0.6923 pixel=0.0192 perceptual=0.7133 adv=0.0622 g_total=0.7946 1.59 it/s
[x64/random_fixed] step 27500/50000 lr=8.81e-05 d=0.7247 pixel=0.0251 perceptual=0.9135 adv=0.0794 g_total=1.0180 1.59 it/s
[x64/random_fixed] step 27600/50000 lr=8.74e-05 d=0.6430 pixel=0.0194 perceptual=0.7218 adv=0.0721 g_total=0.8134 1.59 it/s
[x64/random_fixed] step 27700/50000 lr=8.68e-05 d=0.7164 pixel=0.0249 perceptual=0.8709 adv=0.0874 g_total=0.9832 1.59 it/s
[x64/random_fixed] step 27800/50000 lr=8.62e-05 d=0.6652 pixel=0.0263 perceptual=0.9462 adv=0.0911 g_total=1.0636 1.59 it/s
[x64/random_fixed] step 27900/50000 lr=8.56e-05 d=0.7064 pixel=0.0202 perceptual=0.8110 adv=0.0606 g_total=0.8918 1.59 it/s
[x64/random_fixed] step 28000/50000 lr=8.50e-05 d=0.6358 pixel=0.0211 perceptual=0.7542 adv=0.0600 g_total=0.8353 1.59 it/s
[x64/random_fixed] step 28000 VAL ref_ssim=0.8673 (base 0.8629) ref_mse=0.002077 (base 0.002686) best_ssim=0.8785@16000
[x64/random_fixed] step 28100/50000 lr=8.44e-05 d=0.6800 pixel=0.0210 perceptual=0.7130 adv=0.0829 g_total=0.8169 1.59 it/s
[x64/random_fixed] step 28200/50000 lr=8.38e-05 d=0.6414 pixel=0.0198 perceptual=0.7294 adv=0.0570 g_total=0.8062 1.59 it/s
[x64/random_fixed] step 28300/50000 lr=8.32e-05 d=0.6742 pixel=0.0214 perceptual=0.7614 adv=0.0659 g_total=0.8487 1.59 it/s
[x64/random_fixed] step 28400/50000 lr=8.25e-05 d=0.6797 pixel=0.0213 perceptual=0.7718 adv=0.0818 g_total=0.8748 1.59 it/s
[x64/random_fixed] step 28500/50000 lr=8.19e-05 d=0.7056 pixel=0.0237 perceptual=0.8363 adv=0.0885 g_total=0.9484 1.59 it/s
[x64/random_fixed] step 28600/50000 lr=8.13e-05 d=0.6898 pixel=0.0242 perceptual=0.8319 adv=0.0927 g_total=0.9489 1.59 it/s
[x64/random_fixed] step 28700/50000 lr=8.07e-05 d=0.5851 pixel=0.0231 perceptual=0.8319 adv=0.0739 g_total=0.9289 1.59 it/s
[x64/random_fixed] step 28800/50000 lr=8.01e-05 d=0.6287 pixel=0.0225 perceptual=0.8518 adv=0.0761 g_total=0.9504 1.59 it/s
[x64/random_fixed] step 28900/50000 lr=7.95e-05 d=0.6968 pixel=0.0182 perceptual=0.6884 adv=0.0858 g_total=0.7924 1.59 it/s
[x64/random_fixed] step 29000/50000 lr=7.89e-05 d=0.7109 pixel=0.0219 perceptual=0.7555 adv=0.0905 g_total=0.8679 1.59 it/s
[x64/random_fixed] step 29000 VAL ref_ssim=0.8707 (base 0.8629) ref_mse=0.002403 (base 0.002686) best_ssim=0.8785@16000
[x64/random_fixed] step 29100/50000 lr=7.83e-05 d=0.6399 pixel=0.0199 perceptual=0.7672 adv=0.0792 g_total=0.8663 1.59 it/s
[x64/random_fixed] step 29200/50000 lr=7.77e-05 d=0.6153 pixel=0.0204 perceptual=0.7669 adv=0.0809 g_total=0.8682 1.59 it/s
[x64/random_fixed] step 29300/50000 lr=7.71e-05 d=0.5769 pixel=0.0211 perceptual=0.8215 adv=0.0765 g_total=0.9191 1.59 it/s
[x64/random_fixed] step 29400/50000 lr=7.65e-05 d=0.6254 pixel=0.0241 perceptual=0.8832 adv=0.0683 g_total=0.9756 1.59 it/s
[x64/random_fixed] step 29500/50000 lr=7.59e-05 d=0.6432 pixel=0.0208 perceptual=0.7650 adv=0.0775 g_total=0.8632 1.59 it/s
[x64/random_fixed] step 29600/50000 lr=7.53e-05 d=0.6383 pixel=0.0184 perceptual=0.6842 adv=0.0781 g_total=0.7806 1.59 it/s
[x64/random_fixed] step 29700/50000 lr=7.47e-05 d=0.6840 pixel=0.0197 perceptual=0.7113 adv=0.0799 g_total=0.8109 1.59 it/s
[x64/random_fixed] step 29800/50000 lr=7.41e-05 d=0.6590 pixel=0.0286 perceptual=0.8996 adv=0.0757 g_total=1.0039 1.59 it/s
[x64/random_fixed] step 29900/50000 lr=7.35e-05 d=0.5787 pixel=0.0263 perceptual=0.8539 adv=0.0686 g_total=0.9487 1.59 it/s
[x64/random_fixed] step 30000/50000 lr=7.29e-05 d=0.6927 pixel=0.0199 perceptual=0.7372 adv=0.0780 g_total=0.8351 1.59 it/s
[x64/random_fixed] step 30000 VAL ref_ssim=0.8635 (base 0.8629) ref_mse=0.002130 (base 0.002686) best_ssim=0.8785@16000
[x64/random_fixed] step 30100/50000 lr=7.23e-05 d=0.6304 pixel=0.0207 perceptual=0.7096 adv=0.0741 g_total=0.8044 1.59 it/s
[x64/random_fixed] step 30200/50000 lr=7.17e-05 d=0.6918 pixel=0.0221 perceptual=0.7942 adv=0.0851 g_total=0.9014 1.59 it/s
[x64/random_fixed] step 30300/50000 lr=7.11e-05 d=0.6579 pixel=0.0214 perceptual=0.7406 adv=0.0858 g_total=0.8477 1.59 it/s
[x64/random_fixed] step 30400/50000 lr=7.05e-05 d=0.6601 pixel=0.0212 perceptual=0.7856 adv=0.0740 g_total=0.8807 1.59 it/s
[x64/random_fixed] step 30500/50000 lr=7.00e-05 d=0.7064 pixel=0.0287 perceptual=0.9118 adv=0.0904 g_total=1.0309 1.59 it/s
[x64/random_fixed] step 30600/50000 lr=6.94e-05 d=0.7165 pixel=0.0183 perceptual=0.7295 adv=0.0701 g_total=0.8180 1.59 it/s
[x64/random_fixed] step 30700/50000 lr=6.88e-05 d=0.6875 pixel=0.0204 perceptual=0.7148 adv=0.0697 g_total=0.8049 1.59 it/s
[x64/random_fixed] step 30800/50000 lr=6.82e-05 d=0.6862 pixel=0.0222 perceptual=0.7844 adv=0.0737 g_total=0.8803 1.59 it/s
[x64/random_fixed] step 30900/50000 lr=6.76e-05 d=0.7552 pixel=0.0310 perceptual=0.9245 adv=0.0733 g_total=1.0288 1.59 it/s
[x64/random_fixed] step 31000/50000 lr=6.70e-05 d=0.6716 pixel=0.0180 perceptual=0.6994 adv=0.0814 g_total=0.7989 1.59 it/s
[x64/random_fixed] step 31000 VAL ref_ssim=0.8759 (base 0.8629) ref_mse=0.002004 (base 0.002686) best_ssim=0.8785@16000
[x64/random_fixed] step 31100/50000 lr=6.65e-05 d=0.6145 pixel=0.0243 perceptual=0.8587 adv=0.0750 g_total=0.9581 1.59 it/s
[x64/random_fixed] step 31200/50000 lr=6.59e-05 d=0.7040 pixel=0.0183 perceptual=0.7052 adv=0.0938 g_total=0.8174 1.59 it/s
[x64/random_fixed] step 31300/50000 lr=6.53e-05 d=0.6253 pixel=0.0231 perceptual=0.8765 adv=0.0727 g_total=0.9723 1.59 it/s
[x64/random_fixed] step 31400/50000 lr=6.47e-05 d=0.6572 pixel=0.0259 perceptual=0.8055 adv=0.0678 g_total=0.8992 1.59 it/s
[x64/random_fixed] step 31500/50000 lr=6.41e-05 d=0.6525 pixel=0.0193 perceptual=0.7288 adv=0.0874 g_total=0.8355 1.59 it/s
[x64/random_fixed] step 31600/50000 lr=6.36e-05 d=0.6658 pixel=0.0208 perceptual=0.7557 adv=0.0793 g_total=0.8558 1.59 it/s
[x64/random_fixed] step 31700/50000 lr=6.30e-05 d=0.6655 pixel=0.0210 perceptual=0.7623 adv=0.0759 g_total=0.8592 1.59 it/s
[x64/random_fixed] step 31800/50000 lr=6.24e-05 d=0.6775 pixel=0.0195 perceptual=0.7273 adv=0.0680 g_total=0.8148 1.59 it/s
[x64/random_fixed] step 31900/50000 lr=6.19e-05 d=0.7554 pixel=0.0209 perceptual=0.7080 adv=0.0562 g_total=0.7851 1.59 it/s
[x64/random_fixed] step 32000/50000 lr=6.13e-05 d=0.6439 pixel=0.0209 perceptual=0.7726 adv=0.0723 g_total=0.8659 1.59 it/s
[x64/random_fixed] step 32000 VAL ref_ssim=0.8673 (base 0.8629) ref_mse=0.002098 (base 0.002686) best_ssim=0.8785@16000
[x64/random_fixed] step 32100/50000 lr=6.07e-05 d=0.6289 pixel=0.0249 perceptual=0.8629 adv=0.0711 g_total=0.9589 1.59 it/s
[x64/random_fixed] step 32200/50000 lr=6.02e-05 d=0.6489 pixel=0.0232 perceptual=0.8445 adv=0.0862 g_total=0.9539 1.59 it/s
[x64/random_fixed] step 32300/50000 lr=5.96e-05 d=0.6977 pixel=0.0237 perceptual=0.7611 adv=0.0675 g_total=0.8523 1.59 it/s
[x64/random_fixed] step 32400/50000 lr=5.90e-05 d=0.6589 pixel=0.0251 perceptual=0.7922 adv=0.0863 g_total=0.9036 1.59 it/s
[x64/random_fixed] step 32500/50000 lr=5.85e-05 d=0.6688 pixel=0.0259 perceptual=0.9056 adv=0.0703 g_total=1.0018 1.59 it/s
[x64/random_fixed] step 32600/50000 lr=5.79e-05 d=0.6376 pixel=0.0201 perceptual=0.7899 adv=0.0812 g_total=0.8912 1.59 it/s
[x64/random_fixed] step 32700/50000 lr=5.74e-05 d=0.6506 pixel=0.0184 perceptual=0.7502 adv=0.0737 g_total=0.8423 1.59 it/s
[x64/random_fixed] step 32800/50000 lr=5.68e-05 d=0.6667 pixel=0.0243 perceptual=0.8195 adv=0.0784 g_total=0.9221 1.59 it/s
[x64/random_fixed] step 32900/50000 lr=5.63e-05 d=0.6639 pixel=0.0203 perceptual=0.7726 adv=0.0676 g_total=0.8606 1.59 it/s
[x64/random_fixed] step 33000/50000 lr=5.57e-05 d=0.6797 pixel=0.0221 perceptual=0.7485 adv=0.0703 g_total=0.8408 1.59 it/s
[x64/random_fixed] step 33000 VAL ref_ssim=0.8568 (base 0.8629) ref_mse=0.002044 (base 0.002686) best_ssim=0.8785@16000
[x64/random_fixed] step 33100/50000 lr=5.52e-05 d=0.6332 pixel=0.0197 perceptual=0.7191 adv=0.0787 g_total=0.8174 1.59 it/s
[x64/random_fixed] step 33200/50000 lr=5.46e-05 d=0.7089 pixel=0.0219 perceptual=0.7663 adv=0.0880 g_total=0.8762 1.59 it/s
[x64/random_fixed] step 33300/50000 lr=5.41e-05 d=0.6967 pixel=0.0249 perceptual=0.7803 adv=0.0814 g_total=0.8866 1.59 it/s
[x64/random_fixed] step 33400/50000 lr=5.35e-05 d=0.6838 pixel=0.0187 perceptual=0.6705 adv=0.0783 g_total=0.7675 1.59 it/s
[x64/random_fixed] step 33500/50000 lr=5.30e-05 d=0.8016 pixel=0.0279 perceptual=0.8512 adv=0.0818 g_total=0.9609 1.59 it/s
[x64/random_fixed] step 33600/50000 lr=5.25e-05 d=0.5301 pixel=0.0241 perceptual=0.8385 adv=0.0655 g_total=0.9280 1.59 it/s
[x64/random_fixed] step 33700/50000 lr=5.19e-05 d=0.6332 pixel=0.0216 perceptual=0.7497 adv=0.0649 g_total=0.8362 1.59 it/s
[x64/random_fixed] step 33800/50000 lr=5.14e-05 d=0.6368 pixel=0.0218 perceptual=0.7530 adv=0.0763 g_total=0.8511 1.59 it/s
[x64/random_fixed] step 33900/50000 lr=5.09e-05 d=0.6748 pixel=0.0226 perceptual=0.6784 adv=0.0788 g_total=0.7797 1.59 it/s
[x64/random_fixed] step 34000/50000 lr=5.03e-05 d=0.7587 pixel=0.0246 perceptual=0.8706 adv=0.0660 g_total=0.9612 1.59 it/s
[x64/random_fixed] step 34000 VAL ref_ssim=0.8733 (base 0.8629) ref_mse=0.002129 (base 0.002686) best_ssim=0.8785@16000
[x64/random_fixed] step 34100/50000 lr=4.98e-05 d=0.7055 pixel=0.0245 perceptual=0.8456 adv=0.0786 g_total=0.9487 1.59 it/s
[x64/random_fixed] step 34200/50000 lr=4.93e-05 d=0.6590 pixel=0.0224 perceptual=0.7591 adv=0.0861 g_total=0.8677 1.59 it/s
[x64/random_fixed] step 34300/50000 lr=4.88e-05 d=0.6375 pixel=0.0223 perceptual=0.8418 adv=0.0733 g_total=0.9373 1.59 it/s
[x64/random_fixed] step 34400/50000 lr=4.82e-05 d=0.6678 pixel=0.0235 perceptual=0.8011 adv=0.0832 g_total=0.9079 1.59 it/s
[x64/random_fixed] step 34500/50000 lr=4.77e-05 d=0.6654 pixel=0.0228 perceptual=0.8491 adv=0.0845 g_total=0.9564 1.59 it/s
[x64/random_fixed] step 34600/50000 lr=4.72e-05 d=0.6934 pixel=0.0240 perceptual=0.7068 adv=0.0944 g_total=0.8252 1.59 it/s
[x64/random_fixed] step 34700/50000 lr=4.67e-05 d=0.6150 pixel=0.0226 perceptual=0.7808 adv=0.1001 g_total=0.9035 1.59 it/s
[x64/random_fixed] step 34800/50000 lr=4.62e-05 d=0.6343 pixel=0.0177 perceptual=0.6854 adv=0.0648 g_total=0.7680 1.59 it/s
[x64/random_fixed] step 34900/50000 lr=4.57e-05 d=0.6762 pixel=0.0198 perceptual=0.6820 adv=0.0852 g_total=0.7870 1.59 it/s
[x64/random_fixed] step 35000/50000 lr=4.52e-05 d=0.6517 pixel=0.0242 perceptual=0.8040 adv=0.0931 g_total=0.9213 1.59 it/s
[x64/random_fixed] step 35000 VAL ref_ssim=0.8658 (base 0.8629) ref_mse=0.002223 (base 0.002686) best_ssim=0.8785@16000
[x64/random_fixed] step 35100/50000 lr=4.47e-05 d=0.6738 pixel=0.0199 perceptual=0.7445 adv=0.0665 g_total=0.8308 1.59 it/s
[x64/random_fixed] step 35200/50000 lr=4.42e-05 d=0.6905 pixel=0.0255 perceptual=0.8700 adv=0.0879 g_total=0.9835 1.59 it/s
[x64/random_fixed] step 35300/50000 lr=4.36e-05 d=0.5579 pixel=0.0234 perceptual=0.8693 adv=0.0715 g_total=0.9641 1.59 it/s
[x64/random_fixed] step 35400/50000 lr=4.32e-05 d=0.6575 pixel=0.0242 perceptual=0.8511 adv=0.0771 g_total=0.9524 1.59 it/s
[x64/random_fixed] step 35500/50000 lr=4.27e-05 d=0.7213 pixel=0.0238 perceptual=0.8505 adv=0.0863 g_total=0.9606 1.59 it/s
[x64/random_fixed] step 35600/50000 lr=4.22e-05 d=0.6512 pixel=0.0252 perceptual=0.8781 adv=0.0753 g_total=0.9786 1.59 it/s
[x64/random_fixed] step 35700/50000 lr=4.17e-05 d=0.6692 pixel=0.0211 perceptual=0.7041 adv=0.0750 g_total=0.8003 1.59 it/s
[x64/random_fixed] step 35800/50000 lr=4.12e-05 d=0.6232 pixel=0.0218 perceptual=0.7819 adv=0.0788 g_total=0.8824 1.59 it/s
[x64/random_fixed] step 35900/50000 lr=4.07e-05 d=0.7092 pixel=0.0200 perceptual=0.6944 adv=0.0609 g_total=0.7754 1.59 it/s
[x64/random_fixed] step 36000/50000 lr=4.02e-05 d=0.6476 pixel=0.0230 perceptual=0.7089 adv=0.0764 g_total=0.8083 1.59 it/s
[x64/random_fixed] step 36000 VAL ref_ssim=0.8770 (base 0.8629) ref_mse=0.002261 (base 0.002686) best_ssim=0.8785@16000
[x64/random_fixed] step 36100/50000 lr=3.97e-05 d=0.6675 pixel=0.0200 perceptual=0.7033 adv=0.0827 g_total=0.8060 1.59 it/s
[x64/random_fixed] step 36200/50000 lr=3.93e-05 d=0.6799 pixel=0.0256 perceptual=0.8551 adv=0.0713 g_total=0.9521 1.59 it/s
[x64/random_fixed] step 36300/50000 lr=3.88e-05 d=0.6339 pixel=0.0222 perceptual=0.7989 adv=0.0665 g_total=0.8876 1.59 it/s
[x64/random_fixed] step 36400/50000 lr=3.83e-05 d=0.6773 pixel=0.0222 perceptual=0.8115 adv=0.0812 g_total=0.9149 1.59 it/s
[x64/random_fixed] step 36500/50000 lr=3.78e-05 d=0.6057 pixel=0.0200 perceptual=0.7501 adv=0.0749 g_total=0.8451 1.59 it/s
[x64/random_fixed] step 36600/50000 lr=3.74e-05 d=0.6077 pixel=0.0189 perceptual=0.7137 adv=0.0724 g_total=0.8050 1.59 it/s
[x64/random_fixed] step 36700/50000 lr=3.69e-05 d=0.6556 pixel=0.0221 perceptual=0.7781 adv=0.0862 g_total=0.8864 1.59 it/s
[x64/random_fixed] step 36800/50000 lr=3.64e-05 d=0.6593 pixel=0.0257 perceptual=0.7957 adv=0.0659 g_total=0.8873 1.59 it/s
[x64/random_fixed] step 36900/50000 lr=3.60e-05 d=0.7047 pixel=0.0227 perceptual=0.7073 adv=0.0830 g_total=0.8130 1.59 it/s
[x64/random_fixed] step 37000/50000 lr=3.55e-05 d=0.7161 pixel=0.0231 perceptual=0.8120 adv=0.1016 g_total=0.9367 1.59 it/s
[x64/random_fixed] step 37000 VAL ref_ssim=0.8721 (base 0.8629) ref_mse=0.002212 (base 0.002686) best_ssim=0.8785@16000
[x64/random_fixed] step 37100/50000 lr=3.51e-05 d=0.7465 pixel=0.0270 perceptual=0.8146 adv=0.0782 g_total=0.9198 1.59 it/s
[x64/random_fixed] step 37200/50000 lr=3.46e-05 d=0.6407 pixel=0.0226 perceptual=0.7827 adv=0.0852 g_total=0.8905 1.59 it/s
[x64/random_fixed] step 37300/50000 lr=3.42e-05 d=0.6820 pixel=0.0211 perceptual=0.7129 adv=0.0843 g_total=0.8183 1.59 it/s
[x64/random_fixed] step 37400/50000 lr=3.37e-05 d=0.5641 pixel=0.0178 perceptual=0.6929 adv=0.0834 g_total=0.7941 1.59 it/s
[x64/random_fixed] step 37500/50000 lr=3.33e-05 d=0.6616 pixel=0.0240 perceptual=0.7360 adv=0.0665 g_total=0.8265 1.59 it/s
[x64/random_fixed] step 37600/50000 lr=3.28e-05 d=0.7351 pixel=0.0205 perceptual=0.6999 adv=0.0813 g_total=0.8017 1.59 it/s
[x64/random_fixed] step 37700/50000 lr=3.24e-05 d=0.7232 pixel=0.0207 perceptual=0.7902 adv=0.0959 g_total=0.9068 1.59 it/s
[x64/random_fixed] step 37800/50000 lr=3.19e-05 d=0.6375 pixel=0.0206 perceptual=0.7462 adv=0.0788 g_total=0.8456 1.59 it/s
[x64/random_fixed] step 37900/50000 lr=3.15e-05 d=0.6118 pixel=0.0209 perceptual=0.7202 adv=0.0820 g_total=0.8231 1.59 it/s
[x64/random_fixed] step 38000/50000 lr=3.11e-05 d=0.6071 pixel=0.0160 perceptual=0.6113 adv=0.0704 g_total=0.6977 1.59 it/s
[x64/random_fixed] step 38000 VAL ref_ssim=0.8742 (base 0.8629) ref_mse=0.002006 (base 0.002686) best_ssim=0.8785@16000
[x64/random_fixed] step 38100/50000 lr=3.07e-05 d=0.8238 pixel=0.0193 perceptual=0.7042 adv=0.0730 g_total=0.7966 1.59 it/s
[x64/random_fixed] step 38200/50000 lr=3.02e-05 d=0.6488 pixel=0.0196 perceptual=0.7502 adv=0.0736 g_total=0.8434 1.59 it/s
[x64/random_fixed] step 38300/50000 lr=2.98e-05 d=0.8116 pixel=0.0269 perceptual=0.8154 adv=0.0932 g_total=0.9355 1.59 it/s
[x64/random_fixed] step 38400/50000 lr=2.94e-05 d=0.6843 pixel=0.0205 perceptual=0.6806 adv=0.0838 g_total=0.7848 1.59 it/s
[x64/random_fixed] step 38500/50000 lr=2.90e-05 d=0.6426 pixel=0.0217 perceptual=0.7463 adv=0.0674 g_total=0.8353 1.59 it/s
[x64/random_fixed] step 38600/50000 lr=2.86e-05 d=0.6278 pixel=0.0174 perceptual=0.7278 adv=0.0672 g_total=0.8124 1.59 it/s
[x64/random_fixed] step 38700/50000 lr=2.81e-05 d=0.7977 pixel=0.0206 perceptual=0.7551 adv=0.1302 g_total=0.9060 1.59 it/s
[x64/random_fixed] step 38800/50000 lr=2.77e-05 d=0.6257 pixel=0.0205 perceptual=0.7423 adv=0.0618 g_total=0.8246 1.59 it/s
[x64/random_fixed] step 38900/50000 lr=2.73e-05 d=0.5745 pixel=0.0186 perceptual=0.7143 adv=0.0801 g_total=0.8130 1.59 it/s
[x64/random_fixed] step 39000/50000 lr=2.69e-05 d=0.6086 pixel=0.0216 perceptual=0.8295 adv=0.0841 g_total=0.9352 1.59 it/s
[x64/random_fixed] step 39000 VAL ref_ssim=0.8696 (base 0.8629) ref_mse=0.002205 (base 0.002686) best_ssim=0.8785@16000
[x64/random_fixed] step 39100/50000 lr=2.65e-05 d=0.6444 pixel=0.0206 perceptual=0.7381 adv=0.0678 g_total=0.8265 1.59 it/s
[x64/random_fixed] step 39200/50000 lr=2.61e-05 d=0.6315 pixel=0.0205 perceptual=0.7671 adv=0.0691 g_total=0.8567 1.59 it/s
[x64/random_fixed] step 39300/50000 lr=2.57e-05 d=0.6435 pixel=0.0220 perceptual=0.8241 adv=0.0838 g_total=0.9299 1.59 it/s
[x64/random_fixed] step 39400/50000 lr=2.54e-05 d=0.5936 pixel=0.0206 perceptual=0.8023 adv=0.0804 g_total=0.9033 1.59 it/s
[x64/random_fixed] step 39500/50000 lr=2.50e-05 d=0.5698 pixel=0.0180 perceptual=0.6995 adv=0.0731 g_total=0.7906 1.59 it/s
[x64/random_fixed] step 39600/50000 lr=2.46e-05 d=0.7610 pixel=0.0205 perceptual=0.7444 adv=0.0858 g_total=0.8507 1.59 it/s
[x64/random_fixed] step 39700/50000 lr=2.42e-05 d=0.6397 pixel=0.0168 perceptual=0.6472 adv=0.0844 g_total=0.7485 1.59 it/s
[x64/random_fixed] step 39800/50000 lr=2.38e-05 d=0.6141 pixel=0.0216 perceptual=0.7889 adv=0.0726 g_total=0.8831 1.59 it/s
[x64/random_fixed] step 39900/50000 lr=2.35e-05 d=0.5508 pixel=0.0234 perceptual=0.8247 adv=0.0878 g_total=0.9359 1.59 it/s
[x64/random_fixed] step 40000/50000 lr=2.31e-05 d=0.5658 pixel=0.0230 perceptual=0.8116 adv=0.0786 g_total=0.9132 1.59 it/s
[x64/random_fixed] step 40000 VAL ref_ssim=0.8616 (base 0.8629) ref_mse=0.002106 (base 0.002686) best_ssim=0.8785@16000
[x64/random_fixed] step 40100/50000 lr=2.27e-05 d=0.7045 pixel=0.0213 perceptual=0.7629 adv=0.0634 g_total=0.8475 1.59 it/s
[x64/random_fixed] step 40200/50000 lr=2.24e-05 d=0.5295 pixel=0.0222 perceptual=0.8344 adv=0.0849 g_total=0.9415 1.59 it/s
[x64/random_fixed] step 40300/50000 lr=2.20e-05 d=0.6754 pixel=0.0200 perceptual=0.7315 adv=0.0762 g_total=0.8277 1.59 it/s
[x64/random_fixed] step 40400/50000 lr=2.16e-05 d=0.6100 pixel=0.0215 perceptual=0.7595 adv=0.0939 g_total=0.8749 1.59 it/s
[x64/random_fixed] step 40500/50000 lr=2.13e-05 d=0.7697 pixel=0.0188 perceptual=0.7327 adv=0.0847 g_total=0.8363 1.59 it/s
[x64/random_fixed] step 40600/50000 lr=2.09e-05 d=0.6671 pixel=0.0173 perceptual=0.6899 adv=0.0787 g_total=0.7860 1.59 it/s
[x64/random_fixed] step 40700/50000 lr=2.06e-05 d=0.5988 pixel=0.0225 perceptual=0.8052 adv=0.0916 g_total=0.9192 1.59 it/s
[x64/random_fixed] step 40800/50000 lr=2.02e-05 d=0.5686 pixel=0.0203 perceptual=0.7268 adv=0.0793 g_total=0.8264 1.59 it/s
[x64/random_fixed] step 40900/50000 lr=1.99e-05 d=0.7944 pixel=0.0255 perceptual=0.7464 adv=0.0918 g_total=0.8637 1.59 it/s
[x64/random_fixed] step 41000/50000 lr=1.96e-05 d=0.6422 pixel=0.0221 perceptual=0.8252 adv=0.0820 g_total=0.9294 1.59 it/s
[x64/random_fixed] step 41000 VAL ref_ssim=0.8737 (base 0.8629) ref_mse=0.002207 (base 0.002686) best_ssim=0.8785@16000
[x64/random_fixed] step 41100/50000 lr=1.92e-05 d=0.6608 pixel=0.0203 perceptual=0.7606 adv=0.0743 g_total=0.8553 1.59 it/s
[x64/random_fixed] step 41200/50000 lr=1.89e-05 d=0.7096 pixel=0.0306 perceptual=0.7931 adv=0.0830 g_total=0.9067 1.59 it/s
[x64/random_fixed] step 41300/50000 lr=1.86e-05 d=0.7358 pixel=0.0206 perceptual=0.7660 adv=0.0629 g_total=0.8496 1.59 it/s
[x64/random_fixed] step 41400/50000 lr=1.82e-05 d=0.6052 pixel=0.0204 perceptual=0.7504 adv=0.0685 g_total=0.8393 1.59 it/s
[x64/random_fixed] step 41500/50000 lr=1.79e-05 d=0.6313 pixel=0.0212 perceptual=0.7712 adv=0.0842 g_total=0.8766 1.59 it/s
[x64/random_fixed] step 41600/50000 lr=1.76e-05 d=0.7163 pixel=0.0240 perceptual=0.8046 adv=0.0852 g_total=0.9137 1.59 it/s
[x64/random_fixed] step 41700/50000 lr=1.73e-05 d=0.6767 pixel=0.0189 perceptual=0.7314 adv=0.0875 g_total=0.8378 1.59 it/s
[x64/random_fixed] step 41800/50000 lr=1.70e-05 d=0.6569 pixel=0.0197 perceptual=0.7478 adv=0.0772 g_total=0.8447 1.59 it/s
[x64/random_fixed] step 41900/50000 lr=1.67e-05 d=0.6654 pixel=0.0191 perceptual=0.7017 adv=0.0996 g_total=0.8204 1.59 it/s
[x64/random_fixed] step 42000/50000 lr=1.64e-05 d=0.5715 pixel=0.0192 perceptual=0.7490 adv=0.0927 g_total=0.8609 1.59 it/s
[x64/random_fixed] step 42000 VAL ref_ssim=0.8732 (base 0.8629) ref_mse=0.002152 (base 0.002686) best_ssim=0.8785@16000
[x64/random_fixed] step 42100/50000 lr=1.61e-05 d=0.5496 pixel=0.0212 perceptual=0.7842 adv=0.0930 g_total=0.8985 1.59 it/s
[x64/random_fixed] step 42200/50000 lr=1.58e-05 d=0.8152 pixel=0.0185 perceptual=0.6750 adv=0.0698 g_total=0.7632 1.59 it/s
[x64/random_fixed] step 42300/50000 lr=1.55e-05 d=0.6156 pixel=0.0232 perceptual=0.8025 adv=0.0765 g_total=0.9023 1.59 it/s
[x64/random_fixed] step 42400/50000 lr=1.52e-05 d=0.6618 pixel=0.0205 perceptual=0.7589 adv=0.0785 g_total=0.8579 1.59 it/s
[x64/random_fixed] step 42500/50000 lr=1.49e-05 d=0.5870 pixel=0.0239 perceptual=0.7978 adv=0.0986 g_total=0.9202 1.59 it/s
[x64/random_fixed] step 42600/50000 lr=1.46e-05 d=0.6042 pixel=0.0195 perceptual=0.7316 adv=0.1006 g_total=0.8517 1.59 it/s
[x64/random_fixed] step 42700/50000 lr=1.43e-05 d=0.7057 pixel=0.0179 perceptual=0.6565 adv=0.0911 g_total=0.7655 1.59 it/s
[x64/random_fixed] step 42800/50000 lr=1.41e-05 d=0.6031 pixel=0.0257 perceptual=0.8384 adv=0.0739 g_total=0.9380 1.59 it/s
[x64/random_fixed] step 42900/50000 lr=1.38e-05 d=0.5916 pixel=0.0193 perceptual=0.7523 adv=0.0786 g_total=0.8502 1.59 it/s
[x64/random_fixed] step 43000/50000 lr=1.35e-05 d=0.6059 pixel=0.0190 perceptual=0.7229 adv=0.0776 g_total=0.8194 1.59 it/s
[x64/random_fixed] step 43000 VAL ref_ssim=0.8783 (base 0.8629) ref_mse=0.002121 (base 0.002686) best_ssim=0.8785@16000
[x64/random_fixed] step 43100/50000 lr=1.33e-05 d=0.6078 pixel=0.0233 perceptual=0.8397 adv=0.0790 g_total=0.9420 1.59 it/s
[x64/random_fixed] step 43200/50000 lr=1.30e-05 d=0.5962 pixel=0.0209 perceptual=0.7944 adv=0.0696 g_total=0.8850 1.59 it/s
[x64/random_fixed] step 43300/50000 lr=1.27e-05 d=0.7368 pixel=0.0222 perceptual=0.7665 adv=0.0547 g_total=0.8434 1.59 it/s
[x64/random_fixed] step 43400/50000 lr=1.25e-05 d=0.9326 pixel=0.0227 perceptual=0.8077 adv=0.1004 g_total=0.9308 1.59 it/s
[x64/random_fixed] step 43500/50000 lr=1.22e-05 d=0.7120 pixel=0.0227 perceptual=0.8238 adv=0.0656 g_total=0.9121 1.59 it/s
[x64/random_fixed] step 43600/50000 lr=1.20e-05 d=0.7523 pixel=0.0184 perceptual=0.7341 adv=0.0687 g_total=0.8213 1.59 it/s
[x64/random_fixed] step 43700/50000 lr=1.17e-05 d=0.5811 pixel=0.0183 perceptual=0.6885 adv=0.0841 g_total=0.7909 1.59 it/s
[x64/random_fixed] step 43800/50000 lr=1.15e-05 d=0.6551 pixel=0.0217 perceptual=0.7910 adv=0.0678 g_total=0.8805 1.59 it/s
[x64/random_fixed] step 43900/50000 lr=1.13e-05 d=0.5553 pixel=0.0269 perceptual=0.8590 adv=0.0978 g_total=0.9837 1.59 it/s
[x64/random_fixed] step 44000/50000 lr=1.10e-05 d=0.5977 pixel=0.0184 perceptual=0.6574 adv=0.0915 g_total=0.7674 1.59 it/s
[x64/random_fixed] step 44000 VAL ref_ssim=0.8734 (base 0.8629) ref_mse=0.002426 (base 0.002686) best_ssim=0.8785@16000
[x64/random_fixed] step 44100/50000 lr=1.08e-05 d=0.7305 pixel=0.0226 perceptual=0.7872 adv=0.0600 g_total=0.8698 1.59 it/s
[x64/random_fixed] step 44200/50000 lr=1.06e-05 d=0.5929 pixel=0.0236 perceptual=0.8085 adv=0.0961 g_total=0.9282 1.59 it/s
[x64/random_fixed] step 44300/50000 lr=1.03e-05 d=0.7354 pixel=0.0236 perceptual=0.7794 adv=0.0757 g_total=0.8787 1.59 it/s
[x64/random_fixed] step 44400/50000 lr=1.01e-05 d=0.5476 pixel=0.0204 perceptual=0.8232 adv=0.1025 g_total=0.9461 1.59 it/s
[x64/random_fixed] step 44500/50000 lr=9.91e-06 d=0.6558 pixel=0.0176 perceptual=0.6838 adv=0.0774 g_total=0.7787 1.59 it/s
[x64/random_fixed] step 44600/50000 lr=9.70e-06 d=0.6743 pixel=0.0229 perceptual=0.7766 adv=0.0811 g_total=0.8805 1.59 it/s
[x64/random_fixed] step 44700/50000 lr=9.49e-06 d=0.6548 pixel=0.0221 perceptual=0.7738 adv=0.0782 g_total=0.8741 1.59 it/s
[x64/random_fixed] step 44800/50000 lr=9.29e-06 d=0.6560 pixel=0.0243 perceptual=0.8269 adv=0.0710 g_total=0.9222 1.59 it/s
[x64/random_fixed] step 44900/50000 lr=9.09e-06 d=0.6134 pixel=0.0215 perceptual=0.7597 adv=0.0806 g_total=0.8619 1.59 it/s
[x64/random_fixed] step 45000/50000 lr=8.89e-06 d=0.6260 pixel=0.0193 perceptual=0.7110 adv=0.0787 g_total=0.8090 1.59 it/s
[x64/random_fixed] step 45000 VAL ref_ssim=0.8750 (base 0.8629) ref_mse=0.002304 (base 0.002686) best_ssim=0.8785@16000
[x64/random_fixed] step 45100/50000 lr=8.70e-06 d=0.6558 pixel=0.0219 perceptual=0.8303 adv=0.0903 g_total=0.9425 1.59 it/s
[x64/random_fixed] step 45200/50000 lr=8.51e-06 d=0.6645 pixel=0.0215 perceptual=0.7441 adv=0.0727 g_total=0.8383 1.59 it/s
[x64/random_fixed] step 45300/50000 lr=8.33e-06 d=0.5823 pixel=0.0226 perceptual=0.7929 adv=0.0880 g_total=0.9035 1.59 it/s
[x64/random_fixed] step 45400/50000 lr=8.15e-06 d=0.6478 pixel=0.0219 perceptual=0.8080 adv=0.0796 g_total=0.9094 1.59 it/s
[x64/random_fixed] step 45500/50000 lr=7.97e-06 d=0.6123 pixel=0.0208 perceptual=0.7261 adv=0.0823 g_total=0.8293 1.59 it/s
[x64/random_fixed] step 45600/50000 lr=7.80e-06 d=0.6278 pixel=0.0222 perceptual=0.7235 adv=0.1248 g_total=0.8705 1.59 it/s
[x64/random_fixed] step 45700/50000 lr=7.63e-06 d=0.5431 pixel=0.0286 perceptual=0.9491 adv=0.1039 g_total=1.0815 1.59 it/s
[x64/random_fixed] step 45800/50000 lr=7.46e-06 d=0.4667 pixel=0.0231 perceptual=0.8377 adv=0.1044 g_total=0.9653 1.59 it/s
[x64/random_fixed] step 45900/50000 lr=7.30e-06 d=0.5775 pixel=0.0239 perceptual=0.7537 adv=0.1115 g_total=0.8891 1.59 it/s
[x64/random_fixed] step 46000/50000 lr=7.14e-06 d=0.6283 pixel=0.0200 perceptual=0.7526 adv=0.0996 g_total=0.8721 1.59 it/s
[x64/random_fixed] step 46000 VAL ref_ssim=0.8780 (base 0.8629) ref_mse=0.002103 (base 0.002686) best_ssim=0.8785@16000
[x64/random_fixed] step 46100/50000 lr=6.99e-06 d=0.6350 pixel=0.0245 perceptual=0.8851 adv=0.0810 g_total=0.9906 1.59 it/s
[x64/random_fixed] step 46200/50000 lr=6.84e-06 d=0.6433 pixel=0.0235 perceptual=0.8033 adv=0.0944 g_total=0.9212 1.59 it/s
[x64/random_fixed] step 46300/50000 lr=6.69e-06 d=0.5817 pixel=0.0248 perceptual=0.8598 adv=0.0745 g_total=0.9591 1.59 it/s
[x64/random_fixed] step 46400/50000 lr=6.55e-06 d=0.6052 pixel=0.0238 perceptual=0.9084 adv=0.0832 g_total=1.0155 1.59 it/s
[x64/random_fixed] step 46500/50000 lr=6.41e-06 d=0.6332 pixel=0.0211 perceptual=0.7510 adv=0.0837 g_total=0.8558 1.59 it/s
[x64/random_fixed] step 46600/50000 lr=6.27e-06 d=0.6117 pixel=0.0220 perceptual=0.7825 adv=0.0749 g_total=0.8793 1.59 it/s
[x64/random_fixed] step 46700/50000 lr=6.14e-06 d=0.6333 pixel=0.0256 perceptual=0.8003 adv=0.0631 g_total=0.8890 1.59 it/s
[x64/random_fixed] step 46800/50000 lr=6.02e-06 d=0.6584 pixel=0.0227 perceptual=0.7572 adv=0.0795 g_total=0.8593 1.59 it/s
[x64/random_fixed] step 46900/50000 lr=5.89e-06 d=0.6361 pixel=0.0240 perceptual=0.7889 adv=0.0932 g_total=0.9061 1.59 it/s
[x64/random_fixed] step 47000/50000 lr=5.77e-06 d=0.5397 pixel=0.0261 perceptual=0.7818 adv=0.0974 g_total=0.9054 1.59 it/s
[x64/random_fixed] step 47000 VAL ref_ssim=0.8667 (base 0.8629) ref_mse=0.002283 (base 0.002686) best_ssim=0.8785@16000
[x64/random_fixed] step 47100/50000 lr=5.66e-06 d=0.5369 pixel=0.0256 perceptual=0.8436 adv=0.1078 g_total=0.9770 1.59 it/s
[x64/random_fixed] step 47200/50000 lr=5.54e-06 d=0.5695 pixel=0.0216 perceptual=0.7656 adv=0.0867 g_total=0.8739 1.59 it/s
[x64/random_fixed] step 47300/50000 lr=5.44e-06 d=0.6177 pixel=0.0219 perceptual=0.7773 adv=0.0714 g_total=0.8707 1.59 it/s
[x64/random_fixed] step 47400/50000 lr=5.33e-06 d=0.6343 pixel=0.0247 perceptual=0.8393 adv=0.0804 g_total=0.9445 1.59 it/s
[x64/random_fixed] step 47500/50000 lr=5.23e-06 d=0.5670 pixel=0.0217 perceptual=0.7906 adv=0.0865 g_total=0.8988 1.59 it/s
[x64/random_fixed] step 47600/50000 lr=5.14e-06 d=0.5442 pixel=0.0196 perceptual=0.6805 adv=0.1168 g_total=0.8169 1.59 it/s
[x64/random_fixed] step 47700/50000 lr=5.04e-06 d=0.5150 pixel=0.0247 perceptual=0.8388 adv=0.0959 g_total=0.9594 1.59 it/s
[x64/random_fixed] step 47800/50000 lr=4.95e-06 d=0.6095 pixel=0.0242 perceptual=0.8326 adv=0.0782 g_total=0.9350 1.59 it/s
[x64/random_fixed] step 47900/50000 lr=4.87e-06 d=0.6229 pixel=0.0293 perceptual=0.9475 adv=0.0840 g_total=1.0608 1.59 it/s
[x64/random_fixed] step 48000/50000 lr=4.79e-06 d=0.6063 pixel=0.0201 perceptual=0.7459 adv=0.0801 g_total=0.8460 1.59 it/s
[x64/random_fixed] step 48000 VAL ref_ssim=0.8737 (base 0.8629) ref_mse=0.002212 (base 0.002686) best_ssim=0.8785@16000
[x64/random_fixed] step 48100/50000 lr=4.71e-06 d=0.6090 pixel=0.0189 perceptual=0.6685 adv=0.0928 g_total=0.7801 1.59 it/s
[x64/random_fixed] step 48200/50000 lr=4.64e-06 d=0.6077 pixel=0.0239 perceptual=0.7945 adv=0.0878 g_total=0.9062 1.59 it/s
[x64/random_fixed] step 48300/50000 lr=4.57e-06 d=0.6153 pixel=0.0222 perceptual=0.7169 adv=0.1234 g_total=0.8625 1.59 it/s
[x64/random_fixed] step 48400/50000 lr=4.51e-06 d=0.6266 pixel=0.0195 perceptual=0.7544 adv=0.0831 g_total=0.8570 1.59 it/s
[x64/random_fixed] step 48500/50000 lr=4.44e-06 d=0.4994 pixel=0.0250 perceptual=0.7613 adv=0.1191 g_total=0.9054 1.59 it/s
[x64/random_fixed] step 48600/50000 lr=4.39e-06 d=0.5647 pixel=0.0235 perceptual=0.8411 adv=0.0789 g_total=0.9435 1.59 it/s
[x64/random_fixed] step 48700/50000 lr=4.33e-06 d=0.5727 pixel=0.0203 perceptual=0.7292 adv=0.0994 g_total=0.8489 1.59 it/s
[x64/random_fixed] step 48800/50000 lr=4.28e-06 d=0.5919 pixel=0.0260 perceptual=0.8752 adv=0.0906 g_total=0.9918 1.59 it/s
[x64/random_fixed] step 48900/50000 lr=4.24e-06 d=0.5329 pixel=0.0223 perceptual=0.7745 adv=0.0997 g_total=0.8964 1.59 it/s
[x64/random_fixed] step 49000/50000 lr=4.20e-06 d=0.6103 pixel=0.0181 perceptual=0.6988 adv=0.0868 g_total=0.8036 1.59 it/s
[x64/random_fixed] step 49000 VAL ref_ssim=0.8715 (base 0.8629) ref_mse=0.002224 (base 0.002686) best_ssim=0.8785@16000
[x64/random_fixed] step 49100/50000 lr=4.16e-06 d=0.6488 pixel=0.0248 perceptual=0.8512 adv=0.0755 g_total=0.9516 1.59 it/s
[x64/random_fixed] step 49200/50000 lr=4.13e-06 d=0.5216 pixel=0.0229 perceptual=0.8280 adv=0.0981 g_total=0.9491 1.59 it/s
[x64/random_fixed] step 49300/50000 lr=4.10e-06 d=0.5696 pixel=0.0245 perceptual=0.8638 adv=0.1187 g_total=1.0069 1.59 it/s
[x64/random_fixed] step 49400/50000 lr=4.07e-06 d=0.5709 pixel=0.0248 perceptual=0.8658 adv=0.1327 g_total=1.0233 1.59 it/s
[x64/random_fixed] step 49500/50000 lr=4.05e-06 d=0.5895 pixel=0.0231 perceptual=0.8195 adv=0.0936 g_total=0.9362 1.59 it/s
[x64/random_fixed] step 49600/50000 lr=4.03e-06 d=0.5535 pixel=0.0222 perceptual=0.8231 adv=0.0792 g_total=0.9245 1.59 it/s
[x64/random_fixed] step 49700/50000 lr=4.02e-06 d=0.5087 pixel=0.0247 perceptual=0.8056 adv=0.1361 g_total=0.9664 1.59 it/s
[x64/random_fixed] step 49800/50000 lr=4.01e-06 d=0.6448 pixel=0.0269 perceptual=0.8838 adv=0.0883 g_total=0.9990 1.59 it/s
[x64/random_fixed] step 49900/50000 lr=4.00e-06 d=0.6407 pixel=0.0248 perceptual=0.8284 adv=0.0898 g_total=0.9430 1.59 it/s
[x64/random_fixed] step 50000/50000 lr=4.00e-06 d=0.6112 pixel=0.0221 perceptual=0.7811 adv=0.1032 g_total=0.9064 1.59 it/s
[x64/random_fixed] step 50000 VAL ref_ssim=0.8738 (base 0.8629) ref_mse=0.002331 (base 0.002686) best_ssim=0.8785@16000
[x64/random_fixed] DONE test base->ref  SSIM 0.8543->0.8733 (++0.0190) | MSE 0.002881->0.002186 (-0.000695) | 524.0 min
