Using device: cuda:0
[stage1] training content-aware microscope (learnable=True)...
Using device: cuda:0

=== segmentation/x64_learnable_frequency_seed43_stage1: inverse_warmup_m1 (m=1.0, steps=1500) ===
[inverse_warmup_m1] step=200 m=1.0 loss=0.05590 val_mse=0.02552 bin_frac=0.028
[inverse_warmup_m1] step=400 m=1.0 loss=0.05218 val_mse=0.02729 bin_frac=0.028
[inverse_warmup_m1] step=600 m=1.0 loss=0.05075 val_mse=0.02546 bin_frac=0.028
[inverse_warmup_m1] step=800 m=1.0 loss=0.04358 val_mse=0.02735 bin_frac=0.028
[inverse_warmup_m1] step=1000 m=1.0 loss=0.04602 val_mse=0.02629 bin_frac=0.028
[inverse_warmup_m1] step=1200 m=1.0 loss=0.06616 val_mse=0.02674 bin_frac=0.028
[inverse_warmup_m1] step=1400 m=1.0 loss=0.04243 val_mse=0.02801 bin_frac=0.028
[inverse_warmup_m1] step=1500 m=1.0 loss=0.04219 val_mse=0.02774 bin_frac=0.028

=== segmentation/x64_learnable_frequency_seed43_stage1: joint_soft_m1 (m=1.0, steps=3500) ===
[joint_soft_m1] step=1700 m=1.0 loss=0.04575 val_mse=0.02710 bin_frac=0.028
[joint_soft_m1] step=1900 m=1.0 loss=0.04825 val_mse=0.02601 bin_frac=0.028
[joint_soft_m1] step=2100 m=1.0 loss=0.04219 val_mse=0.02624 bin_frac=0.028
[joint_soft_m1] step=2300 m=1.0 loss=0.04612 val_mse=0.02667 bin_frac=0.028
[joint_soft_m1] step=2500 m=1.0 loss=0.03917 val_mse=0.02520 bin_frac=0.028
[joint_soft_m1] step=2700 m=1.0 loss=0.04207 val_mse=0.02461 bin_frac=0.028
[joint_soft_m1] step=2900 m=1.0 loss=0.03690 val_mse=0.02396 bin_frac=0.028
[joint_soft_m1] step=3100 m=1.0 loss=0.04150 val_mse=0.02348 bin_frac=0.028
[joint_soft_m1] step=3300 m=1.0 loss=0.03708 val_mse=0.02330 bin_frac=0.028
[joint_soft_m1] step=3500 m=1.0 loss=0.03493 val_mse=0.02280 bin_frac=0.028
[joint_soft_m1] step=3700 m=1.0 loss=0.03465 val_mse=0.02129 bin_frac=0.029
[joint_soft_m1] step=3900 m=1.0 loss=0.03291 val_mse=0.02074 bin_frac=0.029
[joint_soft_m1] step=4100 m=1.0 loss=0.02907 val_mse=0.01932 bin_frac=0.029
[joint_soft_m1] step=4300 m=1.0 loss=0.03012 val_mse=0.01910 bin_frac=0.029
[joint_soft_m1] step=4500 m=1.0 loss=0.02898 val_mse=0.01874 bin_frac=0.029
[joint_soft_m1] step=4700 m=1.0 loss=0.02862 val_mse=0.01872 bin_frac=0.029
[joint_soft_m1] step=4900 m=1.0 loss=0.02514 val_mse=0.01738 bin_frac=0.029
[joint_soft_m1] step=5000 m=1.0 loss=0.03392 val_mse=0.01710 bin_frac=0.029

=== segmentation/x64_learnable_frequency_seed43_stage1: harden_m2 (m=2.0, steps=800) ===
[harden_m2] step=5200 m=2.0 loss=0.02567 val_mse=0.01430 bin_frac=0.293
[harden_m2] step=5400 m=2.0 loss=0.03042 val_mse=0.01562 bin_frac=0.294
[harden_m2] step=5600 m=2.0 loss=0.02399 val_mse=0.01351 bin_frac=0.295
[harden_m2] step=5800 m=2.0 loss=0.02270 val_mse=0.01302 bin_frac=0.295

=== segmentation/x64_learnable_frequency_seed43_stage1: harden_m4 (m=4.0, steps=800) ===
[harden_m4] step=6000 m=4.0 loss=0.02420 val_mse=0.01194 bin_frac=0.613
[harden_m4] step=6200 m=4.0 loss=0.02079 val_mse=0.01125 bin_frac=0.614
[harden_m4] step=6400 m=4.0 loss=0.02207 val_mse=0.01096 bin_frac=0.615
[harden_m4] step=6600 m=4.0 loss=0.02074 val_mse=0.01092 bin_frac=0.616

=== segmentation/x64_learnable_frequency_seed43_stage1: harden_m8 (m=8.0, steps=800) ===
[harden_m8] step=6800 m=8.0 loss=0.02174 val_mse=0.01056 bin_frac=0.809
[harden_m8] step=7000 m=8.0 loss=0.01997 val_mse=0.00990 bin_frac=0.811
[harden_m8] step=7200 m=8.0 loss=0.01973 val_mse=0.00991 bin_frac=0.813
[harden_m8] step=7400 m=8.0 loss=0.01987 val_mse=0.00974 bin_frac=0.815
[stage2] trainable report: {"illumination": {"num_params": 1, "total_elems": 262144, "trainable_elems": 0, "all_trainable": false, "all_frozen": true}, "inverse_model": {"num_params": 23, "total_elems": 334337, "trainable_elems": 0, "all_trainable": false, "all_frozen": true}, "segmentation_head": {"num_params": 6, "total_elems": 2625, "trainable_elems": 2625, "all_trainable": true, "all_frozen": false}}
[stage2] segmentation-head-only training (1200 steps)...
[stage2_seg_head] step=1/1200 total=1.05615 bce=0.68940 gn_seg=4.371e-01 gn_inv=0.000e+00 gn_illum=0.000e+00
[stage2_seg_head] step=200/1200 total=0.07987 bce=0.03778 gn_seg=7.192e-02 gn_inv=0.000e+00 gn_illum=0.000e+00
[stage2_seg_head] step=400/1200 total=0.06800 bce=0.04163 gn_seg=1.851e-01 gn_inv=0.000e+00 gn_illum=0.000e+00
[stage2_seg_head] step=600/1200 total=0.06041 bce=0.03757 gn_seg=7.342e-02 gn_inv=0.000e+00 gn_illum=0.000e+00
[stage2_seg_head] step=800/1200 total=0.06118 bce=0.03544 gn_seg=1.038e-02 gn_inv=0.000e+00 gn_illum=0.000e+00
[stage2_seg_head] step=1000/1200 total=0.06245 bce=0.03608 gn_seg=4.364e-02 gn_inv=0.000e+00 gn_illum=0.000e+00
[stage2_seg_head] step=1200/1200 total=0.07213 bce=0.04602 gn_seg=7.333e-02 gn_inv=0.000e+00 gn_illum=0.000e+00
[stage2] val dice=0.9166 iou=0.8462 (t=0.3)
[stage3] trainable report: {"illumination": {"num_params": 1, "total_elems": 262144, "trainable_elems": 262144, "all_trainable": true, "all_frozen": false}, "inverse_model": {"num_params": 23, "total_elems": 334337, "trainable_elems": 334337, "all_trainable": true, "all_frozen": false}, "segmentation_head": {"num_params": 6, "total_elems": 2625, "trainable_elems": 2625, "all_trainable": true, "all_frozen": false}}
[stage3] end-to-end finetuning (2500 steps; phases=[(1.0, 1500), (2.0, 333), (4.0, 333), (8.0, 334)])...
[stage3_finetune_all_m1] step=1/1500 total=0.15101 bce=0.09083 gn_seg=1.018e-01 gn_inv=1.033e+00 gn_illum=6.484e-06
[stage3_finetune_all_m1] step=200/1500 total=0.05561 bce=0.03270 gn_seg=4.808e-01 gn_inv=5.835e-01 gn_illum=3.009e-06
[stage3_finetune_all_m1] step=400/1500 total=0.05677 bce=0.03391 gn_seg=3.748e-02 gn_inv=7.918e-01 gn_illum=3.153e-06
[stage3_finetune_all_m1] step=600/1500 total=0.11502 bce=0.03254 gn_seg=4.508e-01 gn_inv=6.908e-01 gn_illum=4.752e-06
[stage3_finetune_all_m1] step=800/1500 total=0.06080 bce=0.02701 gn_seg=2.240e-01 gn_inv=5.584e-01 gn_illum=2.393e-06
[stage3_finetune_all_m1] step=1000/1500 total=0.04795 bce=0.02881 gn_seg=3.011e-01 gn_inv=6.359e-01 gn_illum=2.974e-06
[stage3_finetune_all_m1] step=1200/1500 total=0.04690 bce=0.02915 gn_seg=6.792e-02 gn_inv=5.051e-01 gn_illum=3.848e-06
[stage3_finetune_all_m1] step=1400/1500 total=0.04155 bce=0.02469 gn_seg=1.219e-01 gn_inv=4.752e-01 gn_illum=2.264e-06
[stage3_finetune_all_m1] step=1500/1500 total=0.04561 bce=0.02715 gn_seg=4.686e-01 gn_inv=6.863e-01 gn_illum=4.312e-06
[stage3_finetune_all_m2] step=1/333 total=0.06280 bce=0.04018 gn_seg=6.716e-01 gn_inv=9.518e-01 gn_illum=4.970e-06
[stage3_finetune_all_m2] step=200/333 total=0.03410 bce=0.01975 gn_seg=3.108e-01 gn_inv=4.494e-01 gn_illum=2.291e-06
[stage3_finetune_all_m2] step=333/333 total=0.03169 bce=0.01810 gn_seg=1.925e-02 gn_inv=3.210e-01 gn_illum=2.125e-06
[stage3_finetune_all_m4] step=1/333 total=0.05782 bce=0.02626 gn_seg=3.674e-01 gn_inv=5.961e-01 gn_illum=4.684e-06
[stage3_finetune_all_m4] step=200/333 total=0.03334 bce=0.02004 gn_seg=1.764e-01 gn_inv=4.510e-01 gn_illum=2.756e-06
[stage3_finetune_all_m4] step=333/333 total=0.03947 bce=0.02459 gn_seg=5.693e-01 gn_inv=7.887e-01 gn_illum=3.659e-06
[stage3_finetune_all_m8] step=1/334 total=0.03618 bce=0.02264 gn_seg=3.963e-02 gn_inv=5.872e-01 gn_illum=5.011e-06
[stage3_finetune_all_m8] step=200/334 total=0.04709 bce=0.01850 gn_seg=1.926e-01 gn_inv=5.251e-01 gn_illum=3.894e-06
[stage3_finetune_all_m8] step=334/334 total=0.03384 bce=0.02125 gn_seg=2.338e-01 gn_inv=4.630e-01 gn_illum=5.058e-06
[stage3] illumination pattern change (eval m=10.0): L2=6.7497e+01 rel=1.9604e-01
[final] test dice=0.9093 iou=0.8338 (val-selected t=0.3); dice@0.5=0.9084
