[x64/random_fixed] loading frozen base ...
[x64/random_fixed] building caches (frozen base forward) ...
[x64/random_fixed] cache: train=7920 val=40 test=60 (61s)
/home/leonidas/workspace/differentiable_micoscopy_replication/microscopy-clean/.venv/lib/python3.12/site-packages/timm/models/layers/__init__.py:49: FutureWarning: Importing from timm.models.layers is deprecated, please import via timm.layers
  warnings.warn(f"Importing from {__name__} is deprecated, please import via timm.layers", FutureWarning)
/home/leonidas/workspace/differentiable_micoscopy_replication/microscopy-clean/.venv/lib/python3.12/site-packages/torch/functional.py:505: UserWarning: torch.meshgrid: in an upcoming release, it will be required to pass the indexing argument. (Triggered internally at /pytorch/aten/src/ATen/native/TensorShape.cpp:4381.)
  return _VF.meshgrid(tensors, **kwargs)  # type: ignore[attr-defined]
[x64/random_fixed] SwinIR params=11.50M embed_dim=180 depths=[6, 6, 6, 6, 6, 6] identity_init=True
[x64/random_fixed] base val: ssim=0.8635 mse=0.002681
[x64/random_fixed] step 100/50000 lr=4.00e-05 d=0.6785 pixel=0.0270 perceptual=1.2086 adv=0.0635 g_total=1.2990 1.63 it/s
[x64/random_fixed] step 200/50000 lr=8.00e-05 d=0.6328 pixel=0.0262 perceptual=1.1860 adv=0.0689 g_total=1.2810 1.61 it/s
[x64/random_fixed] step 300/50000 lr=1.20e-04 d=0.5351 pixel=0.0471 perceptual=1.1925 adv=0.0845 g_total=1.3241 1.61 it/s
[x64/random_fixed] step 400/50000 lr=1.60e-04 d=0.6817 pixel=0.0278 perceptual=1.0790 adv=0.0660 g_total=1.1729 1.62 it/s
[x64/random_fixed] step 500/50000 lr=2.00e-04 d=0.6648 pixel=0.0286 perceptual=0.9997 adv=0.0945 g_total=1.1229 1.62 it/s
[x64/random_fixed] step 600/50000 lr=2.00e-04 d=0.6823 pixel=0.0269 perceptual=1.0094 adv=0.0733 g_total=1.1097 1.62 it/s
[x64/random_fixed] step 700/50000 lr=2.00e-04 d=0.7110 pixel=0.0285 perceptual=0.9133 adv=0.0501 g_total=0.9920 1.62 it/s
[x64/random_fixed] step 800/50000 lr=2.00e-04 d=0.6328 pixel=0.0219 perceptual=0.8413 adv=0.0837 g_total=0.9469 1.62 it/s
[x64/random_fixed] step 900/50000 lr=2.00e-04 d=0.7113 pixel=0.0322 perceptual=0.9927 adv=0.0755 g_total=1.1004 1.62 it/s
[x64/random_fixed] step 1000/50000 lr=2.00e-04 d=0.7116 pixel=0.0209 perceptual=0.7994 adv=0.0801 g_total=0.9004 1.62 it/s
[x64/random_fixed] step 1000 VAL ref_ssim=0.8512 (base 0.8635) ref_mse=0.002529 (base 0.002681) best_ssim=0.8512@1000 *
[x64/random_fixed] step 1100/50000 lr=2.00e-04 d=0.6768 pixel=0.0209 perceptual=0.7398 adv=0.0886 g_total=0.8492 1.60 it/s
[x64/random_fixed] step 1200/50000 lr=2.00e-04 d=0.6356 pixel=0.0258 perceptual=0.9684 adv=0.0695 g_total=1.0636 1.60 it/s
[x64/random_fixed] step 1300/50000 lr=2.00e-04 d=0.6864 pixel=0.0283 perceptual=0.8302 adv=0.0801 g_total=0.9385 1.60 it/s
[x64/random_fixed] step 1400/50000 lr=2.00e-04 d=0.6597 pixel=0.0234 perceptual=0.8624 adv=0.0781 g_total=0.9639 1.60 it/s
[x64/random_fixed] step 1500/50000 lr=2.00e-04 d=0.6955 pixel=0.0220 perceptual=0.8345 adv=0.0812 g_total=0.9378 1.60 it/s
[x64/random_fixed] step 1600/50000 lr=2.00e-04 d=0.6289 pixel=0.0209 perceptual=0.7546 adv=0.0730 g_total=0.8485 1.60 it/s
[x64/random_fixed] step 1700/50000 lr=2.00e-04 d=0.7019 pixel=0.0300 perceptual=0.8294 adv=0.0654 g_total=0.9249 1.60 it/s
[x64/random_fixed] step 1800/50000 lr=2.00e-04 d=0.6457 pixel=0.0216 perceptual=0.8206 adv=0.0804 g_total=0.9227 1.60 it/s
[x64/random_fixed] step 1900/50000 lr=2.00e-04 d=0.6606 pixel=0.0233 perceptual=0.7999 adv=0.0789 g_total=0.9022 1.60 it/s
[x64/random_fixed] step 2000/50000 lr=2.00e-04 d=0.6085 pixel=0.0206 perceptual=0.7963 adv=0.0795 g_total=0.8964 1.60 it/s
[x64/random_fixed] step 2000 VAL ref_ssim=0.8395 (base 0.8635) ref_mse=0.002614 (base 0.002681) best_ssim=0.8512@1000
[x64/random_fixed] step 2100/50000 lr=1.99e-04 d=0.6307 pixel=0.0253 perceptual=0.8727 adv=0.0686 g_total=0.9665 1.59 it/s
[x64/random_fixed] step 2200/50000 lr=1.99e-04 d=0.6363 pixel=0.0235 perceptual=0.8472 adv=0.0772 g_total=0.9479 1.59 it/s
[x64/random_fixed] step 2300/50000 lr=1.99e-04 d=0.6386 pixel=0.0233 perceptual=0.8509 adv=0.0611 g_total=0.9353 1.60 it/s
[x64/random_fixed] step 2400/50000 lr=1.99e-04 d=0.7103 pixel=0.0291 perceptual=0.8898 adv=0.0757 g_total=0.9946 1.60 it/s
[x64/random_fixed] step 2500/50000 lr=1.99e-04 d=0.5981 pixel=0.0226 perceptual=0.8184 adv=0.0708 g_total=0.9118 1.60 it/s
[x64/random_fixed] step 2600/50000 lr=1.99e-04 d=0.6902 pixel=0.0240 perceptual=0.9035 adv=0.0651 g_total=0.9925 1.60 it/s
[x64/random_fixed] step 2700/50000 lr=1.99e-04 d=0.5767 pixel=0.0222 perceptual=0.8526 adv=0.0713 g_total=0.9462 1.60 it/s
[x64/random_fixed] step 2800/50000 lr=1.99e-04 d=0.6928 pixel=0.0220 perceptual=0.8037 adv=0.0746 g_total=0.9003 1.60 it/s
[x64/random_fixed] step 2900/50000 lr=1.99e-04 d=0.6344 pixel=0.0221 perceptual=0.8005 adv=0.0797 g_total=0.9023 1.60 it/s
[x64/random_fixed] step 3000/50000 lr=1.99e-04 d=0.6944 pixel=0.0260 perceptual=0.8654 adv=0.0716 g_total=0.9629 1.60 it/s
[x64/random_fixed] step 3000 VAL ref_ssim=0.8642 (base 0.8635) ref_mse=0.002366 (base 0.002681) best_ssim=0.8642@3000 *
[x64/random_fixed] step 3100/50000 lr=1.99e-04 d=0.6840 pixel=0.0224 perceptual=0.7913 adv=0.0709 g_total=0.8846 1.59 it/s
[x64/random_fixed] step 3200/50000 lr=1.99e-04 d=0.6544 pixel=0.0258 perceptual=0.8625 adv=0.0758 g_total=0.9641 1.59 it/s
[x64/random_fixed] step 3300/50000 lr=1.98e-04 d=0.6779 pixel=0.0229 perceptual=0.7841 adv=0.0684 g_total=0.8753 1.59 it/s
[x64/random_fixed] step 3400/50000 lr=1.98e-04 d=0.6966 pixel=0.0231 perceptual=0.8209 adv=0.0875 g_total=0.9315 1.59 it/s
[x64/random_fixed] step 3500/50000 lr=1.98e-04 d=0.5668 pixel=0.0236 perceptual=0.8839 adv=0.0676 g_total=0.9751 1.59 it/s
[x64/random_fixed] step 3600/50000 lr=1.98e-04 d=0.7469 pixel=0.0245 perceptual=0.9026 adv=0.0917 g_total=1.0188 1.60 it/s
[x64/random_fixed] step 3700/50000 lr=1.98e-04 d=0.6894 pixel=0.0245 perceptual=0.8930 adv=0.0750 g_total=0.9925 1.60 it/s
[x64/random_fixed] step 3800/50000 lr=1.98e-04 d=0.7012 pixel=0.0268 perceptual=0.9760 adv=0.0845 g_total=1.0873 1.60 it/s
[x64/random_fixed] step 3900/50000 lr=1.98e-04 d=0.6714 pixel=0.0228 perceptual=0.8614 adv=0.0509 g_total=0.9351 1.60 it/s
[x64/random_fixed] step 4000/50000 lr=1.98e-04 d=0.6833 pixel=0.0225 perceptual=0.7991 adv=0.0678 g_total=0.8894 1.60 it/s
[x64/random_fixed] step 4000 VAL ref_ssim=0.8714 (base 0.8635) ref_mse=0.002260 (base 0.002681) best_ssim=0.8714@4000 *
[x64/random_fixed] step 4100/50000 lr=1.97e-04 d=0.6267 pixel=0.0262 perceptual=0.7833 adv=0.0764 g_total=0.8858 1.59 it/s
[x64/random_fixed] step 4200/50000 lr=1.97e-04 d=0.6897 pixel=0.0227 perceptual=0.8221 adv=0.0733 g_total=0.9181 1.59 it/s
[x64/random_fixed] step 4300/50000 lr=1.97e-04 d=0.7002 pixel=0.0256 perceptual=0.8711 adv=0.0825 g_total=0.9792 1.59 it/s
[x64/random_fixed] step 4400/50000 lr=1.97e-04 d=0.6896 pixel=0.0225 perceptual=0.7962 adv=0.0786 g_total=0.8972 1.59 it/s
[x64/random_fixed] step 4500/50000 lr=1.97e-04 d=0.6951 pixel=0.0231 perceptual=0.8506 adv=0.0770 g_total=0.9507 1.59 it/s
[x64/random_fixed] step 4600/50000 lr=1.97e-04 d=0.6580 pixel=0.0224 perceptual=0.7705 adv=0.0668 g_total=0.8597 1.59 it/s
[x64/random_fixed] step 4700/50000 lr=1.97e-04 d=0.6924 pixel=0.0285 perceptual=0.9510 adv=0.0765 g_total=1.0560 1.59 it/s
[x64/random_fixed] step 4800/50000 lr=1.96e-04 d=0.7344 pixel=0.0252 perceptual=0.9209 adv=0.0890 g_total=1.0352 1.59 it/s
[x64/random_fixed] step 4900/50000 lr=1.96e-04 d=0.6936 pixel=0.0189 perceptual=0.6922 adv=0.0743 g_total=0.7854 1.59 it/s
[x64/random_fixed] step 5000/50000 lr=1.96e-04 d=0.7302 pixel=0.0213 perceptual=0.8121 adv=0.0852 g_total=0.9185 1.60 it/s
[x64/random_fixed] step 5000 VAL ref_ssim=0.8617 (base 0.8635) ref_mse=0.002311 (base 0.002681) best_ssim=0.8714@4000
[x64/random_fixed] step 5100/50000 lr=1.96e-04 d=0.6837 pixel=0.0221 perceptual=0.8369 adv=0.0823 g_total=0.9413 1.59 it/s
[x64/random_fixed] step 5200/50000 lr=1.96e-04 d=0.6642 pixel=0.0195 perceptual=0.6574 adv=0.0474 g_total=0.7242 1.59 it/s
[x64/random_fixed] step 5300/50000 lr=1.95e-04 d=0.6118 pixel=0.0196 perceptual=0.7675 adv=0.0708 g_total=0.8579 1.59 it/s
[x64/random_fixed] step 5400/50000 lr=1.95e-04 d=0.6905 pixel=0.0232 perceptual=0.8652 adv=0.0751 g_total=0.9635 1.59 it/s
[x64/random_fixed] step 5500/50000 lr=1.95e-04 d=0.6971 pixel=0.0242 perceptual=0.9059 adv=0.0838 g_total=1.0138 1.59 it/s
[x64/random_fixed] step 5600/50000 lr=1.95e-04 d=0.6933 pixel=0.0187 perceptual=0.7359 adv=0.0755 g_total=0.8301 1.59 it/s
[x64/random_fixed] step 5700/50000 lr=1.95e-04 d=0.6998 pixel=0.0253 perceptual=0.8888 adv=0.0788 g_total=0.9929 1.59 it/s
[x64/random_fixed] step 5800/50000 lr=1.95e-04 d=0.6925 pixel=0.0219 perceptual=0.8159 adv=0.0700 g_total=0.9078 1.59 it/s
[x64/random_fixed] step 5900/50000 lr=1.94e-04 d=0.6682 pixel=0.0253 perceptual=0.8566 adv=0.0700 g_total=0.9520 1.59 it/s
[x64/random_fixed] step 6000/50000 lr=1.94e-04 d=0.6152 pixel=0.0244 perceptual=0.8439 adv=0.0757 g_total=0.9440 1.59 it/s
[x64/random_fixed] step 6000 VAL ref_ssim=0.8323 (base 0.8635) ref_mse=0.002265 (base 0.002681) best_ssim=0.8714@4000
[x64/random_fixed] step 6100/50000 lr=1.94e-04 d=0.6364 pixel=0.0176 perceptual=0.6884 adv=0.0735 g_total=0.7795 1.59 it/s
[x64/random_fixed] step 6200/50000 lr=1.94e-04 d=0.6232 pixel=0.0196 perceptual=0.6692 adv=0.0689 g_total=0.7577 1.59 it/s
[x64/random_fixed] step 6300/50000 lr=1.93e-04 d=0.6349 pixel=0.0213 perceptual=0.7773 adv=0.0668 g_total=0.8655 1.59 it/s
[x64/random_fixed] step 6400/50000 lr=1.93e-04 d=0.6907 pixel=0.0246 perceptual=0.8289 adv=0.0755 g_total=0.9290 1.59 it/s
[x64/random_fixed] step 6500/50000 lr=1.93e-04 d=0.6593 pixel=0.0274 perceptual=0.8552 adv=0.0598 g_total=0.9424 1.59 it/s
[x64/random_fixed] step 6600/50000 lr=1.93e-04 d=0.6746 pixel=0.0238 perceptual=0.7778 adv=0.0680 g_total=0.8695 1.59 it/s
[x64/random_fixed] step 6700/50000 lr=1.93e-04 d=0.5998 pixel=0.0226 perceptual=0.8147 adv=0.0683 g_total=0.9055 1.59 it/s
[x64/random_fixed] step 6800/50000 lr=1.92e-04 d=0.6909 pixel=0.0247 perceptual=0.8529 adv=0.0792 g_total=0.9569 1.59 it/s
[x64/random_fixed] step 6900/50000 lr=1.92e-04 d=0.7693 pixel=0.0291 perceptual=0.8911 adv=0.0664 g_total=0.9866 1.59 it/s
[x64/random_fixed] step 7000/50000 lr=1.92e-04 d=0.6857 pixel=0.0224 perceptual=0.8431 adv=0.0674 g_total=0.9329 1.59 it/s
[x64/random_fixed] step 7000 VAL ref_ssim=0.8759 (base 0.8635) ref_mse=0.002117 (base 0.002681) best_ssim=0.8759@7000 *
[x64/random_fixed] step 7100/50000 lr=1.92e-04 d=0.6870 pixel=0.0261 perceptual=0.7860 adv=0.0895 g_total=0.9016 1.59 it/s
[x64/random_fixed] step 7200/50000 lr=1.91e-04 d=0.6994 pixel=0.0242 perceptual=0.8905 adv=0.0850 g_total=0.9997 1.59 it/s
[x64/random_fixed] step 7300/50000 lr=1.91e-04 d=0.5184 pixel=0.0249 perceptual=0.8572 adv=0.0738 g_total=0.9559 1.59 it/s
[x64/random_fixed] step 7400/50000 lr=1.91e-04 d=0.6875 pixel=0.0195 perceptual=0.7295 adv=0.0766 g_total=0.8256 1.59 it/s
[x64/random_fixed] step 7500/50000 lr=1.90e-04 d=0.6543 pixel=0.0214 perceptual=0.7517 adv=0.0590 g_total=0.8320 1.59 it/s
[x64/random_fixed] step 7600/50000 lr=1.90e-04 d=0.7640 pixel=0.0236 perceptual=0.7977 adv=0.0495 g_total=0.8708 1.59 it/s
[x64/random_fixed] step 7700/50000 lr=1.90e-04 d=0.6864 pixel=0.0196 perceptual=0.7185 adv=0.0761 g_total=0.8142 1.59 it/s
[x64/random_fixed] step 7800/50000 lr=1.90e-04 d=0.6826 pixel=0.0214 perceptual=0.7323 adv=0.0734 g_total=0.8271 1.59 it/s
[x64/random_fixed] step 7900/50000 lr=1.89e-04 d=0.6909 pixel=0.0259 perceptual=0.8397 adv=0.0841 g_total=0.9498 1.59 it/s
[x64/random_fixed] step 8000/50000 lr=1.89e-04 d=0.6686 pixel=0.0158 perceptual=0.6269 adv=0.0852 g_total=0.7279 1.59 it/s
[x64/random_fixed] step 8000 VAL ref_ssim=0.8723 (base 0.8635) ref_mse=0.002316 (base 0.002681) best_ssim=0.8759@7000
[x64/random_fixed] step 8100/50000 lr=1.89e-04 d=0.6633 pixel=0.0236 perceptual=0.7681 adv=0.0591 g_total=0.8508 1.59 it/s
[x64/random_fixed] step 8200/50000 lr=1.89e-04 d=0.6531 pixel=0.0256 perceptual=0.8937 adv=0.0542 g_total=0.9735 1.59 it/s
[x64/random_fixed] step 8300/50000 lr=1.88e-04 d=0.6907 pixel=0.0231 perceptual=0.7768 adv=0.0802 g_total=0.8801 1.59 it/s
[x64/random_fixed] step 8400/50000 lr=1.88e-04 d=0.6997 pixel=0.0213 perceptual=0.7886 adv=0.0852 g_total=0.8951 1.59 it/s
[x64/random_fixed] step 8500/50000 lr=1.88e-04 d=0.7341 pixel=0.0223 perceptual=0.8137 adv=0.0887 g_total=0.9247 1.59 it/s
[x64/random_fixed] step 8600/50000 lr=1.87e-04 d=0.6911 pixel=0.0230 perceptual=0.7025 adv=0.0727 g_total=0.7982 1.59 it/s
[x64/random_fixed] step 8700/50000 lr=1.87e-04 d=0.6934 pixel=0.0212 perceptual=0.7952 adv=0.0863 g_total=0.9027 1.59 it/s
[x64/random_fixed] step 8800/50000 lr=1.87e-04 d=0.6784 pixel=0.0177 perceptual=0.6755 adv=0.0829 g_total=0.7761 1.59 it/s
[x64/random_fixed] step 8900/50000 lr=1.86e-04 d=0.6943 pixel=0.0186 perceptual=0.6763 adv=0.0850 g_total=0.7800 1.59 it/s
[x64/random_fixed] step 9000/50000 lr=1.86e-04 d=0.6353 pixel=0.0237 perceptual=0.8209 adv=0.0688 g_total=0.9133 1.59 it/s
[x64/random_fixed] step 9000 VAL ref_ssim=0.8584 (base 0.8635) ref_mse=0.002219 (base 0.002681) best_ssim=0.8759@7000
[x64/random_fixed] step 9100/50000 lr=1.86e-04 d=0.6383 pixel=0.0213 perceptual=0.7697 adv=0.0713 g_total=0.8623 1.59 it/s
[x64/random_fixed] step 9200/50000 lr=1.85e-04 d=0.6481 pixel=0.0252 perceptual=0.8888 adv=0.0692 g_total=0.9831 1.59 it/s
[x64/random_fixed] step 9300/50000 lr=1.85e-04 d=0.6817 pixel=0.0219 perceptual=0.7728 adv=0.0745 g_total=0.8692 1.59 it/s
[x64/random_fixed] step 9400/50000 lr=1.85e-04 d=0.7236 pixel=0.0238 perceptual=0.8699 adv=0.0896 g_total=0.9833 1.59 it/s
[x64/random_fixed] step 9500/50000 lr=1.84e-04 d=0.6828 pixel=0.0215 perceptual=0.7453 adv=0.0778 g_total=0.8446 1.59 it/s
[x64/random_fixed] step 9600/50000 lr=1.84e-04 d=0.6741 pixel=0.0260 perceptual=0.8408 adv=0.0786 g_total=0.9454 1.59 it/s
[x64/random_fixed] step 9700/50000 lr=1.84e-04 d=0.6237 pixel=0.0293 perceptual=0.9256 adv=0.0851 g_total=1.0400 1.59 it/s
[x64/random_fixed] step 9800/50000 lr=1.83e-04 d=0.6282 pixel=0.0180 perceptual=0.6948 adv=0.0748 g_total=0.7876 1.59 it/s
[x64/random_fixed] step 9900/50000 lr=1.83e-04 d=0.6927 pixel=0.0186 perceptual=0.7048 adv=0.0832 g_total=0.8066 1.59 it/s
[x64/random_fixed] step 10000/50000 lr=1.83e-04 d=0.6392 pixel=0.0199 perceptual=0.7669 adv=0.0707 g_total=0.8575 1.59 it/s
[x64/random_fixed] step 10000 VAL ref_ssim=0.8671 (base 0.8635) ref_mse=0.002176 (base 0.002681) best_ssim=0.8759@7000
[x64/random_fixed] step 10100/50000 lr=1.82e-04 d=0.6676 pixel=0.0236 perceptual=0.7858 adv=0.0867 g_total=0.8961 1.59 it/s
[x64/random_fixed] step 10200/50000 lr=1.82e-04 d=0.6571 pixel=0.0178 perceptual=0.6828 adv=0.0650 g_total=0.7655 1.59 it/s
[x64/random_fixed] step 10300/50000 lr=1.82e-04 d=0.6842 pixel=0.0202 perceptual=0.7400 adv=0.0883 g_total=0.8484 1.59 it/s
[x64/random_fixed] step 10400/50000 lr=1.81e-04 d=0.6534 pixel=0.0205 perceptual=0.7830 adv=0.0768 g_total=0.8803 1.59 it/s
[x64/random_fixed] step 10500/50000 lr=1.81e-04 d=0.7467 pixel=0.0212 perceptual=0.6943 adv=0.0689 g_total=0.7844 1.59 it/s
[x64/random_fixed] step 10600/50000 lr=1.81e-04 d=0.7123 pixel=0.0221 perceptual=0.7618 adv=0.0782 g_total=0.8621 1.59 it/s
[x64/random_fixed] step 10700/50000 lr=1.80e-04 d=0.6737 pixel=0.0214 perceptual=0.7646 adv=0.0873 g_total=0.8733 1.59 it/s
[x64/random_fixed] step 10800/50000 lr=1.80e-04 d=0.6864 pixel=0.0255 perceptual=0.8798 adv=0.0766 g_total=0.9819 1.59 it/s
[x64/random_fixed] step 10900/50000 lr=1.79e-04 d=0.6842 pixel=0.0264 perceptual=0.7521 adv=0.0937 g_total=0.8723 1.59 it/s
[x64/random_fixed] step 11000/50000 lr=1.79e-04 d=0.7320 pixel=0.0248 perceptual=0.8430 adv=0.0728 g_total=0.9405 1.59 it/s
[x64/random_fixed] step 11000 VAL ref_ssim=0.8639 (base 0.8635) ref_mse=0.002398 (base 0.002681) best_ssim=0.8759@7000
[x64/random_fixed] step 11100/50000 lr=1.79e-04 d=0.7343 pixel=0.0266 perceptual=0.8449 adv=0.0923 g_total=0.9638 1.59 it/s
[x64/random_fixed] step 11200/50000 lr=1.78e-04 d=0.7092 pixel=0.0218 perceptual=0.7554 adv=0.0884 g_total=0.8656 1.59 it/s
[x64/random_fixed] step 11300/50000 lr=1.78e-04 d=0.7089 pixel=0.0189 perceptual=0.6912 adv=0.0900 g_total=0.8001 1.59 it/s
[x64/random_fixed] step 11400/50000 lr=1.77e-04 d=0.6938 pixel=0.0211 perceptual=0.6983 adv=0.0884 g_total=0.8078 1.59 it/s
[x64/random_fixed] step 11500/50000 lr=1.77e-04 d=0.7014 pixel=0.0187 perceptual=0.6822 adv=0.0891 g_total=0.7901 1.59 it/s
[x64/random_fixed] step 11600/50000 lr=1.77e-04 d=0.7150 pixel=0.0242 perceptual=0.7657 adv=0.0643 g_total=0.8542 1.59 it/s
[x64/random_fixed] step 11700/50000 lr=1.76e-04 d=0.7064 pixel=0.0240 perceptual=0.8442 adv=0.0893 g_total=0.9575 1.59 it/s
[x64/random_fixed] step 11800/50000 lr=1.76e-04 d=0.6936 pixel=0.0206 perceptual=0.7597 adv=0.0825 g_total=0.8628 1.59 it/s
[x64/random_fixed] step 11900/50000 lr=1.75e-04 d=0.6976 pixel=0.0210 perceptual=0.7234 adv=0.0457 g_total=0.7901 1.59 it/s
[x64/random_fixed] step 12000/50000 lr=1.75e-04 d=0.6928 pixel=0.0239 perceptual=0.8081 adv=0.0815 g_total=0.9136 1.59 it/s
[x64/random_fixed] step 12000 VAL ref_ssim=0.8668 (base 0.8635) ref_mse=0.002084 (base 0.002681) best_ssim=0.8759@7000
[x64/random_fixed] step 12100/50000 lr=1.75e-04 d=0.6517 pixel=0.0206 perceptual=0.7162 adv=0.0655 g_total=0.8023 1.59 it/s
[x64/random_fixed] step 12200/50000 lr=1.74e-04 d=0.6706 pixel=0.0222 perceptual=0.8086 adv=0.0689 g_total=0.8996 1.59 it/s
[x64/random_fixed] step 12300/50000 lr=1.74e-04 d=0.6714 pixel=0.0202 perceptual=0.7879 adv=0.0715 g_total=0.8796 1.59 it/s
[x64/random_fixed] step 12400/50000 lr=1.73e-04 d=0.7061 pixel=0.0196 perceptual=0.7160 adv=0.0886 g_total=0.8242 1.59 it/s
[x64/random_fixed] step 12500/50000 lr=1.73e-04 d=0.6101 pixel=0.0234 perceptual=0.8386 adv=0.0660 g_total=0.9281 1.59 it/s
[x64/random_fixed] step 12600/50000 lr=1.72e-04 d=0.6797 pixel=0.0242 perceptual=0.8037 adv=0.0883 g_total=0.9161 1.59 it/s
[x64/random_fixed] step 12700/50000 lr=1.72e-04 d=0.6734 pixel=0.0258 perceptual=0.8168 adv=0.0628 g_total=0.9055 1.59 it/s
[x64/random_fixed] step 12800/50000 lr=1.72e-04 d=0.8534 pixel=0.0221 perceptual=0.8129 adv=0.0459 g_total=0.8809 1.59 it/s
[x64/random_fixed] step 12900/50000 lr=1.71e-04 d=0.5255 pixel=0.0208 perceptual=0.7924 adv=0.0709 g_total=0.8842 1.59 it/s
[x64/random_fixed] step 13000/50000 lr=1.71e-04 d=0.6808 pixel=0.0212 perceptual=0.8160 adv=0.0746 g_total=0.9118 1.59 it/s
[x64/random_fixed] step 13000 VAL ref_ssim=0.8734 (base 0.8635) ref_mse=0.002264 (base 0.002681) best_ssim=0.8759@7000
[x64/random_fixed] step 13100/50000 lr=1.70e-04 d=0.6880 pixel=0.0221 perceptual=0.8039 adv=0.0816 g_total=0.9076 1.59 it/s
[x64/random_fixed] step 13200/50000 lr=1.70e-04 d=0.7011 pixel=0.0195 perceptual=0.7540 adv=0.0831 g_total=0.8565 1.59 it/s
[x64/random_fixed] step 13300/50000 lr=1.69e-04 d=0.8512 pixel=0.0269 perceptual=0.7799 adv=0.0435 g_total=0.8503 1.59 it/s
[x64/random_fixed] step 13400/50000 lr=1.69e-04 d=0.5868 pixel=0.0187 perceptual=0.6796 adv=0.0566 g_total=0.7550 1.59 it/s
[x64/random_fixed] step 13500/50000 lr=1.68e-04 d=0.6895 pixel=0.0198 perceptual=0.7669 adv=0.0838 g_total=0.8705 1.59 it/s
[x64/random_fixed] step 13600/50000 lr=1.68e-04 d=0.7051 pixel=0.0219 perceptual=0.7924 adv=0.0909 g_total=0.9052 1.59 it/s
[x64/random_fixed] step 13700/50000 lr=1.68e-04 d=0.6882 pixel=0.0241 perceptual=0.8059 adv=0.0905 g_total=0.9205 1.59 it/s
[x64/random_fixed] step 13800/50000 lr=1.67e-04 d=0.7002 pixel=0.0192 perceptual=0.6733 adv=0.0854 g_total=0.7779 1.59 it/s
[x64/random_fixed] step 13900/50000 lr=1.67e-04 d=0.6629 pixel=0.0218 perceptual=0.7942 adv=0.0641 g_total=0.8801 1.59 it/s
[x64/random_fixed] step 14000/50000 lr=1.66e-04 d=0.6905 pixel=0.0196 perceptual=0.7127 adv=0.0733 g_total=0.8056 1.59 it/s
[x64/random_fixed] step 14000 VAL ref_ssim=0.8733 (base 0.8635) ref_mse=0.002036 (base 0.002681) best_ssim=0.8759@7000
[x64/random_fixed] step 14100/50000 lr=1.66e-04 d=0.7411 pixel=0.0216 perceptual=0.7550 adv=0.1006 g_total=0.8772 1.59 it/s
[x64/random_fixed] step 14200/50000 lr=1.65e-04 d=0.6786 pixel=0.0269 perceptual=0.8681 adv=0.0815 g_total=0.9765 1.59 it/s
[x64/random_fixed] step 14300/50000 lr=1.65e-04 d=0.7318 pixel=0.0209 perceptual=0.7916 adv=0.0899 g_total=0.9023 1.59 it/s
[x64/random_fixed] step 14400/50000 lr=1.64e-04 d=0.5241 pixel=0.0230 perceptual=0.8189 adv=0.0726 g_total=0.9145 1.59 it/s
[x64/random_fixed] step 14500/50000 lr=1.64e-04 d=0.6551 pixel=0.0245 perceptual=0.8917 adv=0.0803 g_total=0.9965 1.59 it/s
[x64/random_fixed] step 14600/50000 lr=1.63e-04 d=0.6227 pixel=0.0237 perceptual=0.8324 adv=0.0821 g_total=0.9382 1.59 it/s
[x64/random_fixed] step 14700/50000 lr=1.63e-04 d=0.6656 pixel=0.0204 perceptual=0.7802 adv=0.0659 g_total=0.8665 1.59 it/s
[x64/random_fixed] step 14800/50000 lr=1.62e-04 d=0.6828 pixel=0.0276 perceptual=0.8371 adv=0.0674 g_total=0.9322 1.59 it/s
[x64/random_fixed] step 14900/50000 lr=1.62e-04 d=0.6334 pixel=0.0236 perceptual=0.8408 adv=0.0659 g_total=0.9303 1.59 it/s
[x64/random_fixed] step 15000/50000 lr=1.61e-04 d=0.6000 pixel=0.0212 perceptual=0.7662 adv=0.0712 g_total=0.8586 1.59 it/s
[x64/random_fixed] step 15000 VAL ref_ssim=0.8759 (base 0.8635) ref_mse=0.002043 (base 0.002681) best_ssim=0.8759@15000 *
[x64/random_fixed] step 15100/50000 lr=1.61e-04 d=0.6497 pixel=0.0229 perceptual=0.7955 adv=0.0844 g_total=0.9028 1.59 it/s
[x64/random_fixed] step 15200/50000 lr=1.60e-04 d=0.6810 pixel=0.0208 perceptual=0.7551 adv=0.0870 g_total=0.8629 1.59 it/s
[x64/random_fixed] step 15300/50000 lr=1.60e-04 d=0.6714 pixel=0.0216 perceptual=0.7847 adv=0.0818 g_total=0.8881 1.59 it/s
[x64/random_fixed] step 15400/50000 lr=1.59e-04 d=0.6573 pixel=0.0194 perceptual=0.7100 adv=0.0823 g_total=0.8118 1.59 it/s
[x64/random_fixed] step 15500/50000 lr=1.59e-04 d=0.7173 pixel=0.0225 perceptual=0.8614 adv=0.0803 g_total=0.9642 1.59 it/s
[x64/random_fixed] step 15600/50000 lr=1.58e-04 d=0.6383 pixel=0.0194 perceptual=0.6924 adv=0.0850 g_total=0.7968 1.59 it/s
[x64/random_fixed] step 15700/50000 lr=1.58e-04 d=0.5957 pixel=0.0208 perceptual=0.7725 adv=0.0638 g_total=0.8570 1.59 it/s
[x64/random_fixed] step 15800/50000 lr=1.57e-04 d=0.6819 pixel=0.0213 perceptual=0.7827 adv=0.0877 g_total=0.8917 1.59 it/s
[x64/random_fixed] step 15900/50000 lr=1.57e-04 d=0.6219 pixel=0.0258 perceptual=0.8362 adv=0.0782 g_total=0.9402 1.59 it/s
[x64/random_fixed] step 16000/50000 lr=1.56e-04 d=0.6671 pixel=0.0236 perceptual=0.7987 adv=0.0746 g_total=0.8968 1.59 it/s
[x64/random_fixed] step 16000 VAL ref_ssim=0.8604 (base 0.8635) ref_mse=0.002269 (base 0.002681) best_ssim=0.8759@15000
[x64/random_fixed] step 16100/50000 lr=1.56e-04 d=0.6549 pixel=0.0197 perceptual=0.7737 adv=0.0585 g_total=0.8518 1.59 it/s
[x64/random_fixed] step 16200/50000 lr=1.55e-04 d=0.6950 pixel=0.0257 perceptual=0.8671 adv=0.0858 g_total=0.9787 1.59 it/s
[x64/random_fixed] step 16300/50000 lr=1.55e-04 d=0.6438 pixel=0.0224 perceptual=0.7853 adv=0.0759 g_total=0.8836 1.59 it/s
[x64/random_fixed] step 16400/50000 lr=1.54e-04 d=0.7113 pixel=0.0199 perceptual=0.7172 adv=0.0982 g_total=0.8352 1.59 it/s
[x64/random_fixed] step 16500/50000 lr=1.54e-04 d=0.6573 pixel=0.0256 perceptual=0.8812 adv=0.0600 g_total=0.9668 1.59 it/s
[x64/random_fixed] step 16600/50000 lr=1.53e-04 d=0.6467 pixel=0.0226 perceptual=0.7912 adv=0.0846 g_total=0.8983 1.59 it/s
[x64/random_fixed] step 16700/50000 lr=1.53e-04 d=0.6163 pixel=0.0231 perceptual=0.7343 adv=0.0883 g_total=0.8457 1.59 it/s
[x64/random_fixed] step 16800/50000 lr=1.52e-04 d=0.7015 pixel=0.0197 perceptual=0.7293 adv=0.0866 g_total=0.8356 1.59 it/s
[x64/random_fixed] step 16900/50000 lr=1.52e-04 d=0.6303 pixel=0.0227 perceptual=0.7174 adv=0.0827 g_total=0.8228 1.59 it/s
[x64/random_fixed] step 17000/50000 lr=1.51e-04 d=0.6051 pixel=0.0197 perceptual=0.7523 adv=0.0820 g_total=0.8539 1.59 it/s
[x64/random_fixed] step 17000 VAL ref_ssim=0.8774 (base 0.8635) ref_mse=0.002098 (base 0.002681) best_ssim=0.8774@17000 *
[x64/random_fixed] step 17100/50000 lr=1.50e-04 d=0.5940 pixel=0.0191 perceptual=0.7101 adv=0.0718 g_total=0.8009 1.59 it/s
[x64/random_fixed] step 17200/50000 lr=1.50e-04 d=0.5848 pixel=0.0233 perceptual=0.7846 adv=0.0811 g_total=0.8891 1.59 it/s
[x64/random_fixed] step 17300/50000 lr=1.49e-04 d=0.6826 pixel=0.0209 perceptual=0.7486 adv=0.0582 g_total=0.8278 1.59 it/s
[x64/random_fixed] step 17400/50000 lr=1.49e-04 d=0.6447 pixel=0.0200 perceptual=0.7293 adv=0.0848 g_total=0.8341 1.59 it/s
[x64/random_fixed] step 17500/50000 lr=1.48e-04 d=0.6448 pixel=0.0203 perceptual=0.7552 adv=0.0717 g_total=0.8472 1.59 it/s
[x64/random_fixed] step 17600/50000 lr=1.48e-04 d=0.6188 pixel=0.0218 perceptual=0.7095 adv=0.0733 g_total=0.8046 1.59 it/s
[x64/random_fixed] step 17700/50000 lr=1.47e-04 d=0.7109 pixel=0.0220 perceptual=0.7743 adv=0.0892 g_total=0.8856 1.59 it/s
[x64/random_fixed] step 17800/50000 lr=1.47e-04 d=0.6266 pixel=0.0239 perceptual=0.7999 adv=0.0873 g_total=0.9111 1.59 it/s
[x64/random_fixed] step 17900/50000 lr=1.46e-04 d=0.6942 pixel=0.0242 perceptual=0.8677 adv=0.0848 g_total=0.9767 1.59 it/s
[x64/random_fixed] step 18000/50000 lr=1.46e-04 d=0.6678 pixel=0.0209 perceptual=0.7721 adv=0.0707 g_total=0.8637 1.59 it/s
[x64/random_fixed] step 18000 VAL ref_ssim=0.8644 (base 0.8635) ref_mse=0.002316 (base 0.002681) best_ssim=0.8774@17000
[x64/random_fixed] step 18100/50000 lr=1.45e-04 d=0.6616 pixel=0.0201 perceptual=0.7466 adv=0.0845 g_total=0.8511 1.59 it/s
[x64/random_fixed] step 18200/50000 lr=1.44e-04 d=0.6988 pixel=0.0245 perceptual=0.8110 adv=0.0665 g_total=0.9020 1.59 it/s
[x64/random_fixed] step 18300/50000 lr=1.44e-04 d=0.5969 pixel=0.0225 perceptual=0.8259 adv=0.0752 g_total=0.9236 1.59 it/s
[x64/random_fixed] step 18400/50000 lr=1.43e-04 d=0.6688 pixel=0.0207 perceptual=0.7350 adv=0.0740 g_total=0.8297 1.59 it/s
[x64/random_fixed] step 18500/50000 lr=1.43e-04 d=0.6333 pixel=0.0248 perceptual=0.8573 adv=0.0651 g_total=0.9472 1.59 it/s
[x64/random_fixed] step 18600/50000 lr=1.42e-04 d=0.6353 pixel=0.0208 perceptual=0.8015 adv=0.0825 g_total=0.9049 1.59 it/s
[x64/random_fixed] step 18700/50000 lr=1.42e-04 d=0.6712 pixel=0.0202 perceptual=0.7340 adv=0.0821 g_total=0.8363 1.59 it/s
[x64/random_fixed] step 18800/50000 lr=1.41e-04 d=0.7591 pixel=0.0197 perceptual=0.7583 adv=0.0844 g_total=0.8624 1.59 it/s
[x64/random_fixed] step 18900/50000 lr=1.40e-04 d=0.6312 pixel=0.0213 perceptual=0.7845 adv=0.0881 g_total=0.8939 1.59 it/s
[x64/random_fixed] step 19000/50000 lr=1.40e-04 d=0.7070 pixel=0.0282 perceptual=0.8839 adv=0.0791 g_total=0.9912 1.59 it/s
[x64/random_fixed] step 19000 VAL ref_ssim=0.8625 (base 0.8635) ref_mse=0.002769 (base 0.002681) best_ssim=0.8774@17000
[x64/random_fixed] step 19100/50000 lr=1.39e-04 d=0.5735 pixel=0.0230 perceptual=0.8166 adv=0.0817 g_total=0.9213 1.59 it/s
[x64/random_fixed] step 19200/50000 lr=1.39e-04 d=0.6572 pixel=0.0216 perceptual=0.7653 adv=0.0704 g_total=0.8573 1.59 it/s
[x64/random_fixed] step 19300/50000 lr=1.38e-04 d=0.6349 pixel=0.0262 perceptual=0.8369 adv=0.0643 g_total=0.9274 1.59 it/s
[x64/random_fixed] step 19400/50000 lr=1.38e-04 d=0.6824 pixel=0.0201 perceptual=0.7657 adv=0.0608 g_total=0.8466 1.59 it/s
[x64/random_fixed] step 19500/50000 lr=1.37e-04 d=0.6021 pixel=0.0239 perceptual=0.7763 adv=0.0765 g_total=0.8767 1.59 it/s
[x64/random_fixed] step 19600/50000 lr=1.36e-04 d=0.6312 pixel=0.0226 perceptual=0.8667 adv=0.0786 g_total=0.9679 1.59 it/s
[x64/random_fixed] step 19700/50000 lr=1.36e-04 d=0.6060 pixel=0.0226 perceptual=0.8081 adv=0.0765 g_total=0.9073 1.59 it/s
[x64/random_fixed] step 19800/50000 lr=1.35e-04 d=0.6089 pixel=0.0182 perceptual=0.7293 adv=0.0757 g_total=0.8232 1.59 it/s
[x64/random_fixed] step 19900/50000 lr=1.35e-04 d=0.6246 pixel=0.0189 perceptual=0.7166 adv=0.0796 g_total=0.8151 1.59 it/s
[x64/random_fixed] step 20000/50000 lr=1.34e-04 d=0.6161 pixel=0.0195 perceptual=0.7342 adv=0.0789 g_total=0.8325 1.59 it/s
[x64/random_fixed] step 20000 VAL ref_ssim=0.8731 (base 0.8635) ref_mse=0.002220 (base 0.002681) best_ssim=0.8774@17000
[x64/random_fixed] step 20100/50000 lr=1.33e-04 d=0.6066 pixel=0.0239 perceptual=0.8374 adv=0.0771 g_total=0.9384 1.59 it/s
[x64/random_fixed] step 20200/50000 lr=1.33e-04 d=0.6338 pixel=0.0190 perceptual=0.7241 adv=0.0733 g_total=0.8164 1.59 it/s
[x64/random_fixed] step 20300/50000 lr=1.32e-04 d=0.6296 pixel=0.0214 perceptual=0.7816 adv=0.0790 g_total=0.8820 1.59 it/s
[x64/random_fixed] step 20400/50000 lr=1.32e-04 d=0.7000 pixel=0.0208 perceptual=0.7525 adv=0.0686 g_total=0.8419 1.59 it/s
[x64/random_fixed] step 20500/50000 lr=1.31e-04 d=0.6901 pixel=0.0231 perceptual=0.7851 adv=0.0813 g_total=0.8895 1.59 it/s
[x64/random_fixed] step 20600/50000 lr=1.31e-04 d=0.6702 pixel=0.0194 perceptual=0.7784 adv=0.0791 g_total=0.8769 1.59 it/s
[x64/random_fixed] step 20700/50000 lr=1.30e-04 d=0.6244 pixel=0.0222 perceptual=0.8085 adv=0.0890 g_total=0.9197 1.59 it/s
[x64/random_fixed] step 20800/50000 lr=1.29e-04 d=0.7079 pixel=0.0257 perceptual=0.8377 adv=0.0953 g_total=0.9587 1.59 it/s
[x64/random_fixed] step 20900/50000 lr=1.29e-04 d=0.6537 pixel=0.0206 perceptual=0.7305 adv=0.0858 g_total=0.8368 1.59 it/s
[x64/random_fixed] step 21000/50000 lr=1.28e-04 d=0.6415 pixel=0.0233 perceptual=0.8363 adv=0.0721 g_total=0.9318 1.59 it/s
[x64/random_fixed] step 21000 VAL ref_ssim=0.8598 (base 0.8635) ref_mse=0.002246 (base 0.002681) best_ssim=0.8774@17000
[x64/random_fixed] step 21100/50000 lr=1.28e-04 d=0.6690 pixel=0.0199 perceptual=0.6694 adv=0.0853 g_total=0.7745 1.59 it/s
[x64/random_fixed] step 21200/50000 lr=1.27e-04 d=0.6408 pixel=0.0215 perceptual=0.7390 adv=0.0607 g_total=0.8213 1.59 it/s
[x64/random_fixed] step 21300/50000 lr=1.26e-04 d=0.6062 pixel=0.0222 perceptual=0.7931 adv=0.0782 g_total=0.8935 1.59 it/s
[x64/random_fixed] step 21400/50000 lr=1.26e-04 d=0.7253 pixel=0.0242 perceptual=0.8594 adv=0.0675 g_total=0.9511 1.59 it/s
[x64/random_fixed] step 21500/50000 lr=1.25e-04 d=0.6801 pixel=0.0219 perceptual=0.7418 adv=0.0731 g_total=0.8369 1.59 it/s
[x64/random_fixed] step 21600/50000 lr=1.25e-04 d=0.6628 pixel=0.0208 perceptual=0.7578 adv=0.0874 g_total=0.8660 1.59 it/s
[x64/random_fixed] step 21700/50000 lr=1.24e-04 d=0.6333 pixel=0.0239 perceptual=0.7891 adv=0.0663 g_total=0.8793 1.59 it/s
[x64/random_fixed] step 21800/50000 lr=1.23e-04 d=0.6075 pixel=0.0229 perceptual=0.7371 adv=0.0765 g_total=0.8365 1.59 it/s
[x64/random_fixed] step 21900/50000 lr=1.23e-04 d=0.6230 pixel=0.0211 perceptual=0.7724 adv=0.0791 g_total=0.8727 1.59 it/s
[x64/random_fixed] step 22000/50000 lr=1.22e-04 d=0.6170 pixel=0.0212 perceptual=0.7690 adv=0.0712 g_total=0.8614 1.59 it/s
[x64/random_fixed] step 22000 VAL ref_ssim=0.8718 (base 0.8635) ref_mse=0.002347 (base 0.002681) best_ssim=0.8774@17000
[x64/random_fixed] step 22100/50000 lr=1.21e-04 d=0.6420 pixel=0.0255 perceptual=0.8202 adv=0.0741 g_total=0.9198 1.59 it/s
[x64/random_fixed] step 22200/50000 lr=1.21e-04 d=0.6570 pixel=0.0236 perceptual=0.8341 adv=0.0652 g_total=0.9228 1.59 it/s
[x64/random_fixed] step 22300/50000 lr=1.20e-04 d=0.6438 pixel=0.0214 perceptual=0.7925 adv=0.0889 g_total=0.9027 1.59 it/s
[x64/random_fixed] step 22400/50000 lr=1.20e-04 d=0.6116 pixel=0.0207 perceptual=0.7991 adv=0.0795 g_total=0.8994 1.59 it/s
[x64/random_fixed] step 22500/50000 lr=1.19e-04 d=0.7038 pixel=0.0230 perceptual=0.7705 adv=0.0749 g_total=0.8684 1.59 it/s
[x64/random_fixed] step 22600/50000 lr=1.18e-04 d=0.6275 pixel=0.0206 perceptual=0.7693 adv=0.0718 g_total=0.8617 1.59 it/s
[x64/random_fixed] step 22700/50000 lr=1.18e-04 d=0.6818 pixel=0.0210 perceptual=0.7737 adv=0.0692 g_total=0.8638 1.59 it/s
[x64/random_fixed] step 22800/50000 lr=1.17e-04 d=0.6785 pixel=0.0212 perceptual=0.7416 adv=0.0901 g_total=0.8529 1.59 it/s
[x64/random_fixed] step 22900/50000 lr=1.17e-04 d=0.6617 pixel=0.0210 perceptual=0.7065 adv=0.0660 g_total=0.7936 1.59 it/s
[x64/random_fixed] step 23000/50000 lr=1.16e-04 d=0.6217 pixel=0.0204 perceptual=0.7487 adv=0.0810 g_total=0.8502 1.59 it/s
[x64/random_fixed] step 23000 VAL ref_ssim=0.8735 (base 0.8635) ref_mse=0.002154 (base 0.002681) best_ssim=0.8774@17000
[x64/random_fixed] step 23100/50000 lr=1.15e-04 d=0.6461 pixel=0.0235 perceptual=0.8206 adv=0.0683 g_total=0.9124 1.59 it/s
[x64/random_fixed] step 23200/50000 lr=1.15e-04 d=0.6521 pixel=0.0224 perceptual=0.8235 adv=0.0835 g_total=0.9293 1.59 it/s
[x64/random_fixed] step 23300/50000 lr=1.14e-04 d=0.7172 pixel=0.0178 perceptual=0.6379 adv=0.0683 g_total=0.7240 1.59 it/s
[x64/random_fixed] step 23400/50000 lr=1.13e-04 d=0.6615 pixel=0.0216 perceptual=0.7958 adv=0.0641 g_total=0.8815 1.59 it/s
[x64/random_fixed] step 23500/50000 lr=1.13e-04 d=0.7199 pixel=0.0229 perceptual=0.8112 adv=0.0731 g_total=0.9071 1.59 it/s
[x64/random_fixed] step 23600/50000 lr=1.12e-04 d=0.6922 pixel=0.0203 perceptual=0.7502 adv=0.0992 g_total=0.8698 1.59 it/s
[x64/random_fixed] step 23700/50000 lr=1.12e-04 d=0.6227 pixel=0.0241 perceptual=0.8469 adv=0.0740 g_total=0.9450 1.59 it/s
[x64/random_fixed] step 23800/50000 lr=1.11e-04 d=0.7032 pixel=0.0240 perceptual=0.8482 adv=0.0922 g_total=0.9644 1.59 it/s
[x64/random_fixed] step 23900/50000 lr=1.10e-04 d=0.6724 pixel=0.0258 perceptual=0.8557 adv=0.0668 g_total=0.9483 1.59 it/s
[x64/random_fixed] step 24000/50000 lr=1.10e-04 d=0.6691 pixel=0.0223 perceptual=0.7823 adv=0.0800 g_total=0.8847 1.59 it/s
[x64/random_fixed] step 24000 VAL ref_ssim=0.8656 (base 0.8635) ref_mse=0.002501 (base 0.002681) best_ssim=0.8774@17000
[x64/random_fixed] step 24100/50000 lr=1.09e-04 d=0.6304 pixel=0.0242 perceptual=0.7860 adv=0.0858 g_total=0.8959 1.59 it/s
[x64/random_fixed] step 24200/50000 lr=1.09e-04 d=0.6878 pixel=0.0157 perceptual=0.6525 adv=0.0858 g_total=0.7540 1.59 it/s
[x64/random_fixed] step 24300/50000 lr=1.08e-04 d=0.6227 pixel=0.0208 perceptual=0.7798 adv=0.0805 g_total=0.8812 1.59 it/s
[x64/random_fixed] step 24400/50000 lr=1.07e-04 d=0.7189 pixel=0.0222 perceptual=0.7745 adv=0.0839 g_total=0.8806 1.59 it/s
[x64/random_fixed] step 24500/50000 lr=1.07e-04 d=0.6513 pixel=0.0230 perceptual=0.8247 adv=0.0599 g_total=0.9075 1.59 it/s
[x64/random_fixed] step 24600/50000 lr=1.06e-04 d=0.6673 pixel=0.0191 perceptual=0.7066 adv=0.0724 g_total=0.7980 1.59 it/s
[x64/random_fixed] step 24700/50000 lr=1.05e-04 d=0.6380 pixel=0.0213 perceptual=0.7759 adv=0.0659 g_total=0.8631 1.59 it/s
[x64/random_fixed] step 24800/50000 lr=1.05e-04 d=0.6731 pixel=0.0222 perceptual=0.8059 adv=0.0848 g_total=0.9129 1.59 it/s
[x64/random_fixed] step 24900/50000 lr=1.04e-04 d=0.6642 pixel=0.0239 perceptual=0.7546 adv=0.0769 g_total=0.8553 1.59 it/s
[x64/random_fixed] step 25000/50000 lr=1.04e-04 d=0.6502 pixel=0.0259 perceptual=0.8741 adv=0.0787 g_total=0.9787 1.59 it/s
[x64/random_fixed] step 25000 VAL ref_ssim=0.8713 (base 0.8635) ref_mse=0.002217 (base 0.002681) best_ssim=0.8774@17000
[x64/random_fixed] step 25100/50000 lr=1.03e-04 d=0.6309 pixel=0.0257 perceptual=0.7977 adv=0.0783 g_total=0.9017 1.59 it/s
[x64/random_fixed] step 25200/50000 lr=1.02e-04 d=0.6772 pixel=0.0222 perceptual=0.7481 adv=0.0836 g_total=0.8539 1.59 it/s
[x64/random_fixed] step 25300/50000 lr=1.02e-04 d=0.7638 pixel=0.0204 perceptual=0.7095 adv=0.0684 g_total=0.7983 1.59 it/s
[x64/random_fixed] step 25400/50000 lr=1.01e-04 d=0.6015 pixel=0.0224 perceptual=0.7514 adv=0.0856 g_total=0.8594 1.59 it/s
[x64/random_fixed] step 25500/50000 lr=1.00e-04 d=0.6145 pixel=0.0249 perceptual=0.8664 adv=0.0701 g_total=0.9613 1.59 it/s
[x64/random_fixed] step 25600/50000 lr=9.98e-05 d=0.6697 pixel=0.0200 perceptual=0.7048 adv=0.0862 g_total=0.8110 1.59 it/s
[x64/random_fixed] step 25700/50000 lr=9.92e-05 d=0.6741 pixel=0.0187 perceptual=0.7397 adv=0.0823 g_total=0.8407 1.59 it/s
[x64/random_fixed] step 25800/50000 lr=9.86e-05 d=0.7146 pixel=0.0235 perceptual=0.7711 adv=0.0809 g_total=0.8755 1.59 it/s
[x64/random_fixed] step 25900/50000 lr=9.80e-05 d=0.5623 pixel=0.0223 perceptual=0.8499 adv=0.0871 g_total=0.9594 1.59 it/s
[x64/random_fixed] step 26000/50000 lr=9.73e-05 d=0.6401 pixel=0.0232 perceptual=0.8019 adv=0.0946 g_total=0.9197 1.59 it/s
[x64/random_fixed] step 26000 VAL ref_ssim=0.8706 (base 0.8635) ref_mse=0.002418 (base 0.002681) best_ssim=0.8774@17000
[x64/random_fixed] step 26100/50000 lr=9.67e-05 d=0.6283 pixel=0.0244 perceptual=0.7521 adv=0.0755 g_total=0.8520 1.59 it/s
[x64/random_fixed] step 26200/50000 lr=9.61e-05 d=0.5850 pixel=0.0239 perceptual=0.8602 adv=0.0917 g_total=0.9759 1.59 it/s
[x64/random_fixed] step 26300/50000 lr=9.55e-05 d=0.6359 pixel=0.0234 perceptual=0.8177 adv=0.0833 g_total=0.9245 1.59 it/s
[x64/random_fixed] step 26400/50000 lr=9.49e-05 d=0.6473 pixel=0.0234 perceptual=0.8326 adv=0.0857 g_total=0.9416 1.59 it/s
[x64/random_fixed] step 26500/50000 lr=9.42e-05 d=0.6545 pixel=0.0214 perceptual=0.7715 adv=0.0864 g_total=0.8794 1.59 it/s
[x64/random_fixed] step 26600/50000 lr=9.36e-05 d=0.6572 pixel=0.0213 perceptual=0.7615 adv=0.0754 g_total=0.8582 1.59 it/s
[x64/random_fixed] step 26700/50000 lr=9.30e-05 d=0.6827 pixel=0.0196 perceptual=0.6934 adv=0.0704 g_total=0.7833 1.59 it/s
[x64/random_fixed] step 26800/50000 lr=9.24e-05 d=0.6926 pixel=0.0239 perceptual=0.8593 adv=0.0706 g_total=0.9538 1.59 it/s
[x64/random_fixed] step 26900/50000 lr=9.18e-05 d=0.6343 pixel=0.0209 perceptual=0.7606 adv=0.0749 g_total=0.8564 1.59 it/s
[x64/random_fixed] step 27000/50000 lr=9.11e-05 d=0.6832 pixel=0.0201 perceptual=0.7903 adv=0.0839 g_total=0.8944 1.59 it/s
[x64/random_fixed] step 27000 VAL ref_ssim=0.8774 (base 0.8635) ref_mse=0.001951 (base 0.002681) best_ssim=0.8774@27000 *
[x64/random_fixed] step 27100/50000 lr=9.05e-05 d=0.6605 pixel=0.0202 perceptual=0.7895 adv=0.0825 g_total=0.8922 1.59 it/s
[x64/random_fixed] step 27200/50000 lr=8.99e-05 d=0.6295 pixel=0.0215 perceptual=0.7967 adv=0.0889 g_total=0.9072 1.59 it/s
[x64/random_fixed] step 27300/50000 lr=8.93e-05 d=0.6304 pixel=0.0177 perceptual=0.6922 adv=0.0816 g_total=0.7916 1.59 it/s
[x64/random_fixed] step 27400/50000 lr=8.87e-05 d=0.6772 pixel=0.0253 perceptual=0.7892 adv=0.0666 g_total=0.8811 1.59 it/s
[x64/random_fixed] step 27500/50000 lr=8.81e-05 d=0.6484 pixel=0.0220 perceptual=0.8005 adv=0.0796 g_total=0.9021 1.59 it/s
[x64/random_fixed] step 27600/50000 lr=8.74e-05 d=0.6501 pixel=0.0242 perceptual=0.8696 adv=0.0715 g_total=0.9654 1.59 it/s
[x64/random_fixed] step 27700/50000 lr=8.68e-05 d=0.6217 pixel=0.0209 perceptual=0.7625 adv=0.0846 g_total=0.8680 1.59 it/s
[x64/random_fixed] step 27800/50000 lr=8.62e-05 d=0.6902 pixel=0.0259 perceptual=0.8698 adv=0.0918 g_total=0.9875 1.59 it/s
[x64/random_fixed] step 27900/50000 lr=8.56e-05 d=0.6730 pixel=0.0201 perceptual=0.7485 adv=0.0692 g_total=0.8378 1.59 it/s
[x64/random_fixed] step 28000/50000 lr=8.50e-05 d=0.6171 pixel=0.0234 perceptual=0.8294 adv=0.0680 g_total=0.9208 1.59 it/s
[x64/random_fixed] step 28000 VAL ref_ssim=0.8768 (base 0.8635) ref_mse=0.002069 (base 0.002681) best_ssim=0.8774@27000
[x64/random_fixed] step 28100/50000 lr=8.44e-05 d=0.6691 pixel=0.0190 perceptual=0.7180 adv=0.0968 g_total=0.8338 1.59 it/s
[x64/random_fixed] step 28200/50000 lr=8.38e-05 d=0.6536 pixel=0.0246 perceptual=0.8310 adv=0.0758 g_total=0.9314 1.59 it/s
[x64/random_fixed] step 28300/50000 lr=8.32e-05 d=0.6498 pixel=0.0250 perceptual=0.8766 adv=0.0782 g_total=0.9798 1.59 it/s
[x64/random_fixed] step 28400/50000 lr=8.25e-05 d=0.6904 pixel=0.0219 perceptual=0.7548 adv=0.0637 g_total=0.8404 1.59 it/s
[x64/random_fixed] step 28500/50000 lr=8.19e-05 d=0.7005 pixel=0.0173 perceptual=0.6389 adv=0.0830 g_total=0.7391 1.59 it/s
[x64/random_fixed] step 28600/50000 lr=8.13e-05 d=0.7198 pixel=0.0250 perceptual=0.8304 adv=0.0927 g_total=0.9480 1.59 it/s
[x64/random_fixed] step 28700/50000 lr=8.07e-05 d=0.6637 pixel=0.0244 perceptual=0.8426 adv=0.0731 g_total=0.9402 1.59 it/s
[x64/random_fixed] step 28800/50000 lr=8.01e-05 d=0.6763 pixel=0.0245 perceptual=0.8698 adv=0.0802 g_total=0.9745 1.59 it/s
[x64/random_fixed] step 28900/50000 lr=7.95e-05 d=0.6469 pixel=0.0232 perceptual=0.8193 adv=0.0754 g_total=0.9179 1.59 it/s
[x64/random_fixed] step 29000/50000 lr=7.89e-05 d=0.6614 pixel=0.0272 perceptual=0.9095 adv=0.0711 g_total=1.0079 1.59 it/s
[x64/random_fixed] step 29000 VAL ref_ssim=0.8505 (base 0.8635) ref_mse=0.002602 (base 0.002681) best_ssim=0.8774@27000
[x64/random_fixed] step 29100/50000 lr=7.83e-05 d=0.7498 pixel=0.0229 perceptual=0.7927 adv=0.1053 g_total=0.9209 1.59 it/s
[x64/random_fixed] step 29200/50000 lr=7.77e-05 d=0.7121 pixel=0.0211 perceptual=0.7812 adv=0.0753 g_total=0.8776 1.59 it/s
[x64/random_fixed] step 29300/50000 lr=7.71e-05 d=0.6574 pixel=0.0221 perceptual=0.7916 adv=0.0878 g_total=0.9015 1.59 it/s
[x64/random_fixed] step 29400/50000 lr=7.65e-05 d=0.6024 pixel=0.0246 perceptual=0.8233 adv=0.0841 g_total=0.9321 1.59 it/s
[x64/random_fixed] step 29500/50000 lr=7.59e-05 d=0.6270 pixel=0.0203 perceptual=0.7303 adv=0.0756 g_total=0.8262 1.59 it/s
[x64/random_fixed] step 29600/50000 lr=7.53e-05 d=0.6613 pixel=0.0222 perceptual=0.8034 adv=0.0663 g_total=0.8919 1.59 it/s
[x64/random_fixed] step 29700/50000 lr=7.47e-05 d=0.6269 pixel=0.0202 perceptual=0.7808 adv=0.0715 g_total=0.8725 1.59 it/s
[x64/random_fixed] step 29800/50000 lr=7.41e-05 d=0.6793 pixel=0.0229 perceptual=0.7746 adv=0.0721 g_total=0.8696 1.59 it/s
[x64/random_fixed] step 29900/50000 lr=7.35e-05 d=0.6926 pixel=0.0242 perceptual=0.8246 adv=0.0700 g_total=0.9188 1.59 it/s
[x64/random_fixed] step 30000/50000 lr=7.29e-05 d=0.6224 pixel=0.0189 perceptual=0.7000 adv=0.0774 g_total=0.7963 1.59 it/s
[x64/random_fixed] step 30000 VAL ref_ssim=0.8701 (base 0.8635) ref_mse=0.002174 (base 0.002681) best_ssim=0.8774@27000
[x64/random_fixed] step 30100/50000 lr=7.23e-05 d=0.6532 pixel=0.0220 perceptual=0.8166 adv=0.0678 g_total=0.9064 1.59 it/s
[x64/random_fixed] step 30200/50000 lr=7.17e-05 d=0.6926 pixel=0.0234 perceptual=0.7968 adv=0.0641 g_total=0.8843 1.59 it/s
[x64/random_fixed] step 30300/50000 lr=7.11e-05 d=0.7121 pixel=0.0187 perceptual=0.6922 adv=0.0854 g_total=0.7963 1.59 it/s
[x64/random_fixed] step 30400/50000 lr=7.05e-05 d=0.6311 pixel=0.0206 perceptual=0.7860 adv=0.0904 g_total=0.8970 1.59 it/s
[x64/random_fixed] step 30500/50000 lr=7.00e-05 d=0.6449 pixel=0.0241 perceptual=0.8010 adv=0.0853 g_total=0.9104 1.59 it/s
[x64/random_fixed] step 30600/50000 lr=6.94e-05 d=0.6136 pixel=0.0261 perceptual=0.8637 adv=0.0755 g_total=0.9654 1.59 it/s
[x64/random_fixed] step 30700/50000 lr=6.88e-05 d=0.6074 pixel=0.0212 perceptual=0.7845 adv=0.0751 g_total=0.8809 1.59 it/s
[x64/random_fixed] step 30800/50000 lr=6.82e-05 d=0.7187 pixel=0.0199 perceptual=0.7109 adv=0.0768 g_total=0.8076 1.59 it/s
[x64/random_fixed] step 30900/50000 lr=6.76e-05 d=0.6146 pixel=0.0202 perceptual=0.7371 adv=0.0756 g_total=0.8329 1.59 it/s
[x64/random_fixed] step 31000/50000 lr=6.70e-05 d=0.6134 pixel=0.0274 perceptual=0.8279 adv=0.0835 g_total=0.9389 1.59 it/s
[x64/random_fixed] step 31000 VAL ref_ssim=0.8694 (base 0.8635) ref_mse=0.002328 (base 0.002681) best_ssim=0.8774@27000
[x64/random_fixed] step 31100/50000 lr=6.65e-05 d=0.6496 pixel=0.0187 perceptual=0.6845 adv=0.0824 g_total=0.7857 1.59 it/s
[x64/random_fixed] step 31200/50000 lr=6.59e-05 d=0.6612 pixel=0.0233 perceptual=0.7982 adv=0.0953 g_total=0.9168 1.59 it/s
[x64/random_fixed] step 31300/50000 lr=6.53e-05 d=0.6799 pixel=0.0224 perceptual=0.6975 adv=0.0804 g_total=0.8002 1.59 it/s
[x64/random_fixed] step 31400/50000 lr=6.47e-05 d=0.7197 pixel=0.0255 perceptual=0.8480 adv=0.0683 g_total=0.9418 1.59 it/s
[x64/random_fixed] step 31500/50000 lr=6.41e-05 d=0.6443 pixel=0.0214 perceptual=0.7436 adv=0.0971 g_total=0.8621 1.59 it/s
[x64/random_fixed] step 31600/50000 lr=6.36e-05 d=0.7268 pixel=0.0187 perceptual=0.7130 adv=0.0761 g_total=0.8078 1.59 it/s
[x64/random_fixed] step 31700/50000 lr=6.30e-05 d=0.6541 pixel=0.0244 perceptual=0.7855 adv=0.0724 g_total=0.8823 1.59 it/s
[x64/random_fixed] step 31800/50000 lr=6.24e-05 d=0.6690 pixel=0.0196 perceptual=0.7017 adv=0.0746 g_total=0.7960 1.59 it/s
[x64/random_fixed] step 31900/50000 lr=6.19e-05 d=0.6178 pixel=0.0200 perceptual=0.7696 adv=0.0865 g_total=0.8761 1.59 it/s
[x64/random_fixed] step 32000/50000 lr=6.13e-05 d=0.5900 pixel=0.0192 perceptual=0.6973 adv=0.0776 g_total=0.7941 1.59 it/s
[x64/random_fixed] step 32000 VAL ref_ssim=0.8752 (base 0.8635) ref_mse=0.002068 (base 0.002681) best_ssim=0.8774@27000
[x64/random_fixed] step 32100/50000 lr=6.07e-05 d=0.6682 pixel=0.0191 perceptual=0.6950 adv=0.0904 g_total=0.8045 1.59 it/s
[x64/random_fixed] step 32200/50000 lr=6.02e-05 d=0.6536 pixel=0.0213 perceptual=0.7699 adv=0.0731 g_total=0.8644 1.59 it/s
[x64/random_fixed] step 32300/50000 lr=5.96e-05 d=0.6674 pixel=0.0218 perceptual=0.7892 adv=0.0707 g_total=0.8817 1.59 it/s
[x64/random_fixed] step 32400/50000 lr=5.90e-05 d=0.6463 pixel=0.0193 perceptual=0.6568 adv=0.0714 g_total=0.7475 1.59 it/s
[x64/random_fixed] step 32500/50000 lr=5.85e-05 d=0.6297 pixel=0.0211 perceptual=0.7280 adv=0.0966 g_total=0.8457 1.59 it/s
[x64/random_fixed] step 32600/50000 lr=5.79e-05 d=0.5785 pixel=0.0236 perceptual=0.8033 adv=0.0855 g_total=0.9123 1.59 it/s
[x64/random_fixed] step 32700/50000 lr=5.74e-05 d=0.6214 pixel=0.0145 perceptual=0.5928 adv=0.0855 g_total=0.6927 1.59 it/s
[x64/random_fixed] step 32800/50000 lr=5.68e-05 d=0.6249 pixel=0.0160 perceptual=0.6293 adv=0.0846 g_total=0.7299 1.59 it/s
[x64/random_fixed] step 32900/50000 lr=5.63e-05 d=0.6564 pixel=0.0199 perceptual=0.7422 adv=0.0817 g_total=0.8438 1.59 it/s
[x64/random_fixed] step 33000/50000 lr=5.57e-05 d=0.7732 pixel=0.0290 perceptual=0.9417 adv=0.0640 g_total=1.0347 1.59 it/s
[x64/random_fixed] step 33000 VAL ref_ssim=0.8721 (base 0.8635) ref_mse=0.002427 (base 0.002681) best_ssim=0.8774@27000
[x64/random_fixed] step 33100/50000 lr=5.52e-05 d=0.6561 pixel=0.0229 perceptual=0.7947 adv=0.0892 g_total=0.9068 1.59 it/s
[x64/random_fixed] step 33200/50000 lr=5.46e-05 d=0.5834 pixel=0.0257 perceptual=0.8368 adv=0.0716 g_total=0.9341 1.59 it/s
[x64/random_fixed] step 33300/50000 lr=5.41e-05 d=0.6826 pixel=0.0196 perceptual=0.6823 adv=0.0827 g_total=0.7846 1.59 it/s
[x64/random_fixed] step 33400/50000 lr=5.35e-05 d=0.6317 pixel=0.0234 perceptual=0.8190 adv=0.0789 g_total=0.9213 1.59 it/s
[x64/random_fixed] step 33500/50000 lr=5.30e-05 d=0.6351 pixel=0.0208 perceptual=0.7471 adv=0.0820 g_total=0.8500 1.59 it/s
[x64/random_fixed] step 33600/50000 lr=5.25e-05 d=0.6627 pixel=0.0245 perceptual=0.8071 adv=0.0732 g_total=0.9048 1.59 it/s
[x64/random_fixed] step 33700/50000 lr=5.19e-05 d=0.6403 pixel=0.0250 perceptual=0.8833 adv=0.0774 g_total=0.9857 1.59 it/s
[x64/random_fixed] step 33800/50000 lr=5.14e-05 d=0.6491 pixel=0.0210 perceptual=0.7618 adv=0.0675 g_total=0.8504 1.59 it/s
[x64/random_fixed] step 33900/50000 lr=5.09e-05 d=0.6361 pixel=0.0231 perceptual=0.7888 adv=0.0709 g_total=0.8829 1.59 it/s
[x64/random_fixed] step 34000/50000 lr=5.03e-05 d=0.6766 pixel=0.0204 perceptual=0.7828 adv=0.0777 g_total=0.8810 1.59 it/s
[x64/random_fixed] step 34000 VAL ref_ssim=0.8770 (base 0.8635) ref_mse=0.002085 (base 0.002681) best_ssim=0.8774@27000
[x64/random_fixed] step 34100/50000 lr=4.98e-05 d=0.6751 pixel=0.0189 perceptual=0.6770 adv=0.0847 g_total=0.7806 1.59 it/s
[x64/random_fixed] step 34200/50000 lr=4.93e-05 d=0.5885 pixel=0.0231 perceptual=0.8681 adv=0.0835 g_total=0.9746 1.59 it/s
[x64/random_fixed] step 34300/50000 lr=4.88e-05 d=0.7073 pixel=0.0245 perceptual=0.8723 adv=0.0855 g_total=0.9823 1.59 it/s
[x64/random_fixed] step 34400/50000 lr=4.82e-05 d=0.7017 pixel=0.0192 perceptual=0.7176 adv=0.0695 g_total=0.8063 1.59 it/s
[x64/random_fixed] step 34500/50000 lr=4.77e-05 d=0.6181 pixel=0.0232 perceptual=0.8496 adv=0.0702 g_total=0.9430 1.59 it/s
[x64/random_fixed] step 34600/50000 lr=4.72e-05 d=0.6055 pixel=0.0186 perceptual=0.7206 adv=0.0991 g_total=0.8383 1.59 it/s
[x64/random_fixed] step 34700/50000 lr=4.67e-05 d=0.6907 pixel=0.0221 perceptual=0.7829 adv=0.0688 g_total=0.8738 1.59 it/s
[x64/random_fixed] step 34800/50000 lr=4.62e-05 d=0.6269 pixel=0.0194 perceptual=0.7284 adv=0.0711 g_total=0.8190 1.59 it/s
[x64/random_fixed] step 34900/50000 lr=4.57e-05 d=0.7191 pixel=0.0242 perceptual=0.8123 adv=0.0918 g_total=0.9283 1.59 it/s
[x64/random_fixed] step 35000/50000 lr=4.52e-05 d=0.6106 pixel=0.0172 perceptual=0.6872 adv=0.0851 g_total=0.7895 1.59 it/s
[x64/random_fixed] step 35000 VAL ref_ssim=0.8735 (base 0.8635) ref_mse=0.002232 (base 0.002681) best_ssim=0.8774@27000
[x64/random_fixed] step 35100/50000 lr=4.47e-05 d=0.6513 pixel=0.0202 perceptual=0.7281 adv=0.0764 g_total=0.8247 1.59 it/s
[x64/random_fixed] step 35200/50000 lr=4.42e-05 d=0.6117 pixel=0.0179 perceptual=0.6633 adv=0.0814 g_total=0.7626 1.59 it/s
[x64/random_fixed] step 35300/50000 lr=4.36e-05 d=0.5642 pixel=0.0209 perceptual=0.7096 adv=0.0742 g_total=0.8047 1.59 it/s
[x64/random_fixed] step 35400/50000 lr=4.32e-05 d=0.5871 pixel=0.0237 perceptual=0.8323 adv=0.0704 g_total=0.9264 1.59 it/s
[x64/random_fixed] step 35500/50000 lr=4.27e-05 d=0.5989 pixel=0.0204 perceptual=0.7359 adv=0.0846 g_total=0.8409 1.59 it/s
[x64/random_fixed] step 35600/50000 lr=4.22e-05 d=0.6715 pixel=0.0257 perceptual=0.8779 adv=0.0766 g_total=0.9802 1.59 it/s
[x64/random_fixed] step 35700/50000 lr=4.17e-05 d=0.6773 pixel=0.0189 perceptual=0.7211 adv=0.0779 g_total=0.8179 1.59 it/s
[x64/random_fixed] step 35800/50000 lr=4.12e-05 d=0.6824 pixel=0.0175 perceptual=0.6958 adv=0.0915 g_total=0.8048 1.59 it/s
[x64/random_fixed] step 35900/50000 lr=4.07e-05 d=0.6332 pixel=0.0225 perceptual=0.7882 adv=0.0873 g_total=0.8981 1.59 it/s
[x64/random_fixed] step 36000/50000 lr=4.02e-05 d=0.6513 pixel=0.0202 perceptual=0.6879 adv=0.0721 g_total=0.7802 1.59 it/s
[x64/random_fixed] step 36000 VAL ref_ssim=0.8714 (base 0.8635) ref_mse=0.002716 (base 0.002681) best_ssim=0.8774@27000
[x64/random_fixed] step 36100/50000 lr=3.97e-05 d=0.6174 pixel=0.0242 perceptual=0.8461 adv=0.0882 g_total=0.9585 1.59 it/s
[x64/random_fixed] step 36200/50000 lr=3.93e-05 d=0.5947 pixel=0.0208 perceptual=0.6841 adv=0.0867 g_total=0.7915 1.59 it/s
[x64/random_fixed] step 36300/50000 lr=3.88e-05 d=0.6585 pixel=0.0241 perceptual=0.8493 adv=0.0823 g_total=0.9557 1.59 it/s
[x64/random_fixed] step 36400/50000 lr=3.83e-05 d=0.6034 pixel=0.0225 perceptual=0.7822 adv=0.0825 g_total=0.8872 1.59 it/s
[x64/random_fixed] step 36500/50000 lr=3.78e-05 d=0.7054 pixel=0.0234 perceptual=0.8009 adv=0.0891 g_total=0.9134 1.59 it/s
[x64/random_fixed] step 36600/50000 lr=3.74e-05 d=0.6368 pixel=0.0232 perceptual=0.8040 adv=0.0839 g_total=0.9111 1.59 it/s
[x64/random_fixed] step 36700/50000 lr=3.69e-05 d=0.6578 pixel=0.0171 perceptual=0.6445 adv=0.0757 g_total=0.7373 1.59 it/s
[x64/random_fixed] step 36800/50000 lr=3.64e-05 d=0.6101 pixel=0.0168 perceptual=0.6597 adv=0.0961 g_total=0.7726 1.59 it/s
[x64/random_fixed] step 36900/50000 lr=3.60e-05 d=0.5995 pixel=0.0270 perceptual=0.9062 adv=0.0852 g_total=1.0184 1.59 it/s
[x64/random_fixed] step 37000/50000 lr=3.55e-05 d=0.6558 pixel=0.0193 perceptual=0.7202 adv=0.0768 g_total=0.8162 1.59 it/s
[x64/random_fixed] step 37000 VAL ref_ssim=0.8728 (base 0.8635) ref_mse=0.002204 (base 0.002681) best_ssim=0.8774@27000
[x64/random_fixed] step 37100/50000 lr=3.51e-05 d=0.6561 pixel=0.0213 perceptual=0.7579 adv=0.0784 g_total=0.8575 1.59 it/s
[x64/random_fixed] step 37200/50000 lr=3.46e-05 d=0.6081 pixel=0.0202 perceptual=0.7439 adv=0.0741 g_total=0.8383 1.59 it/s
[x64/random_fixed] step 37300/50000 lr=3.42e-05 d=0.6759 pixel=0.0188 perceptual=0.7346 adv=0.0698 g_total=0.8232 1.59 it/s
[x64/random_fixed] step 37400/50000 lr=3.37e-05 d=0.6930 pixel=0.0213 perceptual=0.7861 adv=0.0920 g_total=0.8993 1.59 it/s
[x64/random_fixed] step 37500/50000 lr=3.33e-05 d=0.7151 pixel=0.0189 perceptual=0.7079 adv=0.0859 g_total=0.8127 1.59 it/s
[x64/random_fixed] step 37600/50000 lr=3.28e-05 d=0.6930 pixel=0.0244 perceptual=0.8767 adv=0.0829 g_total=0.9840 1.59 it/s
[x64/random_fixed] step 37700/50000 lr=3.24e-05 d=0.6724 pixel=0.0258 perceptual=0.7991 adv=0.0663 g_total=0.8912 1.59 it/s
[x64/random_fixed] step 37800/50000 lr=3.19e-05 d=0.6000 pixel=0.0212 perceptual=0.7638 adv=0.0852 g_total=0.8701 1.59 it/s
[x64/random_fixed] step 37900/50000 lr=3.15e-05 d=0.6413 pixel=0.0247 perceptual=0.8077 adv=0.0772 g_total=0.9095 1.59 it/s
[x64/random_fixed] step 38000/50000 lr=3.11e-05 d=0.6643 pixel=0.0247 perceptual=0.8029 adv=0.0660 g_total=0.8936 1.59 it/s
[x64/random_fixed] step 38000 VAL ref_ssim=0.8740 (base 0.8635) ref_mse=0.002410 (base 0.002681) best_ssim=0.8774@27000
[x64/random_fixed] step 38100/50000 lr=3.07e-05 d=0.6084 pixel=0.0199 perceptual=0.7661 adv=0.0974 g_total=0.8833 1.59 it/s
[x64/random_fixed] step 38200/50000 lr=3.02e-05 d=0.5964 pixel=0.0209 perceptual=0.7652 adv=0.0979 g_total=0.8840 1.59 it/s
[x64/random_fixed] step 38300/50000 lr=2.98e-05 d=0.6224 pixel=0.0173 perceptual=0.6841 adv=0.0898 g_total=0.7911 1.59 it/s
[x64/random_fixed] step 38400/50000 lr=2.94e-05 d=0.6202 pixel=0.0199 perceptual=0.7370 adv=0.0726 g_total=0.8295 1.59 it/s
[x64/random_fixed] step 38500/50000 lr=2.90e-05 d=0.6545 pixel=0.0223 perceptual=0.7880 adv=0.0791 g_total=0.8895 1.59 it/s
[x64/random_fixed] step 38600/50000 lr=2.86e-05 d=0.6862 pixel=0.0183 perceptual=0.7031 adv=0.0783 g_total=0.7996 1.59 it/s
[x64/random_fixed] step 38700/50000 lr=2.81e-05 d=0.6173 pixel=0.0214 perceptual=0.7979 adv=0.0839 g_total=0.9031 1.59 it/s
[x64/random_fixed] step 38800/50000 lr=2.77e-05 d=0.5658 pixel=0.0232 perceptual=0.8459 adv=0.0923 g_total=0.9614 1.59 it/s
[x64/random_fixed] step 38900/50000 lr=2.73e-05 d=0.5903 pixel=0.0209 perceptual=0.6767 adv=0.0890 g_total=0.7866 1.59 it/s
[x64/random_fixed] step 39000/50000 lr=2.69e-05 d=0.6274 pixel=0.0201 perceptual=0.7171 adv=0.0885 g_total=0.8257 1.59 it/s
[x64/random_fixed] step 39000 VAL ref_ssim=0.8728 (base 0.8635) ref_mse=0.002264 (base 0.002681) best_ssim=0.8774@27000
[x64/random_fixed] step 39100/50000 lr=2.65e-05 d=0.7195 pixel=0.0234 perceptual=0.8009 adv=0.0797 g_total=0.9040 1.59 it/s
[x64/random_fixed] step 39200/50000 lr=2.61e-05 d=0.6259 pixel=0.0221 perceptual=0.8169 adv=0.1078 g_total=0.9468 1.59 it/s
[x64/random_fixed] step 39300/50000 lr=2.57e-05 d=0.5877 pixel=0.0215 perceptual=0.7657 adv=0.0904 g_total=0.8776 1.59 it/s
[x64/random_fixed] step 39400/50000 lr=2.54e-05 d=0.6001 pixel=0.0198 perceptual=0.7345 adv=0.0858 g_total=0.8402 1.59 it/s
[x64/random_fixed] step 39500/50000 lr=2.50e-05 d=0.6861 pixel=0.0212 perceptual=0.7699 adv=0.1006 g_total=0.8918 1.59 it/s
[x64/random_fixed] step 39600/50000 lr=2.46e-05 d=0.6325 pixel=0.0216 perceptual=0.7843 adv=0.0879 g_total=0.8938 1.59 it/s
[x64/random_fixed] step 39700/50000 lr=2.42e-05 d=0.6994 pixel=0.0186 perceptual=0.7224 adv=0.1018 g_total=0.8428 1.59 it/s
[x64/random_fixed] step 39800/50000 lr=2.38e-05 d=0.5785 pixel=0.0221 perceptual=0.8423 adv=0.0867 g_total=0.9511 1.59 it/s
[x64/random_fixed] step 39900/50000 lr=2.35e-05 d=0.6259 pixel=0.0183 perceptual=0.6979 adv=0.1043 g_total=0.8206 1.59 it/s
[x64/random_fixed] step 40000/50000 lr=2.31e-05 d=0.6048 pixel=0.0240 perceptual=0.8125 adv=0.0781 g_total=0.9146 1.59 it/s
[x64/random_fixed] step 40000 VAL ref_ssim=0.8698 (base 0.8635) ref_mse=0.002327 (base 0.002681) best_ssim=0.8774@27000
[x64/random_fixed] step 40100/50000 lr=2.27e-05 d=0.6073 pixel=0.0273 perceptual=0.9091 adv=0.0853 g_total=1.0217 1.59 it/s
[x64/random_fixed] step 40200/50000 lr=2.24e-05 d=0.6285 pixel=0.0266 perceptual=0.8248 adv=0.0759 g_total=0.9273 1.59 it/s
[x64/random_fixed] step 40300/50000 lr=2.20e-05 d=0.5953 pixel=0.0244 perceptual=0.8313 adv=0.0801 g_total=0.9358 1.59 it/s
[x64/random_fixed] step 40400/50000 lr=2.16e-05 d=0.6422 pixel=0.0214 perceptual=0.7886 adv=0.0643 g_total=0.8742 1.59 it/s
[x64/random_fixed] step 40500/50000 lr=2.13e-05 d=0.6436 pixel=0.0230 perceptual=0.8287 adv=0.0706 g_total=0.9224 1.59 it/s
[x64/random_fixed] step 40600/50000 lr=2.09e-05 d=0.6600 pixel=0.0234 perceptual=0.8185 adv=0.0980 g_total=0.9399 1.59 it/s
[x64/random_fixed] step 40700/50000 lr=2.06e-05 d=0.6287 pixel=0.0197 perceptual=0.7160 adv=0.0872 g_total=0.8229 1.59 it/s
[x64/random_fixed] step 40800/50000 lr=2.02e-05 d=0.6319 pixel=0.0243 perceptual=0.8038 adv=0.1037 g_total=0.9318 1.59 it/s
[x64/random_fixed] step 40900/50000 lr=1.99e-05 d=0.5767 pixel=0.0230 perceptual=0.8167 adv=0.0962 g_total=0.9359 1.59 it/s
[x64/random_fixed] step 41000/50000 lr=1.96e-05 d=0.6682 pixel=0.0238 perceptual=0.7751 adv=0.0795 g_total=0.8785 1.59 it/s
[x64/random_fixed] step 41000 VAL ref_ssim=0.8693 (base 0.8635) ref_mse=0.002450 (base 0.002681) best_ssim=0.8774@27000
[x64/random_fixed] step 41100/50000 lr=1.92e-05 d=0.6911 pixel=0.0243 perceptual=0.8427 adv=0.0741 g_total=0.9411 1.59 it/s
[x64/random_fixed] step 41200/50000 lr=1.89e-05 d=0.6952 pixel=0.0251 perceptual=0.8045 adv=0.0845 g_total=0.9141 1.59 it/s
[x64/random_fixed] step 41300/50000 lr=1.86e-05 d=0.5716 pixel=0.0232 perceptual=0.7878 adv=0.0869 g_total=0.8979 1.59 it/s
[x64/random_fixed] step 41400/50000 lr=1.82e-05 d=0.6379 pixel=0.0235 perceptual=0.7421 adv=0.0791 g_total=0.8446 1.59 it/s
[x64/random_fixed] step 41500/50000 lr=1.79e-05 d=0.6316 pixel=0.0219 perceptual=0.7591 adv=0.0863 g_total=0.8673 1.59 it/s
[x64/random_fixed] step 41600/50000 lr=1.76e-05 d=0.5959 pixel=0.0243 perceptual=0.8342 adv=0.0999 g_total=0.9583 1.59 it/s
[x64/random_fixed] step 41700/50000 lr=1.73e-05 d=0.7216 pixel=0.0204 perceptual=0.7038 adv=0.0961 g_total=0.8203 1.59 it/s
[x64/random_fixed] step 41800/50000 lr=1.70e-05 d=0.6445 pixel=0.0205 perceptual=0.8034 adv=0.0655 g_total=0.8894 1.59 it/s
[x64/random_fixed] step 41900/50000 lr=1.67e-05 d=0.6258 pixel=0.0229 perceptual=0.8448 adv=0.0847 g_total=0.9525 1.59 it/s
[x64/random_fixed] step 42000/50000 lr=1.64e-05 d=0.6208 pixel=0.0189 perceptual=0.7111 adv=0.0758 g_total=0.8059 1.59 it/s
[x64/random_fixed] step 42000 VAL ref_ssim=0.8724 (base 0.8635) ref_mse=0.002185 (base 0.002681) best_ssim=0.8774@27000
[x64/random_fixed] step 42100/50000 lr=1.61e-05 d=0.6886 pixel=0.0212 perceptual=0.7867 adv=0.0812 g_total=0.8892 1.59 it/s
[x64/random_fixed] step 42200/50000 lr=1.58e-05 d=0.6193 pixel=0.0175 perceptual=0.6700 adv=0.0803 g_total=0.7678 1.59 it/s
[x64/random_fixed] step 42300/50000 lr=1.55e-05 d=0.6117 pixel=0.0212 perceptual=0.7895 adv=0.0771 g_total=0.8878 1.59 it/s
[x64/random_fixed] step 42400/50000 lr=1.52e-05 d=0.6838 pixel=0.0200 perceptual=0.7662 adv=0.0781 g_total=0.8643 1.59 it/s
[x64/random_fixed] step 42500/50000 lr=1.49e-05 d=0.6133 pixel=0.0220 perceptual=0.7551 adv=0.0783 g_total=0.8554 1.59 it/s
[x64/random_fixed] step 42600/50000 lr=1.46e-05 d=0.6784 pixel=0.0180 perceptual=0.6859 adv=0.0941 g_total=0.7980 1.59 it/s
[x64/random_fixed] step 42700/50000 lr=1.43e-05 d=0.6300 pixel=0.0240 perceptual=0.7531 adv=0.0909 g_total=0.8680 1.59 it/s
[x64/random_fixed] step 42800/50000 lr=1.41e-05 d=0.7077 pixel=0.0219 perceptual=0.7591 adv=0.0799 g_total=0.8609 1.59 it/s
[x64/random_fixed] step 42900/50000 lr=1.38e-05 d=0.6362 pixel=0.0206 perceptual=0.7647 adv=0.0932 g_total=0.8785 1.59 it/s
[x64/random_fixed] step 43000/50000 lr=1.35e-05 d=0.6477 pixel=0.0221 perceptual=0.7425 adv=0.0952 g_total=0.8598 1.59 it/s
[x64/random_fixed] step 43000 VAL ref_ssim=0.8618 (base 0.8635) ref_mse=0.002222 (base 0.002681) best_ssim=0.8774@27000
[x64/random_fixed] step 43100/50000 lr=1.33e-05 d=0.6048 pixel=0.0215 perceptual=0.7212 adv=0.0696 g_total=0.8123 1.59 it/s
[x64/random_fixed] step 43200/50000 lr=1.30e-05 d=0.6901 pixel=0.0201 perceptual=0.7220 adv=0.0591 g_total=0.8012 1.59 it/s
[x64/random_fixed] step 43300/50000 lr=1.27e-05 d=0.6370 pixel=0.0257 perceptual=0.8108 adv=0.0798 g_total=0.9163 1.59 it/s
[x64/random_fixed] step 43400/50000 lr=1.25e-05 d=0.6292 pixel=0.0237 perceptual=0.7434 adv=0.0854 g_total=0.8525 1.59 it/s
[x64/random_fixed] step 43500/50000 lr=1.22e-05 d=0.5850 pixel=0.0181 perceptual=0.7161 adv=0.0707 g_total=0.8048 1.59 it/s
[x64/random_fixed] step 43600/50000 lr=1.20e-05 d=0.5984 pixel=0.0179 perceptual=0.7231 adv=0.0806 g_total=0.8216 1.59 it/s
[x64/random_fixed] step 43700/50000 lr=1.17e-05 d=0.5616 pixel=0.0190 perceptual=0.6574 adv=0.0928 g_total=0.7691 1.59 it/s
[x64/random_fixed] step 43800/50000 lr=1.15e-05 d=0.6091 pixel=0.0228 perceptual=0.7927 adv=0.0862 g_total=0.9017 1.59 it/s
[x64/random_fixed] step 43900/50000 lr=1.13e-05 d=0.5707 pixel=0.0259 perceptual=0.8691 adv=0.0919 g_total=0.9869 1.59 it/s
[x64/random_fixed] step 44000/50000 lr=1.10e-05 d=0.6111 pixel=0.0191 perceptual=0.6707 adv=0.0901 g_total=0.7799 1.59 it/s
[x64/random_fixed] step 44000 VAL ref_ssim=0.8680 (base 0.8635) ref_mse=0.002516 (base 0.002681) best_ssim=0.8774@27000
[x64/random_fixed] step 44100/50000 lr=1.08e-05 d=0.6285 pixel=0.0215 perceptual=0.7062 adv=0.1134 g_total=0.8410 1.59 it/s
[x64/random_fixed] step 44200/50000 lr=1.06e-05 d=0.6366 pixel=0.0229 perceptual=0.7689 adv=0.0813 g_total=0.8731 1.59 it/s
[x64/random_fixed] step 44300/50000 lr=1.03e-05 d=0.5827 pixel=0.0230 perceptual=0.8389 adv=0.1132 g_total=0.9751 1.59 it/s
[x64/random_fixed] step 44400/50000 lr=1.01e-05 d=0.6206 pixel=0.0242 perceptual=0.8129 adv=0.0846 g_total=0.9217 1.59 it/s
[x64/random_fixed] step 44500/50000 lr=9.91e-06 d=0.6164 pixel=0.0191 perceptual=0.7046 adv=0.0859 g_total=0.8097 1.59 it/s
[x64/random_fixed] step 44600/50000 lr=9.70e-06 d=0.7024 pixel=0.0196 perceptual=0.6261 adv=0.0724 g_total=0.7181 1.59 it/s
[x64/random_fixed] step 44700/50000 lr=9.49e-06 d=0.6368 pixel=0.0234 perceptual=0.8025 adv=0.0817 g_total=0.9076 1.59 it/s
[x64/random_fixed] step 44800/50000 lr=9.29e-06 d=0.6319 pixel=0.0197 perceptual=0.7367 adv=0.1029 g_total=0.8593 1.59 it/s
[x64/random_fixed] step 44900/50000 lr=9.09e-06 d=0.6806 pixel=0.0267 perceptual=0.8917 adv=0.0799 g_total=0.9984 1.59 it/s
[x64/random_fixed] step 45000/50000 lr=8.89e-06 d=0.5838 pixel=0.0229 perceptual=0.7865 adv=0.0827 g_total=0.8921 1.59 it/s
[x64/random_fixed] step 45000 VAL ref_ssim=0.8667 (base 0.8635) ref_mse=0.002209 (base 0.002681) best_ssim=0.8774@27000
[x64/random_fixed] step 45100/50000 lr=8.70e-06 d=0.5485 pixel=0.0259 perceptual=0.8678 adv=0.0838 g_total=0.9775 1.59 it/s
[x64/random_fixed] step 45200/50000 lr=8.51e-06 d=0.6351 pixel=0.0274 perceptual=0.7999 adv=0.0695 g_total=0.8968 1.59 it/s
[x64/random_fixed] step 45300/50000 lr=8.33e-06 d=0.5396 pixel=0.0223 perceptual=0.7664 adv=0.1038 g_total=0.8926 1.59 it/s
[x64/random_fixed] step 45400/50000 lr=8.15e-06 d=0.5670 pixel=0.0210 perceptual=0.7493 adv=0.0998 g_total=0.8701 1.59 it/s
[x64/random_fixed] step 45500/50000 lr=7.97e-06 d=0.6565 pixel=0.0207 perceptual=0.7585 adv=0.0749 g_total=0.8541 1.59 it/s
[x64/random_fixed] step 45600/50000 lr=7.80e-06 d=0.6023 pixel=0.0189 perceptual=0.6874 adv=0.1017 g_total=0.8081 1.59 it/s
[x64/random_fixed] step 45700/50000 lr=7.63e-06 d=0.6098 pixel=0.0221 perceptual=0.7731 adv=0.0879 g_total=0.8831 1.59 it/s
[x64/random_fixed] step 45800/50000 lr=7.46e-06 d=0.6694 pixel=0.0262 perceptual=0.8777 adv=0.0745 g_total=0.9783 1.59 it/s
[x64/random_fixed] step 45900/50000 lr=7.30e-06 d=0.6122 pixel=0.0204 perceptual=0.7159 adv=0.0829 g_total=0.8192 1.59 it/s
[x64/random_fixed] step 46000/50000 lr=7.14e-06 d=0.5482 pixel=0.0233 perceptual=0.8183 adv=0.1050 g_total=0.9466 1.59 it/s
[x64/random_fixed] step 46000 VAL ref_ssim=0.8627 (base 0.8635) ref_mse=0.002394 (base 0.002681) best_ssim=0.8774@27000
[x64/random_fixed] step 46100/50000 lr=6.99e-06 d=0.6496 pixel=0.0214 perceptual=0.7785 adv=0.1053 g_total=0.9052 1.59 it/s
[x64/random_fixed] step 46200/50000 lr=6.84e-06 d=0.6668 pixel=0.0208 perceptual=0.8076 adv=0.0800 g_total=0.9084 1.59 it/s
[x64/random_fixed] step 46300/50000 lr=6.69e-06 d=0.5872 pixel=0.0213 perceptual=0.8072 adv=0.0923 g_total=0.9209 1.59 it/s
[x64/random_fixed] step 46400/50000 lr=6.55e-06 d=0.6128 pixel=0.0188 perceptual=0.7039 adv=0.1048 g_total=0.8275 1.59 it/s
[x64/random_fixed] step 46500/50000 lr=6.41e-06 d=0.5768 pixel=0.0227 perceptual=0.7976 adv=0.1085 g_total=0.9288 1.59 it/s
[x64/random_fixed] step 46600/50000 lr=6.27e-06 d=0.6312 pixel=0.0203 perceptual=0.7234 adv=0.0822 g_total=0.8259 1.59 it/s
[x64/random_fixed] step 46700/50000 lr=6.14e-06 d=0.5755 pixel=0.0258 perceptual=0.8491 adv=0.0984 g_total=0.9732 1.59 it/s
[x64/random_fixed] step 46800/50000 lr=6.02e-06 d=0.5053 pixel=0.0202 perceptual=0.7786 adv=0.0914 g_total=0.8901 1.59 it/s
[x64/random_fixed] step 46900/50000 lr=5.89e-06 d=0.6138 pixel=0.0252 perceptual=0.7976 adv=0.0960 g_total=0.9189 1.59 it/s
[x64/random_fixed] step 47000/50000 lr=5.77e-06 d=0.6081 pixel=0.0222 perceptual=0.7646 adv=0.0718 g_total=0.8587 1.59 it/s
[x64/random_fixed] step 47000 VAL ref_ssim=0.8393 (base 0.8635) ref_mse=0.002402 (base 0.002681) best_ssim=0.8774@27000
[x64/random_fixed] step 47100/50000 lr=5.66e-06 d=0.7448 pixel=0.0229 perceptual=0.8135 adv=0.0992 g_total=0.9355 1.59 it/s
[x64/random_fixed] step 47200/50000 lr=5.54e-06 d=0.5883 pixel=0.0205 perceptual=0.7328 adv=0.0818 g_total=0.8351 1.59 it/s
[x64/random_fixed] step 47300/50000 lr=5.44e-06 d=0.5615 pixel=0.0272 perceptual=0.8531 adv=0.1025 g_total=0.9828 1.59 it/s
[x64/random_fixed] step 47400/50000 lr=5.33e-06 d=0.5773 pixel=0.0188 perceptual=0.7024 adv=0.0821 g_total=0.8033 1.59 it/s
[x64/random_fixed] step 47500/50000 lr=5.23e-06 d=0.6046 pixel=0.0209 perceptual=0.7644 adv=0.0954 g_total=0.8807 1.59 it/s
[x64/random_fixed] step 47600/50000 lr=5.14e-06 d=0.5352 pixel=0.0203 perceptual=0.7574 adv=0.1033 g_total=0.8810 1.59 it/s
[x64/random_fixed] step 47700/50000 lr=5.04e-06 d=0.6054 pixel=0.0215 perceptual=0.7929 adv=0.0887 g_total=0.9032 1.59 it/s
[x64/random_fixed] step 47800/50000 lr=4.95e-06 d=0.6531 pixel=0.0262 perceptual=0.8069 adv=0.1288 g_total=0.9618 1.59 it/s
[x64/random_fixed] step 47900/50000 lr=4.87e-06 d=0.5832 pixel=0.0238 perceptual=0.7986 adv=0.0902 g_total=0.9126 1.59 it/s
[x64/random_fixed] step 48000/50000 lr=4.79e-06 d=0.6428 pixel=0.0286 perceptual=0.8918 adv=0.0812 g_total=1.0016 1.59 it/s
[x64/random_fixed] step 48000 VAL ref_ssim=0.8403 (base 0.8635) ref_mse=0.002360 (base 0.002681) best_ssim=0.8774@27000
[x64/random_fixed] step 48100/50000 lr=4.71e-06 d=0.6159 pixel=0.0288 perceptual=0.8229 adv=0.0942 g_total=0.9459 1.59 it/s
[x64/random_fixed] step 48200/50000 lr=4.64e-06 d=0.5268 pixel=0.0242 perceptual=0.8438 adv=0.1009 g_total=0.9689 1.59 it/s
[x64/random_fixed] step 48300/50000 lr=4.57e-06 d=0.5286 pixel=0.0237 perceptual=0.8376 adv=0.1325 g_total=0.9938 1.59 it/s
[x64/random_fixed] step 48400/50000 lr=4.51e-06 d=0.5387 pixel=0.0234 perceptual=0.7994 adv=0.1005 g_total=0.9234 1.59 it/s
[x64/random_fixed] step 48500/50000 lr=4.44e-06 d=0.6044 pixel=0.0245 perceptual=0.7891 adv=0.1224 g_total=0.9360 1.59 it/s
[x64/random_fixed] step 48600/50000 lr=4.39e-06 d=0.5355 pixel=0.0226 perceptual=0.8181 adv=0.0852 g_total=0.9258 1.59 it/s
[x64/random_fixed] step 48700/50000 lr=4.33e-06 d=0.5295 pixel=0.0234 perceptual=0.8489 adv=0.0845 g_total=0.9568 1.59 it/s
[x64/random_fixed] step 48800/50000 lr=4.28e-06 d=0.6442 pixel=0.0311 perceptual=0.9686 adv=0.0771 g_total=1.0768 1.59 it/s
[x64/random_fixed] step 48900/50000 lr=4.24e-06 d=0.6037 pixel=0.0210 perceptual=0.7343 adv=0.1021 g_total=0.8574 1.59 it/s
[x64/random_fixed] step 49000/50000 lr=4.20e-06 d=0.5767 pixel=0.0208 perceptual=0.7380 adv=0.0767 g_total=0.8355 1.59 it/s
[x64/random_fixed] step 49000 VAL ref_ssim=0.8515 (base 0.8635) ref_mse=0.002324 (base 0.002681) best_ssim=0.8774@27000
[x64/random_fixed] step 49100/50000 lr=4.16e-06 d=0.5489 pixel=0.0226 perceptual=0.8298 adv=0.0959 g_total=0.9483 1.59 it/s
[x64/random_fixed] step 49200/50000 lr=4.13e-06 d=0.5617 pixel=0.0195 perceptual=0.7446 adv=0.0817 g_total=0.8458 1.59 it/s
[x64/random_fixed] step 49300/50000 lr=4.10e-06 d=0.6114 pixel=0.0232 perceptual=0.7609 adv=0.0928 g_total=0.8768 1.59 it/s
[x64/random_fixed] step 49400/50000 lr=4.07e-06 d=0.6094 pixel=0.0238 perceptual=0.8019 adv=0.0860 g_total=0.9118 1.59 it/s
[x64/random_fixed] step 49500/50000 lr=4.05e-06 d=0.5794 pixel=0.0247 perceptual=0.7984 adv=0.0930 g_total=0.9161 1.59 it/s
[x64/random_fixed] step 49600/50000 lr=4.03e-06 d=0.5374 pixel=0.0213 perceptual=0.7943 adv=0.1044 g_total=0.9200 1.59 it/s
[x64/random_fixed] step 49700/50000 lr=4.02e-06 d=0.5906 pixel=0.0231 perceptual=0.7985 adv=0.0837 g_total=0.9054 1.59 it/s
[x64/random_fixed] step 49800/50000 lr=4.01e-06 d=0.5863 pixel=0.0255 perceptual=0.8290 adv=0.0700 g_total=0.9245 1.59 it/s
[x64/random_fixed] step 49900/50000 lr=4.00e-06 d=0.5143 pixel=0.0210 perceptual=0.7969 adv=0.1003 g_total=0.9181 1.59 it/s
[x64/random_fixed] step 50000/50000 lr=4.00e-06 d=0.5863 pixel=0.0196 perceptual=0.7125 adv=0.1056 g_total=0.8377 1.59 it/s
[x64/random_fixed] step 50000 VAL ref_ssim=0.8629 (base 0.8635) ref_mse=0.002481 (base 0.002681) best_ssim=0.8774@27000
[x64/random_fixed] DONE test base->ref  SSIM 0.8550->0.8715 (++0.0164) | MSE 0.002890->0.002127 (-0.000763) | 525.5 min
