Using device: cuda:0

=== content/bbbc022_x16_learnable_frequency_seed42: inverse_warmup_m1 (m=1.0, steps=1500) ===
[inverse_warmup_m1] step=200 m=1.0 loss=0.04518 val_mse=0.01231 bin_frac=0.028
[inverse_warmup_m1] step=400 m=1.0 loss=0.02415 val_mse=0.00326 bin_frac=0.028
[inverse_warmup_m1] step=600 m=1.0 loss=0.02239 val_mse=0.00192 bin_frac=0.028
[inverse_warmup_m1] step=800 m=1.0 loss=0.01781 val_mse=0.00170 bin_frac=0.028
[inverse_warmup_m1] step=1000 m=1.0 loss=0.02182 val_mse=0.00155 bin_frac=0.028
[inverse_warmup_m1] step=1200 m=1.0 loss=0.01649 val_mse=0.00156 bin_frac=0.028
[inverse_warmup_m1] step=1400 m=1.0 loss=0.02130 val_mse=0.00256 bin_frac=0.028
[inverse_warmup_m1] step=1500 m=1.0 loss=0.01650 val_mse=0.00143 bin_frac=0.028

=== content/bbbc022_x16_learnable_frequency_seed42: joint_soft_m1 (m=1.0, steps=5000) ===
[joint_soft_m1] step=1700 m=1.0 loss=0.01608 val_mse=0.00135 bin_frac=0.028
[joint_soft_m1] step=1900 m=1.0 loss=0.01653 val_mse=0.00122 bin_frac=0.028
[joint_soft_m1] step=2100 m=1.0 loss=0.01614 val_mse=0.00119 bin_frac=0.028
[joint_soft_m1] step=2300 m=1.0 loss=0.01616 val_mse=0.00137 bin_frac=0.028
[joint_soft_m1] step=2500 m=1.0 loss=0.01747 val_mse=0.00125 bin_frac=0.028
[joint_soft_m1] step=2700 m=1.0 loss=0.01826 val_mse=0.00133 bin_frac=0.028
[joint_soft_m1] step=2900 m=1.0 loss=0.01593 val_mse=0.00115 bin_frac=0.028
[joint_soft_m1] step=3100 m=1.0 loss=0.01510 val_mse=0.00115 bin_frac=0.028
[joint_soft_m1] step=3300 m=1.0 loss=0.01593 val_mse=0.00107 bin_frac=0.028
[joint_soft_m1] step=3500 m=1.0 loss=0.01435 val_mse=0.00109 bin_frac=0.028
[joint_soft_m1] step=3700 m=1.0 loss=0.01537 val_mse=0.00110 bin_frac=0.028
[joint_soft_m1] step=3900 m=1.0 loss=0.01517 val_mse=0.00109 bin_frac=0.028
[joint_soft_m1] step=4100 m=1.0 loss=0.01868 val_mse=0.00125 bin_frac=0.028
[joint_soft_m1] step=4300 m=1.0 loss=0.01442 val_mse=0.00109 bin_frac=0.028
[joint_soft_m1] step=4500 m=1.0 loss=0.01961 val_mse=0.00104 bin_frac=0.028
[joint_soft_m1] step=4700 m=1.0 loss=0.01441 val_mse=0.00104 bin_frac=0.028
[joint_soft_m1] step=4900 m=1.0 loss=0.01487 val_mse=0.00105 bin_frac=0.028
[joint_soft_m1] step=5100 m=1.0 loss=0.02000 val_mse=0.00100 bin_frac=0.028
[joint_soft_m1] step=5300 m=1.0 loss=0.01437 val_mse=0.00104 bin_frac=0.028
[joint_soft_m1] step=5500 m=1.0 loss=0.01508 val_mse=0.00100 bin_frac=0.028
[joint_soft_m1] step=5700 m=1.0 loss=0.01521 val_mse=0.00106 bin_frac=0.028
[joint_soft_m1] step=5900 m=1.0 loss=0.01481 val_mse=0.00102 bin_frac=0.028
[joint_soft_m1] step=6100 m=1.0 loss=0.01525 val_mse=0.00099 bin_frac=0.028
[joint_soft_m1] step=6300 m=1.0 loss=0.01442 val_mse=0.00104 bin_frac=0.028
[joint_soft_m1] step=6500 m=1.0 loss=0.01629 val_mse=0.00096 bin_frac=0.029

=== content/bbbc022_x16_learnable_frequency_seed42: harden_m2 (m=2.0, steps=1200) ===
[harden_m2] step=6700 m=2.0 loss=0.01365 val_mse=0.00111 bin_frac=0.274
[harden_m2] step=6900 m=2.0 loss=0.01474 val_mse=0.00094 bin_frac=0.274
[harden_m2] step=7100 m=2.0 loss=0.01508 val_mse=0.00095 bin_frac=0.274
[harden_m2] step=7300 m=2.0 loss=0.01336 val_mse=0.00095 bin_frac=0.274
[harden_m2] step=7500 m=2.0 loss=0.01741 val_mse=0.00089 bin_frac=0.274
[harden_m2] step=7700 m=2.0 loss=0.01282 val_mse=0.00089 bin_frac=0.274

=== content/bbbc022_x16_learnable_frequency_seed42: harden_m4 (m=4.0, steps=1200) ===
[harden_m4] step=7900 m=4.0 loss=0.01358 val_mse=0.00088 bin_frac=0.585
[harden_m4] step=8100 m=4.0 loss=0.01646 val_mse=0.00089 bin_frac=0.585
[harden_m4] step=8300 m=4.0 loss=0.01264 val_mse=0.00082 bin_frac=0.586
[harden_m4] step=8500 m=4.0 loss=0.01296 val_mse=0.00081 bin_frac=0.586
[harden_m4] step=8700 m=4.0 loss=0.01522 val_mse=0.00079 bin_frac=0.586
[harden_m4] step=8900 m=4.0 loss=0.01298 val_mse=0.00083 bin_frac=0.587

=== content/bbbc022_x16_learnable_frequency_seed42: harden_m8 (m=8.0, steps=1200) ===
[harden_m8] step=9100 m=8.0 loss=0.01366 val_mse=0.00080 bin_frac=0.788
[harden_m8] step=9300 m=8.0 loss=0.01426 val_mse=0.00081 bin_frac=0.788
[harden_m8] step=9500 m=8.0 loss=0.01416 val_mse=0.00075 bin_frac=0.790
[harden_m8] step=9700 m=8.0 loss=0.01218 val_mse=0.00076 bin_frac=0.791
[harden_m8] step=9900 m=8.0 loss=0.01460 val_mse=0.00081 bin_frac=0.793
[harden_m8] step=10100 m=8.0 loss=0.01327 val_mse=0.00066 bin_frac=0.795
