[x256/random_fixed] loading frozen base ...
[x256/random_fixed] building caches (frozen base forward) ...
[x256/random_fixed] cache: train=7920 val=40 test=60 (61s)
/home/leonidas/workspace/differentiable_micoscopy_replication/microscopy-clean/.venv/lib/python3.12/site-packages/timm/models/layers/__init__.py:49: FutureWarning: Importing from timm.models.layers is deprecated, please import via timm.layers
  warnings.warn(f"Importing from {__name__} is deprecated, please import via timm.layers", FutureWarning)
/home/leonidas/workspace/differentiable_micoscopy_replication/microscopy-clean/.venv/lib/python3.12/site-packages/torch/functional.py:505: UserWarning: torch.meshgrid: in an upcoming release, it will be required to pass the indexing argument. (Triggered internally at /pytorch/aten/src/ATen/native/TensorShape.cpp:4381.)
  return _VF.meshgrid(tensors, **kwargs)  # type: ignore[attr-defined]
[x256/random_fixed] SwinIR params=11.50M embed_dim=180 depths=[6, 6, 6, 6, 6, 6] identity_init=True
[x256/random_fixed] base val: ssim=0.7183 mse=0.011806
[x256/random_fixed] step 100/50000 lr=4.00e-05 d=0.6277 pixel=0.0685 perceptual=1.4928 adv=0.0627 g_total=1.6240 1.63 it/s
[x256/random_fixed] step 200/50000 lr=8.00e-05 d=0.5053 pixel=0.0632 perceptual=1.4866 adv=0.0594 g_total=1.6092 1.61 it/s
[x256/random_fixed] step 300/50000 lr=1.20e-04 d=0.7529 pixel=0.0678 perceptual=1.4665 adv=0.0478 g_total=1.5821 1.62 it/s
[x256/random_fixed] step 400/50000 lr=1.60e-04 d=0.6330 pixel=0.0509 perceptual=1.3340 adv=0.0699 g_total=1.4547 1.63 it/s
[x256/random_fixed] step 500/50000 lr=2.00e-04 d=0.7224 pixel=0.0610 perceptual=1.4108 adv=0.0550 g_total=1.5268 1.63 it/s
[x256/random_fixed] step 600/50000 lr=2.00e-04 d=0.7743 pixel=0.0706 perceptual=1.5171 adv=0.0538 g_total=1.6415 1.62 it/s
[x256/random_fixed] step 700/50000 lr=2.00e-04 d=0.5670 pixel=0.0513 perceptual=1.2900 adv=0.0903 g_total=1.4316 1.62 it/s
[x256/random_fixed] step 800/50000 lr=2.00e-04 d=0.5652 pixel=0.0621 perceptual=1.2432 adv=0.1225 g_total=1.4279 1.63 it/s
[x256/random_fixed] step 900/50000 lr=2.00e-04 d=0.6385 pixel=0.0608 perceptual=1.4040 adv=0.0657 g_total=1.5306 1.63 it/s
[x256/random_fixed] step 1000/50000 lr=2.00e-04 d=0.6062 pixel=0.0523 perceptual=1.1835 adv=0.0828 g_total=1.3186 1.62 it/s
[x256/random_fixed] step 1000 VAL ref_ssim=0.7427 (base 0.7183) ref_mse=0.012988 (base 0.011806) best_ssim=0.7427@1000 *
[x256/random_fixed] step 1100/50000 lr=2.00e-04 d=0.6043 pixel=0.0452 perceptual=1.0898 adv=0.0921 g_total=1.2272 1.60 it/s
[x256/random_fixed] step 1200/50000 lr=2.00e-04 d=0.6279 pixel=0.0588 perceptual=1.3677 adv=0.0734 g_total=1.4999 1.60 it/s
[x256/random_fixed] step 1300/50000 lr=2.00e-04 d=0.6021 pixel=0.0623 perceptual=1.2663 adv=0.0889 g_total=1.4175 1.61 it/s
[x256/random_fixed] step 1400/50000 lr=2.00e-04 d=0.6420 pixel=0.0500 perceptual=1.3020 adv=0.0959 g_total=1.4479 1.61 it/s
[x256/random_fixed] step 1500/50000 lr=2.00e-04 d=0.5961 pixel=0.0513 perceptual=1.2480 adv=0.0858 g_total=1.3851 1.61 it/s
[x256/random_fixed] step 1600/50000 lr=2.00e-04 d=0.6347 pixel=0.0438 perceptual=1.1264 adv=0.0822 g_total=1.2524 1.61 it/s
[x256/random_fixed] step 1700/50000 lr=2.00e-04 d=0.6380 pixel=0.0488 perceptual=1.2180 adv=0.1022 g_total=1.3690 1.61 it/s
[x256/random_fixed] step 1800/50000 lr=2.00e-04 d=0.6152 pixel=0.0499 perceptual=1.2266 adv=0.0745 g_total=1.3510 1.61 it/s
[x256/random_fixed] step 1900/50000 lr=2.00e-04 d=0.7383 pixel=0.0688 perceptual=1.2163 adv=0.0870 g_total=1.3721 1.61 it/s
[x256/random_fixed] step 2000/50000 lr=2.00e-04 d=0.6029 pixel=0.0467 perceptual=1.1832 adv=0.0948 g_total=1.3247 1.61 it/s
[x256/random_fixed] step 2000 VAL ref_ssim=0.7429 (base 0.7183) ref_mse=0.012199 (base 0.011806) best_ssim=0.7429@2000 *
[x256/random_fixed] step 2100/50000 lr=1.99e-04 d=0.6627 pixel=0.0658 perceptual=1.2902 adv=0.1181 g_total=1.4741 1.60 it/s
[x256/random_fixed] step 2200/50000 lr=1.99e-04 d=0.6573 pixel=0.0521 perceptual=1.2665 adv=0.0904 g_total=1.4090 1.60 it/s
[x256/random_fixed] step 2300/50000 lr=1.99e-04 d=0.6267 pixel=0.0527 perceptual=1.2041 adv=0.1202 g_total=1.3770 1.60 it/s
[x256/random_fixed] step 2400/50000 lr=1.99e-04 d=0.5668 pixel=0.0555 perceptual=1.2933 adv=0.1059 g_total=1.4546 1.60 it/s
[x256/random_fixed] step 2500/50000 lr=1.99e-04 d=0.6296 pixel=0.0519 perceptual=1.2486 adv=0.1022 g_total=1.4026 1.60 it/s
[x256/random_fixed] step 2600/50000 lr=1.99e-04 d=0.6361 pixel=0.0520 perceptual=1.2890 adv=0.0704 g_total=1.4115 1.60 it/s
[x256/random_fixed] step 2700/50000 lr=1.99e-04 d=0.5910 pixel=0.0505 perceptual=1.3122 adv=0.0950 g_total=1.4577 1.60 it/s
[x256/random_fixed] step 2800/50000 lr=1.99e-04 d=0.5830 pixel=0.0537 perceptual=1.2406 adv=0.0818 g_total=1.3761 1.60 it/s
[x256/random_fixed] step 2900/50000 lr=1.99e-04 d=0.6016 pixel=0.0567 perceptual=1.2302 adv=0.0922 g_total=1.3791 1.60 it/s
[x256/random_fixed] step 3000/50000 lr=1.99e-04 d=0.6013 pixel=0.0569 perceptual=1.2968 adv=0.0764 g_total=1.4301 1.60 it/s
[x256/random_fixed] step 3000 VAL ref_ssim=0.7359 (base 0.7183) ref_mse=0.011553 (base 0.011806) best_ssim=0.7429@2000
[x256/random_fixed] step 3100/50000 lr=1.99e-04 d=0.6068 pixel=0.0466 perceptual=1.1449 adv=0.0894 g_total=1.2808 1.60 it/s
[x256/random_fixed] step 3200/50000 lr=1.99e-04 d=0.4873 pixel=0.0591 perceptual=1.2422 adv=0.1114 g_total=1.4127 1.60 it/s
[x256/random_fixed] step 3300/50000 lr=1.98e-04 d=0.6608 pixel=0.0585 perceptual=1.2324 adv=0.1082 g_total=1.3991 1.60 it/s
[x256/random_fixed] step 3400/50000 lr=1.98e-04 d=0.6082 pixel=0.0450 perceptual=1.1547 adv=0.1102 g_total=1.3099 1.60 it/s
[x256/random_fixed] step 3500/50000 lr=1.98e-04 d=0.6253 pixel=0.0683 perceptual=1.3463 adv=0.0615 g_total=1.4760 1.60 it/s
[x256/random_fixed] step 3600/50000 lr=1.98e-04 d=0.4970 pixel=0.0580 perceptual=1.2692 adv=0.1145 g_total=1.4417 1.60 it/s
[x256/random_fixed] step 3700/50000 lr=1.98e-04 d=0.7020 pixel=0.0564 perceptual=1.2884 adv=0.0674 g_total=1.4121 1.60 it/s
[x256/random_fixed] step 3800/50000 lr=1.98e-04 d=0.6569 pixel=0.0586 perceptual=1.4495 adv=0.1099 g_total=1.6180 1.60 it/s
[x256/random_fixed] step 3900/50000 lr=1.98e-04 d=0.5093 pixel=0.0612 perceptual=1.3721 adv=0.1038 g_total=1.5372 1.60 it/s
[x256/random_fixed] step 4000/50000 lr=1.98e-04 d=0.7176 pixel=0.0494 perceptual=1.2172 adv=0.0645 g_total=1.3312 1.60 it/s
[x256/random_fixed] step 4000 VAL ref_ssim=0.7355 (base 0.7183) ref_mse=0.011002 (base 0.011806) best_ssim=0.7429@2000
[x256/random_fixed] step 4100/50000 lr=1.97e-04 d=0.5833 pixel=0.0462 perceptual=1.1339 adv=0.1009 g_total=1.2810 1.60 it/s
[x256/random_fixed] step 4200/50000 lr=1.97e-04 d=0.6422 pixel=0.0574 perceptual=1.3177 adv=0.1127 g_total=1.4878 1.60 it/s
[x256/random_fixed] step 4300/50000 lr=1.97e-04 d=0.4536 pixel=0.0590 perceptual=1.2454 adv=0.1164 g_total=1.4208 1.60 it/s
[x256/random_fixed] step 4400/50000 lr=1.97e-04 d=0.5518 pixel=0.0495 perceptual=1.2255 adv=0.0889 g_total=1.3639 1.60 it/s
[x256/random_fixed] step 4500/50000 lr=1.97e-04 d=0.6099 pixel=0.0568 perceptual=1.3087 adv=0.0840 g_total=1.4495 1.60 it/s
[x256/random_fixed] step 4600/50000 lr=1.97e-04 d=0.5632 pixel=0.0508 perceptual=1.2200 adv=0.1099 g_total=1.3807 1.60 it/s
[x256/random_fixed] step 4700/50000 lr=1.97e-04 d=0.5286 pixel=0.0686 perceptual=1.4047 adv=0.1131 g_total=1.5864 1.60 it/s
[x256/random_fixed] step 4800/50000 lr=1.96e-04 d=0.4922 pixel=0.0562 perceptual=1.3766 adv=0.0973 g_total=1.5300 1.60 it/s
[x256/random_fixed] step 4900/50000 lr=1.96e-04 d=0.5509 pixel=0.0504 perceptual=1.1218 adv=0.0892 g_total=1.2615 1.60 it/s
[x256/random_fixed] step 5000/50000 lr=1.96e-04 d=0.5018 pixel=0.0551 perceptual=1.2273 adv=0.0932 g_total=1.3756 1.60 it/s
[x256/random_fixed] step 5000 VAL ref_ssim=0.6245 (base 0.7183) ref_mse=0.013638 (base 0.011806) best_ssim=0.7429@2000
[x256/random_fixed] step 5100/50000 lr=1.96e-04 d=0.5482 pixel=0.0519 perceptual=1.1977 adv=0.0886 g_total=1.3382 1.59 it/s
[x256/random_fixed] step 5200/50000 lr=1.96e-04 d=0.6351 pixel=0.0413 perceptual=0.9675 adv=0.1019 g_total=1.1106 1.60 it/s
[x256/random_fixed] step 5300/50000 lr=1.95e-04 d=0.6102 pixel=0.0463 perceptual=1.2435 adv=0.0757 g_total=1.3655 1.60 it/s
[x256/random_fixed] step 5400/50000 lr=1.95e-04 d=0.6457 pixel=0.0566 perceptual=1.3355 adv=0.0714 g_total=1.4634 1.60 it/s
[x256/random_fixed] step 5500/50000 lr=1.95e-04 d=0.6539 pixel=0.0658 perceptual=1.3878 adv=0.0912 g_total=1.5449 1.60 it/s
[x256/random_fixed] step 5600/50000 lr=1.95e-04 d=0.6198 pixel=0.0521 perceptual=1.1908 adv=0.0912 g_total=1.3340 1.60 it/s
[x256/random_fixed] step 5700/50000 lr=1.95e-04 d=0.6546 pixel=0.0666 perceptual=1.3943 adv=0.0789 g_total=1.5397 1.60 it/s
[x256/random_fixed] step 5800/50000 lr=1.95e-04 d=0.7040 pixel=0.0494 perceptual=1.2564 adv=0.0703 g_total=1.3761 1.60 it/s
[x256/random_fixed] step 5900/50000 lr=1.94e-04 d=0.6246 pixel=0.0572 perceptual=1.2287 adv=0.1289 g_total=1.4148 1.60 it/s
[x256/random_fixed] step 6000/50000 lr=1.94e-04 d=0.6919 pixel=0.0490 perceptual=1.2352 adv=0.0513 g_total=1.3354 1.60 it/s
[x256/random_fixed] step 6000 VAL ref_ssim=0.7619 (base 0.7183) ref_mse=0.010590 (base 0.011806) best_ssim=0.7619@6000 *
[x256/random_fixed] step 6100/50000 lr=1.94e-04 d=0.6017 pixel=0.0419 perceptual=1.0392 adv=0.0911 g_total=1.1721 1.59 it/s
[x256/random_fixed] step 6200/50000 lr=1.94e-04 d=0.6258 pixel=0.0399 perceptual=1.0318 adv=0.1056 g_total=1.1773 1.59 it/s
[x256/random_fixed] step 6300/50000 lr=1.93e-04 d=0.5924 pixel=0.0540 perceptual=1.2346 adv=0.1157 g_total=1.4043 1.59 it/s
[x256/random_fixed] step 6400/50000 lr=1.93e-04 d=0.5624 pixel=0.0654 perceptual=1.4099 adv=0.0814 g_total=1.5567 1.59 it/s
[x256/random_fixed] step 6500/50000 lr=1.93e-04 d=0.7154 pixel=0.0640 perceptual=1.3520 adv=0.0811 g_total=1.4971 1.60 it/s
[x256/random_fixed] step 6600/50000 lr=1.93e-04 d=0.5865 pixel=0.0484 perceptual=1.1634 adv=0.0871 g_total=1.2989 1.60 it/s
[x256/random_fixed] step 6700/50000 lr=1.93e-04 d=0.6412 pixel=0.0518 perceptual=1.3019 adv=0.0623 g_total=1.4160 1.60 it/s
[x256/random_fixed] step 6800/50000 lr=1.92e-04 d=0.6024 pixel=0.0554 perceptual=1.2899 adv=0.0763 g_total=1.4215 1.60 it/s
[x256/random_fixed] step 6900/50000 lr=1.92e-04 d=0.5094 pixel=0.0617 perceptual=1.3899 adv=0.0879 g_total=1.5395 1.60 it/s
[x256/random_fixed] step 7000/50000 lr=1.92e-04 d=0.5397 pixel=0.0578 perceptual=1.3197 adv=0.0787 g_total=1.4561 1.60 it/s
[x256/random_fixed] step 7000 VAL ref_ssim=0.7556 (base 0.7183) ref_mse=0.012678 (base 0.011806) best_ssim=0.7619@6000
[x256/random_fixed] step 7100/50000 lr=1.92e-04 d=0.6536 pixel=0.0492 perceptual=1.2067 adv=0.1117 g_total=1.3676 1.59 it/s
[x256/random_fixed] step 7200/50000 lr=1.91e-04 d=0.7444 pixel=0.0533 perceptual=1.3269 adv=0.0464 g_total=1.4267 1.59 it/s
[x256/random_fixed] step 7300/50000 lr=1.91e-04 d=0.4558 pixel=0.0586 perceptual=1.2784 adv=0.1022 g_total=1.4392 1.59 it/s
[x256/random_fixed] step 7400/50000 lr=1.91e-04 d=0.6845 pixel=0.0456 perceptual=1.1179 adv=0.0926 g_total=1.2561 1.59 it/s
[x256/random_fixed] step 7500/50000 lr=1.90e-04 d=0.6015 pixel=0.0464 perceptual=1.1556 adv=0.0986 g_total=1.3006 1.59 it/s
[x256/random_fixed] step 7600/50000 lr=1.90e-04 d=0.6010 pixel=0.0590 perceptual=1.2149 adv=0.0839 g_total=1.3578 1.59 it/s
[x256/random_fixed] step 7700/50000 lr=1.90e-04 d=0.6203 pixel=0.0443 perceptual=1.0659 adv=0.1051 g_total=1.2153 1.60 it/s
[x256/random_fixed] step 7800/50000 lr=1.90e-04 d=0.5767 pixel=0.0463 perceptual=1.1334 adv=0.1143 g_total=1.2939 1.60 it/s
[x256/random_fixed] step 7900/50000 lr=1.89e-04 d=0.6524 pixel=0.0558 perceptual=1.2893 adv=0.0880 g_total=1.4332 1.60 it/s
[x256/random_fixed] step 8000/50000 lr=1.89e-04 d=0.6571 pixel=0.0386 perceptual=0.9236 adv=0.1104 g_total=1.0726 1.60 it/s
[x256/random_fixed] step 8000 VAL ref_ssim=0.7497 (base 0.7183) ref_mse=0.013301 (base 0.011806) best_ssim=0.7619@6000
[x256/random_fixed] step 8100/50000 lr=1.89e-04 d=0.6130 pixel=0.0512 perceptual=1.1975 adv=0.0753 g_total=1.3240 1.59 it/s
[x256/random_fixed] step 8200/50000 lr=1.89e-04 d=0.5849 pixel=0.0596 perceptual=1.3758 adv=0.1163 g_total=1.5517 1.59 it/s
[x256/random_fixed] step 8300/50000 lr=1.88e-04 d=0.5101 pixel=0.0509 perceptual=1.1815 adv=0.0887 g_total=1.3212 1.59 it/s
[x256/random_fixed] step 8400/50000 lr=1.88e-04 d=0.5941 pixel=0.0472 perceptual=1.2213 adv=0.0693 g_total=1.3378 1.59 it/s
[x256/random_fixed] step 8500/50000 lr=1.88e-04 d=0.5350 pixel=0.0463 perceptual=1.1441 adv=0.0874 g_total=1.2779 1.59 it/s
[x256/random_fixed] step 8600/50000 lr=1.87e-04 d=0.6095 pixel=0.0485 perceptual=1.1115 adv=0.1212 g_total=1.2812 1.59 it/s
[x256/random_fixed] step 8700/50000 lr=1.87e-04 d=0.6022 pixel=0.0470 perceptual=1.2307 adv=0.0801 g_total=1.3578 1.59 it/s
[x256/random_fixed] step 8800/50000 lr=1.87e-04 d=0.6440 pixel=0.0384 perceptual=0.9665 adv=0.0879 g_total=1.0928 1.59 it/s
[x256/random_fixed] step 8900/50000 lr=1.86e-04 d=0.6365 pixel=0.0444 perceptual=1.0515 adv=0.1165 g_total=1.2123 1.59 it/s
[x256/random_fixed] step 9000/50000 lr=1.86e-04 d=0.6540 pixel=0.0533 perceptual=1.2896 adv=0.0657 g_total=1.4086 1.60 it/s
[x256/random_fixed] step 9000 VAL ref_ssim=0.7518 (base 0.7183) ref_mse=0.010918 (base 0.011806) best_ssim=0.7619@6000
[x256/random_fixed] step 9100/50000 lr=1.86e-04 d=0.5873 pixel=0.0542 perceptual=1.1956 adv=0.1107 g_total=1.3606 1.59 it/s
[x256/random_fixed] step 9200/50000 lr=1.85e-04 d=0.5877 pixel=0.0566 perceptual=1.3172 adv=0.0772 g_total=1.4511 1.59 it/s
[x256/random_fixed] step 9300/50000 lr=1.85e-04 d=0.5103 pixel=0.0452 perceptual=1.1128 adv=0.0918 g_total=1.2497 1.59 it/s
[x256/random_fixed] step 9400/50000 lr=1.85e-04 d=0.6206 pixel=0.0532 perceptual=1.2838 adv=0.1093 g_total=1.4463 1.59 it/s
[x256/random_fixed] step 9500/50000 lr=1.84e-04 d=0.6038 pixel=0.0519 perceptual=1.2080 adv=0.0936 g_total=1.3536 1.59 it/s
[x256/random_fixed] step 9600/50000 lr=1.84e-04 d=0.5693 pixel=0.0505 perceptual=1.2083 adv=0.0983 g_total=1.3572 1.59 it/s
[x256/random_fixed] step 9700/50000 lr=1.84e-04 d=0.5396 pixel=0.0649 perceptual=1.4313 adv=0.0912 g_total=1.5874 1.59 it/s
[x256/random_fixed] step 9800/50000 lr=1.83e-04 d=0.5829 pixel=0.0397 perceptual=1.0932 adv=0.1156 g_total=1.2485 1.59 it/s
[x256/random_fixed] step 9900/50000 lr=1.83e-04 d=0.5670 pixel=0.0389 perceptual=1.0385 adv=0.1072 g_total=1.1846 1.59 it/s
[x256/random_fixed] step 10000/50000 lr=1.83e-04 d=0.6294 pixel=0.0468 perceptual=1.2146 adv=0.0976 g_total=1.3590 1.59 it/s
[x256/random_fixed] step 10000 VAL ref_ssim=0.7202 (base 0.7183) ref_mse=0.010991 (base 0.011806) best_ssim=0.7619@6000
[x256/random_fixed] step 10100/50000 lr=1.82e-04 d=0.5203 pixel=0.0545 perceptual=1.2249 adv=0.0841 g_total=1.3634 1.59 it/s
[x256/random_fixed] step 10200/50000 lr=1.82e-04 d=0.6045 pixel=0.0412 perceptual=1.0553 adv=0.1096 g_total=1.2061 1.59 it/s
[x256/random_fixed] step 10300/50000 lr=1.82e-04 d=0.6140 pixel=0.0496 perceptual=1.1841 adv=0.0936 g_total=1.3274 1.59 it/s
[x256/random_fixed] step 10400/50000 lr=1.81e-04 d=0.7010 pixel=0.0467 perceptual=1.2165 adv=0.1137 g_total=1.3770 1.59 it/s
[x256/random_fixed] step 10500/50000 lr=1.81e-04 d=0.6540 pixel=0.0449 perceptual=1.0511 adv=0.0825 g_total=1.1785 1.59 it/s
[x256/random_fixed] step 10600/50000 lr=1.81e-04 d=0.5855 pixel=0.0462 perceptual=1.2060 adv=0.0851 g_total=1.3373 1.59 it/s
[x256/random_fixed] step 10700/50000 lr=1.80e-04 d=0.5500 pixel=0.0522 perceptual=1.1819 adv=0.1030 g_total=1.3371 1.59 it/s
[x256/random_fixed] step 10800/50000 lr=1.80e-04 d=0.5572 pixel=0.0514 perceptual=1.2842 adv=0.1193 g_total=1.4549 1.59 it/s
[x256/random_fixed] step 10900/50000 lr=1.79e-04 d=0.7190 pixel=0.0526 perceptual=1.1500 adv=0.0734 g_total=1.2760 1.59 it/s
[x256/random_fixed] step 11000/50000 lr=1.79e-04 d=0.6876 pixel=0.0597 perceptual=1.3306 adv=0.0677 g_total=1.4579 1.59 it/s
[x256/random_fixed] step 11000 VAL ref_ssim=0.7359 (base 0.7183) ref_mse=0.011472 (base 0.011806) best_ssim=0.7619@6000
[x256/random_fixed] step 11100/50000 lr=1.79e-04 d=0.5604 pixel=0.0514 perceptual=1.2623 adv=0.1199 g_total=1.4336 1.59 it/s
[x256/random_fixed] step 11200/50000 lr=1.78e-04 d=0.6132 pixel=0.0443 perceptual=1.1278 adv=0.0867 g_total=1.2588 1.59 it/s
[x256/random_fixed] step 11300/50000 lr=1.78e-04 d=0.5766 pixel=0.0424 perceptual=1.0695 adv=0.0851 g_total=1.1970 1.59 it/s
[x256/random_fixed] step 11400/50000 lr=1.77e-04 d=0.6444 pixel=0.0474 perceptual=1.0773 adv=0.0858 g_total=1.2105 1.59 it/s
[x256/random_fixed] step 11500/50000 lr=1.77e-04 d=0.5619 pixel=0.0420 perceptual=1.0279 adv=0.0958 g_total=1.1657 1.59 it/s
[x256/random_fixed] step 11600/50000 lr=1.77e-04 d=0.5222 pixel=0.0505 perceptual=1.1137 adv=0.1058 g_total=1.2700 1.59 it/s
[x256/random_fixed] step 11700/50000 lr=1.76e-04 d=0.5085 pixel=0.0550 perceptual=1.2429 adv=0.0977 g_total=1.3957 1.59 it/s
[x256/random_fixed] step 11800/50000 lr=1.76e-04 d=0.6117 pixel=0.0499 perceptual=1.1528 adv=0.0796 g_total=1.2824 1.59 it/s
[x256/random_fixed] step 11900/50000 lr=1.75e-04 d=0.6674 pixel=0.0532 perceptual=1.1346 adv=0.0899 g_total=1.2778 1.59 it/s
[x256/random_fixed] step 12000/50000 lr=1.75e-04 d=0.5419 pixel=0.0534 perceptual=1.2546 adv=0.0897 g_total=1.3977 1.59 it/s
[x256/random_fixed] step 12000 VAL ref_ssim=0.7401 (base 0.7183) ref_mse=0.011805 (base 0.011806) best_ssim=0.7619@6000
[x256/random_fixed] step 12100/50000 lr=1.75e-04 d=0.6188 pixel=0.0523 perceptual=1.1293 adv=0.0770 g_total=1.2586 1.59 it/s
[x256/random_fixed] step 12200/50000 lr=1.74e-04 d=0.5407 pixel=0.0560 perceptual=1.2803 adv=0.0952 g_total=1.4315 1.59 it/s
[x256/random_fixed] step 12300/50000 lr=1.74e-04 d=0.5831 pixel=0.0467 perceptual=1.2115 adv=0.1084 g_total=1.3666 1.59 it/s
[x256/random_fixed] step 12400/50000 lr=1.73e-04 d=0.5414 pixel=0.0430 perceptual=1.0530 adv=0.0975 g_total=1.1935 1.59 it/s
[x256/random_fixed] step 12500/50000 lr=1.73e-04 d=0.5709 pixel=0.0564 perceptual=1.2963 adv=0.1057 g_total=1.4585 1.59 it/s
[x256/random_fixed] step 12600/50000 lr=1.72e-04 d=0.6209 pixel=0.0507 perceptual=1.2011 adv=0.0954 g_total=1.3472 1.59 it/s
[x256/random_fixed] step 12700/50000 lr=1.72e-04 d=0.6097 pixel=0.0604 perceptual=1.2994 adv=0.0703 g_total=1.4301 1.59 it/s
[x256/random_fixed] step 12800/50000 lr=1.72e-04 d=0.5818 pixel=0.0521 perceptual=1.2289 adv=0.1056 g_total=1.3866 1.59 it/s
[x256/random_fixed] step 12900/50000 lr=1.71e-04 d=0.5632 pixel=0.0490 perceptual=1.2209 adv=0.1008 g_total=1.3708 1.59 it/s
[x256/random_fixed] step 13000/50000 lr=1.71e-04 d=0.6099 pixel=0.0510 perceptual=1.2309 adv=0.0853 g_total=1.3672 1.59 it/s
[x256/random_fixed] step 13000 VAL ref_ssim=0.7572 (base 0.7183) ref_mse=0.011369 (base 0.011806) best_ssim=0.7619@6000
[x256/random_fixed] step 13100/50000 lr=1.70e-04 d=0.5816 pixel=0.0556 perceptual=1.2460 adv=0.0983 g_total=1.3999 1.59 it/s
[x256/random_fixed] step 13200/50000 lr=1.70e-04 d=0.6628 pixel=0.0441 perceptual=1.1600 adv=0.0724 g_total=1.2765 1.59 it/s
[x256/random_fixed] step 13300/50000 lr=1.69e-04 d=0.5548 pixel=0.0483 perceptual=1.1487 adv=0.0886 g_total=1.2856 1.59 it/s
[x256/random_fixed] step 13400/50000 lr=1.69e-04 d=0.6472 pixel=0.0426 perceptual=1.0621 adv=0.0731 g_total=1.1778 1.59 it/s
[x256/random_fixed] step 13500/50000 lr=1.68e-04 d=0.5722 pixel=0.0472 perceptual=1.1943 adv=0.1152 g_total=1.3567 1.59 it/s
[x256/random_fixed] step 13600/50000 lr=1.68e-04 d=0.5789 pixel=0.0529 perceptual=1.2584 adv=0.0788 g_total=1.3901 1.59 it/s
[x256/random_fixed] step 13700/50000 lr=1.68e-04 d=0.6396 pixel=0.0583 perceptual=1.3151 adv=0.0836 g_total=1.4570 1.59 it/s
[x256/random_fixed] step 13800/50000 lr=1.67e-04 d=0.5838 pixel=0.0431 perceptual=1.0865 adv=0.0977 g_total=1.2273 1.59 it/s
[x256/random_fixed] step 13900/50000 lr=1.67e-04 d=0.6021 pixel=0.0513 perceptual=1.2560 adv=0.0839 g_total=1.3912 1.59 it/s
[x256/random_fixed] step 14000/50000 lr=1.66e-04 d=0.6334 pixel=0.0486 perceptual=1.1134 adv=0.0909 g_total=1.2528 1.59 it/s
[x256/random_fixed] step 14000 VAL ref_ssim=0.7138 (base 0.7183) ref_mse=0.011615 (base 0.011806) best_ssim=0.7619@6000
[x256/random_fixed] step 14100/50000 lr=1.66e-04 d=0.5236 pixel=0.0506 perceptual=1.1613 adv=0.0960 g_total=1.3079 1.59 it/s
[x256/random_fixed] step 14200/50000 lr=1.65e-04 d=0.6064 pixel=0.0593 perceptual=1.3504 adv=0.1169 g_total=1.5265 1.59 it/s
[x256/random_fixed] step 14300/50000 lr=1.65e-04 d=0.5831 pixel=0.0456 perceptual=1.2072 adv=0.0885 g_total=1.3413 1.59 it/s
[x256/random_fixed] step 14400/50000 lr=1.64e-04 d=0.4367 pixel=0.0604 perceptual=1.2538 adv=0.0911 g_total=1.4053 1.59 it/s
[x256/random_fixed] step 14500/50000 lr=1.64e-04 d=0.5385 pixel=0.0533 perceptual=1.3660 adv=0.0880 g_total=1.5073 1.59 it/s
[x256/random_fixed] step 14600/50000 lr=1.63e-04 d=0.5490 pixel=0.0572 perceptual=1.2828 adv=0.1126 g_total=1.4526 1.59 it/s
[x256/random_fixed] step 14700/50000 lr=1.63e-04 d=0.4978 pixel=0.0469 perceptual=1.1571 adv=0.0851 g_total=1.2891 1.59 it/s
[x256/random_fixed] step 14800/50000 lr=1.62e-04 d=0.5843 pixel=0.0632 perceptual=1.3040 adv=0.1009 g_total=1.4682 1.59 it/s
[x256/random_fixed] step 14900/50000 lr=1.62e-04 d=0.5089 pixel=0.0544 perceptual=1.3327 adv=0.1070 g_total=1.4941 1.59 it/s
[x256/random_fixed] step 15000/50000 lr=1.61e-04 d=0.6019 pixel=0.0483 perceptual=1.2356 adv=0.1018 g_total=1.3857 1.59 it/s
[x256/random_fixed] step 15000 VAL ref_ssim=0.7690 (base 0.7183) ref_mse=0.010437 (base 0.011806) best_ssim=0.7690@15000 *
[x256/random_fixed] step 15100/50000 lr=1.61e-04 d=0.5698 pixel=0.0541 perceptual=1.2549 adv=0.0771 g_total=1.3861 1.59 it/s
[x256/random_fixed] step 15200/50000 lr=1.60e-04 d=0.6795 pixel=0.0488 perceptual=1.2053 adv=0.0922 g_total=1.3462 1.59 it/s
[x256/random_fixed] step 15300/50000 lr=1.60e-04 d=0.5557 pixel=0.0544 perceptual=1.3066 adv=0.1076 g_total=1.4686 1.59 it/s
[x256/random_fixed] step 15400/50000 lr=1.59e-04 d=0.5996 pixel=0.0445 perceptual=1.0731 adv=0.0901 g_total=1.2077 1.59 it/s
[x256/random_fixed] step 15500/50000 lr=1.59e-04 d=0.5962 pixel=0.0546 perceptual=1.3523 adv=0.0895 g_total=1.4964 1.59 it/s
[x256/random_fixed] step 15600/50000 lr=1.58e-04 d=0.6136 pixel=0.0469 perceptual=1.1102 adv=0.0936 g_total=1.2507 1.59 it/s
[x256/random_fixed] step 15700/50000 lr=1.58e-04 d=0.5796 pixel=0.0542 perceptual=1.2709 adv=0.0812 g_total=1.4063 1.59 it/s
[x256/random_fixed] step 15800/50000 lr=1.57e-04 d=0.6131 pixel=0.0491 perceptual=1.2566 adv=0.0944 g_total=1.4000 1.59 it/s
[x256/random_fixed] step 15900/50000 lr=1.57e-04 d=0.5215 pixel=0.0536 perceptual=1.2443 adv=0.0930 g_total=1.3909 1.59 it/s
[x256/random_fixed] step 16000/50000 lr=1.56e-04 d=0.5591 pixel=0.0532 perceptual=1.2904 adv=0.0851 g_total=1.4287 1.59 it/s
[x256/random_fixed] step 16000 VAL ref_ssim=0.7550 (base 0.7183) ref_mse=0.010683 (base 0.011806) best_ssim=0.7690@15000
[x256/random_fixed] step 16100/50000 lr=1.56e-04 d=0.6153 pixel=0.0481 perceptual=1.1810 adv=0.1252 g_total=1.3542 1.59 it/s
[x256/random_fixed] step 16200/50000 lr=1.55e-04 d=0.5515 pixel=0.0575 perceptual=1.3706 adv=0.0899 g_total=1.5181 1.59 it/s
[x256/random_fixed] step 16300/50000 lr=1.55e-04 d=0.6045 pixel=0.0476 perceptual=1.1344 adv=0.0836 g_total=1.2656 1.59 it/s
[x256/random_fixed] step 16400/50000 lr=1.54e-04 d=0.6378 pixel=0.0479 perceptual=1.1134 adv=0.0802 g_total=1.2415 1.59 it/s
[x256/random_fixed] step 16500/50000 lr=1.54e-04 d=0.5647 pixel=0.0610 perceptual=1.3809 adv=0.1084 g_total=1.5503 1.59 it/s
[x256/random_fixed] step 16600/50000 lr=1.53e-04 d=0.5252 pixel=0.0558 perceptual=1.2384 adv=0.0868 g_total=1.3810 1.59 it/s
[x256/random_fixed] step 16700/50000 lr=1.53e-04 d=0.5955 pixel=0.0493 perceptual=1.1563 adv=0.1039 g_total=1.3095 1.59 it/s
[x256/random_fixed] step 16800/50000 lr=1.52e-04 d=0.5681 pixel=0.0434 perceptual=1.0811 adv=0.0821 g_total=1.2066 1.59 it/s
[x256/random_fixed] step 16900/50000 lr=1.52e-04 d=0.6126 pixel=0.0501 perceptual=1.1156 adv=0.0906 g_total=1.2563 1.59 it/s
[x256/random_fixed] step 17000/50000 lr=1.51e-04 d=0.5714 pixel=0.0512 perceptual=1.1547 adv=0.0795 g_total=1.2855 1.59 it/s
[x256/random_fixed] step 17000 VAL ref_ssim=0.7495 (base 0.7183) ref_mse=0.012049 (base 0.011806) best_ssim=0.7690@15000
[x256/random_fixed] step 17100/50000 lr=1.50e-04 d=0.5760 pixel=0.0484 perceptual=1.1215 adv=0.0892 g_total=1.2591 1.59 it/s
[x256/random_fixed] step 17200/50000 lr=1.50e-04 d=0.5783 pixel=0.0478 perceptual=1.1972 adv=0.0886 g_total=1.3336 1.59 it/s
[x256/random_fixed] step 17300/50000 lr=1.49e-04 d=0.6219 pixel=0.0480 perceptual=1.1676 adv=0.0907 g_total=1.3063 1.59 it/s
[x256/random_fixed] step 17400/50000 lr=1.49e-04 d=0.6041 pixel=0.0481 perceptual=1.1203 adv=0.0971 g_total=1.2655 1.59 it/s
[x256/random_fixed] step 17500/50000 lr=1.48e-04 d=0.6037 pixel=0.0461 perceptual=1.1073 adv=0.0837 g_total=1.2371 1.59 it/s
[x256/random_fixed] step 17600/50000 lr=1.48e-04 d=0.6305 pixel=0.0519 perceptual=1.1236 adv=0.0898 g_total=1.2653 1.59 it/s
[x256/random_fixed] step 17700/50000 lr=1.47e-04 d=0.5921 pixel=0.0554 perceptual=1.2478 adv=0.1044 g_total=1.4077 1.59 it/s
[x256/random_fixed] step 17800/50000 lr=1.47e-04 d=0.6974 pixel=0.0567 perceptual=1.2854 adv=0.0682 g_total=1.4103 1.59 it/s
[x256/random_fixed] step 17900/50000 lr=1.46e-04 d=0.5511 pixel=0.0570 perceptual=1.3647 adv=0.1033 g_total=1.5250 1.59 it/s
[x256/random_fixed] step 18000/50000 lr=1.46e-04 d=0.5268 pixel=0.0532 perceptual=1.2267 adv=0.1067 g_total=1.3866 1.59 it/s
[x256/random_fixed] step 18000 VAL ref_ssim=0.7569 (base 0.7183) ref_mse=0.011871 (base 0.011806) best_ssim=0.7690@15000
[x256/random_fixed] step 18100/50000 lr=1.45e-04 d=0.5756 pixel=0.0443 perceptual=1.1313 adv=0.0991 g_total=1.2747 1.59 it/s
[x256/random_fixed] step 18200/50000 lr=1.44e-04 d=0.5973 pixel=0.0553 perceptual=1.2992 adv=0.0767 g_total=1.4312 1.59 it/s
[x256/random_fixed] step 18300/50000 lr=1.44e-04 d=0.6177 pixel=0.0549 perceptual=1.3397 adv=0.0927 g_total=1.4873 1.59 it/s
[x256/random_fixed] step 18400/50000 lr=1.43e-04 d=0.6139 pixel=0.0466 perceptual=1.1498 adv=0.0991 g_total=1.2955 1.59 it/s
[x256/random_fixed] step 18500/50000 lr=1.43e-04 d=0.5973 pixel=0.0581 perceptual=1.2955 adv=0.0795 g_total=1.4332 1.59 it/s
[x256/random_fixed] step 18600/50000 lr=1.42e-04 d=0.6206 pixel=0.0477 perceptual=1.1896 adv=0.0689 g_total=1.3062 1.59 it/s
[x256/random_fixed] step 18700/50000 lr=1.42e-04 d=0.7082 pixel=0.0439 perceptual=1.1454 adv=0.0800 g_total=1.2693 1.59 it/s
[x256/random_fixed] step 18800/50000 lr=1.41e-04 d=0.6544 pixel=0.0461 perceptual=1.2477 adv=0.0864 g_total=1.3802 1.59 it/s
[x256/random_fixed] step 18900/50000 lr=1.40e-04 d=0.6521 pixel=0.0498 perceptual=1.1879 adv=0.0964 g_total=1.3341 1.59 it/s
[x256/random_fixed] step 19000/50000 lr=1.40e-04 d=0.6016 pixel=0.0598 perceptual=1.3568 adv=0.0820 g_total=1.4986 1.59 it/s
[x256/random_fixed] step 19000 VAL ref_ssim=0.7587 (base 0.7183) ref_mse=0.012212 (base 0.011806) best_ssim=0.7690@15000
[x256/random_fixed] step 19100/50000 lr=1.39e-04 d=0.5209 pixel=0.0596 perceptual=1.3436 adv=0.0860 g_total=1.4892 1.59 it/s
[x256/random_fixed] step 19200/50000 lr=1.39e-04 d=0.5784 pixel=0.0528 perceptual=1.1876 adv=0.1055 g_total=1.3459 1.59 it/s
[x256/random_fixed] step 19300/50000 lr=1.38e-04 d=0.5745 pixel=0.0588 perceptual=1.3179 adv=0.0743 g_total=1.4510 1.59 it/s
[x256/random_fixed] step 19400/50000 lr=1.38e-04 d=0.6656 pixel=0.0582 perceptual=1.2540 adv=0.0889 g_total=1.4010 1.59 it/s
[x256/random_fixed] step 19500/50000 lr=1.37e-04 d=0.5384 pixel=0.0514 perceptual=1.1660 adv=0.1042 g_total=1.3217 1.59 it/s
[x256/random_fixed] step 19600/50000 lr=1.36e-04 d=0.5558 pixel=0.0561 perceptual=1.3632 adv=0.0893 g_total=1.5086 1.59 it/s
[x256/random_fixed] step 19700/50000 lr=1.36e-04 d=0.5096 pixel=0.0503 perceptual=1.1814 adv=0.0984 g_total=1.3301 1.59 it/s
[x256/random_fixed] step 19800/50000 lr=1.35e-04 d=0.5715 pixel=0.0439 perceptual=1.1829 adv=0.0936 g_total=1.3204 1.59 it/s
[x256/random_fixed] step 19900/50000 lr=1.35e-04 d=0.6119 pixel=0.0455 perceptual=1.0860 adv=0.0856 g_total=1.2170 1.59 it/s
[x256/random_fixed] step 20000/50000 lr=1.34e-04 d=0.5544 pixel=0.0409 perceptual=1.1130 adv=0.0900 g_total=1.2440 1.59 it/s
[x256/random_fixed] step 20000 VAL ref_ssim=0.7636 (base 0.7183) ref_mse=0.010365 (base 0.011806) best_ssim=0.7690@15000
[x256/random_fixed] step 20100/50000 lr=1.33e-04 d=0.5154 pixel=0.0548 perceptual=1.3425 adv=0.1082 g_total=1.5055 1.59 it/s
[x256/random_fixed] step 20200/50000 lr=1.33e-04 d=0.6381 pixel=0.0424 perceptual=1.0555 adv=0.1011 g_total=1.1990 1.59 it/s
[x256/random_fixed] step 20300/50000 lr=1.32e-04 d=0.5624 pixel=0.0474 perceptual=1.1685 adv=0.1025 g_total=1.3184 1.59 it/s
[x256/random_fixed] step 20400/50000 lr=1.32e-04 d=0.5602 pixel=0.0467 perceptual=1.1942 adv=0.1030 g_total=1.3439 1.59 it/s
[x256/random_fixed] step 20500/50000 lr=1.31e-04 d=0.5801 pixel=0.0519 perceptual=1.2504 adv=0.1051 g_total=1.4073 1.59 it/s
[x256/random_fixed] step 20600/50000 lr=1.31e-04 d=0.5518 pixel=0.0465 perceptual=1.1980 adv=0.0933 g_total=1.3378 1.59 it/s
[x256/random_fixed] step 20700/50000 lr=1.30e-04 d=0.5286 pixel=0.0532 perceptual=1.2186 adv=0.0930 g_total=1.3647 1.59 it/s
[x256/random_fixed] step 20800/50000 lr=1.29e-04 d=0.5902 pixel=0.0517 perceptual=1.2716 adv=0.0865 g_total=1.4097 1.59 it/s
[x256/random_fixed] step 20900/50000 lr=1.29e-04 d=0.6396 pixel=0.0489 perceptual=1.1217 adv=0.1094 g_total=1.2800 1.59 it/s
[x256/random_fixed] step 21000/50000 lr=1.28e-04 d=0.6085 pixel=0.0558 perceptual=1.2922 adv=0.0790 g_total=1.4270 1.59 it/s
[x256/random_fixed] step 21000 VAL ref_ssim=0.7607 (base 0.7183) ref_mse=0.010957 (base 0.011806) best_ssim=0.7690@15000
[x256/random_fixed] step 21100/50000 lr=1.28e-04 d=0.6435 pixel=0.0418 perceptual=1.0309 adv=0.0910 g_total=1.1637 1.59 it/s
[x256/random_fixed] step 21200/50000 lr=1.27e-04 d=0.5714 pixel=0.0451 perceptual=1.1235 adv=0.0933 g_total=1.2620 1.59 it/s
[x256/random_fixed] step 21300/50000 lr=1.26e-04 d=0.5968 pixel=0.0558 perceptual=1.2490 adv=0.0729 g_total=1.3777 1.59 it/s
[x256/random_fixed] step 21400/50000 lr=1.26e-04 d=0.6188 pixel=0.0544 perceptual=1.2877 adv=0.0808 g_total=1.4228 1.59 it/s
[x256/random_fixed] step 21500/50000 lr=1.25e-04 d=0.5326 pixel=0.0496 perceptual=1.2033 adv=0.0935 g_total=1.3465 1.59 it/s
[x256/random_fixed] step 21600/50000 lr=1.25e-04 d=0.5760 pixel=0.0459 perceptual=1.1151 adv=0.0958 g_total=1.2568 1.59 it/s
[x256/random_fixed] step 21700/50000 lr=1.24e-04 d=0.6303 pixel=0.0514 perceptual=1.2225 adv=0.0732 g_total=1.3470 1.59 it/s
[x256/random_fixed] step 21800/50000 lr=1.23e-04 d=0.6495 pixel=0.0497 perceptual=1.1088 adv=0.0788 g_total=1.2373 1.59 it/s
[x256/random_fixed] step 21900/50000 lr=1.23e-04 d=0.6027 pixel=0.0459 perceptual=1.1597 adv=0.1108 g_total=1.3164 1.59 it/s
[x256/random_fixed] step 22000/50000 lr=1.22e-04 d=0.6664 pixel=0.0526 perceptual=1.2684 adv=0.1088 g_total=1.4297 1.59 it/s
[x256/random_fixed] step 22000 VAL ref_ssim=0.7357 (base 0.7183) ref_mse=0.011763 (base 0.011806) best_ssim=0.7690@15000
[x256/random_fixed] step 22100/50000 lr=1.21e-04 d=0.6579 pixel=0.0535 perceptual=1.2908 adv=0.0945 g_total=1.4388 1.59 it/s
[x256/random_fixed] step 22200/50000 lr=1.21e-04 d=0.5614 pixel=0.0494 perceptual=1.2425 adv=0.0939 g_total=1.3858 1.59 it/s
[x256/random_fixed] step 22300/50000 lr=1.20e-04 d=0.5862 pixel=0.0509 perceptual=1.2524 adv=0.0988 g_total=1.4020 1.59 it/s
[x256/random_fixed] step 22400/50000 lr=1.20e-04 d=0.5947 pixel=0.0509 perceptual=1.2349 adv=0.0967 g_total=1.3825 1.59 it/s
[x256/random_fixed] step 22500/50000 lr=1.19e-04 d=0.5344 pixel=0.0485 perceptual=1.1686 adv=0.1139 g_total=1.3311 1.59 it/s
[x256/random_fixed] step 22600/50000 lr=1.18e-04 d=0.5946 pixel=0.0483 perceptual=1.2480 adv=0.0940 g_total=1.3903 1.59 it/s
[x256/random_fixed] step 22700/50000 lr=1.18e-04 d=0.6376 pixel=0.0475 perceptual=1.2239 adv=0.1107 g_total=1.3822 1.59 it/s
[x256/random_fixed] step 22800/50000 lr=1.17e-04 d=0.6060 pixel=0.0494 perceptual=1.1787 adv=0.0998 g_total=1.3280 1.59 it/s
[x256/random_fixed] step 22900/50000 lr=1.17e-04 d=0.6299 pixel=0.0451 perceptual=1.1082 adv=0.0914 g_total=1.2447 1.59 it/s
[x256/random_fixed] step 23000/50000 lr=1.16e-04 d=0.5256 pixel=0.0492 perceptual=1.1843 adv=0.0817 g_total=1.3152 1.59 it/s
[x256/random_fixed] step 23000 VAL ref_ssim=0.7561 (base 0.7183) ref_mse=0.011292 (base 0.011806) best_ssim=0.7690@15000
[x256/random_fixed] step 23100/50000 lr=1.15e-04 d=0.5628 pixel=0.0497 perceptual=1.2847 adv=0.0893 g_total=1.4237 1.59 it/s
[x256/random_fixed] step 23200/50000 lr=1.15e-04 d=0.5286 pixel=0.0568 perceptual=1.2993 adv=0.1036 g_total=1.4596 1.59 it/s
[x256/random_fixed] step 23300/50000 lr=1.14e-04 d=0.6476 pixel=0.0406 perceptual=0.9839 adv=0.0871 g_total=1.1117 1.59 it/s
[x256/random_fixed] step 23400/50000 lr=1.13e-04 d=0.6150 pixel=0.0516 perceptual=1.2242 adv=0.0819 g_total=1.3576 1.59 it/s
[x256/random_fixed] step 23500/50000 lr=1.13e-04 d=0.5220 pixel=0.0526 perceptual=1.2480 adv=0.0889 g_total=1.3895 1.59 it/s
[x256/random_fixed] step 23600/50000 lr=1.12e-04 d=0.7130 pixel=0.0576 perceptual=1.1525 adv=0.0660 g_total=1.2761 1.59 it/s
[x256/random_fixed] step 23700/50000 lr=1.12e-04 d=0.6144 pixel=0.0557 perceptual=1.2872 adv=0.0763 g_total=1.4192 1.59 it/s
[x256/random_fixed] step 23800/50000 lr=1.11e-04 d=0.5647 pixel=0.0491 perceptual=1.2449 adv=0.0941 g_total=1.3881 1.59 it/s
[x256/random_fixed] step 23900/50000 lr=1.10e-04 d=0.5344 pixel=0.0533 perceptual=1.2915 adv=0.0912 g_total=1.4359 1.59 it/s
[x256/random_fixed] step 24000/50000 lr=1.10e-04 d=0.5690 pixel=0.0414 perceptual=1.1627 adv=0.1066 g_total=1.3107 1.59 it/s
[x256/random_fixed] step 24000 VAL ref_ssim=0.7651 (base 0.7183) ref_mse=0.010770 (base 0.011806) best_ssim=0.7690@15000
[x256/random_fixed] step 24100/50000 lr=1.09e-04 d=0.7118 pixel=0.0498 perceptual=1.2580 adv=0.0702 g_total=1.3781 1.59 it/s
[x256/random_fixed] step 24200/50000 lr=1.09e-04 d=0.6529 pixel=0.0361 perceptual=0.9934 adv=0.0920 g_total=1.1214 1.59 it/s
[x256/random_fixed] step 24300/50000 lr=1.08e-04 d=0.6247 pixel=0.0440 perceptual=1.1939 adv=0.1033 g_total=1.3412 1.59 it/s
[x256/random_fixed] step 24400/50000 lr=1.07e-04 d=0.6256 pixel=0.0494 perceptual=1.1984 adv=0.0940 g_total=1.3417 1.59 it/s
[x256/random_fixed] step 24500/50000 lr=1.07e-04 d=0.5336 pixel=0.0497 perceptual=1.2400 adv=0.0881 g_total=1.3778 1.59 it/s
[x256/random_fixed] step 24600/50000 lr=1.06e-04 d=0.6496 pixel=0.0426 perceptual=1.0715 adv=0.0823 g_total=1.1964 1.59 it/s
[x256/random_fixed] step 24700/50000 lr=1.05e-04 d=0.5566 pixel=0.0482 perceptual=1.1553 adv=0.0977 g_total=1.3012 1.59 it/s
[x256/random_fixed] step 24800/50000 lr=1.05e-04 d=0.5869 pixel=0.0517 perceptual=1.2513 adv=0.1137 g_total=1.4167 1.59 it/s
[x256/random_fixed] step 24900/50000 lr=1.04e-04 d=0.5961 pixel=0.0520 perceptual=1.1662 adv=0.0820 g_total=1.3002 1.59 it/s
[x256/random_fixed] step 25000/50000 lr=1.04e-04 d=0.5339 pixel=0.0636 perceptual=1.3769 adv=0.0840 g_total=1.5245 1.59 it/s
[x256/random_fixed] step 25000 VAL ref_ssim=0.7458 (base 0.7183) ref_mse=0.012000 (base 0.011806) best_ssim=0.7690@15000
[x256/random_fixed] step 25100/50000 lr=1.03e-04 d=0.6026 pixel=0.0489 perceptual=1.1552 adv=0.0794 g_total=1.2835 1.59 it/s
[x256/random_fixed] step 25200/50000 lr=1.02e-04 d=0.5463 pixel=0.0504 perceptual=1.2081 adv=0.0967 g_total=1.3552 1.59 it/s
[x256/random_fixed] step 25300/50000 lr=1.02e-04 d=0.6407 pixel=0.0476 perceptual=1.0660 adv=0.0958 g_total=1.2095 1.59 it/s
[x256/random_fixed] step 25400/50000 lr=1.01e-04 d=0.6817 pixel=0.0476 perceptual=1.1128 adv=0.0822 g_total=1.2426 1.59 it/s
[x256/random_fixed] step 25500/50000 lr=1.00e-04 d=0.6351 pixel=0.0579 perceptual=1.3751 adv=0.1043 g_total=1.5374 1.59 it/s
[x256/random_fixed] step 25600/50000 lr=9.98e-05 d=0.6240 pixel=0.0455 perceptual=1.1098 adv=0.0984 g_total=1.2537 1.59 it/s
[x256/random_fixed] step 25700/50000 lr=9.92e-05 d=0.6874 pixel=0.0473 perceptual=1.1729 adv=0.1019 g_total=1.3221 1.59 it/s
[x256/random_fixed] step 25800/50000 lr=9.86e-05 d=0.5987 pixel=0.0543 perceptual=1.2288 adv=0.0953 g_total=1.3784 1.59 it/s
[x256/random_fixed] step 25900/50000 lr=9.80e-05 d=0.5963 pixel=0.0523 perceptual=1.2904 adv=0.0968 g_total=1.4395 1.59 it/s
[x256/random_fixed] step 26000/50000 lr=9.73e-05 d=0.5347 pixel=0.0523 perceptual=1.2114 adv=0.0909 g_total=1.3546 1.59 it/s
[x256/random_fixed] step 26000 VAL ref_ssim=0.7576 (base 0.7183) ref_mse=0.011453 (base 0.011806) best_ssim=0.7690@15000
[x256/random_fixed] step 26100/50000 lr=9.67e-05 d=0.5360 pixel=0.0487 perceptual=1.1584 adv=0.0961 g_total=1.3032 1.59 it/s
[x256/random_fixed] step 26200/50000 lr=9.61e-05 d=0.5331 pixel=0.0526 perceptual=1.2419 adv=0.1171 g_total=1.4115 1.59 it/s
[x256/random_fixed] step 26300/50000 lr=9.55e-05 d=0.6185 pixel=0.0498 perceptual=1.2305 adv=0.0794 g_total=1.3597 1.59 it/s
[x256/random_fixed] step 26400/50000 lr=9.49e-05 d=0.5419 pixel=0.0570 perceptual=1.3050 adv=0.0977 g_total=1.4597 1.59 it/s
[x256/random_fixed] step 26500/50000 lr=9.42e-05 d=0.5875 pixel=0.0460 perceptual=1.1947 adv=0.1013 g_total=1.3419 1.59 it/s
[x256/random_fixed] step 26600/50000 lr=9.36e-05 d=0.6286 pixel=0.0505 perceptual=1.1925 adv=0.0935 g_total=1.3365 1.59 it/s
[x256/random_fixed] step 26700/50000 lr=9.30e-05 d=0.6075 pixel=0.0476 perceptual=1.0907 adv=0.1031 g_total=1.2414 1.59 it/s
[x256/random_fixed] step 26800/50000 lr=9.24e-05 d=0.5211 pixel=0.0558 perceptual=1.3461 adv=0.0978 g_total=1.4997 1.59 it/s
[x256/random_fixed] step 26900/50000 lr=9.18e-05 d=0.5559 pixel=0.0470 perceptual=1.1536 adv=0.0804 g_total=1.2810 1.59 it/s
[x256/random_fixed] step 27000/50000 lr=9.11e-05 d=0.6747 pixel=0.0502 perceptual=1.2464 adv=0.0741 g_total=1.3706 1.59 it/s
[x256/random_fixed] step 27000 VAL ref_ssim=0.7547 (base 0.7183) ref_mse=0.010853 (base 0.011806) best_ssim=0.7690@15000
[x256/random_fixed] step 27100/50000 lr=9.05e-05 d=0.6248 pixel=0.0467 perceptual=1.1901 adv=0.1008 g_total=1.3375 1.59 it/s
[x256/random_fixed] step 27200/50000 lr=8.99e-05 d=0.6140 pixel=0.0460 perceptual=1.2103 adv=0.1091 g_total=1.3655 1.59 it/s
[x256/random_fixed] step 27300/50000 lr=8.93e-05 d=0.5856 pixel=0.0390 perceptual=1.0364 adv=0.1033 g_total=1.1788 1.59 it/s
[x256/random_fixed] step 27400/50000 lr=8.87e-05 d=0.5850 pixel=0.0499 perceptual=1.1546 adv=0.1012 g_total=1.3058 1.59 it/s
[x256/random_fixed] step 27500/50000 lr=8.81e-05 d=0.6277 pixel=0.0509 perceptual=1.1686 adv=0.1031 g_total=1.3226 1.59 it/s
[x256/random_fixed] step 27600/50000 lr=8.74e-05 d=0.4883 pixel=0.0605 perceptual=1.2952 adv=0.0970 g_total=1.4527 1.59 it/s
[x256/random_fixed] step 27700/50000 lr=8.68e-05 d=0.6222 pixel=0.0497 perceptual=1.1946 adv=0.0907 g_total=1.3350 1.59 it/s
[x256/random_fixed] step 27800/50000 lr=8.62e-05 d=0.4471 pixel=0.0582 perceptual=1.3252 adv=0.1115 g_total=1.4949 1.59 it/s
[x256/random_fixed] step 27900/50000 lr=8.56e-05 d=0.5899 pixel=0.0457 perceptual=1.1903 adv=0.0918 g_total=1.3278 1.59 it/s
[x256/random_fixed] step 28000/50000 lr=8.50e-05 d=0.6295 pixel=0.0520 perceptual=1.2785 adv=0.0725 g_total=1.4030 1.59 it/s
[x256/random_fixed] step 28000 VAL ref_ssim=0.7634 (base 0.7183) ref_mse=0.010926 (base 0.011806) best_ssim=0.7690@15000
[x256/random_fixed] step 28100/50000 lr=8.44e-05 d=0.5782 pixel=0.0424 perceptual=1.1484 adv=0.1198 g_total=1.3105 1.59 it/s
[x256/random_fixed] step 28200/50000 lr=8.38e-05 d=0.6203 pixel=0.0586 perceptual=1.3608 adv=0.0810 g_total=1.5004 1.59 it/s
[x256/random_fixed] step 28300/50000 lr=8.32e-05 d=0.5616 pixel=0.0607 perceptual=1.3164 adv=0.0989 g_total=1.4760 1.59 it/s
[x256/random_fixed] step 28400/50000 lr=8.25e-05 d=0.5607 pixel=0.0560 perceptual=1.1514 adv=0.1133 g_total=1.3206 1.59 it/s
[x256/random_fixed] step 28500/50000 lr=8.19e-05 d=0.5649 pixel=0.0370 perceptual=0.9615 adv=0.0968 g_total=1.0953 1.59 it/s
[x256/random_fixed] step 28600/50000 lr=8.13e-05 d=0.6418 pixel=0.0520 perceptual=1.2965 adv=0.1085 g_total=1.4570 1.59 it/s
[x256/random_fixed] step 28700/50000 lr=8.07e-05 d=0.5607 pixel=0.0596 perceptual=1.3113 adv=0.0737 g_total=1.4447 1.59 it/s
[x256/random_fixed] step 28800/50000 lr=8.01e-05 d=0.6175 pixel=0.0635 perceptual=1.3905 adv=0.0848 g_total=1.5388 1.59 it/s
[x256/random_fixed] step 28900/50000 lr=7.95e-05 d=0.6142 pixel=0.0532 perceptual=1.2503 adv=0.0710 g_total=1.3745 1.59 it/s
[x256/random_fixed] step 29000/50000 lr=7.89e-05 d=0.4773 pixel=0.0669 perceptual=1.4044 adv=0.1036 g_total=1.5749 1.59 it/s
[x256/random_fixed] step 29000 VAL ref_ssim=0.7558 (base 0.7183) ref_mse=0.013016 (base 0.011806) best_ssim=0.7690@15000
[x256/random_fixed] step 29100/50000 lr=7.83e-05 d=0.6140 pixel=0.0480 perceptual=1.2040 adv=0.0895 g_total=1.3415 1.59 it/s
[x256/random_fixed] step 29200/50000 lr=7.77e-05 d=0.5948 pixel=0.0544 perceptual=1.2025 adv=0.0846 g_total=1.3415 1.59 it/s
[x256/random_fixed] step 29300/50000 lr=7.71e-05 d=0.5713 pixel=0.0524 perceptual=1.2091 adv=0.0989 g_total=1.3604 1.59 it/s
[x256/random_fixed] step 29400/50000 lr=7.65e-05 d=0.5897 pixel=0.0551 perceptual=1.2765 adv=0.0915 g_total=1.4231 1.59 it/s
[x256/random_fixed] step 29500/50000 lr=7.59e-05 d=0.6199 pixel=0.0451 perceptual=1.1213 adv=0.1161 g_total=1.2825 1.59 it/s
[x256/random_fixed] step 29600/50000 lr=7.53e-05 d=0.5478 pixel=0.0497 perceptual=1.2086 adv=0.0901 g_total=1.3485 1.59 it/s
[x256/random_fixed] step 29700/50000 lr=7.47e-05 d=0.6133 pixel=0.0445 perceptual=1.1873 adv=0.0757 g_total=1.3075 1.59 it/s
[x256/random_fixed] step 29800/50000 lr=7.41e-05 d=0.5253 pixel=0.0465 perceptual=1.1432 adv=0.1062 g_total=1.2959 1.59 it/s
[x256/random_fixed] step 29900/50000 lr=7.35e-05 d=0.6011 pixel=0.0544 perceptual=1.3279 adv=0.0979 g_total=1.4802 1.59 it/s
[x256/random_fixed] step 30000/50000 lr=7.29e-05 d=0.6407 pixel=0.0460 perceptual=1.1356 adv=0.0960 g_total=1.2776 1.59 it/s
[x256/random_fixed] step 30000 VAL ref_ssim=0.7538 (base 0.7183) ref_mse=0.011006 (base 0.011806) best_ssim=0.7690@15000
[x256/random_fixed] step 30100/50000 lr=7.23e-05 d=0.5305 pixel=0.0553 perceptual=1.2401 adv=0.0878 g_total=1.3832 1.59 it/s
[x256/random_fixed] step 30200/50000 lr=7.17e-05 d=0.5993 pixel=0.0503 perceptual=1.2298 adv=0.0825 g_total=1.3626 1.59 it/s
[x256/random_fixed] step 30300/50000 lr=7.11e-05 d=0.6845 pixel=0.0403 perceptual=1.0595 adv=0.1178 g_total=1.2176 1.59 it/s
[x256/random_fixed] step 30400/50000 lr=7.05e-05 d=0.5975 pixel=0.0508 perceptual=1.2727 adv=0.0826 g_total=1.4060 1.59 it/s
[x256/random_fixed] step 30500/50000 lr=7.00e-05 d=0.6097 pixel=0.0560 perceptual=1.2777 adv=0.0946 g_total=1.4283 1.59 it/s
[x256/random_fixed] step 30600/50000 lr=6.94e-05 d=0.5236 pixel=0.0556 perceptual=1.2684 adv=0.0954 g_total=1.4194 1.59 it/s
[x256/random_fixed] step 30700/50000 lr=6.88e-05 d=0.6314 pixel=0.0541 perceptual=1.2266 adv=0.0995 g_total=1.3802 1.59 it/s
[x256/random_fixed] step 30800/50000 lr=6.82e-05 d=0.7762 pixel=0.0526 perceptual=1.0747 adv=0.0748 g_total=1.2020 1.59 it/s
[x256/random_fixed] step 30900/50000 lr=6.76e-05 d=0.5547 pixel=0.0463 perceptual=1.1065 adv=0.0910 g_total=1.2438 1.59 it/s
[x256/random_fixed] step 31000/50000 lr=6.70e-05 d=0.5810 pixel=0.0547 perceptual=1.2484 adv=0.0919 g_total=1.3950 1.59 it/s
[x256/random_fixed] step 31000 VAL ref_ssim=0.7523 (base 0.7183) ref_mse=0.010919 (base 0.011806) best_ssim=0.7690@15000
[x256/random_fixed] step 31100/50000 lr=6.65e-05 d=0.5847 pixel=0.0414 perceptual=1.0387 adv=0.1206 g_total=1.2008 1.59 it/s
[x256/random_fixed] step 31200/50000 lr=6.59e-05 d=0.5608 pixel=0.0548 perceptual=1.2472 adv=0.0989 g_total=1.4008 1.59 it/s
[x256/random_fixed] step 31300/50000 lr=6.53e-05 d=0.7033 pixel=0.0484 perceptual=1.0884 adv=0.1013 g_total=1.2382 1.59 it/s
[x256/random_fixed] step 31400/50000 lr=6.47e-05 d=0.5135 pixel=0.0564 perceptual=1.3001 adv=0.0887 g_total=1.4452 1.59 it/s
[x256/random_fixed] step 31500/50000 lr=6.41e-05 d=0.5766 pixel=0.0418 perceptual=1.1021 adv=0.0859 g_total=1.2298 1.59 it/s
[x256/random_fixed] step 31600/50000 lr=6.36e-05 d=0.5466 pixel=0.0434 perceptual=1.0877 adv=0.1149 g_total=1.2460 1.59 it/s
[x256/random_fixed] step 31700/50000 lr=6.30e-05 d=0.5874 pixel=0.0506 perceptual=1.1688 adv=0.0969 g_total=1.3164 1.59 it/s
[x256/random_fixed] step 31800/50000 lr=6.24e-05 d=0.6764 pixel=0.0454 perceptual=1.0997 adv=0.0960 g_total=1.2410 1.59 it/s
[x256/random_fixed] step 31900/50000 lr=6.19e-05 d=0.5940 pixel=0.0441 perceptual=1.1673 adv=0.1127 g_total=1.3240 1.59 it/s
[x256/random_fixed] step 32000/50000 lr=6.13e-05 d=0.5561 pixel=0.0412 perceptual=1.0833 adv=0.0917 g_total=1.2162 1.59 it/s
[x256/random_fixed] step 32000 VAL ref_ssim=0.7679 (base 0.7183) ref_mse=0.009958 (base 0.011806) best_ssim=0.7690@15000
[x256/random_fixed] step 32100/50000 lr=6.07e-05 d=0.5994 pixel=0.0411 perceptual=1.0365 adv=0.0807 g_total=1.1582 1.59 it/s
[x256/random_fixed] step 32200/50000 lr=6.02e-05 d=0.5252 pixel=0.0507 perceptual=1.2006 adv=0.1022 g_total=1.3536 1.59 it/s
[x256/random_fixed] step 32300/50000 lr=5.96e-05 d=0.6431 pixel=0.0531 perceptual=1.2766 adv=0.1103 g_total=1.4400 1.59 it/s
[x256/random_fixed] step 32400/50000 lr=5.90e-05 d=0.6057 pixel=0.0437 perceptual=1.0491 adv=0.0955 g_total=1.1883 1.59 it/s
[x256/random_fixed] step 32500/50000 lr=5.85e-05 d=0.6368 pixel=0.0498 perceptual=1.2009 adv=0.1110 g_total=1.3617 1.59 it/s
[x256/random_fixed] step 32600/50000 lr=5.79e-05 d=0.5568 pixel=0.0496 perceptual=1.1662 adv=0.0880 g_total=1.3038 1.59 it/s
[x256/random_fixed] step 32700/50000 lr=5.74e-05 d=0.6389 pixel=0.0300 perceptual=0.8540 adv=0.1150 g_total=0.9991 1.59 it/s
[x256/random_fixed] step 32800/50000 lr=5.68e-05 d=0.6734 pixel=0.0409 perceptual=0.9729 adv=0.0834 g_total=1.0972 1.59 it/s
[x256/random_fixed] step 32900/50000 lr=5.63e-05 d=0.5227 pixel=0.0490 perceptual=1.1702 adv=0.0904 g_total=1.3095 1.59 it/s
[x256/random_fixed] step 33000/50000 lr=5.57e-05 d=0.6140 pixel=0.0659 perceptual=1.4459 adv=0.0950 g_total=1.6068 1.59 it/s
[x256/random_fixed] step 33000 VAL ref_ssim=0.7286 (base 0.7183) ref_mse=0.011846 (base 0.011806) best_ssim=0.7690@15000
[x256/random_fixed] step 33100/50000 lr=5.52e-05 d=0.5257 pixel=0.0534 perceptual=1.2660 adv=0.1014 g_total=1.4208 1.59 it/s
[x256/random_fixed] step 33200/50000 lr=5.46e-05 d=0.6600 pixel=0.0525 perceptual=1.2364 adv=0.0772 g_total=1.3660 1.59 it/s
[x256/random_fixed] step 33300/50000 lr=5.41e-05 d=0.7008 pixel=0.0416 perceptual=1.0530 adv=0.0772 g_total=1.1717 1.59 it/s
[x256/random_fixed] step 33400/50000 lr=5.35e-05 d=0.5289 pixel=0.0605 perceptual=1.3200 adv=0.0991 g_total=1.4796 1.59 it/s
[x256/random_fixed] step 33500/50000 lr=5.30e-05 d=0.5987 pixel=0.0461 perceptual=1.1792 adv=0.0917 g_total=1.3170 1.59 it/s
[x256/random_fixed] step 33600/50000 lr=5.25e-05 d=0.5457 pixel=0.0535 perceptual=1.2364 adv=0.1078 g_total=1.3977 1.59 it/s
[x256/random_fixed] step 33700/50000 lr=5.19e-05 d=0.4831 pixel=0.0601 perceptual=1.3522 adv=0.1012 g_total=1.5136 1.59 it/s
[x256/random_fixed] step 33800/50000 lr=5.14e-05 d=0.5652 pixel=0.0477 perceptual=1.1240 adv=0.0859 g_total=1.2576 1.59 it/s
[x256/random_fixed] step 33900/50000 lr=5.09e-05 d=0.5320 pixel=0.0534 perceptual=1.2155 adv=0.0915 g_total=1.3604 1.59 it/s
[x256/random_fixed] step 34000/50000 lr=5.03e-05 d=0.6417 pixel=0.0458 perceptual=1.1807 adv=0.0854 g_total=1.3118 1.59 it/s
[x256/random_fixed] step 34000 VAL ref_ssim=0.7560 (base 0.7183) ref_mse=0.010354 (base 0.011806) best_ssim=0.7690@15000
[x256/random_fixed] step 34100/50000 lr=4.98e-05 d=0.6471 pixel=0.0404 perceptual=1.0466 adv=0.0867 g_total=1.1738 1.59 it/s
[x256/random_fixed] step 34200/50000 lr=4.93e-05 d=0.6185 pixel=0.0511 perceptual=1.2789 adv=0.0921 g_total=1.4220 1.59 it/s
[x256/random_fixed] step 34300/50000 lr=4.88e-05 d=0.6176 pixel=0.0545 perceptual=1.3406 adv=0.0945 g_total=1.4896 1.59 it/s
[x256/random_fixed] step 34400/50000 lr=4.82e-05 d=0.6137 pixel=0.0457 perceptual=1.1387 adv=0.0781 g_total=1.2625 1.59 it/s
[x256/random_fixed] step 34500/50000 lr=4.77e-05 d=0.4952 pixel=0.0461 perceptual=1.2090 adv=0.1208 g_total=1.3759 1.59 it/s
[x256/random_fixed] step 34600/50000 lr=4.72e-05 d=0.6518 pixel=0.0446 perceptual=1.0844 adv=0.0898 g_total=1.2189 1.59 it/s
[x256/random_fixed] step 34700/50000 lr=4.67e-05 d=0.4943 pixel=0.0480 perceptual=1.2001 adv=0.0902 g_total=1.3383 1.59 it/s
[x256/random_fixed] step 34800/50000 lr=4.62e-05 d=0.5326 pixel=0.0492 perceptual=1.1140 adv=0.1043 g_total=1.2675 1.59 it/s
[x256/random_fixed] step 34900/50000 lr=4.57e-05 d=0.6004 pixel=0.0515 perceptual=1.2428 adv=0.0969 g_total=1.3912 1.59 it/s
[x256/random_fixed] step 35000/50000 lr=4.52e-05 d=0.5888 pixel=0.0407 perceptual=1.0659 adv=0.0896 g_total=1.1962 1.59 it/s
[x256/random_fixed] step 35000 VAL ref_ssim=0.7548 (base 0.7183) ref_mse=0.011262 (base 0.011806) best_ssim=0.7690@15000
[x256/random_fixed] step 35100/50000 lr=4.47e-05 d=0.5721 pixel=0.0459 perceptual=1.1088 adv=0.1127 g_total=1.2674 1.59 it/s
[x256/random_fixed] step 35200/50000 lr=4.42e-05 d=0.6625 pixel=0.0429 perceptual=1.0875 adv=0.0637 g_total=1.1941 1.59 it/s
[x256/random_fixed] step 35300/50000 lr=4.36e-05 d=0.6033 pixel=0.0480 perceptual=1.1258 adv=0.0767 g_total=1.2506 1.59 it/s
[x256/random_fixed] step 35400/50000 lr=4.32e-05 d=0.6377 pixel=0.0558 perceptual=1.3031 adv=0.1051 g_total=1.4640 1.59 it/s
[x256/random_fixed] step 35500/50000 lr=4.27e-05 d=0.5883 pixel=0.0410 perceptual=1.0938 adv=0.0996 g_total=1.2344 1.59 it/s
[x256/random_fixed] step 35600/50000 lr=4.22e-05 d=0.6260 pixel=0.0528 perceptual=1.2705 adv=0.0660 g_total=1.3893 1.59 it/s
[x256/random_fixed] step 35700/50000 lr=4.17e-05 d=0.4710 pixel=0.0438 perceptual=1.0865 adv=0.1079 g_total=1.2382 1.59 it/s
[x256/random_fixed] step 35800/50000 lr=4.12e-05 d=0.5796 pixel=0.0378 perceptual=1.0329 adv=0.1262 g_total=1.1970 1.59 it/s
[x256/random_fixed] step 35900/50000 lr=4.07e-05 d=0.5677 pixel=0.0501 perceptual=1.2001 adv=0.0867 g_total=1.3369 1.59 it/s
[x256/random_fixed] step 36000/50000 lr=4.02e-05 d=0.5927 pixel=0.0397 perceptual=1.0662 adv=0.1206 g_total=1.2265 1.59 it/s
[x256/random_fixed] step 36000 VAL ref_ssim=0.7634 (base 0.7183) ref_mse=0.010363 (base 0.011806) best_ssim=0.7690@15000
[x256/random_fixed] step 36100/50000 lr=3.97e-05 d=0.6572 pixel=0.0541 perceptual=1.2946 adv=0.0817 g_total=1.4304 1.59 it/s
[x256/random_fixed] step 36200/50000 lr=3.93e-05 d=0.5910 pixel=0.0434 perceptual=1.0188 adv=0.1008 g_total=1.1629 1.59 it/s
[x256/random_fixed] step 36300/50000 lr=3.88e-05 d=0.5245 pixel=0.0568 perceptual=1.3235 adv=0.1078 g_total=1.4881 1.59 it/s
[x256/random_fixed] step 36400/50000 lr=3.83e-05 d=0.6090 pixel=0.0543 perceptual=1.1921 adv=0.1040 g_total=1.3505 1.59 it/s
[x256/random_fixed] step 36500/50000 lr=3.78e-05 d=0.5670 pixel=0.0492 perceptual=1.1935 adv=0.1019 g_total=1.3446 1.59 it/s
[x256/random_fixed] step 36600/50000 lr=3.74e-05 d=0.5684 pixel=0.0484 perceptual=1.2174 adv=0.1136 g_total=1.3794 1.59 it/s
[x256/random_fixed] step 36700/50000 lr=3.69e-05 d=0.6226 pixel=0.0389 perceptual=0.9914 adv=0.0962 g_total=1.1265 1.59 it/s
[x256/random_fixed] step 36800/50000 lr=3.64e-05 d=0.6524 pixel=0.0362 perceptual=1.0063 adv=0.1127 g_total=1.1553 1.59 it/s
[x256/random_fixed] step 36900/50000 lr=3.60e-05 d=0.5429 pixel=0.0638 perceptual=1.3632 adv=0.0939 g_total=1.5209 1.59 it/s
[x256/random_fixed] step 37000/50000 lr=3.55e-05 d=0.6244 pixel=0.0386 perceptual=1.0581 adv=0.0763 g_total=1.1729 1.59 it/s
[x256/random_fixed] step 37000 VAL ref_ssim=0.7683 (base 0.7183) ref_mse=0.010552 (base 0.011806) best_ssim=0.7690@15000
[x256/random_fixed] step 37100/50000 lr=3.51e-05 d=0.5963 pixel=0.0460 perceptual=1.1757 adv=0.0771 g_total=1.2987 1.59 it/s
[x256/random_fixed] step 37200/50000 lr=3.46e-05 d=0.5443 pixel=0.0412 perceptual=1.1221 adv=0.1102 g_total=1.2735 1.59 it/s
[x256/random_fixed] step 37300/50000 lr=3.42e-05 d=0.6127 pixel=0.0429 perceptual=1.0796 adv=0.1016 g_total=1.2241 1.59 it/s
[x256/random_fixed] step 37400/50000 lr=3.37e-05 d=0.6128 pixel=0.0489 perceptual=1.3030 adv=0.0925 g_total=1.4444 1.59 it/s
[x256/random_fixed] step 37500/50000 lr=3.33e-05 d=0.5996 pixel=0.0420 perceptual=1.0836 adv=0.1027 g_total=1.2283 1.59 it/s
[x256/random_fixed] step 37600/50000 lr=3.28e-05 d=0.5150 pixel=0.0569 perceptual=1.3137 adv=0.0947 g_total=1.4653 1.59 it/s
[x256/random_fixed] step 37700/50000 lr=3.24e-05 d=0.5261 pixel=0.0534 perceptual=1.1722 adv=0.1026 g_total=1.3281 1.59 it/s
[x256/random_fixed] step 37800/50000 lr=3.19e-05 d=0.5602 pixel=0.0452 perceptual=1.1357 adv=0.1082 g_total=1.2891 1.59 it/s
[x256/random_fixed] step 37900/50000 lr=3.15e-05 d=0.6486 pixel=0.0497 perceptual=1.1632 adv=0.0856 g_total=1.2985 1.59 it/s
[x256/random_fixed] step 38000/50000 lr=3.11e-05 d=0.6011 pixel=0.0479 perceptual=1.1721 adv=0.0914 g_total=1.3113 1.59 it/s
[x256/random_fixed] step 38000 VAL ref_ssim=0.7608 (base 0.7183) ref_mse=0.010487 (base 0.011806) best_ssim=0.7690@15000
[x256/random_fixed] step 38100/50000 lr=3.07e-05 d=0.5105 pixel=0.0486 perceptual=1.1598 adv=0.1224 g_total=1.3308 1.59 it/s
[x256/random_fixed] step 38200/50000 lr=3.02e-05 d=0.5825 pixel=0.0518 perceptual=1.1635 adv=0.0992 g_total=1.3145 1.59 it/s
[x256/random_fixed] step 38300/50000 lr=2.98e-05 d=0.6188 pixel=0.0387 perceptual=1.0208 adv=0.1040 g_total=1.1635 1.59 it/s
[x256/random_fixed] step 38400/50000 lr=2.94e-05 d=0.5030 pixel=0.0508 perceptual=1.1602 adv=0.1075 g_total=1.3185 1.59 it/s
[x256/random_fixed] step 38500/50000 lr=2.90e-05 d=0.5827 pixel=0.0519 perceptual=1.2258 adv=0.0839 g_total=1.3616 1.59 it/s
[x256/random_fixed] step 38600/50000 lr=2.86e-05 d=0.5776 pixel=0.0393 perceptual=1.1119 adv=0.0894 g_total=1.2406 1.59 it/s
[x256/random_fixed] step 38700/50000 lr=2.81e-05 d=0.5365 pixel=0.0504 perceptual=1.2541 adv=0.1028 g_total=1.4073 1.59 it/s
[x256/random_fixed] step 38800/50000 lr=2.77e-05 d=0.5551 pixel=0.0561 perceptual=1.3176 adv=0.1113 g_total=1.4850 1.59 it/s
[x256/random_fixed] step 38900/50000 lr=2.73e-05 d=0.5810 pixel=0.0500 perceptual=1.1159 adv=0.1014 g_total=1.2673 1.59 it/s
[x256/random_fixed] step 39000/50000 lr=2.69e-05 d=0.5938 pixel=0.0404 perceptual=1.0484 adv=0.0784 g_total=1.1672 1.59 it/s
[x256/random_fixed] step 39000 VAL ref_ssim=0.7682 (base 0.7183) ref_mse=0.010272 (base 0.011806) best_ssim=0.7690@15000
[x256/random_fixed] step 39100/50000 lr=2.65e-05 d=0.5468 pixel=0.0516 perceptual=1.2393 adv=0.1010 g_total=1.3919 1.59 it/s
[x256/random_fixed] step 39200/50000 lr=2.61e-05 d=0.5617 pixel=0.0561 perceptual=1.3341 adv=0.1300 g_total=1.5202 1.59 it/s
[x256/random_fixed] step 39300/50000 lr=2.57e-05 d=0.6115 pixel=0.0476 perceptual=1.1968 adv=0.0927 g_total=1.3371 1.59 it/s
[x256/random_fixed] step 39400/50000 lr=2.54e-05 d=0.6017 pixel=0.0445 perceptual=1.1555 adv=0.0792 g_total=1.2792 1.59 it/s
[x256/random_fixed] step 39500/50000 lr=2.50e-05 d=0.5828 pixel=0.0496 perceptual=1.1841 adv=0.1205 g_total=1.3542 1.59 it/s
[x256/random_fixed] step 39600/50000 lr=2.46e-05 d=0.5663 pixel=0.0577 perceptual=1.2386 adv=0.0730 g_total=1.3693 1.59 it/s
[x256/random_fixed] step 39700/50000 lr=2.42e-05 d=0.5540 pixel=0.0450 perceptual=1.0719 adv=0.0990 g_total=1.2158 1.59 it/s
[x256/random_fixed] step 39800/50000 lr=2.38e-05 d=0.5016 pixel=0.0504 perceptual=1.2582 adv=0.1125 g_total=1.4211 1.59 it/s
[x256/random_fixed] step 39900/50000 lr=2.35e-05 d=0.5523 pixel=0.0479 perceptual=1.0727 adv=0.1113 g_total=1.2318 1.59 it/s
[x256/random_fixed] step 40000/50000 lr=2.31e-05 d=0.5944 pixel=0.0500 perceptual=1.1709 adv=0.0990 g_total=1.3199 1.59 it/s
[x256/random_fixed] step 40000 VAL ref_ssim=0.7426 (base 0.7183) ref_mse=0.010989 (base 0.011806) best_ssim=0.7690@15000
[x256/random_fixed] step 40100/50000 lr=2.27e-05 d=0.5134 pixel=0.0585 perceptual=1.3873 adv=0.1142 g_total=1.5600 1.59 it/s
[x256/random_fixed] step 40200/50000 lr=2.24e-05 d=0.4938 pixel=0.0576 perceptual=1.3106 adv=0.1117 g_total=1.4798 1.59 it/s
[x256/random_fixed] step 40300/50000 lr=2.20e-05 d=0.4889 pixel=0.0560 perceptual=1.2017 adv=0.0985 g_total=1.3561 1.59 it/s
[x256/random_fixed] step 40400/50000 lr=2.16e-05 d=0.4832 pixel=0.0528 perceptual=1.2301 adv=0.1325 g_total=1.4154 1.59 it/s
[x256/random_fixed] step 40500/50000 lr=2.13e-05 d=0.5099 pixel=0.0538 perceptual=1.2302 adv=0.1019 g_total=1.3859 1.59 it/s
[x256/random_fixed] step 40600/50000 lr=2.09e-05 d=0.5183 pixel=0.0545 perceptual=1.2658 adv=0.1121 g_total=1.4325 1.59 it/s
[x256/random_fixed] step 40700/50000 lr=2.06e-05 d=0.5515 pixel=0.0445 perceptual=1.1103 adv=0.0921 g_total=1.2469 1.59 it/s
[x256/random_fixed] step 40800/50000 lr=2.02e-05 d=0.5479 pixel=0.0510 perceptual=1.2378 adv=0.1032 g_total=1.3921 1.59 it/s
[x256/random_fixed] step 40900/50000 lr=1.99e-05 d=0.5509 pixel=0.0497 perceptual=1.2463 adv=0.0946 g_total=1.3907 1.59 it/s
[x256/random_fixed] step 41000/50000 lr=1.96e-05 d=0.5440 pixel=0.0504 perceptual=1.1932 adv=0.1061 g_total=1.3498 1.59 it/s
[x256/random_fixed] step 41000 VAL ref_ssim=0.7471 (base 0.7183) ref_mse=0.010611 (base 0.011806) best_ssim=0.7690@15000
[x256/random_fixed] step 41100/50000 lr=1.92e-05 d=0.6104 pixel=0.0481 perceptual=1.1823 adv=0.0974 g_total=1.3279 1.59 it/s
[x256/random_fixed] step 41200/50000 lr=1.89e-05 d=0.5969 pixel=0.0507 perceptual=1.2416 adv=0.1055 g_total=1.3978 1.59 it/s
[x256/random_fixed] step 41300/50000 lr=1.86e-05 d=0.5643 pixel=0.0483 perceptual=1.2450 adv=0.0851 g_total=1.3784 1.59 it/s
[x256/random_fixed] step 41400/50000 lr=1.82e-05 d=0.6608 pixel=0.0467 perceptual=1.1356 adv=0.0872 g_total=1.2694 1.59 it/s
[x256/random_fixed] step 41500/50000 lr=1.79e-05 d=0.6931 pixel=0.0505 perceptual=1.1428 adv=0.0981 g_total=1.2913 1.59 it/s
[x256/random_fixed] step 41600/50000 lr=1.76e-05 d=0.5847 pixel=0.0583 perceptual=1.2906 adv=0.1462 g_total=1.4951 1.59 it/s
[x256/random_fixed] step 41700/50000 lr=1.73e-05 d=0.6033 pixel=0.0481 perceptual=1.1152 adv=0.1154 g_total=1.2787 1.59 it/s
[x256/random_fixed] step 41800/50000 lr=1.70e-05 d=0.5182 pixel=0.0459 perceptual=1.2318 adv=0.1032 g_total=1.3810 1.59 it/s
[x256/random_fixed] step 41900/50000 lr=1.67e-05 d=0.5345 pixel=0.0567 perceptual=1.3005 adv=0.0999 g_total=1.4571 1.59 it/s
[x256/random_fixed] step 42000/50000 lr=1.64e-05 d=0.5638 pixel=0.0456 perceptual=1.0899 adv=0.1060 g_total=1.2415 1.59 it/s
[x256/random_fixed] step 42000 VAL ref_ssim=0.7641 (base 0.7183) ref_mse=0.011279 (base 0.011806) best_ssim=0.7690@15000
[x256/random_fixed] step 42100/50000 lr=1.61e-05 d=0.3562 pixel=0.0610 perceptual=1.2509 adv=0.1285 g_total=1.4404 1.59 it/s
[x256/random_fixed] step 42200/50000 lr=1.58e-05 d=0.6304 pixel=0.0395 perceptual=1.0323 adv=0.1039 g_total=1.1757 1.59 it/s
[x256/random_fixed] step 42300/50000 lr=1.55e-05 d=0.5638 pixel=0.0498 perceptual=1.1754 adv=0.1071 g_total=1.3323 1.59 it/s
[x256/random_fixed] step 42400/50000 lr=1.52e-05 d=0.6292 pixel=0.0486 perceptual=1.1720 adv=0.0917 g_total=1.3122 1.59 it/s
[x256/random_fixed] step 42500/50000 lr=1.49e-05 d=0.5706 pixel=0.0451 perceptual=1.0994 adv=0.0935 g_total=1.2380 1.59 it/s
[x256/random_fixed] step 42600/50000 lr=1.46e-05 d=0.5443 pixel=0.0358 perceptual=1.0321 adv=0.1058 g_total=1.1738 1.59 it/s
[x256/random_fixed] step 42700/50000 lr=1.43e-05 d=0.6005 pixel=0.0561 perceptual=1.1844 adv=0.1045 g_total=1.3451 1.59 it/s
[x256/random_fixed] step 42800/50000 lr=1.41e-05 d=0.5292 pixel=0.0465 perceptual=1.1573 adv=0.1294 g_total=1.3331 1.59 it/s
[x256/random_fixed] step 42900/50000 lr=1.38e-05 d=0.6016 pixel=0.0496 perceptual=1.2741 adv=0.0943 g_total=1.4181 1.59 it/s
[x256/random_fixed] step 43000/50000 lr=1.35e-05 d=0.5214 pixel=0.0490 perceptual=1.1493 adv=0.1278 g_total=1.3260 1.59 it/s
[x256/random_fixed] step 43000 VAL ref_ssim=0.7581 (base 0.7183) ref_mse=0.011339 (base 0.011806) best_ssim=0.7690@15000
[x256/random_fixed] step 43100/50000 lr=1.33e-05 d=0.4735 pixel=0.0516 perceptual=1.1660 adv=0.1246 g_total=1.3421 1.59 it/s
[x256/random_fixed] step 43200/50000 lr=1.30e-05 d=0.5356 pixel=0.0420 perceptual=1.0932 adv=0.0955 g_total=1.2307 1.59 it/s
[x256/random_fixed] step 43300/50000 lr=1.27e-05 d=0.5227 pixel=0.0586 perceptual=1.2801 adv=0.1075 g_total=1.4461 1.59 it/s
[x256/random_fixed] step 43400/50000 lr=1.25e-05 d=0.5828 pixel=0.0407 perceptual=1.0905 adv=0.1237 g_total=1.2549 1.59 it/s
[x256/random_fixed] step 43500/50000 lr=1.22e-05 d=0.6678 pixel=0.0386 perceptual=1.0966 adv=0.1246 g_total=1.2598 1.59 it/s
[x256/random_fixed] step 43600/50000 lr=1.20e-05 d=0.5305 pixel=0.0445 perceptual=1.1066 adv=0.1167 g_total=1.2678 1.59 it/s
[x256/random_fixed] step 43700/50000 lr=1.17e-05 d=0.5477 pixel=0.0394 perceptual=0.9821 adv=0.0951 g_total=1.1166 1.59 it/s
[x256/random_fixed] step 43800/50000 lr=1.15e-05 d=0.6205 pixel=0.0513 perceptual=1.3000 adv=0.1026 g_total=1.4539 1.59 it/s
[x256/random_fixed] step 43900/50000 lr=1.13e-05 d=0.5130 pixel=0.0593 perceptual=1.3734 adv=0.1103 g_total=1.5430 1.59 it/s
[x256/random_fixed] step 44000/50000 lr=1.10e-05 d=0.5437 pixel=0.0422 perceptual=1.0727 adv=0.0947 g_total=1.2097 1.59 it/s
[x256/random_fixed] step 44000 VAL ref_ssim=0.7664 (base 0.7183) ref_mse=0.010806 (base 0.011806) best_ssim=0.7690@15000
[x256/random_fixed] step 44100/50000 lr=1.08e-05 d=0.5549 pixel=0.0465 perceptual=1.1329 adv=0.1184 g_total=1.2978 1.59 it/s
[x256/random_fixed] step 44200/50000 lr=1.06e-05 d=0.6280 pixel=0.0485 perceptual=1.1842 adv=0.1021 g_total=1.3348 1.59 it/s
[x256/random_fixed] step 44300/50000 lr=1.03e-05 d=0.5817 pixel=0.0484 perceptual=1.2249 adv=0.1404 g_total=1.4137 1.59 it/s
[x256/random_fixed] step 44400/50000 lr=1.01e-05 d=0.5272 pixel=0.0551 perceptual=1.2056 adv=0.1073 g_total=1.3680 1.59 it/s
[x256/random_fixed] step 44500/50000 lr=9.91e-06 d=0.5509 pixel=0.0427 perceptual=1.0649 adv=0.0987 g_total=1.2063 1.59 it/s
[x256/random_fixed] step 44600/50000 lr=9.70e-06 d=0.5892 pixel=0.0330 perceptual=0.9093 adv=0.1069 g_total=1.0493 1.59 it/s
[x256/random_fixed] step 44700/50000 lr=9.49e-06 d=0.5613 pixel=0.0521 perceptual=1.2841 adv=0.1200 g_total=1.4562 1.59 it/s
[x256/random_fixed] step 44800/50000 lr=9.29e-06 d=0.5668 pixel=0.0448 perceptual=1.1908 adv=0.1056 g_total=1.3412 1.59 it/s
[x256/random_fixed] step 44900/50000 lr=9.09e-06 d=0.5642 pixel=0.0597 perceptual=1.2738 adv=0.1021 g_total=1.4356 1.59 it/s
[x256/random_fixed] step 45000/50000 lr=8.89e-06 d=0.5661 pixel=0.0477 perceptual=1.1693 adv=0.1465 g_total=1.3636 1.59 it/s
[x256/random_fixed] step 45000 VAL ref_ssim=0.7594 (base 0.7183) ref_mse=0.011151 (base 0.011806) best_ssim=0.7690@15000
[x256/random_fixed] step 45100/50000 lr=8.70e-06 d=0.5045 pixel=0.0552 perceptual=1.2820 adv=0.1162 g_total=1.4534 1.59 it/s
[x256/random_fixed] step 45200/50000 lr=8.51e-06 d=0.5825 pixel=0.0540 perceptual=1.2418 adv=0.1012 g_total=1.3970 1.59 it/s
[x256/random_fixed] step 45300/50000 lr=8.33e-06 d=0.5092 pixel=0.0487 perceptual=1.1778 adv=0.1333 g_total=1.3599 1.59 it/s
[x256/random_fixed] step 45400/50000 lr=8.15e-06 d=0.5283 pixel=0.0486 perceptual=1.1774 adv=0.1177 g_total=1.3437 1.59 it/s
[x256/random_fixed] step 45500/50000 lr=7.97e-06 d=0.5285 pixel=0.0478 perceptual=1.1850 adv=0.1143 g_total=1.3471 1.59 it/s
[x256/random_fixed] step 45600/50000 lr=7.80e-06 d=0.5648 pixel=0.0373 perceptual=1.0169 adv=0.1368 g_total=1.1911 1.59 it/s
[x256/random_fixed] step 45700/50000 lr=7.63e-06 d=0.5350 pixel=0.0524 perceptual=1.1843 adv=0.0888 g_total=1.3255 1.59 it/s
[x256/random_fixed] step 45800/50000 lr=7.46e-06 d=0.4680 pixel=0.0563 perceptual=1.2606 adv=0.1140 g_total=1.4310 1.59 it/s
[x256/random_fixed] step 45900/50000 lr=7.30e-06 d=0.5139 pixel=0.0439 perceptual=1.0691 adv=0.0906 g_total=1.2036 1.59 it/s
[x256/random_fixed] step 46000/50000 lr=7.14e-06 d=0.5082 pixel=0.0502 perceptual=1.2383 adv=0.0890 g_total=1.3775 1.59 it/s
[x256/random_fixed] step 46000 VAL ref_ssim=0.7557 (base 0.7183) ref_mse=0.010671 (base 0.011806) best_ssim=0.7690@15000
[x256/random_fixed] step 46100/50000 lr=6.99e-06 d=0.5127 pixel=0.0481 perceptual=1.1937 adv=0.1139 g_total=1.3558 1.59 it/s
[x256/random_fixed] step 46200/50000 lr=6.84e-06 d=0.4735 pixel=0.0451 perceptual=1.2337 adv=0.1225 g_total=1.4013 1.59 it/s
[x256/random_fixed] step 46300/50000 lr=6.69e-06 d=0.4583 pixel=0.0477 perceptual=1.2429 adv=0.1064 g_total=1.3970 1.59 it/s
[x256/random_fixed] step 46400/50000 lr=6.55e-06 d=0.4777 pixel=0.0425 perceptual=1.0416 adv=0.1305 g_total=1.2145 1.59 it/s
[x256/random_fixed] step 46500/50000 lr=6.41e-06 d=0.4970 pixel=0.0546 perceptual=1.2844 adv=0.1215 g_total=1.4605 1.59 it/s
[x256/random_fixed] step 46600/50000 lr=6.27e-06 d=0.6183 pixel=0.0421 perceptual=1.0997 adv=0.1050 g_total=1.2468 1.59 it/s
[x256/random_fixed] step 46700/50000 lr=6.14e-06 d=0.5490 pixel=0.0567 perceptual=1.3445 adv=0.0928 g_total=1.4939 1.59 it/s
[x256/random_fixed] step 46800/50000 lr=6.02e-06 d=0.5099 pixel=0.0499 perceptual=1.2112 adv=0.0709 g_total=1.3319 1.59 it/s
[x256/random_fixed] step 46900/50000 lr=5.89e-06 d=0.5196 pixel=0.0537 perceptual=1.2533 adv=0.1105 g_total=1.4174 1.59 it/s
[x256/random_fixed] step 47000/50000 lr=5.77e-06 d=0.4933 pixel=0.0432 perceptual=1.1745 adv=0.1363 g_total=1.3541 1.59 it/s
[x256/random_fixed] step 47000 VAL ref_ssim=0.7618 (base 0.7183) ref_mse=0.010544 (base 0.011806) best_ssim=0.7690@15000
[x256/random_fixed] step 47100/50000 lr=5.66e-06 d=0.5464 pixel=0.0540 perceptual=1.2862 adv=0.1138 g_total=1.4540 1.59 it/s
[x256/random_fixed] step 47200/50000 lr=5.54e-06 d=0.5771 pixel=0.0397 perceptual=1.0795 adv=0.0928 g_total=1.2120 1.59 it/s
[x256/random_fixed] step 47300/50000 lr=5.44e-06 d=0.5265 pixel=0.0521 perceptual=1.2668 adv=0.1057 g_total=1.4245 1.59 it/s
[x256/random_fixed] step 47400/50000 lr=5.33e-06 d=0.5601 pixel=0.0430 perceptual=1.1294 adv=0.1117 g_total=1.2841 1.59 it/s
[x256/random_fixed] step 47500/50000 lr=5.23e-06 d=0.4999 pixel=0.0485 perceptual=1.1899 adv=0.1452 g_total=1.3836 1.59 it/s
[x256/random_fixed] step 47600/50000 lr=5.14e-06 d=0.5984 pixel=0.0446 perceptual=1.1453 adv=0.0851 g_total=1.2750 1.59 it/s
[x256/random_fixed] step 47700/50000 lr=5.04e-06 d=0.4837 pixel=0.0477 perceptual=1.1744 adv=0.1083 g_total=1.3304 1.59 it/s
[x256/random_fixed] step 47800/50000 lr=4.95e-06 d=0.4788 pixel=0.0504 perceptual=1.2292 adv=0.1039 g_total=1.3835 1.59 it/s
[x256/random_fixed] step 47900/50000 lr=4.87e-06 d=0.4137 pixel=0.0554 perceptual=1.2571 adv=0.1691 g_total=1.4816 1.59 it/s
[x256/random_fixed] step 48000/50000 lr=4.79e-06 d=0.4059 pixel=0.0612 perceptual=1.3228 adv=0.1146 g_total=1.4986 1.59 it/s
[x256/random_fixed] step 48000 VAL ref_ssim=0.7466 (base 0.7183) ref_mse=0.011215 (base 0.011806) best_ssim=0.7690@15000
[x256/random_fixed] step 48100/50000 lr=4.71e-06 d=0.4079 pixel=0.0515 perceptual=1.1458 adv=0.1188 g_total=1.3161 1.59 it/s
[x256/random_fixed] step 48200/50000 lr=4.64e-06 d=0.4432 pixel=0.0603 perceptual=1.2707 adv=0.1133 g_total=1.4443 1.59 it/s
[x256/random_fixed] step 48300/50000 lr=4.57e-06 d=0.4755 pixel=0.0516 perceptual=1.2777 adv=0.1059 g_total=1.4352 1.59 it/s
[x256/random_fixed] step 48400/50000 lr=4.51e-06 d=0.5642 pixel=0.0568 perceptual=1.2648 adv=0.1355 g_total=1.4571 1.59 it/s
[x256/random_fixed] step 48500/50000 lr=4.44e-06 d=0.5184 pixel=0.0597 perceptual=1.2554 adv=0.1134 g_total=1.4286 1.59 it/s
[x256/random_fixed] step 48600/50000 lr=4.39e-06 d=0.4901 pixel=0.0505 perceptual=1.2634 adv=0.1486 g_total=1.4625 1.59 it/s
[x256/random_fixed] step 48700/50000 lr=4.33e-06 d=0.4410 pixel=0.0533 perceptual=1.2815 adv=0.0999 g_total=1.4347 1.59 it/s
[x256/random_fixed] step 48800/50000 lr=4.28e-06 d=0.4472 pixel=0.0666 perceptual=1.4979 adv=0.1033 g_total=1.6679 1.59 it/s
[x256/random_fixed] step 48900/50000 lr=4.24e-06 d=0.4051 pixel=0.0433 perceptual=1.0827 adv=0.1480 g_total=1.2741 1.59 it/s
[x256/random_fixed] step 49000/50000 lr=4.20e-06 d=0.5533 pixel=0.0462 perceptual=1.1323 adv=0.1039 g_total=1.2824 1.59 it/s
[x256/random_fixed] step 49000 VAL ref_ssim=0.6752 (base 0.7183) ref_mse=0.011166 (base 0.011806) best_ssim=0.7690@15000
[x256/random_fixed] step 49100/50000 lr=4.16e-06 d=0.5642 pixel=0.0504 perceptual=1.2238 adv=0.1615 g_total=1.4356 1.59 it/s
[x256/random_fixed] step 49200/50000 lr=4.13e-06 d=0.4855 pixel=0.0409 perceptual=1.1336 adv=0.1141 g_total=1.2886 1.59 it/s
[x256/random_fixed] step 49300/50000 lr=4.10e-06 d=0.4536 pixel=0.0510 perceptual=1.1544 adv=0.1118 g_total=1.3172 1.59 it/s
[x256/random_fixed] step 49400/50000 lr=4.07e-06 d=0.4531 pixel=0.0513 perceptual=1.1935 adv=0.0996 g_total=1.3445 1.59 it/s
[x256/random_fixed] step 49500/50000 lr=4.05e-06 d=0.4246 pixel=0.0575 perceptual=1.2629 adv=0.1283 g_total=1.4486 1.59 it/s
[x256/random_fixed] step 49600/50000 lr=4.03e-06 d=0.4879 pixel=0.0505 perceptual=1.2573 adv=0.1307 g_total=1.4385 1.59 it/s
[x256/random_fixed] step 49700/50000 lr=4.02e-06 d=0.3539 pixel=0.0516 perceptual=1.2073 adv=0.1500 g_total=1.4089 1.59 it/s
[x256/random_fixed] step 49800/50000 lr=4.01e-06 d=0.4898 pixel=0.0552 perceptual=1.2988 adv=0.0916 g_total=1.4457 1.59 it/s
[x256/random_fixed] step 49900/50000 lr=4.00e-06 d=0.5004 pixel=0.0460 perceptual=1.2175 adv=0.1174 g_total=1.3809 1.59 it/s
[x256/random_fixed] step 50000/50000 lr=4.00e-06 d=0.5225 pixel=0.0381 perceptual=1.0334 adv=0.1263 g_total=1.1978 1.59 it/s
[x256/random_fixed] step 50000 VAL ref_ssim=0.7487 (base 0.7183) ref_mse=0.011108 (base 0.011806) best_ssim=0.7690@15000
[x256/random_fixed] DONE test base->ref  SSIM 0.7013->0.7564 (++0.0551) | MSE 0.012467->0.010922 (-0.001545) | 524.6 min
