Using device: cuda:0

=== noise/k10_sigma2.7_learnable_frequency_seed42: inverse_warmup_m1 (m=1.0, steps=3000) ===
[inverse_warmup_m1] step=500 m=1.0 loss=0.08449 val_mse=0.04245 bin_frac=0.028
[inverse_warmup_m1] step=1000 m=1.0 loss=0.07743 val_mse=0.03704 bin_frac=0.028
[inverse_warmup_m1] step=1500 m=1.0 loss=0.07416 val_mse=0.03594 bin_frac=0.028
[inverse_warmup_m1] step=2000 m=1.0 loss=0.07258 val_mse=0.03481 bin_frac=0.028
[inverse_warmup_m1] step=2500 m=1.0 loss=0.07209 val_mse=0.03408 bin_frac=0.028
[inverse_warmup_m1] step=3000 m=1.0 loss=0.07179 val_mse=0.03763 bin_frac=0.028

=== noise/k10_sigma2.7_learnable_frequency_seed42: joint_soft_m1 (m=1.0, steps=7350) ===
[joint_soft_m1] step=3500 m=1.0 loss=0.06459 val_mse=0.02913 bin_frac=0.029
[joint_soft_m1] step=4000 m=1.0 loss=0.06022 val_mse=0.02550 bin_frac=0.030
[joint_soft_m1] step=4500 m=1.0 loss=0.05572 val_mse=0.02287 bin_frac=0.031
[joint_soft_m1] step=5000 m=1.0 loss=0.05241 val_mse=0.02057 bin_frac=0.032
[joint_soft_m1] step=5500 m=1.0 loss=0.04949 val_mse=0.01883 bin_frac=0.033
[joint_soft_m1] step=6000 m=1.0 loss=0.04755 val_mse=0.01752 bin_frac=0.034
[joint_soft_m1] step=6500 m=1.0 loss=0.04536 val_mse=0.01664 bin_frac=0.035
[joint_soft_m1] step=7000 m=1.0 loss=0.04359 val_mse=0.01557 bin_frac=0.037
[joint_soft_m1] step=7500 m=1.0 loss=0.04300 val_mse=0.01479 bin_frac=0.038
[joint_soft_m1] step=8000 m=1.0 loss=0.04175 val_mse=0.01458 bin_frac=0.039
[joint_soft_m1] step=8500 m=1.0 loss=0.04048 val_mse=0.01373 bin_frac=0.041
[joint_soft_m1] step=9000 m=1.0 loss=0.04027 val_mse=0.01314 bin_frac=0.042
[joint_soft_m1] step=9500 m=1.0 loss=0.03982 val_mse=0.01278 bin_frac=0.043
[joint_soft_m1] step=10000 m=1.0 loss=0.03833 val_mse=0.01235 bin_frac=0.045
[joint_soft_m1] step=10350 m=1.0 loss=0.03816 val_mse=0.01215 bin_frac=0.046

=== noise/k10_sigma2.7_learnable_frequency_seed42: harden_m2 (m=2.0, steps=1500) ===
[harden_m2] step=10850 m=2.0 loss=0.03250 val_mse=0.00901 bin_frac=0.429
[harden_m2] step=11350 m=2.0 loss=0.03339 val_mse=0.00920 bin_frac=0.433
[harden_m2] step=11850 m=2.0 loss=0.03210 val_mse=0.00877 bin_frac=0.436

=== noise/k10_sigma2.7_learnable_frequency_seed42: harden_m4 (m=4.0, steps=1500) ===
[harden_m4] step=12350 m=4.0 loss=0.02970 val_mse=0.00757 bin_frac=0.726
[harden_m4] step=12850 m=4.0 loss=0.02957 val_mse=0.00758 bin_frac=0.729
[harden_m4] step=13350 m=4.0 loss=0.02879 val_mse=0.00731 bin_frac=0.732

=== noise/k10_sigma2.7_learnable_frequency_seed42: harden_m8 (m=8.0, steps=1500) ===
[harden_m8] step=13850 m=8.0 loss=0.02825 val_mse=0.00694 bin_frac=0.875
[harden_m8] step=14350 m=8.0 loss=0.02820 val_mse=0.00665 bin_frac=0.880
[harden_m8] step=14850 m=8.0 loss=0.02736 val_mse=0.00653 bin_frac=0.886
