[x64/learnable_frequency] loading frozen base ...
[x64/learnable_frequency] building caches (frozen base forward) ...
[x64/learnable_frequency] cache: train=7920 val=40 test=60 (56s)
/home/leonidas/workspace/differentiable_micoscopy_replication/microscopy-clean/.venv/lib/python3.12/site-packages/timm/models/layers/__init__.py:49: FutureWarning: Importing from timm.models.layers is deprecated, please import via timm.layers
  warnings.warn(f"Importing from {__name__} is deprecated, please import via timm.layers", FutureWarning)
/home/leonidas/workspace/differentiable_micoscopy_replication/microscopy-clean/.venv/lib/python3.12/site-packages/torch/functional.py:505: UserWarning: torch.meshgrid: in an upcoming release, it will be required to pass the indexing argument. (Triggered internally at /pytorch/aten/src/ATen/native/TensorShape.cpp:4381.)
  return _VF.meshgrid(tensors, **kwargs)  # type: ignore[attr-defined]
[x64/learnable_frequency] SwinIR params=11.50M embed_dim=180 depths=[6, 6, 6, 6, 6, 6] identity_init=True
[x64/learnable_frequency] base val: ssim=0.9078 mse=0.001144
[x64/learnable_frequency] step 100/50000 lr=4.00e-05 d=0.6811 pixel=0.0153 perceptual=1.0924 adv=0.0657 g_total=1.1734 1.62 it/s
[x64/learnable_frequency] step 200/50000 lr=8.00e-05 d=0.6835 pixel=0.0195 perceptual=1.0711 adv=0.0431 g_total=1.1338 1.61 it/s
[x64/learnable_frequency] step 300/50000 lr=1.20e-04 d=0.7031 pixel=0.0313 perceptual=1.0050 adv=0.0398 g_total=1.0761 1.61 it/s
[x64/learnable_frequency] step 400/50000 lr=1.60e-04 d=0.6365 pixel=0.0187 perceptual=0.7993 adv=0.0882 g_total=0.9062 1.62 it/s
[x64/learnable_frequency] step 500/50000 lr=2.00e-04 d=0.6906 pixel=0.0178 perceptual=0.8152 adv=0.0562 g_total=0.8892 1.62 it/s
[x64/learnable_frequency] step 600/50000 lr=2.00e-04 d=0.6837 pixel=0.0197 perceptual=0.7980 adv=0.0867 g_total=0.9044 1.62 it/s
[x64/learnable_frequency] step 700/50000 lr=2.00e-04 d=0.6845 pixel=0.0174 perceptual=0.7483 adv=0.0802 g_total=0.8458 1.62 it/s
[x64/learnable_frequency] step 800/50000 lr=2.00e-04 d=0.6804 pixel=0.0162 perceptual=0.7108 adv=0.0643 g_total=0.7913 1.62 it/s
[x64/learnable_frequency] step 900/50000 lr=2.00e-04 d=0.6651 pixel=0.0193 perceptual=0.8050 adv=0.0744 g_total=0.8987 1.62 it/s
[x64/learnable_frequency] step 1000/50000 lr=2.00e-04 d=0.6462 pixel=0.0146 perceptual=0.6448 adv=0.0774 g_total=0.7368 1.62 it/s
[x64/learnable_frequency] step 1000 VAL ref_ssim=0.8880 (base 0.9078) ref_mse=0.001189 (base 0.001144) best_ssim=0.8880@1000 *
[x64/learnable_frequency] step 1100/50000 lr=2.00e-04 d=0.6224 pixel=0.0158 perceptual=0.6280 adv=0.0719 g_total=0.7157 1.59 it/s
[x64/learnable_frequency] step 1200/50000 lr=2.00e-04 d=0.7109 pixel=0.0188 perceptual=0.8006 adv=0.0567 g_total=0.8761 1.60 it/s
[x64/learnable_frequency] step 1300/50000 lr=2.00e-04 d=0.6329 pixel=0.0247 perceptual=0.7169 adv=0.0806 g_total=0.8222 1.60 it/s
[x64/learnable_frequency] step 1400/50000 lr=2.00e-04 d=0.6347 pixel=0.0165 perceptual=0.7373 adv=0.0756 g_total=0.8294 1.60 it/s
[x64/learnable_frequency] step 1500/50000 lr=2.00e-04 d=0.6909 pixel=0.0169 perceptual=0.7112 adv=0.0876 g_total=0.8156 1.60 it/s
[x64/learnable_frequency] step 1600/50000 lr=2.00e-04 d=0.6991 pixel=0.0141 perceptual=0.6293 adv=0.0817 g_total=0.7251 1.60 it/s
[x64/learnable_frequency] step 1700/50000 lr=2.00e-04 d=0.7595 pixel=0.0220 perceptual=0.6764 adv=0.0738 g_total=0.7722 1.60 it/s
[x64/learnable_frequency] step 1800/50000 lr=2.00e-04 d=0.7057 pixel=0.0151 perceptual=0.6639 adv=0.0866 g_total=0.7657 1.60 it/s
[x64/learnable_frequency] step 1900/50000 lr=2.00e-04 d=0.6913 pixel=0.0163 perceptual=0.6490 adv=0.0697 g_total=0.7349 1.60 it/s
[x64/learnable_frequency] step 2000/50000 lr=2.00e-04 d=0.7181 pixel=0.0142 perceptual=0.6457 adv=0.0789 g_total=0.7388 1.60 it/s
[x64/learnable_frequency] step 2000 VAL ref_ssim=0.9003 (base 0.9078) ref_mse=0.001070 (base 0.001144) best_ssim=0.9003@2000 *
[x64/learnable_frequency] step 2100/50000 lr=1.99e-04 d=0.6909 pixel=0.0169 perceptual=0.7154 adv=0.0768 g_total=0.8091 1.59 it/s
[x64/learnable_frequency] step 2200/50000 lr=1.99e-04 d=0.6888 pixel=0.0155 perceptual=0.6835 adv=0.0706 g_total=0.7696 1.59 it/s
[x64/learnable_frequency] step 2300/50000 lr=1.99e-04 d=0.6918 pixel=0.0166 perceptual=0.6974 adv=0.0717 g_total=0.7856 1.59 it/s
[x64/learnable_frequency] step 2400/50000 lr=1.99e-04 d=0.6987 pixel=0.0164 perceptual=0.7104 adv=0.0759 g_total=0.8027 1.60 it/s
[x64/learnable_frequency] step 2500/50000 lr=1.99e-04 d=0.6934 pixel=0.0148 perceptual=0.6707 adv=0.0714 g_total=0.7569 1.60 it/s
[x64/learnable_frequency] step 2600/50000 lr=1.99e-04 d=0.5925 pixel=0.0173 perceptual=0.7337 adv=0.0777 g_total=0.8288 1.60 it/s
[x64/learnable_frequency] step 2700/50000 lr=1.99e-04 d=0.6956 pixel=0.0173 perceptual=0.7209 adv=0.0663 g_total=0.8044 1.60 it/s
[x64/learnable_frequency] step 2800/50000 lr=1.99e-04 d=0.6945 pixel=0.0167 perceptual=0.6745 adv=0.0734 g_total=0.7646 1.60 it/s
[x64/learnable_frequency] step 2900/50000 lr=1.99e-04 d=0.5921 pixel=0.0155 perceptual=0.6732 adv=0.0696 g_total=0.7583 1.60 it/s
[x64/learnable_frequency] step 3000/50000 lr=1.99e-04 d=0.6926 pixel=0.0170 perceptual=0.6936 adv=0.0698 g_total=0.7804 1.60 it/s
[x64/learnable_frequency] step 3000 VAL ref_ssim=0.9005 (base 0.9078) ref_mse=0.001042 (base 0.001144) best_ssim=0.9005@3000 *
[x64/learnable_frequency] step 3100/50000 lr=1.99e-04 d=0.9415 pixel=0.0154 perceptual=0.6675 adv=0.0853 g_total=0.7682 1.59 it/s
[x64/learnable_frequency] step 3200/50000 lr=1.99e-04 d=0.6946 pixel=0.0177 perceptual=0.7117 adv=0.0718 g_total=0.8012 1.59 it/s
[x64/learnable_frequency] step 3300/50000 lr=1.98e-04 d=0.6927 pixel=0.0167 perceptual=0.6583 adv=0.0701 g_total=0.7450 1.59 it/s
[x64/learnable_frequency] step 3400/50000 lr=1.98e-04 d=0.6949 pixel=0.0171 perceptual=0.6868 adv=0.0722 g_total=0.7761 1.59 it/s
[x64/learnable_frequency] step 3500/50000 lr=1.98e-04 d=0.6607 pixel=0.0179 perceptual=0.7179 adv=0.0691 g_total=0.8049 1.59 it/s
[x64/learnable_frequency] step 3600/50000 lr=1.98e-04 d=0.6948 pixel=0.0162 perceptual=0.6995 adv=0.0715 g_total=0.7872 1.59 it/s
[x64/learnable_frequency] step 3700/50000 lr=1.98e-04 d=0.6938 pixel=0.0180 perceptual=0.7269 adv=0.0708 g_total=0.8157 1.60 it/s
[x64/learnable_frequency] step 3800/50000 lr=1.98e-04 d=0.6933 pixel=0.0174 perceptual=0.7612 adv=0.0703 g_total=0.8489 1.60 it/s
[x64/learnable_frequency] step 3900/50000 lr=1.98e-04 d=0.5704 pixel=0.0157 perceptual=0.6934 adv=0.0698 g_total=0.7789 1.60 it/s
[x64/learnable_frequency] step 4000/50000 lr=1.98e-04 d=0.6933 pixel=0.0153 perceptual=0.6425 adv=0.0719 g_total=0.7298 1.60 it/s
[x64/learnable_frequency] step 4000 VAL ref_ssim=0.8979 (base 0.9078) ref_mse=0.001023 (base 0.001144) best_ssim=0.9005@3000
[x64/learnable_frequency] step 4100/50000 lr=1.97e-04 d=0.6943 pixel=0.0141 perceptual=0.6197 adv=0.0737 g_total=0.7075 1.59 it/s
[x64/learnable_frequency] step 4200/50000 lr=1.97e-04 d=0.6923 pixel=0.0163 perceptual=0.6841 adv=0.0720 g_total=0.7723 1.59 it/s
[x64/learnable_frequency] step 4300/50000 lr=1.97e-04 d=0.5736 pixel=0.0168 perceptual=0.6907 adv=0.0831 g_total=0.7906 1.59 it/s
[x64/learnable_frequency] step 4400/50000 lr=1.97e-04 d=0.6934 pixel=0.0158 perceptual=0.6420 adv=0.0698 g_total=0.7275 1.59 it/s
[x64/learnable_frequency] step 4500/50000 lr=1.97e-04 d=0.6914 pixel=0.0167 perceptual=0.7040 adv=0.0691 g_total=0.7898 1.59 it/s
[x64/learnable_frequency] step 4600/50000 lr=1.97e-04 d=0.6832 pixel=0.0148 perceptual=0.6380 adv=0.0703 g_total=0.7231 1.59 it/s
[x64/learnable_frequency] step 4700/50000 lr=1.97e-04 d=0.6935 pixel=0.0205 perceptual=0.7652 adv=0.0720 g_total=0.8577 1.59 it/s
[x64/learnable_frequency] step 4800/50000 lr=1.96e-04 d=0.6932 pixel=0.0165 perceptual=0.7185 adv=0.0723 g_total=0.8072 1.59 it/s
[x64/learnable_frequency] step 4900/50000 lr=1.96e-04 d=0.7037 pixel=0.0147 perceptual=0.6037 adv=0.0760 g_total=0.6944 1.59 it/s
[x64/learnable_frequency] step 5000/50000 lr=1.96e-04 d=0.6771 pixel=0.0155 perceptual=0.6483 adv=0.0803 g_total=0.7440 1.59 it/s
[x64/learnable_frequency] step 5000 VAL ref_ssim=0.9014 (base 0.9078) ref_mse=0.001060 (base 0.001144) best_ssim=0.9014@5000 *
[x64/learnable_frequency] step 5100/50000 lr=1.96e-04 d=0.6893 pixel=0.0162 perceptual=0.6752 adv=0.0683 g_total=0.7597 1.59 it/s
[x64/learnable_frequency] step 5200/50000 lr=1.96e-04 d=0.6886 pixel=0.0122 perceptual=0.5271 adv=0.0726 g_total=0.6119 1.59 it/s
[x64/learnable_frequency] step 5300/50000 lr=1.95e-04 d=0.6958 pixel=0.0147 perceptual=0.6410 adv=0.0695 g_total=0.7252 1.59 it/s
[x64/learnable_frequency] step 5400/50000 lr=1.95e-04 d=0.6842 pixel=0.0155 perceptual=0.6959 adv=0.0707 g_total=0.7820 1.59 it/s
[x64/learnable_frequency] step 5500/50000 lr=1.95e-04 d=0.6920 pixel=0.0175 perceptual=0.7428 adv=0.0692 g_total=0.8296 1.59 it/s
[x64/learnable_frequency] step 5600/50000 lr=1.95e-04 d=0.7067 pixel=0.0141 perceptual=0.6052 adv=0.0692 g_total=0.6885 1.59 it/s
[x64/learnable_frequency] step 5700/50000 lr=1.95e-04 d=0.6933 pixel=0.0175 perceptual=0.7210 adv=0.0735 g_total=0.8120 1.59 it/s
[x64/learnable_frequency] step 5800/50000 lr=1.95e-04 d=0.6941 pixel=0.0165 perceptual=0.6627 adv=0.0667 g_total=0.7459 1.59 it/s
[x64/learnable_frequency] step 5900/50000 lr=1.94e-04 d=0.6887 pixel=0.0186 perceptual=0.7040 adv=0.0655 g_total=0.7881 1.59 it/s
[x64/learnable_frequency] step 6000/50000 lr=1.94e-04 d=0.6932 pixel=0.0161 perceptual=0.6725 adv=0.0681 g_total=0.7567 1.59 it/s
[x64/learnable_frequency] step 6000 VAL ref_ssim=0.9024 (base 0.9078) ref_mse=0.000995 (base 0.001144) best_ssim=0.9024@6000 *
[x64/learnable_frequency] step 6100/50000 lr=1.94e-04 d=0.6941 pixel=0.0125 perceptual=0.5550 adv=0.0677 g_total=0.6352 1.59 it/s
[x64/learnable_frequency] step 6200/50000 lr=1.94e-04 d=0.6835 pixel=0.0136 perceptual=0.5521 adv=0.0710 g_total=0.6366 1.59 it/s
[x64/learnable_frequency] step 6300/50000 lr=1.93e-04 d=0.6936 pixel=0.0147 perceptual=0.6245 adv=0.0669 g_total=0.7061 1.59 it/s
[x64/learnable_frequency] step 6400/50000 lr=1.93e-04 d=0.6934 pixel=0.0181 perceptual=0.6830 adv=0.0680 g_total=0.7692 1.59 it/s
[x64/learnable_frequency] step 6500/50000 lr=1.93e-04 d=0.7083 pixel=0.0166 perceptual=0.7114 adv=0.0677 g_total=0.7956 1.59 it/s
[x64/learnable_frequency] step 6600/50000 lr=1.93e-04 d=0.6882 pixel=0.0138 perceptual=0.6452 adv=0.0704 g_total=0.7294 1.59 it/s
[x64/learnable_frequency] step 6700/50000 lr=1.93e-04 d=0.7505 pixel=0.0162 perceptual=0.6995 adv=0.0901 g_total=0.8059 1.59 it/s
[x64/learnable_frequency] step 6800/50000 lr=1.92e-04 d=0.6923 pixel=0.0159 perceptual=0.6704 adv=0.0741 g_total=0.7604 1.59 it/s
[x64/learnable_frequency] step 6900/50000 lr=1.92e-04 d=0.6648 pixel=0.0176 perceptual=0.7037 adv=0.0591 g_total=0.7804 1.59 it/s
[x64/learnable_frequency] step 7000/50000 lr=1.92e-04 d=0.6922 pixel=0.0165 perceptual=0.7042 adv=0.0746 g_total=0.7954 1.59 it/s
[x64/learnable_frequency] step 7000 VAL ref_ssim=0.9014 (base 0.9078) ref_mse=0.001034 (base 0.001144) best_ssim=0.9024@6000
[x64/learnable_frequency] step 7100/50000 lr=1.92e-04 d=0.6923 pixel=0.0162 perceptual=0.6212 adv=0.0713 g_total=0.7086 1.59 it/s
[x64/learnable_frequency] step 7200/50000 lr=1.91e-04 d=0.7234 pixel=0.0173 perceptual=0.7319 adv=0.0723 g_total=0.8215 1.59 it/s
[x64/learnable_frequency] step 7300/50000 lr=1.91e-04 d=0.7260 pixel=0.0179 perceptual=0.7142 adv=0.0652 g_total=0.7973 1.59 it/s
[x64/learnable_frequency] step 7400/50000 lr=1.91e-04 d=0.7231 pixel=0.0142 perceptual=0.6108 adv=0.0645 g_total=0.6895 1.59 it/s
[x64/learnable_frequency] step 7500/50000 lr=1.90e-04 d=0.7137 pixel=0.0149 perceptual=0.6264 adv=0.0659 g_total=0.7072 1.59 it/s
[x64/learnable_frequency] step 7600/50000 lr=1.90e-04 d=0.6935 pixel=0.0163 perceptual=0.6668 adv=0.0693 g_total=0.7524 1.59 it/s
[x64/learnable_frequency] step 7700/50000 lr=1.90e-04 d=0.6922 pixel=0.0150 perceptual=0.5937 adv=0.0739 g_total=0.6825 1.59 it/s
[x64/learnable_frequency] step 7800/50000 lr=1.90e-04 d=0.6964 pixel=0.0157 perceptual=0.6182 adv=0.0663 g_total=0.7003 1.59 it/s
[x64/learnable_frequency] step 7900/50000 lr=1.89e-04 d=0.7105 pixel=0.0197 perceptual=0.7092 adv=0.0776 g_total=0.8065 1.59 it/s
[x64/learnable_frequency] step 8000/50000 lr=1.89e-04 d=0.6878 pixel=0.0108 perceptual=0.5051 adv=0.0722 g_total=0.5881 1.59 it/s
[x64/learnable_frequency] step 8000 VAL ref_ssim=0.9032 (base 0.9078) ref_mse=0.000958 (base 0.001144) best_ssim=0.9032@8000 *
[x64/learnable_frequency] step 8100/50000 lr=1.89e-04 d=0.6948 pixel=0.0153 perceptual=0.6309 adv=0.0656 g_total=0.7117 1.59 it/s
[x64/learnable_frequency] step 8200/50000 lr=1.89e-04 d=0.6947 pixel=0.0176 perceptual=0.7285 adv=0.0725 g_total=0.8186 1.59 it/s
[x64/learnable_frequency] step 8300/50000 lr=1.88e-04 d=0.6972 pixel=0.0150 perceptual=0.6380 adv=0.0707 g_total=0.7236 1.59 it/s
[x64/learnable_frequency] step 8400/50000 lr=1.88e-04 d=0.6997 pixel=0.0149 perceptual=0.6315 adv=0.0746 g_total=0.7210 1.59 it/s
[x64/learnable_frequency] step 8500/50000 lr=1.88e-04 d=0.6783 pixel=0.0141 perceptual=0.6278 adv=0.0696 g_total=0.7116 1.59 it/s
[x64/learnable_frequency] step 8600/50000 lr=1.87e-04 d=0.6808 pixel=0.0157 perceptual=0.5873 adv=0.0701 g_total=0.6731 1.59 it/s
[x64/learnable_frequency] step 8700/50000 lr=1.87e-04 d=0.7162 pixel=0.0155 perceptual=0.6740 adv=0.0740 g_total=0.7635 1.59 it/s
[x64/learnable_frequency] step 8800/50000 lr=1.87e-04 d=0.6906 pixel=0.0129 perceptual=0.5601 adv=0.0766 g_total=0.6496 1.59 it/s
[x64/learnable_frequency] step 8900/50000 lr=1.86e-04 d=0.7075 pixel=0.0127 perceptual=0.5659 adv=0.0766 g_total=0.6552 1.59 it/s
[x64/learnable_frequency] step 9000/50000 lr=1.86e-04 d=0.6282 pixel=0.0167 perceptual=0.6729 adv=0.0638 g_total=0.7534 1.59 it/s
[x64/learnable_frequency] step 9000 VAL ref_ssim=0.8946 (base 0.9078) ref_mse=0.000999 (base 0.001144) best_ssim=0.9032@8000
[x64/learnable_frequency] step 9100/50000 lr=1.86e-04 d=0.7316 pixel=0.0155 perceptual=0.6560 adv=0.0517 g_total=0.7232 1.59 it/s
[x64/learnable_frequency] step 9200/50000 lr=1.85e-04 d=0.6847 pixel=0.0171 perceptual=0.7004 adv=0.0737 g_total=0.7912 1.59 it/s
[x64/learnable_frequency] step 9300/50000 lr=1.85e-04 d=0.6987 pixel=0.0152 perceptual=0.6397 adv=0.0791 g_total=0.7340 1.59 it/s
[x64/learnable_frequency] step 9400/50000 lr=1.85e-04 d=0.6821 pixel=0.0160 perceptual=0.6985 adv=0.0757 g_total=0.7902 1.59 it/s
[x64/learnable_frequency] step 9500/50000 lr=1.84e-04 d=0.7356 pixel=0.0172 perceptual=0.6531 adv=0.0748 g_total=0.7450 1.59 it/s
[x64/learnable_frequency] step 9600/50000 lr=1.84e-04 d=0.6522 pixel=0.0184 perceptual=0.6741 adv=0.0873 g_total=0.7797 1.59 it/s
[x64/learnable_frequency] step 9700/50000 lr=1.84e-04 d=0.7340 pixel=0.0217 perceptual=0.7664 adv=0.0872 g_total=0.8753 1.59 it/s
[x64/learnable_frequency] step 9800/50000 lr=1.83e-04 d=0.6805 pixel=0.0136 perceptual=0.5759 adv=0.0753 g_total=0.6648 1.59 it/s
[x64/learnable_frequency] step 9900/50000 lr=1.83e-04 d=0.5688 pixel=0.0120 perceptual=0.5493 adv=0.0743 g_total=0.6356 1.59 it/s
[x64/learnable_frequency] step 10000/50000 lr=1.83e-04 d=0.6951 pixel=0.0143 perceptual=0.6149 adv=0.0703 g_total=0.6996 1.59 it/s
[x64/learnable_frequency] step 10000 VAL ref_ssim=0.9041 (base 0.9078) ref_mse=0.000947 (base 0.001144) best_ssim=0.9041@10000 *
[x64/learnable_frequency] step 10100/50000 lr=1.82e-04 d=0.6874 pixel=0.0160 perceptual=0.6601 adv=0.0647 g_total=0.7408 1.59 it/s
[x64/learnable_frequency] step 10200/50000 lr=1.82e-04 d=0.6522 pixel=0.0126 perceptual=0.5582 adv=0.0677 g_total=0.6385 1.59 it/s
[x64/learnable_frequency] step 10300/50000 lr=1.82e-04 d=0.6911 pixel=0.0143 perceptual=0.6046 adv=0.0764 g_total=0.6953 1.59 it/s
[x64/learnable_frequency] step 10400/50000 lr=1.81e-04 d=0.6784 pixel=0.0145 perceptual=0.6418 adv=0.0728 g_total=0.7290 1.59 it/s
[x64/learnable_frequency] step 10500/50000 lr=1.81e-04 d=0.6863 pixel=0.0156 perceptual=0.5927 adv=0.0790 g_total=0.6872 1.59 it/s
[x64/learnable_frequency] step 10600/50000 lr=1.81e-04 d=0.7028 pixel=0.0166 perceptual=0.6315 adv=0.0473 g_total=0.6954 1.59 it/s
[x64/learnable_frequency] step 10700/50000 lr=1.80e-04 d=0.5413 pixel=0.0152 perceptual=0.6346 adv=0.0669 g_total=0.7168 1.59 it/s
[x64/learnable_frequency] step 10800/50000 lr=1.80e-04 d=0.6795 pixel=0.0166 perceptual=0.7055 adv=0.0802 g_total=0.8022 1.59 it/s
[x64/learnable_frequency] step 10900/50000 lr=1.79e-04 d=0.6198 pixel=0.0182 perceptual=0.6363 adv=0.0575 g_total=0.7119 1.59 it/s
[x64/learnable_frequency] step 11000/50000 lr=1.79e-04 d=0.6796 pixel=0.0167 perceptual=0.6703 adv=0.0703 g_total=0.7574 1.59 it/s
[x64/learnable_frequency] step 11000 VAL ref_ssim=0.9046 (base 0.9078) ref_mse=0.000963 (base 0.001144) best_ssim=0.9046@11000 *
[x64/learnable_frequency] step 11100/50000 lr=1.79e-04 d=0.6896 pixel=0.0173 perceptual=0.6966 adv=0.0748 g_total=0.7888 1.59 it/s
[x64/learnable_frequency] step 11200/50000 lr=1.78e-04 d=0.7073 pixel=0.0153 perceptual=0.6280 adv=0.0812 g_total=0.7245 1.59 it/s
[x64/learnable_frequency] step 11300/50000 lr=1.78e-04 d=0.7091 pixel=0.0133 perceptual=0.5695 adv=0.0688 g_total=0.6517 1.59 it/s
[x64/learnable_frequency] step 11400/50000 lr=1.77e-04 d=0.7102 pixel=0.0157 perceptual=0.6103 adv=0.0755 g_total=0.7015 1.59 it/s
[x64/learnable_frequency] step 11500/50000 lr=1.77e-04 d=0.6145 pixel=0.0131 perceptual=0.5658 adv=0.0535 g_total=0.6324 1.59 it/s
[x64/learnable_frequency] step 11600/50000 lr=1.77e-04 d=0.6890 pixel=0.0175 perceptual=0.6343 adv=0.0743 g_total=0.7261 1.59 it/s
[x64/learnable_frequency] step 11700/50000 lr=1.76e-04 d=0.6779 pixel=0.0166 perceptual=0.6826 adv=0.0693 g_total=0.7684 1.59 it/s
[x64/learnable_frequency] step 11800/50000 lr=1.76e-04 d=0.7235 pixel=0.0167 perceptual=0.6334 adv=0.0789 g_total=0.7290 1.59 it/s
[x64/learnable_frequency] step 11900/50000 lr=1.75e-04 d=0.7224 pixel=0.0154 perceptual=0.6180 adv=0.0782 g_total=0.7116 1.59 it/s
[x64/learnable_frequency] step 12000/50000 lr=1.75e-04 d=0.6922 pixel=0.0157 perceptual=0.6489 adv=0.0695 g_total=0.7342 1.59 it/s
[x64/learnable_frequency] step 12000 VAL ref_ssim=0.9052 (base 0.9078) ref_mse=0.000950 (base 0.001144) best_ssim=0.9052@12000 *
[x64/learnable_frequency] step 12100/50000 lr=1.75e-04 d=0.6012 pixel=0.0148 perceptual=0.6039 adv=0.0731 g_total=0.6918 1.59 it/s
[x64/learnable_frequency] step 12200/50000 lr=1.74e-04 d=0.6928 pixel=0.0166 perceptual=0.6768 adv=0.0723 g_total=0.7657 1.59 it/s
[x64/learnable_frequency] step 12300/50000 lr=1.74e-04 d=0.6886 pixel=0.0141 perceptual=0.6204 adv=0.0790 g_total=0.7136 1.59 it/s
[x64/learnable_frequency] step 12400/50000 lr=1.73e-04 d=0.6957 pixel=0.0137 perceptual=0.5978 adv=0.0808 g_total=0.6923 1.59 it/s
[x64/learnable_frequency] step 12500/50000 lr=1.73e-04 d=0.7118 pixel=0.0176 perceptual=0.7359 adv=0.0699 g_total=0.8235 1.59 it/s
[x64/learnable_frequency] step 12600/50000 lr=1.72e-04 d=0.6326 pixel=0.0174 perceptual=0.6470 adv=0.0842 g_total=0.7485 1.59 it/s
[x64/learnable_frequency] step 12700/50000 lr=1.72e-04 d=0.6605 pixel=0.0166 perceptual=0.6749 adv=0.0665 g_total=0.7580 1.59 it/s
[x64/learnable_frequency] step 12800/50000 lr=1.72e-04 d=0.6879 pixel=0.0154 perceptual=0.6588 adv=0.0770 g_total=0.7512 1.59 it/s
[x64/learnable_frequency] step 12900/50000 lr=1.71e-04 d=0.6981 pixel=0.0150 perceptual=0.6588 adv=0.0810 g_total=0.7548 1.59 it/s
[x64/learnable_frequency] step 13000/50000 lr=1.71e-04 d=0.6701 pixel=0.0154 perceptual=0.6545 adv=0.0769 g_total=0.7468 1.59 it/s
[x64/learnable_frequency] step 13000 VAL ref_ssim=0.9007 (base 0.9078) ref_mse=0.001008 (base 0.001144) best_ssim=0.9052@12000
[x64/learnable_frequency] step 13100/50000 lr=1.70e-04 d=0.5884 pixel=0.0154 perceptual=0.6418 adv=0.0653 g_total=0.7225 1.59 it/s
[x64/learnable_frequency] step 13200/50000 lr=1.70e-04 d=0.7009 pixel=0.0148 perceptual=0.6180 adv=0.0916 g_total=0.7243 1.59 it/s
[x64/learnable_frequency] step 13300/50000 lr=1.69e-04 d=0.6751 pixel=0.0182 perceptual=0.6438 adv=0.0741 g_total=0.7361 1.59 it/s
[x64/learnable_frequency] step 13400/50000 lr=1.69e-04 d=0.6795 pixel=0.0130 perceptual=0.5870 adv=0.0805 g_total=0.6805 1.59 it/s
[x64/learnable_frequency] step 13500/50000 lr=1.68e-04 d=0.6981 pixel=0.0160 perceptual=0.6527 adv=0.0801 g_total=0.7489 1.59 it/s
[x64/learnable_frequency] step 13600/50000 lr=1.68e-04 d=0.6308 pixel=0.0150 perceptual=0.6535 adv=0.0670 g_total=0.7355 1.59 it/s
[x64/learnable_frequency] step 13700/50000 lr=1.68e-04 d=0.6559 pixel=0.0161 perceptual=0.6772 adv=0.0493 g_total=0.7426 1.59 it/s
[x64/learnable_frequency] step 13800/50000 lr=1.67e-04 d=0.6866 pixel=0.0142 perceptual=0.5625 adv=0.0788 g_total=0.6555 1.59 it/s
[x64/learnable_frequency] step 13900/50000 lr=1.67e-04 d=0.6581 pixel=0.0159 perceptual=0.6643 adv=0.0533 g_total=0.7335 1.59 it/s
[x64/learnable_frequency] step 14000/50000 lr=1.66e-04 d=0.8345 pixel=0.0147 perceptual=0.6287 adv=0.0780 g_total=0.7215 1.59 it/s
[x64/learnable_frequency] step 14000 VAL ref_ssim=0.8987 (base 0.9078) ref_mse=0.001091 (base 0.001144) best_ssim=0.9052@12000
[x64/learnable_frequency] step 14100/50000 lr=1.66e-04 d=0.6934 pixel=0.0139 perceptual=0.6053 adv=0.0712 g_total=0.6904 1.59 it/s
[x64/learnable_frequency] step 14200/50000 lr=1.65e-04 d=0.6895 pixel=0.0177 perceptual=0.6864 adv=0.0704 g_total=0.7745 1.59 it/s
[x64/learnable_frequency] step 14300/50000 lr=1.65e-04 d=0.5680 pixel=0.0147 perceptual=0.6231 adv=0.0681 g_total=0.7059 1.59 it/s
[x64/learnable_frequency] step 14400/50000 lr=1.64e-04 d=0.6375 pixel=0.0175 perceptual=0.6897 adv=0.0642 g_total=0.7714 1.59 it/s
[x64/learnable_frequency] step 14500/50000 lr=1.64e-04 d=0.6454 pixel=0.0168 perceptual=0.7381 adv=0.0747 g_total=0.8297 1.59 it/s
[x64/learnable_frequency] step 14600/50000 lr=1.63e-04 d=0.6800 pixel=0.0169 perceptual=0.6801 adv=0.0692 g_total=0.7661 1.59 it/s
[x64/learnable_frequency] step 14700/50000 lr=1.63e-04 d=0.7199 pixel=0.0152 perceptual=0.6472 adv=0.0838 g_total=0.7462 1.59 it/s
[x64/learnable_frequency] step 14800/50000 lr=1.62e-04 d=0.6682 pixel=0.0161 perceptual=0.6864 adv=0.0785 g_total=0.7810 1.59 it/s
[x64/learnable_frequency] step 14900/50000 lr=1.62e-04 d=0.6768 pixel=0.0152 perceptual=0.6687 adv=0.0704 g_total=0.7543 1.59 it/s
[x64/learnable_frequency] step 15000/50000 lr=1.61e-04 d=0.6967 pixel=0.0162 perceptual=0.6412 adv=0.0783 g_total=0.7357 1.59 it/s
[x64/learnable_frequency] step 15000 VAL ref_ssim=0.9021 (base 0.9078) ref_mse=0.000996 (base 0.001144) best_ssim=0.9052@12000
[x64/learnable_frequency] step 15100/50000 lr=1.61e-04 d=0.6711 pixel=0.0158 perceptual=0.6777 adv=0.0797 g_total=0.7732 1.59 it/s
[x64/learnable_frequency] step 15200/50000 lr=1.60e-04 d=0.7116 pixel=0.0147 perceptual=0.6277 adv=0.0806 g_total=0.7230 1.59 it/s
[x64/learnable_frequency] step 15300/50000 lr=1.60e-04 d=0.7138 pixel=0.0160 perceptual=0.6683 adv=0.0850 g_total=0.7692 1.59 it/s
[x64/learnable_frequency] step 15400/50000 lr=1.59e-04 d=0.6769 pixel=0.0143 perceptual=0.5793 adv=0.0719 g_total=0.6655 1.59 it/s
[x64/learnable_frequency] step 15500/50000 lr=1.59e-04 d=0.6635 pixel=0.0158 perceptual=0.6836 adv=0.0765 g_total=0.7759 1.59 it/s
[x64/learnable_frequency] step 15600/50000 lr=1.58e-04 d=0.6696 pixel=0.0146 perceptual=0.5894 adv=0.0781 g_total=0.6821 1.59 it/s
[x64/learnable_frequency] step 15700/50000 lr=1.58e-04 d=0.6847 pixel=0.0146 perceptual=0.6415 adv=0.0734 g_total=0.7295 1.59 it/s
[x64/learnable_frequency] step 15800/50000 lr=1.57e-04 d=0.6863 pixel=0.0156 perceptual=0.6433 adv=0.0776 g_total=0.7365 1.59 it/s
[x64/learnable_frequency] step 15900/50000 lr=1.57e-04 d=0.6597 pixel=0.0190 perceptual=0.6978 adv=0.0651 g_total=0.7820 1.59 it/s
[x64/learnable_frequency] step 16000/50000 lr=1.56e-04 d=0.7046 pixel=0.0160 perceptual=0.6593 adv=0.0771 g_total=0.7524 1.59 it/s
[x64/learnable_frequency] step 16000 VAL ref_ssim=0.9005 (base 0.9078) ref_mse=0.001040 (base 0.001144) best_ssim=0.9052@12000
[x64/learnable_frequency] step 16100/50000 lr=1.56e-04 d=0.6864 pixel=0.0151 perceptual=0.6588 adv=0.0737 g_total=0.7476 1.59 it/s
[x64/learnable_frequency] step 16200/50000 lr=1.55e-04 d=0.6361 pixel=0.0168 perceptual=0.7050 adv=0.0552 g_total=0.7770 1.59 it/s
[x64/learnable_frequency] step 16300/50000 lr=1.55e-04 d=0.6776 pixel=0.0161 perceptual=0.6575 adv=0.0797 g_total=0.7533 1.59 it/s
[x64/learnable_frequency] step 16400/50000 lr=1.54e-04 d=0.7032 pixel=0.0157 perceptual=0.6078 adv=0.0655 g_total=0.6890 1.59 it/s
[x64/learnable_frequency] step 16500/50000 lr=1.54e-04 d=0.6256 pixel=0.0208 perceptual=0.7472 adv=0.0715 g_total=0.8395 1.59 it/s
[x64/learnable_frequency] step 16600/50000 lr=1.53e-04 d=0.6797 pixel=0.0155 perceptual=0.6501 adv=0.0783 g_total=0.7440 1.59 it/s
[x64/learnable_frequency] step 16700/50000 lr=1.53e-04 d=0.6655 pixel=0.0175 perceptual=0.6143 adv=0.0699 g_total=0.7017 1.59 it/s
[x64/learnable_frequency] step 16800/50000 lr=1.52e-04 d=0.7123 pixel=0.0157 perceptual=0.6133 adv=0.0627 g_total=0.6918 1.59 it/s
[x64/learnable_frequency] step 16900/50000 lr=1.52e-04 d=0.7106 pixel=0.0152 perceptual=0.6028 adv=0.0857 g_total=0.7037 1.59 it/s
[x64/learnable_frequency] step 17000/50000 lr=1.51e-04 d=0.6709 pixel=0.0144 perceptual=0.6345 adv=0.0766 g_total=0.7255 1.59 it/s
[x64/learnable_frequency] step 17000 VAL ref_ssim=0.9000 (base 0.9078) ref_mse=0.001016 (base 0.001144) best_ssim=0.9052@12000
[x64/learnable_frequency] step 17100/50000 lr=1.50e-04 d=0.7076 pixel=0.0144 perceptual=0.6138 adv=0.0870 g_total=0.7152 1.59 it/s
[x64/learnable_frequency] step 17200/50000 lr=1.50e-04 d=0.6825 pixel=0.0154 perceptual=0.6596 adv=0.0768 g_total=0.7519 1.59 it/s
[x64/learnable_frequency] step 17300/50000 lr=1.49e-04 d=0.6565 pixel=0.0144 perceptual=0.6068 adv=0.0599 g_total=0.6810 1.59 it/s
[x64/learnable_frequency] step 17400/50000 lr=1.49e-04 d=0.6249 pixel=0.0151 perceptual=0.6070 adv=0.0604 g_total=0.6825 1.59 it/s
[x64/learnable_frequency] step 17500/50000 lr=1.48e-04 d=0.7534 pixel=0.0142 perceptual=0.6147 adv=0.0542 g_total=0.6831 1.59 it/s
[x64/learnable_frequency] step 17600/50000 lr=1.48e-04 d=0.6782 pixel=0.0156 perceptual=0.6104 adv=0.0659 g_total=0.6919 1.59 it/s
[x64/learnable_frequency] step 17700/50000 lr=1.47e-04 d=0.6524 pixel=0.0161 perceptual=0.6523 adv=0.0745 g_total=0.7429 1.59 it/s
[x64/learnable_frequency] step 17800/50000 lr=1.47e-04 d=0.6940 pixel=0.0166 perceptual=0.6756 adv=0.0868 g_total=0.7789 1.59 it/s
[x64/learnable_frequency] step 17900/50000 lr=1.46e-04 d=0.6715 pixel=0.0167 perceptual=0.7029 adv=0.0742 g_total=0.7937 1.59 it/s
[x64/learnable_frequency] step 18000/50000 lr=1.46e-04 d=0.6723 pixel=0.0157 perceptual=0.6267 adv=0.0712 g_total=0.7136 1.59 it/s
[x64/learnable_frequency] step 18000 VAL ref_ssim=0.8841 (base 0.9078) ref_mse=0.001102 (base 0.001144) best_ssim=0.9052@12000
[x64/learnable_frequency] step 18100/50000 lr=1.45e-04 d=0.7254 pixel=0.0152 perceptual=0.6275 adv=0.0889 g_total=0.7316 1.59 it/s
[x64/learnable_frequency] step 18200/50000 lr=1.44e-04 d=0.7080 pixel=0.0163 perceptual=0.6626 adv=0.0698 g_total=0.7487 1.59 it/s
[x64/learnable_frequency] step 18300/50000 lr=1.44e-04 d=0.7076 pixel=0.0174 perceptual=0.6922 adv=0.0471 g_total=0.7567 1.59 it/s
[x64/learnable_frequency] step 18400/50000 lr=1.43e-04 d=0.6837 pixel=0.0144 perceptual=0.6046 adv=0.0762 g_total=0.6952 1.59 it/s
[x64/learnable_frequency] step 18500/50000 lr=1.43e-04 d=0.6455 pixel=0.0177 perceptual=0.7006 adv=0.0812 g_total=0.7994 1.59 it/s
[x64/learnable_frequency] step 18600/50000 lr=1.42e-04 d=0.6276 pixel=0.0149 perceptual=0.6415 adv=0.0696 g_total=0.7259 1.59 it/s
[x64/learnable_frequency] step 18700/50000 lr=1.42e-04 d=0.6436 pixel=0.0144 perceptual=0.6080 adv=0.0745 g_total=0.6968 1.59 it/s
[x64/learnable_frequency] step 18800/50000 lr=1.41e-04 d=0.6091 pixel=0.0157 perceptual=0.6363 adv=0.0639 g_total=0.7159 1.59 it/s
[x64/learnable_frequency] step 18900/50000 lr=1.40e-04 d=0.6763 pixel=0.0153 perceptual=0.6547 adv=0.0786 g_total=0.7485 1.59 it/s
[x64/learnable_frequency] step 19000/50000 lr=1.40e-04 d=0.6917 pixel=0.0164 perceptual=0.6976 adv=0.0862 g_total=0.8002 1.59 it/s
[x64/learnable_frequency] step 19000 VAL ref_ssim=0.9026 (base 0.9078) ref_mse=0.000984 (base 0.001144) best_ssim=0.9052@12000
[x64/learnable_frequency] step 19100/50000 lr=1.39e-04 d=0.6006 pixel=0.0166 perceptual=0.6949 adv=0.0726 g_total=0.7842 1.59 it/s
[x64/learnable_frequency] step 19200/50000 lr=1.39e-04 d=0.6884 pixel=0.0144 perceptual=0.6142 adv=0.0742 g_total=0.7028 1.59 it/s
[x64/learnable_frequency] step 19300/50000 lr=1.38e-04 d=0.6729 pixel=0.0167 perceptual=0.6852 adv=0.0886 g_total=0.7905 1.59 it/s
[x64/learnable_frequency] step 19400/50000 lr=1.38e-04 d=0.6750 pixel=0.0154 perceptual=0.6286 adv=0.0665 g_total=0.7105 1.59 it/s
[x64/learnable_frequency] step 19500/50000 lr=1.37e-04 d=0.6856 pixel=0.0180 perceptual=0.6435 adv=0.0764 g_total=0.7380 1.59 it/s
[x64/learnable_frequency] step 19600/50000 lr=1.36e-04 d=0.7026 pixel=0.0161 perceptual=0.6969 adv=0.0863 g_total=0.7993 1.59 it/s
[x64/learnable_frequency] step 19700/50000 lr=1.36e-04 d=0.5680 pixel=0.0153 perceptual=0.6568 adv=0.0703 g_total=0.7424 1.59 it/s
[x64/learnable_frequency] step 19800/50000 lr=1.35e-04 d=0.6612 pixel=0.0134 perceptual=0.6091 adv=0.0796 g_total=0.7022 1.59 it/s
[x64/learnable_frequency] step 19900/50000 lr=1.35e-04 d=0.7022 pixel=0.0144 perceptual=0.6116 adv=0.0812 g_total=0.7072 1.59 it/s
[x64/learnable_frequency] step 20000/50000 lr=1.34e-04 d=0.7245 pixel=0.0144 perceptual=0.5991 adv=0.0477 g_total=0.6611 1.59 it/s
[x64/learnable_frequency] step 20000 VAL ref_ssim=0.8901 (base 0.9078) ref_mse=0.001030 (base 0.001144) best_ssim=0.9052@12000
[x64/learnable_frequency] step 20100/50000 lr=1.33e-04 d=0.6909 pixel=0.0159 perceptual=0.6799 adv=0.0684 g_total=0.7641 1.59 it/s
[x64/learnable_frequency] step 20200/50000 lr=1.33e-04 d=0.5988 pixel=0.0137 perceptual=0.5792 adv=0.0737 g_total=0.6666 1.59 it/s
[x64/learnable_frequency] step 20300/50000 lr=1.32e-04 d=0.6742 pixel=0.0142 perceptual=0.6284 adv=0.0791 g_total=0.7217 1.59 it/s
[x64/learnable_frequency] step 20400/50000 lr=1.32e-04 d=0.7069 pixel=0.0161 perceptual=0.6490 adv=0.0904 g_total=0.7555 1.59 it/s
[x64/learnable_frequency] step 20500/50000 lr=1.31e-04 d=0.6850 pixel=0.0160 perceptual=0.6681 adv=0.0600 g_total=0.7441 1.59 it/s
[x64/learnable_frequency] step 20600/50000 lr=1.31e-04 d=0.6669 pixel=0.0138 perceptual=0.6370 adv=0.0709 g_total=0.7216 1.59 it/s
[x64/learnable_frequency] step 20700/50000 lr=1.30e-04 d=0.6622 pixel=0.0159 perceptual=0.6506 adv=0.0704 g_total=0.7369 1.59 it/s
[x64/learnable_frequency] step 20800/50000 lr=1.29e-04 d=0.6406 pixel=0.0160 perceptual=0.6777 adv=0.0575 g_total=0.7512 1.59 it/s
[x64/learnable_frequency] step 20900/50000 lr=1.29e-04 d=0.6138 pixel=0.0145 perceptual=0.6134 adv=0.0597 g_total=0.6877 1.59 it/s
[x64/learnable_frequency] step 21000/50000 lr=1.28e-04 d=0.6672 pixel=0.0168 perceptual=0.7071 adv=0.0749 g_total=0.7987 1.59 it/s
[x64/learnable_frequency] step 21000 VAL ref_ssim=0.8980 (base 0.9078) ref_mse=0.001065 (base 0.001144) best_ssim=0.9052@12000
[x64/learnable_frequency] step 21100/50000 lr=1.28e-04 d=0.6795 pixel=0.0137 perceptual=0.5589 adv=0.0833 g_total=0.6560 1.59 it/s
[x64/learnable_frequency] step 21200/50000 lr=1.27e-04 d=0.6336 pixel=0.0169 perceptual=0.6184 adv=0.0642 g_total=0.6995 1.59 it/s
[x64/learnable_frequency] step 21300/50000 lr=1.26e-04 d=0.5644 pixel=0.0163 perceptual=0.6574 adv=0.0675 g_total=0.7411 1.59 it/s
[x64/learnable_frequency] step 21400/50000 lr=1.26e-04 d=0.7997 pixel=0.0162 perceptual=0.6748 adv=0.0544 g_total=0.7454 1.59 it/s
[x64/learnable_frequency] step 21500/50000 lr=1.25e-04 d=0.6889 pixel=0.0141 perceptual=0.6072 adv=0.0777 g_total=0.6990 1.59 it/s
[x64/learnable_frequency] step 21600/50000 lr=1.25e-04 d=0.6873 pixel=0.0138 perceptual=0.6286 adv=0.0811 g_total=0.7235 1.59 it/s
[x64/learnable_frequency] step 21700/50000 lr=1.24e-04 d=0.6776 pixel=0.0158 perceptual=0.6464 adv=0.0621 g_total=0.7243 1.59 it/s
[x64/learnable_frequency] step 21800/50000 lr=1.23e-04 d=0.6353 pixel=0.0188 perceptual=0.6089 adv=0.0645 g_total=0.6922 1.59 it/s
[x64/learnable_frequency] step 21900/50000 lr=1.23e-04 d=0.6916 pixel=0.0150 perceptual=0.6335 adv=0.0827 g_total=0.7313 1.59 it/s
[x64/learnable_frequency] step 22000/50000 lr=1.22e-04 d=0.6975 pixel=0.0153 perceptual=0.6393 adv=0.0796 g_total=0.7342 1.59 it/s
[x64/learnable_frequency] step 22000 VAL ref_ssim=0.9017 (base 0.9078) ref_mse=0.000994 (base 0.001144) best_ssim=0.9052@12000
[x64/learnable_frequency] step 22100/50000 lr=1.21e-04 d=0.6973 pixel=0.0164 perceptual=0.6698 adv=0.0859 g_total=0.7721 1.59 it/s
[x64/learnable_frequency] step 22200/50000 lr=1.21e-04 d=0.6922 pixel=0.0167 perceptual=0.6858 adv=0.0876 g_total=0.7901 1.59 it/s
[x64/learnable_frequency] step 22300/50000 lr=1.20e-04 d=0.7266 pixel=0.0152 perceptual=0.6595 adv=0.0932 g_total=0.7678 1.59 it/s
[x64/learnable_frequency] step 22400/50000 lr=1.20e-04 d=0.6473 pixel=0.0154 perceptual=0.6544 adv=0.0694 g_total=0.7392 1.59 it/s
[x64/learnable_frequency] step 22500/50000 lr=1.19e-04 d=0.6999 pixel=0.0140 perceptual=0.6201 adv=0.0798 g_total=0.7140 1.59 it/s
[x64/learnable_frequency] step 22600/50000 lr=1.18e-04 d=0.6682 pixel=0.0153 perceptual=0.6331 adv=0.0758 g_total=0.7242 1.59 it/s
[x64/learnable_frequency] step 22700/50000 lr=1.18e-04 d=0.6537 pixel=0.0158 perceptual=0.6503 adv=0.0748 g_total=0.7408 1.59 it/s
[x64/learnable_frequency] step 22800/50000 lr=1.17e-04 d=0.6702 pixel=0.0157 perceptual=0.6092 adv=0.0790 g_total=0.7039 1.59 it/s
[x64/learnable_frequency] step 22900/50000 lr=1.17e-04 d=0.6920 pixel=0.0160 perceptual=0.5812 adv=0.0697 g_total=0.6669 1.59 it/s
[x64/learnable_frequency] step 23000/50000 lr=1.16e-04 d=0.7001 pixel=0.0159 perceptual=0.6393 adv=0.0836 g_total=0.7388 1.59 it/s
[x64/learnable_frequency] step 23000 VAL ref_ssim=0.8908 (base 0.9078) ref_mse=0.001192 (base 0.001144) best_ssim=0.9052@12000
[x64/learnable_frequency] step 23100/50000 lr=1.15e-04 d=0.6593 pixel=0.0158 perceptual=0.6896 adv=0.0744 g_total=0.7799 1.59 it/s
[x64/learnable_frequency] step 23200/50000 lr=1.15e-04 d=0.6601 pixel=0.0164 perceptual=0.6822 adv=0.0827 g_total=0.7812 1.59 it/s
[x64/learnable_frequency] step 23300/50000 lr=1.14e-04 d=0.6536 pixel=0.0126 perceptual=0.5349 adv=0.0644 g_total=0.6119 1.59 it/s
[x64/learnable_frequency] step 23400/50000 lr=1.13e-04 d=0.6943 pixel=0.0154 perceptual=0.6552 adv=0.0864 g_total=0.7569 1.59 it/s
[x64/learnable_frequency] step 23500/50000 lr=1.13e-04 d=0.6752 pixel=0.0156 perceptual=0.6623 adv=0.0849 g_total=0.7628 1.59 it/s
[x64/learnable_frequency] step 23600/50000 lr=1.12e-04 d=0.6607 pixel=0.0153 perceptual=0.6111 adv=0.0775 g_total=0.7039 1.59 it/s
[x64/learnable_frequency] step 23700/50000 lr=1.12e-04 d=0.6884 pixel=0.0173 perceptual=0.6968 adv=0.0780 g_total=0.7922 1.59 it/s
[x64/learnable_frequency] step 23800/50000 lr=1.11e-04 d=0.7178 pixel=0.0165 perceptual=0.6832 adv=0.0670 g_total=0.7667 1.59 it/s
[x64/learnable_frequency] step 23900/50000 lr=1.10e-04 d=0.6874 pixel=0.0176 perceptual=0.7002 adv=0.0889 g_total=0.8067 1.59 it/s
[x64/learnable_frequency] step 24000/50000 lr=1.10e-04 d=0.7157 pixel=0.0162 perceptual=0.6602 adv=0.0770 g_total=0.7533 1.59 it/s
[x64/learnable_frequency] step 24000 VAL ref_ssim=0.8922 (base 0.9078) ref_mse=0.001159 (base 0.001144) best_ssim=0.9052@12000
[x64/learnable_frequency] step 24100/50000 lr=1.09e-04 d=0.7218 pixel=0.0192 perceptual=0.6560 adv=0.0830 g_total=0.7582 1.59 it/s
[x64/learnable_frequency] step 24200/50000 lr=1.09e-04 d=0.6965 pixel=0.0119 perceptual=0.5350 adv=0.0814 g_total=0.6283 1.59 it/s
[x64/learnable_frequency] step 24300/50000 lr=1.08e-04 d=0.6669 pixel=0.0147 perceptual=0.6675 adv=0.0748 g_total=0.7569 1.59 it/s
[x64/learnable_frequency] step 24400/50000 lr=1.07e-04 d=0.6783 pixel=0.0163 perceptual=0.6431 adv=0.0756 g_total=0.7351 1.59 it/s
[x64/learnable_frequency] step 24500/50000 lr=1.07e-04 d=0.6712 pixel=0.0158 perceptual=0.6527 adv=0.0686 g_total=0.7370 1.59 it/s
[x64/learnable_frequency] step 24600/50000 lr=1.06e-04 d=0.6893 pixel=0.0136 perceptual=0.5823 adv=0.0778 g_total=0.6737 1.59 it/s
[x64/learnable_frequency] step 24700/50000 lr=1.05e-04 d=0.6680 pixel=0.0161 perceptual=0.6558 adv=0.0594 g_total=0.7313 1.59 it/s
[x64/learnable_frequency] step 24800/50000 lr=1.05e-04 d=0.6543 pixel=0.0159 perceptual=0.6643 adv=0.0696 g_total=0.7497 1.59 it/s
[x64/learnable_frequency] step 24900/50000 lr=1.04e-04 d=0.6581 pixel=0.0173 perceptual=0.6331 adv=0.0727 g_total=0.7231 1.59 it/s
[x64/learnable_frequency] step 25000/50000 lr=1.04e-04 d=0.6582 pixel=0.0175 perceptual=0.7073 adv=0.0615 g_total=0.7863 1.59 it/s
[x64/learnable_frequency] step 25000 VAL ref_ssim=0.8979 (base 0.9078) ref_mse=0.001051 (base 0.001144) best_ssim=0.9052@12000
[x64/learnable_frequency] step 25100/50000 lr=1.03e-04 d=0.6757 pixel=0.0191 perceptual=0.6416 adv=0.0675 g_total=0.7282 1.59 it/s
[x64/learnable_frequency] step 25200/50000 lr=1.02e-04 d=0.6684 pixel=0.0149 perceptual=0.6070 adv=0.0779 g_total=0.6997 1.59 it/s
[x64/learnable_frequency] step 25300/50000 lr=1.02e-04 d=0.7757 pixel=0.0146 perceptual=0.5680 adv=0.0667 g_total=0.6493 1.59 it/s
[x64/learnable_frequency] step 25400/50000 lr=1.01e-04 d=0.6515 pixel=0.0164 perceptual=0.6230 adv=0.0800 g_total=0.7194 1.59 it/s
[x64/learnable_frequency] step 25500/50000 lr=1.00e-04 d=0.6949 pixel=0.0170 perceptual=0.7017 adv=0.0790 g_total=0.7977 1.59 it/s
[x64/learnable_frequency] step 25600/50000 lr=9.98e-05 d=0.6677 pixel=0.0142 perceptual=0.5944 adv=0.0669 g_total=0.6756 1.59 it/s
[x64/learnable_frequency] step 25700/50000 lr=9.92e-05 d=0.6672 pixel=0.0139 perceptual=0.6017 adv=0.0684 g_total=0.6841 1.59 it/s
[x64/learnable_frequency] step 25800/50000 lr=9.86e-05 d=0.6731 pixel=0.0162 perceptual=0.6264 adv=0.0632 g_total=0.7057 1.59 it/s
[x64/learnable_frequency] step 25900/50000 lr=9.80e-05 d=0.6657 pixel=0.0174 perceptual=0.7095 adv=0.0721 g_total=0.7990 1.59 it/s
[x64/learnable_frequency] step 26000/50000 lr=9.73e-05 d=0.6866 pixel=0.0159 perceptual=0.6515 adv=0.0663 g_total=0.7337 1.59 it/s
[x64/learnable_frequency] step 26000 VAL ref_ssim=0.8944 (base 0.9078) ref_mse=0.001065 (base 0.001144) best_ssim=0.9052@12000
[x64/learnable_frequency] step 26100/50000 lr=9.67e-05 d=0.7149 pixel=0.0175 perceptual=0.6133 adv=0.0764 g_total=0.7072 1.59 it/s
[x64/learnable_frequency] step 26200/50000 lr=9.61e-05 d=0.7629 pixel=0.0182 perceptual=0.7148 adv=0.0906 g_total=0.8237 1.59 it/s
[x64/learnable_frequency] step 26300/50000 lr=9.55e-05 d=0.6593 pixel=0.0167 perceptual=0.6593 adv=0.0735 g_total=0.7495 1.59 it/s
[x64/learnable_frequency] step 26400/50000 lr=9.49e-05 d=0.7295 pixel=0.0182 perceptual=0.6848 adv=0.0900 g_total=0.7930 1.59 it/s
[x64/learnable_frequency] step 26500/50000 lr=9.42e-05 d=0.6692 pixel=0.0163 perceptual=0.6403 adv=0.0677 g_total=0.7242 1.59 it/s
[x64/learnable_frequency] step 26600/50000 lr=9.36e-05 d=0.6465 pixel=0.0154 perceptual=0.6423 adv=0.0776 g_total=0.7353 1.59 it/s
[x64/learnable_frequency] step 26700/50000 lr=9.30e-05 d=0.6952 pixel=0.0144 perceptual=0.5806 adv=0.0745 g_total=0.6695 1.59 it/s
[x64/learnable_frequency] step 26800/50000 lr=9.24e-05 d=0.6619 pixel=0.0180 perceptual=0.6874 adv=0.0722 g_total=0.7777 1.59 it/s
[x64/learnable_frequency] step 26900/50000 lr=9.18e-05 d=0.6720 pixel=0.0152 perceptual=0.6247 adv=0.0786 g_total=0.7185 1.59 it/s
[x64/learnable_frequency] step 27000/50000 lr=9.11e-05 d=0.7222 pixel=0.0159 perceptual=0.6745 adv=0.0718 g_total=0.7622 1.59 it/s
[x64/learnable_frequency] step 27000 VAL ref_ssim=0.9023 (base 0.9078) ref_mse=0.001007 (base 0.001144) best_ssim=0.9052@12000
[x64/learnable_frequency] step 27100/50000 lr=9.05e-05 d=0.6784 pixel=0.0147 perceptual=0.6367 adv=0.0704 g_total=0.7219 1.59 it/s
[x64/learnable_frequency] step 27200/50000 lr=8.99e-05 d=0.6657 pixel=0.0153 perceptual=0.6473 adv=0.0703 g_total=0.7329 1.59 it/s
[x64/learnable_frequency] step 27300/50000 lr=8.93e-05 d=0.6304 pixel=0.0133 perceptual=0.5722 adv=0.0674 g_total=0.6528 1.59 it/s
[x64/learnable_frequency] step 27400/50000 lr=8.87e-05 d=0.7122 pixel=0.0195 perceptual=0.6311 adv=0.0748 g_total=0.7254 1.59 it/s
[x64/learnable_frequency] step 27500/50000 lr=8.81e-05 d=0.6250 pixel=0.0162 perceptual=0.6470 adv=0.0767 g_total=0.7399 1.59 it/s
[x64/learnable_frequency] step 27600/50000 lr=8.74e-05 d=0.7256 pixel=0.0167 perceptual=0.7111 adv=0.0740 g_total=0.8017 1.59 it/s
[x64/learnable_frequency] step 27700/50000 lr=8.68e-05 d=0.7353 pixel=0.0160 perceptual=0.6351 adv=0.0739 g_total=0.7250 1.59 it/s
[x64/learnable_frequency] step 27800/50000 lr=8.62e-05 d=0.6937 pixel=0.0178 perceptual=0.7004 adv=0.0771 g_total=0.7954 1.59 it/s
[x64/learnable_frequency] step 27900/50000 lr=8.56e-05 d=0.7087 pixel=0.0147 perceptual=0.6137 adv=0.0758 g_total=0.7042 1.59 it/s
[x64/learnable_frequency] step 28000/50000 lr=8.50e-05 d=0.6531 pixel=0.0167 perceptual=0.6644 adv=0.0710 g_total=0.7521 1.59 it/s
[x64/learnable_frequency] step 28000 VAL ref_ssim=0.8976 (base 0.9078) ref_mse=0.001066 (base 0.001144) best_ssim=0.9052@12000
[x64/learnable_frequency] step 28100/50000 lr=8.44e-05 d=0.6920 pixel=0.0142 perceptual=0.6027 adv=0.0703 g_total=0.6872 1.59 it/s
[x64/learnable_frequency] step 28200/50000 lr=8.38e-05 d=0.6330 pixel=0.0174 perceptual=0.7111 adv=0.0750 g_total=0.8034 1.59 it/s
[x64/learnable_frequency] step 28300/50000 lr=8.32e-05 d=0.6816 pixel=0.0177 perceptual=0.7196 adv=0.0833 g_total=0.8206 1.59 it/s
[x64/learnable_frequency] step 28400/50000 lr=8.25e-05 d=0.6576 pixel=0.0163 perceptual=0.6277 adv=0.0774 g_total=0.7215 1.59 it/s
[x64/learnable_frequency] step 28500/50000 lr=8.19e-05 d=0.6728 pixel=0.0124 perceptual=0.5430 adv=0.0661 g_total=0.6215 1.59 it/s
[x64/learnable_frequency] step 28600/50000 lr=8.13e-05 d=0.6747 pixel=0.0178 perceptual=0.6982 adv=0.0737 g_total=0.7898 1.59 it/s
[x64/learnable_frequency] step 28700/50000 lr=8.07e-05 d=0.6620 pixel=0.0169 perceptual=0.6842 adv=0.0656 g_total=0.7668 1.59 it/s
[x64/learnable_frequency] step 28800/50000 lr=8.01e-05 d=0.7081 pixel=0.0173 perceptual=0.7192 adv=0.0880 g_total=0.8244 1.59 it/s
[x64/learnable_frequency] step 28900/50000 lr=7.95e-05 d=0.7408 pixel=0.0172 perceptual=0.6693 adv=0.0678 g_total=0.7543 1.59 it/s
[x64/learnable_frequency] step 29000/50000 lr=7.89e-05 d=0.6797 pixel=0.0186 perceptual=0.7347 adv=0.0864 g_total=0.8397 1.59 it/s
[x64/learnable_frequency] step 29000 VAL ref_ssim=0.8947 (base 0.9078) ref_mse=0.001145 (base 0.001144) best_ssim=0.9052@12000
[x64/learnable_frequency] step 29100/50000 lr=7.83e-05 d=0.6691 pixel=0.0154 perceptual=0.6456 adv=0.0721 g_total=0.7330 1.59 it/s
[x64/learnable_frequency] step 29200/50000 lr=7.77e-05 d=0.6645 pixel=0.0154 perceptual=0.6237 adv=0.0716 g_total=0.7106 1.59 it/s
[x64/learnable_frequency] step 29300/50000 lr=7.71e-05 d=0.6299 pixel=0.0169 perceptual=0.6696 adv=0.0903 g_total=0.7768 1.59 it/s
[x64/learnable_frequency] step 29400/50000 lr=7.65e-05 d=0.6276 pixel=0.0181 perceptual=0.6850 adv=0.0857 g_total=0.7888 1.59 it/s
[x64/learnable_frequency] step 29500/50000 lr=7.59e-05 d=0.6966 pixel=0.0143 perceptual=0.5929 adv=0.0602 g_total=0.6674 1.59 it/s
[x64/learnable_frequency] step 29600/50000 lr=7.53e-05 d=0.7166 pixel=0.0176 perceptual=0.6714 adv=0.0716 g_total=0.7606 1.59 it/s
[x64/learnable_frequency] step 29700/50000 lr=7.47e-05 d=0.6926 pixel=0.0152 perceptual=0.6618 adv=0.0824 g_total=0.7594 1.59 it/s
[x64/learnable_frequency] step 29800/50000 lr=7.41e-05 d=0.6808 pixel=0.0163 perceptual=0.6461 adv=0.0748 g_total=0.7372 1.59 it/s
[x64/learnable_frequency] step 29900/50000 lr=7.35e-05 d=0.6699 pixel=0.0157 perceptual=0.6747 adv=0.0741 g_total=0.7644 1.59 it/s
[x64/learnable_frequency] step 30000/50000 lr=7.29e-05 d=0.6850 pixel=0.0148 perceptual=0.6131 adv=0.0826 g_total=0.7106 1.59 it/s
[x64/learnable_frequency] step 30000 VAL ref_ssim=0.8951 (base 0.9078) ref_mse=0.001162 (base 0.001144) best_ssim=0.9052@12000
[x64/learnable_frequency] step 30100/50000 lr=7.23e-05 d=0.7092 pixel=0.0175 perceptual=0.6952 adv=0.0679 g_total=0.7805 1.59 it/s
[x64/learnable_frequency] step 30200/50000 lr=7.17e-05 d=0.6613 pixel=0.0186 perceptual=0.6638 adv=0.0780 g_total=0.7605 1.59 it/s
[x64/learnable_frequency] step 30300/50000 lr=7.11e-05 d=0.6939 pixel=0.0142 perceptual=0.5867 adv=0.0819 g_total=0.6829 1.59 it/s
[x64/learnable_frequency] step 30400/50000 lr=7.05e-05 d=0.6346 pixel=0.0154 perceptual=0.6603 adv=0.0916 g_total=0.7673 1.59 it/s
[x64/learnable_frequency] step 30500/50000 lr=7.00e-05 d=0.7245 pixel=0.0173 perceptual=0.6758 adv=0.0882 g_total=0.7812 1.59 it/s
[x64/learnable_frequency] step 30600/50000 lr=6.94e-05 d=0.7006 pixel=0.0188 perceptual=0.6959 adv=0.0764 g_total=0.7911 1.59 it/s
[x64/learnable_frequency] step 30700/50000 lr=6.88e-05 d=0.6624 pixel=0.0151 perceptual=0.6325 adv=0.0792 g_total=0.7269 1.59 it/s
[x64/learnable_frequency] step 30800/50000 lr=6.82e-05 d=0.7075 pixel=0.0137 perceptual=0.6004 adv=0.0796 g_total=0.6936 1.59 it/s
[x64/learnable_frequency] step 30900/50000 lr=6.76e-05 d=0.6288 pixel=0.0154 perceptual=0.6213 adv=0.0796 g_total=0.7163 1.59 it/s
[x64/learnable_frequency] step 31000/50000 lr=6.70e-05 d=0.6649 pixel=0.0199 perceptual=0.6744 adv=0.0761 g_total=0.7704 1.59 it/s
[x64/learnable_frequency] step 31000 VAL ref_ssim=0.8957 (base 0.9078) ref_mse=0.001169 (base 0.001144) best_ssim=0.9052@12000
[x64/learnable_frequency] step 31100/50000 lr=6.65e-05 d=0.6790 pixel=0.0158 perceptual=0.5723 adv=0.0798 g_total=0.6679 1.59 it/s
[x64/learnable_frequency] step 31200/50000 lr=6.59e-05 d=0.7120 pixel=0.0169 perceptual=0.6690 adv=0.0779 g_total=0.7638 1.59 it/s
[x64/learnable_frequency] step 31300/50000 lr=6.53e-05 d=0.6577 pixel=0.0171 perceptual=0.5908 adv=0.0806 g_total=0.6885 1.59 it/s
[x64/learnable_frequency] step 31400/50000 lr=6.47e-05 d=0.6644 pixel=0.0172 perceptual=0.6767 adv=0.0603 g_total=0.7543 1.59 it/s
[x64/learnable_frequency] step 31500/50000 lr=6.41e-05 d=0.6397 pixel=0.0166 perceptual=0.6250 adv=0.0846 g_total=0.7262 1.59 it/s
[x64/learnable_frequency] step 31600/50000 lr=6.36e-05 d=0.6988 pixel=0.0150 perceptual=0.5964 adv=0.0875 g_total=0.6989 1.59 it/s
[x64/learnable_frequency] step 31700/50000 lr=6.30e-05 d=0.6864 pixel=0.0180 perceptual=0.6416 adv=0.0698 g_total=0.7294 1.59 it/s
[x64/learnable_frequency] step 31800/50000 lr=6.24e-05 d=0.6454 pixel=0.0151 perceptual=0.5991 adv=0.0731 g_total=0.6873 1.59 it/s
[x64/learnable_frequency] step 31900/50000 lr=6.19e-05 d=0.6930 pixel=0.0146 perceptual=0.6524 adv=0.0750 g_total=0.7419 1.59 it/s
[x64/learnable_frequency] step 32000/50000 lr=6.13e-05 d=0.6385 pixel=0.0147 perceptual=0.5974 adv=0.0713 g_total=0.6835 1.59 it/s
[x64/learnable_frequency] step 32000 VAL ref_ssim=0.8943 (base 0.9078) ref_mse=0.001063 (base 0.001144) best_ssim=0.9052@12000
[x64/learnable_frequency] step 32100/50000 lr=6.07e-05 d=0.6390 pixel=0.0148 perceptual=0.5741 adv=0.0787 g_total=0.6675 1.59 it/s
[x64/learnable_frequency] step 32200/50000 lr=6.02e-05 d=0.6687 pixel=0.0149 perceptual=0.6119 adv=0.0747 g_total=0.7015 1.59 it/s
[x64/learnable_frequency] step 32300/50000 lr=5.96e-05 d=0.6978 pixel=0.0156 perceptual=0.6666 adv=0.0795 g_total=0.7617 1.59 it/s
[x64/learnable_frequency] step 32400/50000 lr=5.90e-05 d=0.6464 pixel=0.0162 perceptual=0.5627 adv=0.0764 g_total=0.6554 1.59 it/s
[x64/learnable_frequency] step 32500/50000 lr=5.85e-05 d=0.7103 pixel=0.0156 perceptual=0.6265 adv=0.0680 g_total=0.7101 1.59 it/s
[x64/learnable_frequency] step 32600/50000 lr=5.79e-05 d=0.7253 pixel=0.0182 perceptual=0.6703 adv=0.0759 g_total=0.7644 1.59 it/s
[x64/learnable_frequency] step 32700/50000 lr=5.74e-05 d=0.6967 pixel=0.0121 perceptual=0.5058 adv=0.0773 g_total=0.5952 1.59 it/s
[x64/learnable_frequency] step 32800/50000 lr=5.68e-05 d=0.6791 pixel=0.0126 perceptual=0.5328 adv=0.0644 g_total=0.6098 1.59 it/s
[x64/learnable_frequency] step 32900/50000 lr=5.63e-05 d=0.6966 pixel=0.0154 perceptual=0.6163 adv=0.0751 g_total=0.7068 1.59 it/s
[x64/learnable_frequency] step 33000/50000 lr=5.57e-05 d=0.6810 pixel=0.0201 perceptual=0.7661 adv=0.0811 g_total=0.8673 1.59 it/s
[x64/learnable_frequency] step 33000 VAL ref_ssim=0.8972 (base 0.9078) ref_mse=0.001215 (base 0.001144) best_ssim=0.9052@12000
[x64/learnable_frequency] step 33100/50000 lr=5.52e-05 d=0.6983 pixel=0.0160 perceptual=0.6550 adv=0.0731 g_total=0.7441 1.59 it/s
[x64/learnable_frequency] step 33200/50000 lr=5.46e-05 d=0.6493 pixel=0.0184 perceptual=0.6863 adv=0.0635 g_total=0.7682 1.59 it/s
[x64/learnable_frequency] step 33300/50000 lr=5.41e-05 d=0.6199 pixel=0.0148 perceptual=0.5605 adv=0.0647 g_total=0.6400 1.59 it/s
[x64/learnable_frequency] step 33400/50000 lr=5.35e-05 d=0.7038 pixel=0.0179 perceptual=0.6852 adv=0.0674 g_total=0.7705 1.59 it/s
[x64/learnable_frequency] step 33500/50000 lr=5.30e-05 d=0.7047 pixel=0.0170 perceptual=0.6298 adv=0.0645 g_total=0.7113 1.59 it/s
[x64/learnable_frequency] step 33600/50000 lr=5.25e-05 d=0.6649 pixel=0.0168 perceptual=0.6653 adv=0.0762 g_total=0.7584 1.59 it/s
[x64/learnable_frequency] step 33700/50000 lr=5.19e-05 d=0.6621 pixel=0.0184 perceptual=0.7439 adv=0.0654 g_total=0.8277 1.59 it/s
[x64/learnable_frequency] step 33800/50000 lr=5.14e-05 d=0.6896 pixel=0.0154 perceptual=0.6199 adv=0.0614 g_total=0.6966 1.59 it/s
[x64/learnable_frequency] step 33900/50000 lr=5.09e-05 d=0.6633 pixel=0.0174 perceptual=0.6729 adv=0.0760 g_total=0.7662 1.59 it/s
[x64/learnable_frequency] step 34000/50000 lr=5.03e-05 d=0.6661 pixel=0.0153 perceptual=0.6391 adv=0.0783 g_total=0.7326 1.59 it/s
[x64/learnable_frequency] step 34000 VAL ref_ssim=0.8974 (base 0.9078) ref_mse=0.001106 (base 0.001144) best_ssim=0.9052@12000
[x64/learnable_frequency] step 34100/50000 lr=4.98e-05 d=0.6941 pixel=0.0146 perceptual=0.5775 adv=0.0815 g_total=0.6736 1.59 it/s
[x64/learnable_frequency] step 34200/50000 lr=4.93e-05 d=0.6909 pixel=0.0171 perceptual=0.6998 adv=0.0760 g_total=0.7929 1.59 it/s
[x64/learnable_frequency] step 34300/50000 lr=4.88e-05 d=0.7536 pixel=0.0192 perceptual=0.7021 adv=0.0715 g_total=0.7928 1.59 it/s
[x64/learnable_frequency] step 34400/50000 lr=4.82e-05 d=0.7293 pixel=0.0151 perceptual=0.6165 adv=0.0852 g_total=0.7168 1.59 it/s
[x64/learnable_frequency] step 34500/50000 lr=4.77e-05 d=0.6335 pixel=0.0167 perceptual=0.6833 adv=0.0656 g_total=0.7657 1.59 it/s
[x64/learnable_frequency] step 34600/50000 lr=4.72e-05 d=0.6809 pixel=0.0147 perceptual=0.6035 adv=0.0788 g_total=0.6970 1.59 it/s
[x64/learnable_frequency] step 34700/50000 lr=4.67e-05 d=0.6794 pixel=0.0163 perceptual=0.6533 adv=0.0730 g_total=0.7426 1.59 it/s
[x64/learnable_frequency] step 34800/50000 lr=4.62e-05 d=0.6863 pixel=0.0148 perceptual=0.6120 adv=0.0773 g_total=0.7041 1.59 it/s
[x64/learnable_frequency] step 34900/50000 lr=4.57e-05 d=0.6638 pixel=0.0171 perceptual=0.6752 adv=0.0698 g_total=0.7621 1.59 it/s
[x64/learnable_frequency] step 35000/50000 lr=4.52e-05 d=0.7160 pixel=0.0126 perceptual=0.5806 adv=0.0840 g_total=0.6772 1.59 it/s
[x64/learnable_frequency] step 35000 VAL ref_ssim=0.9004 (base 0.9078) ref_mse=0.001016 (base 0.001144) best_ssim=0.9052@12000
[x64/learnable_frequency] step 35100/50000 lr=4.47e-05 d=0.6806 pixel=0.0143 perceptual=0.6024 adv=0.0717 g_total=0.6884 1.59 it/s
[x64/learnable_frequency] step 35200/50000 lr=4.42e-05 d=0.6847 pixel=0.0138 perceptual=0.5778 adv=0.0767 g_total=0.6683 1.59 it/s
[x64/learnable_frequency] step 35300/50000 lr=4.36e-05 d=0.6394 pixel=0.0156 perceptual=0.6069 adv=0.0683 g_total=0.6908 1.59 it/s
[x64/learnable_frequency] step 35400/50000 lr=4.32e-05 d=0.6163 pixel=0.0164 perceptual=0.6868 adv=0.0661 g_total=0.7693 1.59 it/s
[x64/learnable_frequency] step 35500/50000 lr=4.27e-05 d=0.7042 pixel=0.0162 perceptual=0.6144 adv=0.0875 g_total=0.7181 1.59 it/s
[x64/learnable_frequency] step 35600/50000 lr=4.22e-05 d=0.6754 pixel=0.0180 perceptual=0.7278 adv=0.0780 g_total=0.8239 1.59 it/s
[x64/learnable_frequency] step 35700/50000 lr=4.17e-05 d=0.6757 pixel=0.0149 perceptual=0.6022 adv=0.0686 g_total=0.6857 1.59 it/s
[x64/learnable_frequency] step 35800/50000 lr=4.12e-05 d=0.6456 pixel=0.0141 perceptual=0.5774 adv=0.0806 g_total=0.6721 1.59 it/s
[x64/learnable_frequency] step 35900/50000 lr=4.07e-05 d=0.6554 pixel=0.0168 perceptual=0.6562 adv=0.0755 g_total=0.7485 1.59 it/s
[x64/learnable_frequency] step 36000/50000 lr=4.02e-05 d=0.6680 pixel=0.0142 perceptual=0.5998 adv=0.0800 g_total=0.6940 1.59 it/s
[x64/learnable_frequency] step 36000 VAL ref_ssim=0.8954 (base 0.9078) ref_mse=0.001156 (base 0.001144) best_ssim=0.9052@12000
[x64/learnable_frequency] step 36100/50000 lr=3.97e-05 d=0.5984 pixel=0.0170 perceptual=0.6974 adv=0.0737 g_total=0.7881 1.59 it/s
[x64/learnable_frequency] step 36200/50000 lr=3.93e-05 d=0.6560 pixel=0.0173 perceptual=0.5952 adv=0.0738 g_total=0.6864 1.59 it/s
[x64/learnable_frequency] step 36300/50000 lr=3.88e-05 d=0.7282 pixel=0.0186 perceptual=0.6869 adv=0.0765 g_total=0.7820 1.59 it/s
[x64/learnable_frequency] step 36400/50000 lr=3.83e-05 d=0.6817 pixel=0.0189 perceptual=0.6490 adv=0.0700 g_total=0.7379 1.59 it/s
[x64/learnable_frequency] step 36500/50000 lr=3.78e-05 d=0.6585 pixel=0.0165 perceptual=0.6673 adv=0.0823 g_total=0.7661 1.59 it/s
[x64/learnable_frequency] step 36600/50000 lr=3.74e-05 d=0.6139 pixel=0.0166 perceptual=0.6826 adv=0.0689 g_total=0.7681 1.59 it/s
[x64/learnable_frequency] step 36700/50000 lr=3.69e-05 d=0.7194 pixel=0.0130 perceptual=0.5431 adv=0.0853 g_total=0.6414 1.59 it/s
[x64/learnable_frequency] step 36800/50000 lr=3.64e-05 d=0.6227 pixel=0.0131 perceptual=0.5565 adv=0.0662 g_total=0.6358 1.59 it/s
[x64/learnable_frequency] step 36900/50000 lr=3.60e-05 d=0.7289 pixel=0.0205 perceptual=0.7623 adv=0.0856 g_total=0.8683 1.59 it/s
[x64/learnable_frequency] step 37000/50000 lr=3.55e-05 d=0.7246 pixel=0.0165 perceptual=0.6004 adv=0.0827 g_total=0.6996 1.59 it/s
[x64/learnable_frequency] step 37000 VAL ref_ssim=0.8767 (base 0.9078) ref_mse=0.001336 (base 0.001144) best_ssim=0.9052@12000
[x64/learnable_frequency] step 37100/50000 lr=3.51e-05 d=0.6523 pixel=0.0153 perceptual=0.6405 adv=0.0709 g_total=0.7267 1.59 it/s
[x64/learnable_frequency] step 37200/50000 lr=3.46e-05 d=0.6816 pixel=0.0169 perceptual=0.6175 adv=0.0775 g_total=0.7118 1.59 it/s
[x64/learnable_frequency] step 37300/50000 lr=3.42e-05 d=0.6633 pixel=0.0149 perceptual=0.6197 adv=0.0728 g_total=0.7073 1.59 it/s
[x64/learnable_frequency] step 37400/50000 lr=3.37e-05 d=0.7094 pixel=0.0166 perceptual=0.6691 adv=0.0842 g_total=0.7699 1.59 it/s
[x64/learnable_frequency] step 37500/50000 lr=3.33e-05 d=0.6626 pixel=0.0153 perceptual=0.6018 adv=0.0713 g_total=0.6884 1.59 it/s
[x64/learnable_frequency] step 37600/50000 lr=3.28e-05 d=0.7327 pixel=0.0189 perceptual=0.7198 adv=0.0956 g_total=0.8343 1.59 it/s
[x64/learnable_frequency] step 37700/50000 lr=3.24e-05 d=0.6878 pixel=0.0208 perceptual=0.6849 adv=0.0696 g_total=0.7753 1.59 it/s
[x64/learnable_frequency] step 37800/50000 lr=3.19e-05 d=0.6449 pixel=0.0147 perceptual=0.6328 adv=0.0758 g_total=0.7233 1.59 it/s
[x64/learnable_frequency] step 37900/50000 lr=3.15e-05 d=0.6395 pixel=0.0182 perceptual=0.6575 adv=0.0679 g_total=0.7436 1.59 it/s
[x64/learnable_frequency] step 38000/50000 lr=3.11e-05 d=0.6377 pixel=0.0177 perceptual=0.6702 adv=0.0706 g_total=0.7585 1.59 it/s
[x64/learnable_frequency] step 38000 VAL ref_ssim=0.8879 (base 0.9078) ref_mse=0.001174 (base 0.001144) best_ssim=0.9052@12000
[x64/learnable_frequency] step 38100/50000 lr=3.07e-05 d=0.6825 pixel=0.0163 perceptual=0.6337 adv=0.0741 g_total=0.7240 1.59 it/s
[x64/learnable_frequency] step 38200/50000 lr=3.02e-05 d=0.5987 pixel=0.0160 perceptual=0.6518 adv=0.0722 g_total=0.7400 1.59 it/s
[x64/learnable_frequency] step 38300/50000 lr=2.98e-05 d=0.6375 pixel=0.0138 perceptual=0.5720 adv=0.0705 g_total=0.6563 1.59 it/s
[x64/learnable_frequency] step 38400/50000 lr=2.94e-05 d=0.6591 pixel=0.0161 perceptual=0.6478 adv=0.0722 g_total=0.7361 1.59 it/s
[x64/learnable_frequency] step 38500/50000 lr=2.90e-05 d=0.6020 pixel=0.0171 perceptual=0.6662 adv=0.0890 g_total=0.7723 1.59 it/s
[x64/learnable_frequency] step 38600/50000 lr=2.86e-05 d=0.6708 pixel=0.0140 perceptual=0.5756 adv=0.0804 g_total=0.6700 1.59 it/s
[x64/learnable_frequency] step 38700/50000 lr=2.81e-05 d=0.6161 pixel=0.0179 perceptual=0.6901 adv=0.0762 g_total=0.7842 1.59 it/s
[x64/learnable_frequency] step 38800/50000 lr=2.77e-05 d=0.6395 pixel=0.0185 perceptual=0.7076 adv=0.0740 g_total=0.8002 1.59 it/s
[x64/learnable_frequency] step 38900/50000 lr=2.73e-05 d=0.5732 pixel=0.0171 perceptual=0.5884 adv=0.0726 g_total=0.6780 1.59 it/s
[x64/learnable_frequency] step 39000/50000 lr=2.69e-05 d=0.6753 pixel=0.0154 perceptual=0.5968 adv=0.0664 g_total=0.6786 1.59 it/s
[x64/learnable_frequency] step 39000 VAL ref_ssim=0.8877 (base 0.9078) ref_mse=0.001167 (base 0.001144) best_ssim=0.9052@12000
[x64/learnable_frequency] step 39100/50000 lr=2.65e-05 d=0.6446 pixel=0.0169 perceptual=0.6509 adv=0.0659 g_total=0.7336 1.59 it/s
[x64/learnable_frequency] step 39200/50000 lr=2.61e-05 d=0.6925 pixel=0.0173 perceptual=0.6788 adv=0.0790 g_total=0.7751 1.59 it/s
[x64/learnable_frequency] step 39300/50000 lr=2.57e-05 d=0.6067 pixel=0.0160 perceptual=0.6306 adv=0.0580 g_total=0.7046 1.59 it/s
[x64/learnable_frequency] step 39400/50000 lr=2.54e-05 d=0.6717 pixel=0.0141 perceptual=0.6201 adv=0.0768 g_total=0.7110 1.59 it/s
[x64/learnable_frequency] step 39500/50000 lr=2.50e-05 d=0.5736 pixel=0.0157 perceptual=0.6112 adv=0.0831 g_total=0.7100 1.59 it/s
[x64/learnable_frequency] step 39600/50000 lr=2.46e-05 d=0.7189 pixel=0.0163 perceptual=0.6640 adv=0.1024 g_total=0.7826 1.59 it/s
[x64/learnable_frequency] step 39700/50000 lr=2.42e-05 d=0.6207 pixel=0.0148 perceptual=0.6095 adv=0.0771 g_total=0.7014 1.59 it/s
[x64/learnable_frequency] step 39800/50000 lr=2.38e-05 d=0.7007 pixel=0.0159 perceptual=0.6749 adv=0.0706 g_total=0.7614 1.59 it/s
[x64/learnable_frequency] step 39900/50000 lr=2.35e-05 d=0.6540 pixel=0.0144 perceptual=0.5910 adv=0.0801 g_total=0.6856 1.59 it/s
[x64/learnable_frequency] step 40000/50000 lr=2.31e-05 d=0.7166 pixel=0.0181 perceptual=0.6844 adv=0.0904 g_total=0.7929 1.59 it/s
[x64/learnable_frequency] step 40000 VAL ref_ssim=0.8938 (base 0.9078) ref_mse=0.001201 (base 0.001144) best_ssim=0.9052@12000
[x64/learnable_frequency] step 40100/50000 lr=2.27e-05 d=0.5244 pixel=0.0186 perceptual=0.7396 adv=0.0712 g_total=0.8294 1.59 it/s
[x64/learnable_frequency] step 40200/50000 lr=2.24e-05 d=0.6788 pixel=0.0191 perceptual=0.6836 adv=0.0802 g_total=0.7829 1.59 it/s
[x64/learnable_frequency] step 40300/50000 lr=2.20e-05 d=0.6260 pixel=0.0175 perceptual=0.6682 adv=0.0837 g_total=0.7694 1.59 it/s
[x64/learnable_frequency] step 40400/50000 lr=2.16e-05 d=0.7375 pixel=0.0164 perceptual=0.6563 adv=0.0598 g_total=0.7326 1.59 it/s
[x64/learnable_frequency] step 40500/50000 lr=2.13e-05 d=0.6691 pixel=0.0170 perceptual=0.6895 adv=0.0614 g_total=0.7680 1.59 it/s
[x64/learnable_frequency] step 40600/50000 lr=2.09e-05 d=0.6953 pixel=0.0180 perceptual=0.6858 adv=0.0860 g_total=0.7898 1.59 it/s
[x64/learnable_frequency] step 40700/50000 lr=2.06e-05 d=0.6352 pixel=0.0152 perceptual=0.6078 adv=0.0825 g_total=0.7055 1.59 it/s
[x64/learnable_frequency] step 40800/50000 lr=2.02e-05 d=0.6621 pixel=0.0180 perceptual=0.6544 adv=0.0655 g_total=0.7378 1.59 it/s
[x64/learnable_frequency] step 40900/50000 lr=1.99e-05 d=0.6234 pixel=0.0170 perceptual=0.6736 adv=0.0826 g_total=0.7731 1.59 it/s
[x64/learnable_frequency] step 41000/50000 lr=1.96e-05 d=0.6509 pixel=0.0156 perceptual=0.6195 adv=0.0920 g_total=0.7271 1.59 it/s
[x64/learnable_frequency] step 41000 VAL ref_ssim=0.8912 (base 0.9078) ref_mse=0.001140 (base 0.001144) best_ssim=0.9052@12000
[x64/learnable_frequency] step 41100/50000 lr=1.92e-05 d=0.6968 pixel=0.0188 perceptual=0.7015 adv=0.0694 g_total=0.7897 1.59 it/s
[x64/learnable_frequency] step 41200/50000 lr=1.89e-05 d=0.6633 pixel=0.0200 perceptual=0.6731 adv=0.0775 g_total=0.7706 1.59 it/s
[x64/learnable_frequency] step 41300/50000 lr=1.86e-05 d=0.6284 pixel=0.0159 perceptual=0.6545 adv=0.0776 g_total=0.7480 1.59 it/s
[x64/learnable_frequency] step 41400/50000 lr=1.82e-05 d=0.6894 pixel=0.0182 perceptual=0.6316 adv=0.0656 g_total=0.7155 1.59 it/s
[x64/learnable_frequency] step 41500/50000 lr=1.79e-05 d=0.6829 pixel=0.0176 perceptual=0.6475 adv=0.0871 g_total=0.7522 1.59 it/s
[x64/learnable_frequency] step 41600/50000 lr=1.76e-05 d=0.6984 pixel=0.0182 perceptual=0.6927 adv=0.0636 g_total=0.7745 1.59 it/s
[x64/learnable_frequency] step 41700/50000 lr=1.73e-05 d=0.6181 pixel=0.0141 perceptual=0.5893 adv=0.0768 g_total=0.6802 1.59 it/s
[x64/learnable_frequency] step 41800/50000 lr=1.70e-05 d=0.6769 pixel=0.0161 perceptual=0.6715 adv=0.0694 g_total=0.7571 1.59 it/s
[x64/learnable_frequency] step 41900/50000 lr=1.67e-05 d=0.6449 pixel=0.0172 perceptual=0.6924 adv=0.0744 g_total=0.7840 1.59 it/s
[x64/learnable_frequency] step 42000/50000 lr=1.64e-05 d=0.6696 pixel=0.0148 perceptual=0.6075 adv=0.0870 g_total=0.7093 1.59 it/s
[x64/learnable_frequency] step 42000 VAL ref_ssim=0.8926 (base 0.9078) ref_mse=0.001174 (base 0.001144) best_ssim=0.9052@12000
[x64/learnable_frequency] step 42100/50000 lr=1.61e-05 d=0.6695 pixel=0.0162 perceptual=0.6495 adv=0.0795 g_total=0.7452 1.59 it/s
[x64/learnable_frequency] step 42200/50000 lr=1.58e-05 d=0.6167 pixel=0.0136 perceptual=0.5738 adv=0.0830 g_total=0.6704 1.59 it/s
[x64/learnable_frequency] step 42300/50000 lr=1.55e-05 d=0.6365 pixel=0.0165 perceptual=0.6571 adv=0.0757 g_total=0.7494 1.59 it/s
[x64/learnable_frequency] step 42400/50000 lr=1.52e-05 d=0.7163 pixel=0.0157 perceptual=0.6375 adv=0.0745 g_total=0.7277 1.59 it/s
[x64/learnable_frequency] step 42500/50000 lr=1.49e-05 d=0.7056 pixel=0.0162 perceptual=0.6399 adv=0.0804 g_total=0.7364 1.59 it/s
[x64/learnable_frequency] step 42600/50000 lr=1.46e-05 d=0.6776 pixel=0.0132 perceptual=0.5753 adv=0.0916 g_total=0.6801 1.59 it/s
[x64/learnable_frequency] step 42700/50000 lr=1.43e-05 d=0.6913 pixel=0.0197 perceptual=0.6401 adv=0.0599 g_total=0.7196 1.59 it/s
[x64/learnable_frequency] step 42800/50000 lr=1.41e-05 d=0.6472 pixel=0.0160 perceptual=0.6195 adv=0.0815 g_total=0.7170 1.59 it/s
[x64/learnable_frequency] step 42900/50000 lr=1.38e-05 d=0.6943 pixel=0.0166 perceptual=0.6557 adv=0.0788 g_total=0.7511 1.59 it/s
[x64/learnable_frequency] step 43000/50000 lr=1.35e-05 d=0.6736 pixel=0.0184 perceptual=0.6446 adv=0.0772 g_total=0.7402 1.59 it/s
[x64/learnable_frequency] step 43000 VAL ref_ssim=0.8771 (base 0.9078) ref_mse=0.001177 (base 0.001144) best_ssim=0.9052@12000
[x64/learnable_frequency] step 43100/50000 lr=1.33e-05 d=0.6169 pixel=0.0152 perceptual=0.6019 adv=0.0712 g_total=0.6883 1.59 it/s
[x64/learnable_frequency] step 43200/50000 lr=1.30e-05 d=0.6772 pixel=0.0157 perceptual=0.6113 adv=0.0715 g_total=0.6985 1.59 it/s
[x64/learnable_frequency] step 43300/50000 lr=1.27e-05 d=0.6155 pixel=0.0202 perceptual=0.6712 adv=0.0781 g_total=0.7695 1.59 it/s
[x64/learnable_frequency] step 43400/50000 lr=1.25e-05 d=0.6140 pixel=0.0202 perceptual=0.6217 adv=0.0844 g_total=0.7263 1.59 it/s
[x64/learnable_frequency] step 43500/50000 lr=1.22e-05 d=0.7021 pixel=0.0147 perceptual=0.6124 adv=0.0816 g_total=0.7087 1.59 it/s
[x64/learnable_frequency] step 43600/50000 lr=1.20e-05 d=0.6304 pixel=0.0141 perceptual=0.5912 adv=0.0736 g_total=0.6789 1.59 it/s
[x64/learnable_frequency] step 43700/50000 lr=1.17e-05 d=0.6498 pixel=0.0163 perceptual=0.5703 adv=0.0805 g_total=0.6672 1.59 it/s
[x64/learnable_frequency] step 43800/50000 lr=1.15e-05 d=0.6842 pixel=0.0179 perceptual=0.6874 adv=0.0705 g_total=0.7758 1.59 it/s
[x64/learnable_frequency] step 43900/50000 lr=1.13e-05 d=0.5933 pixel=0.0185 perceptual=0.7079 adv=0.0882 g_total=0.8146 1.59 it/s
[x64/learnable_frequency] step 44000/50000 lr=1.10e-05 d=0.5589 pixel=0.0134 perceptual=0.5686 adv=0.0784 g_total=0.6604 1.59 it/s
[x64/learnable_frequency] step 44000 VAL ref_ssim=0.8976 (base 0.9078) ref_mse=0.001145 (base 0.001144) best_ssim=0.9052@12000
[x64/learnable_frequency] step 44100/50000 lr=1.08e-05 d=0.6358 pixel=0.0159 perceptual=0.6177 adv=0.0738 g_total=0.7075 1.59 it/s
[x64/learnable_frequency] step 44200/50000 lr=1.06e-05 d=0.6028 pixel=0.0166 perceptual=0.6423 adv=0.0754 g_total=0.7343 1.59 it/s
[x64/learnable_frequency] step 44300/50000 lr=1.03e-05 d=0.6652 pixel=0.0171 perceptual=0.7179 adv=0.0644 g_total=0.7993 1.59 it/s
[x64/learnable_frequency] step 44400/50000 lr=1.01e-05 d=0.5708 pixel=0.0182 perceptual=0.6774 adv=0.0935 g_total=0.7891 1.59 it/s
[x64/learnable_frequency] step 44500/50000 lr=9.91e-06 d=0.7644 pixel=0.0147 perceptual=0.5980 adv=0.0759 g_total=0.6887 1.59 it/s
[x64/learnable_frequency] step 44600/50000 lr=9.70e-06 d=0.6063 pixel=0.0128 perceptual=0.5343 adv=0.0792 g_total=0.6264 1.59 it/s
[x64/learnable_frequency] step 44700/50000 lr=9.49e-06 d=0.5885 pixel=0.0173 perceptual=0.6655 adv=0.0912 g_total=0.7740 1.59 it/s
[x64/learnable_frequency] step 44800/50000 lr=9.29e-06 d=0.6682 pixel=0.0165 perceptual=0.6352 adv=0.0901 g_total=0.7417 1.59 it/s
[x64/learnable_frequency] step 44900/50000 lr=9.09e-06 d=0.6146 pixel=0.0188 perceptual=0.7491 adv=0.0800 g_total=0.8479 1.59 it/s
[x64/learnable_frequency] step 45000/50000 lr=8.89e-06 d=0.5890 pixel=0.0173 perceptual=0.6715 adv=0.0958 g_total=0.7846 1.59 it/s
[x64/learnable_frequency] step 45000 VAL ref_ssim=0.8933 (base 0.9078) ref_mse=0.001162 (base 0.001144) best_ssim=0.9052@12000
[x64/learnable_frequency] step 45100/50000 lr=8.70e-06 d=0.6165 pixel=0.0180 perceptual=0.7007 adv=0.0843 g_total=0.8029 1.59 it/s
[x64/learnable_frequency] step 45200/50000 lr=8.51e-06 d=0.5942 pixel=0.0229 perceptual=0.6867 adv=0.0843 g_total=0.7938 1.59 it/s
[x64/learnable_frequency] step 45300/50000 lr=8.33e-06 d=0.6674 pixel=0.0169 perceptual=0.6353 adv=0.0646 g_total=0.7168 1.59 it/s
[x64/learnable_frequency] step 45400/50000 lr=8.15e-06 d=0.6875 pixel=0.0178 perceptual=0.6358 adv=0.0942 g_total=0.7478 1.59 it/s
[x64/learnable_frequency] step 45500/50000 lr=7.97e-06 d=0.6728 pixel=0.0161 perceptual=0.6479 adv=0.0754 g_total=0.7394 1.59 it/s
[x64/learnable_frequency] step 45600/50000 lr=7.80e-06 d=0.7601 pixel=0.0159 perceptual=0.5912 adv=0.0684 g_total=0.6756 1.59 it/s
[x64/learnable_frequency] step 45700/50000 lr=7.63e-06 d=0.6492 pixel=0.0157 perceptual=0.6450 adv=0.0701 g_total=0.7308 1.59 it/s
[x64/learnable_frequency] step 45800/50000 lr=7.46e-06 d=0.6869 pixel=0.0193 perceptual=0.7323 adv=0.0680 g_total=0.8197 1.59 it/s
[x64/learnable_frequency] step 45900/50000 lr=7.30e-06 d=0.5757 pixel=0.0152 perceptual=0.6127 adv=0.0963 g_total=0.7242 1.59 it/s
[x64/learnable_frequency] step 46000/50000 lr=7.14e-06 d=0.6493 pixel=0.0174 perceptual=0.6917 adv=0.0983 g_total=0.8075 1.59 it/s
[x64/learnable_frequency] step 46000 VAL ref_ssim=0.8958 (base 0.9078) ref_mse=0.001212 (base 0.001144) best_ssim=0.9052@12000
[x64/learnable_frequency] step 46100/50000 lr=6.99e-06 d=0.6739 pixel=0.0160 perceptual=0.6519 adv=0.0901 g_total=0.7581 1.59 it/s
[x64/learnable_frequency] step 46200/50000 lr=6.84e-06 d=0.7094 pixel=0.0165 perceptual=0.6890 adv=0.0828 g_total=0.7883 1.59 it/s
[x64/learnable_frequency] step 46300/50000 lr=6.69e-06 d=0.6255 pixel=0.0165 perceptual=0.6673 adv=0.1001 g_total=0.7840 1.59 it/s
[x64/learnable_frequency] step 46400/50000 lr=6.55e-06 d=0.6206 pixel=0.0145 perceptual=0.5826 adv=0.0982 g_total=0.6953 1.59 it/s
[x64/learnable_frequency] step 46500/50000 lr=6.41e-06 d=0.6680 pixel=0.0168 perceptual=0.6531 adv=0.0684 g_total=0.7383 1.59 it/s
[x64/learnable_frequency] step 46600/50000 lr=6.27e-06 d=0.6195 pixel=0.0150 perceptual=0.6048 adv=0.0772 g_total=0.6970 1.59 it/s
[x64/learnable_frequency] step 46700/50000 lr=6.14e-06 d=0.6496 pixel=0.0181 perceptual=0.7178 adv=0.0729 g_total=0.8088 1.59 it/s
[x64/learnable_frequency] step 46800/50000 lr=6.02e-06 d=0.5188 pixel=0.0161 perceptual=0.6546 adv=0.0860 g_total=0.7567 1.59 it/s
[x64/learnable_frequency] step 46900/50000 lr=5.89e-06 d=0.6655 pixel=0.0175 perceptual=0.6866 adv=0.0845 g_total=0.7886 1.59 it/s
[x64/learnable_frequency] step 47000/50000 lr=5.77e-06 d=0.5913 pixel=0.0150 perceptual=0.6378 adv=0.0756 g_total=0.7284 1.59 it/s
[x64/learnable_frequency] step 47000 VAL ref_ssim=0.8970 (base 0.9078) ref_mse=0.001192 (base 0.001144) best_ssim=0.9052@12000
[x64/learnable_frequency] step 47100/50000 lr=5.66e-06 d=0.5853 pixel=0.0184 perceptual=0.6961 adv=0.0906 g_total=0.8052 1.59 it/s
[x64/learnable_frequency] step 47200/50000 lr=5.54e-06 d=0.6113 pixel=0.0163 perceptual=0.6059 adv=0.0815 g_total=0.7037 1.59 it/s
[x64/learnable_frequency] step 47300/50000 lr=5.44e-06 d=0.5882 pixel=0.0208 perceptual=0.7296 adv=0.0878 g_total=0.8383 1.59 it/s
[x64/learnable_frequency] step 47400/50000 lr=5.33e-06 d=0.6219 pixel=0.0144 perceptual=0.5911 adv=0.0811 g_total=0.6866 1.59 it/s
[x64/learnable_frequency] step 47500/50000 lr=5.23e-06 d=0.5990 pixel=0.0159 perceptual=0.6327 adv=0.0865 g_total=0.7351 1.59 it/s
[x64/learnable_frequency] step 47600/50000 lr=5.14e-06 d=0.5962 pixel=0.0153 perceptual=0.6052 adv=0.0851 g_total=0.7056 1.59 it/s
[x64/learnable_frequency] step 47700/50000 lr=5.04e-06 d=0.5915 pixel=0.0157 perceptual=0.6364 adv=0.0840 g_total=0.7362 1.59 it/s
[x64/learnable_frequency] step 47800/50000 lr=4.95e-06 d=0.5782 pixel=0.0176 perceptual=0.6859 adv=0.0932 g_total=0.7966 1.59 it/s
[x64/learnable_frequency] step 47900/50000 lr=4.87e-06 d=0.6932 pixel=0.0175 perceptual=0.6790 adv=0.1264 g_total=0.8229 1.59 it/s
[x64/learnable_frequency] step 48000/50000 lr=4.79e-06 d=0.6424 pixel=0.0211 perceptual=0.7217 adv=0.0849 g_total=0.8278 1.59 it/s
[x64/learnable_frequency] step 48000 VAL ref_ssim=0.8939 (base 0.9078) ref_mse=0.001287 (base 0.001144) best_ssim=0.9052@12000
[x64/learnable_frequency] step 48100/50000 lr=4.71e-06 d=0.6345 pixel=0.0206 perceptual=0.6673 adv=0.0890 g_total=0.7769 1.59 it/s
[x64/learnable_frequency] step 48200/50000 lr=4.64e-06 d=0.5791 pixel=0.0177 perceptual=0.7112 adv=0.0741 g_total=0.8030 1.59 it/s
[x64/learnable_frequency] step 48300/50000 lr=4.57e-06 d=0.6736 pixel=0.0178 perceptual=0.7093 adv=0.0597 g_total=0.7867 1.59 it/s
[x64/learnable_frequency] step 48400/50000 lr=4.51e-06 d=0.5556 pixel=0.0183 perceptual=0.6701 adv=0.0930 g_total=0.7815 1.59 it/s
[x64/learnable_frequency] step 48500/50000 lr=4.44e-06 d=0.5817 pixel=0.0197 perceptual=0.6840 adv=0.0761 g_total=0.7799 1.59 it/s
[x64/learnable_frequency] step 48600/50000 lr=4.39e-06 d=0.5540 pixel=0.0173 perceptual=0.6868 adv=0.0932 g_total=0.7972 1.59 it/s
[x64/learnable_frequency] step 48700/50000 lr=4.33e-06 d=0.5446 pixel=0.0188 perceptual=0.7175 adv=0.0978 g_total=0.8341 1.59 it/s
[x64/learnable_frequency] step 48800/50000 lr=4.28e-06 d=0.6199 pixel=0.0212 perceptual=0.7912 adv=0.0708 g_total=0.8832 1.59 it/s
[x64/learnable_frequency] step 48900/50000 lr=4.24e-06 d=0.6159 pixel=0.0153 perceptual=0.6139 adv=0.0976 g_total=0.7268 1.59 it/s
[x64/learnable_frequency] step 49000/50000 lr=4.20e-06 d=0.5805 pixel=0.0155 perceptual=0.6293 adv=0.1112 g_total=0.7560 1.59 it/s
[x64/learnable_frequency] step 49000 VAL ref_ssim=0.8916 (base 0.9078) ref_mse=0.001182 (base 0.001144) best_ssim=0.9052@12000
[x64/learnable_frequency] step 49100/50000 lr=4.16e-06 d=0.5763 pixel=0.0167 perceptual=0.6855 adv=0.1073 g_total=0.8095 1.59 it/s
[x64/learnable_frequency] step 49200/50000 lr=4.13e-06 d=0.5900 pixel=0.0149 perceptual=0.6200 adv=0.0959 g_total=0.7308 1.59 it/s
[x64/learnable_frequency] step 49300/50000 lr=4.10e-06 d=0.6540 pixel=0.0164 perceptual=0.6461 adv=0.0625 g_total=0.7250 1.59 it/s
[x64/learnable_frequency] step 49400/50000 lr=4.07e-06 d=0.6165 pixel=0.0184 perceptual=0.6765 adv=0.0715 g_total=0.7664 1.59 it/s
[x64/learnable_frequency] step 49500/50000 lr=4.05e-06 d=0.5360 pixel=0.0175 perceptual=0.6719 adv=0.1177 g_total=0.8071 1.59 it/s
[x64/learnable_frequency] step 49600/50000 lr=4.03e-06 d=0.6130 pixel=0.0161 perceptual=0.6627 adv=0.0711 g_total=0.7499 1.59 it/s
[x64/learnable_frequency] step 49700/50000 lr=4.02e-06 d=0.6338 pixel=0.0171 perceptual=0.6675 adv=0.0766 g_total=0.7612 1.59 it/s
[x64/learnable_frequency] step 49800/50000 lr=4.01e-06 d=0.5472 pixel=0.0173 perceptual=0.6988 adv=0.0977 g_total=0.8138 1.59 it/s
[x64/learnable_frequency] step 49900/50000 lr=4.00e-06 d=0.6135 pixel=0.0166 perceptual=0.6595 adv=0.0811 g_total=0.7572 1.59 it/s
[x64/learnable_frequency] step 50000/50000 lr=4.00e-06 d=0.6085 pixel=0.0140 perceptual=0.6096 adv=0.0945 g_total=0.7180 1.59 it/s
[x64/learnable_frequency] step 50000 VAL ref_ssim=0.8912 (base 0.9078) ref_mse=0.001275 (base 0.001144) best_ssim=0.9052@12000
[x64/learnable_frequency] DONE test base->ref  SSIM 0.9032->0.9023 (+-0.0009) | MSE 0.001217->0.001007 (-0.000210) | 525.3 min
