[x1024/random_fixed] loading frozen base ...
[x1024/random_fixed] building caches (frozen base forward) ...
[x1024/random_fixed] cache: train=7920 val=40 test=60 (63s)
/home/leonidas/workspace/differentiable_micoscopy_replication/microscopy-clean/.venv/lib/python3.12/site-packages/timm/models/layers/__init__.py:49: FutureWarning: Importing from timm.models.layers is deprecated, please import via timm.layers
  warnings.warn(f"Importing from {__name__} is deprecated, please import via timm.layers", FutureWarning)
/home/leonidas/workspace/differentiable_micoscopy_replication/microscopy-clean/.venv/lib/python3.12/site-packages/torch/functional.py:505: UserWarning: torch.meshgrid: in an upcoming release, it will be required to pass the indexing argument. (Triggered internally at /pytorch/aten/src/ATen/native/TensorShape.cpp:4381.)
  return _VF.meshgrid(tensors, **kwargs)  # type: ignore[attr-defined]
[x1024/random_fixed] SwinIR params=11.50M embed_dim=180 depths=[6, 6, 6, 6, 6, 6] identity_init=True
[x1024/random_fixed] base val: ssim=0.6194 mse=0.036734
[x1024/random_fixed] step 100/50000 lr=4.00e-05 d=0.3224 pixel=0.0926 perceptual=1.4945 adv=0.1078 g_total=1.6949 1.63 it/s
[x1024/random_fixed] step 200/50000 lr=8.00e-05 d=0.3060 pixel=0.1018 perceptual=1.5550 adv=0.0922 g_total=1.7490 1.61 it/s
[x1024/random_fixed] step 300/50000 lr=1.20e-04 d=0.3633 pixel=0.0962 perceptual=1.6326 adv=0.0892 g_total=1.8180 1.62 it/s
[x1024/random_fixed] step 400/50000 lr=1.60e-04 d=0.3149 pixel=0.0866 perceptual=1.4161 adv=0.1278 g_total=1.6305 1.63 it/s
[x1024/random_fixed] step 500/50000 lr=2.00e-04 d=0.3197 pixel=0.1130 perceptual=1.6849 adv=0.0934 g_total=1.8913 1.63 it/s
[x1024/random_fixed] step 600/50000 lr=2.00e-04 d=0.2844 pixel=0.1073 perceptual=1.7875 adv=0.1806 g_total=2.0755 1.63 it/s
[x1024/random_fixed] step 700/50000 lr=2.00e-04 d=0.2054 pixel=0.0931 perceptual=1.4563 adv=0.1551 g_total=1.7045 1.63 it/s
[x1024/random_fixed] step 800/50000 lr=2.00e-04 d=0.3015 pixel=0.1117 perceptual=1.4561 adv=0.2550 g_total=1.8227 1.63 it/s
[x1024/random_fixed] step 900/50000 lr=2.00e-04 d=0.1573 pixel=0.1084 perceptual=1.5175 adv=0.1822 g_total=1.8081 1.63 it/s
[x1024/random_fixed] step 1000/50000 lr=2.00e-04 d=0.2042 pixel=0.0802 perceptual=1.3071 adv=0.1897 g_total=1.5771 1.63 it/s
[x1024/random_fixed] step 1000 VAL ref_ssim=0.6559 (base 0.6194) ref_mse=0.041825 (base 0.036734) best_ssim=0.6559@1000 *
[x1024/random_fixed] step 1100/50000 lr=2.00e-04 d=0.2753 pixel=0.0917 perceptual=1.2537 adv=0.1979 g_total=1.5433 1.60 it/s
[x1024/random_fixed] step 1200/50000 lr=2.00e-04 d=0.2135 pixel=0.1039 perceptual=1.5823 adv=0.2141 g_total=1.9003 1.60 it/s
[x1024/random_fixed] step 1300/50000 lr=2.00e-04 d=0.2254 pixel=0.1097 perceptual=1.4217 adv=0.2108 g_total=1.7421 1.60 it/s
[x1024/random_fixed] step 1400/50000 lr=2.00e-04 d=0.2404 pixel=0.0963 perceptual=1.4611 adv=0.2218 g_total=1.7792 1.60 it/s
[x1024/random_fixed] step 1500/50000 lr=2.00e-04 d=0.2942 pixel=0.0938 perceptual=1.3647 adv=0.2260 g_total=1.6845 1.60 it/s
[x1024/random_fixed] step 1600/50000 lr=2.00e-04 d=0.3165 pixel=0.0878 perceptual=1.2976 adv=0.2323 g_total=1.6177 1.60 it/s
[x1024/random_fixed] step 1700/50000 lr=2.00e-04 d=0.1940 pixel=0.1045 perceptual=1.3426 adv=0.2211 g_total=1.6683 1.60 it/s
[x1024/random_fixed] step 1800/50000 lr=2.00e-04 d=0.2143 pixel=0.0897 perceptual=1.3715 adv=0.2346 g_total=1.6957 1.60 it/s
[x1024/random_fixed] step 1900/50000 lr=2.00e-04 d=0.3270 pixel=0.1051 perceptual=1.3017 adv=0.2388 g_total=1.6456 1.60 it/s
[x1024/random_fixed] step 2000/50000 lr=2.00e-04 d=0.1815 pixel=0.0862 perceptual=1.3380 adv=0.2249 g_total=1.6491 1.60 it/s
[x1024/random_fixed] step 2000 VAL ref_ssim=0.6543 (base 0.6194) ref_mse=0.043373 (base 0.036734) best_ssim=0.6559@1000
[x1024/random_fixed] step 2100/50000 lr=1.99e-04 d=0.1213 pixel=0.1034 perceptual=1.4129 adv=0.2432 g_total=1.7596 1.59 it/s
[x1024/random_fixed] step 2200/50000 lr=1.99e-04 d=0.3114 pixel=0.0947 perceptual=1.4062 adv=0.2201 g_total=1.7211 1.59 it/s
[x1024/random_fixed] step 2300/50000 lr=1.99e-04 d=0.1669 pixel=0.0991 perceptual=1.3860 adv=0.2391 g_total=1.7242 1.59 it/s
[x1024/random_fixed] step 2400/50000 lr=1.99e-04 d=0.0814 pixel=0.1045 perceptual=1.4619 adv=0.2577 g_total=1.8241 1.59 it/s
[x1024/random_fixed] step 2500/50000 lr=1.99e-04 d=0.1319 pixel=0.0987 perceptual=1.4235 adv=0.2404 g_total=1.7626 1.59 it/s
[x1024/random_fixed] step 2600/50000 lr=1.99e-04 d=0.1547 pixel=0.1035 perceptual=1.4849 adv=0.2375 g_total=1.8259 1.59 it/s
[x1024/random_fixed] step 2700/50000 lr=1.99e-04 d=0.0831 pixel=0.0977 perceptual=1.4766 adv=0.2058 g_total=1.7801 1.59 it/s
[x1024/random_fixed] step 2800/50000 lr=1.99e-04 d=0.1709 pixel=0.1083 perceptual=1.3980 adv=0.2243 g_total=1.7307 1.59 it/s
[x1024/random_fixed] step 2900/50000 lr=1.99e-04 d=0.1782 pixel=0.1051 perceptual=1.4026 adv=0.2331 g_total=1.7408 1.59 it/s
[x1024/random_fixed] step 3000/50000 lr=1.99e-04 d=0.1265 pixel=0.1042 perceptual=1.4822 adv=0.2262 g_total=1.8126 1.59 it/s
[x1024/random_fixed] step 3000 VAL ref_ssim=0.6554 (base 0.6194) ref_mse=0.041708 (base 0.036734) best_ssim=0.6559@1000
[x1024/random_fixed] step 3100/50000 lr=1.99e-04 d=0.1895 pixel=0.0987 perceptual=1.3354 adv=0.2423 g_total=1.6763 1.58 it/s
[x1024/random_fixed] step 3200/50000 lr=1.99e-04 d=0.1936 pixel=0.1135 perceptual=1.4291 adv=0.2482 g_total=1.7909 1.59 it/s
[x1024/random_fixed] step 3300/50000 lr=1.98e-04 d=0.2806 pixel=0.0997 perceptual=1.3651 adv=0.2175 g_total=1.6824 1.59 it/s
[x1024/random_fixed] step 3400/50000 lr=1.98e-04 d=0.3441 pixel=0.0897 perceptual=1.3302 adv=0.2073 g_total=1.6272 1.59 it/s
[x1024/random_fixed] step 3500/50000 lr=1.98e-04 d=0.2353 pixel=0.1084 perceptual=1.5395 adv=0.2016 g_total=1.8495 1.59 it/s
[x1024/random_fixed] step 3600/50000 lr=1.98e-04 d=0.2169 pixel=0.1038 perceptual=1.4641 adv=0.2136 g_total=1.7815 1.59 it/s
[x1024/random_fixed] step 3700/50000 lr=1.98e-04 d=0.2158 pixel=0.1040 perceptual=1.5977 adv=0.2322 g_total=1.9339 1.59 it/s
[x1024/random_fixed] step 3800/50000 lr=1.98e-04 d=0.1110 pixel=0.1199 perceptual=1.6496 adv=0.2101 g_total=1.9796 1.59 it/s
[x1024/random_fixed] step 3900/50000 lr=1.98e-04 d=0.1223 pixel=0.1060 perceptual=1.4769 adv=0.2433 g_total=1.8262 1.59 it/s
[x1024/random_fixed] step 4000/50000 lr=1.98e-04 d=0.0837 pixel=0.0947 perceptual=1.3691 adv=0.2516 g_total=1.7155 1.59 it/s
[x1024/random_fixed] step 4000 VAL ref_ssim=0.6324 (base 0.6194) ref_mse=0.042319 (base 0.036734) best_ssim=0.6559@1000
[x1024/random_fixed] step 4100/50000 lr=1.97e-04 d=0.1520 pixel=0.0915 perceptual=1.2971 adv=0.2450 g_total=1.6337 1.58 it/s
[x1024/random_fixed] step 4200/50000 lr=1.97e-04 d=0.1263 pixel=0.1189 perceptual=1.4661 adv=0.2379 g_total=1.8229 1.58 it/s
[x1024/random_fixed] step 4300/50000 lr=1.97e-04 d=0.1336 pixel=0.1080 perceptual=1.4808 adv=0.2436 g_total=1.8324 1.58 it/s
[x1024/random_fixed] step 4400/50000 lr=1.97e-04 d=0.1736 pixel=0.1058 perceptual=1.4265 adv=0.2165 g_total=1.7489 1.58 it/s
[x1024/random_fixed] step 4500/50000 lr=1.97e-04 d=0.2325 pixel=0.1035 perceptual=1.4496 adv=0.2294 g_total=1.7826 1.59 it/s
[x1024/random_fixed] step 4600/50000 lr=1.97e-04 d=0.2404 pixel=0.1005 perceptual=1.4029 adv=0.2203 g_total=1.7237 1.59 it/s
[x1024/random_fixed] step 4700/50000 lr=1.97e-04 d=0.1474 pixel=0.1226 perceptual=1.5520 adv=0.2274 g_total=1.9020 1.59 it/s
[x1024/random_fixed] step 4800/50000 lr=1.96e-04 d=0.0846 pixel=0.1062 perceptual=1.5292 adv=0.2437 g_total=1.8791 1.59 it/s
[x1024/random_fixed] step 4900/50000 lr=1.96e-04 d=0.2723 pixel=0.0947 perceptual=1.3136 adv=0.2406 g_total=1.6489 1.59 it/s
[x1024/random_fixed] step 5000/50000 lr=1.96e-04 d=0.1830 pixel=0.1048 perceptual=1.4273 adv=0.2378 g_total=1.7699 1.59 it/s
[x1024/random_fixed] step 5000 VAL ref_ssim=0.5899 (base 0.6194) ref_mse=0.045263 (base 0.036734) best_ssim=0.6559@1000
[x1024/random_fixed] step 5100/50000 lr=1.96e-04 d=0.1240 pixel=0.0967 perceptual=1.3595 adv=0.2372 g_total=1.6934 1.58 it/s
[x1024/random_fixed] step 5200/50000 lr=1.96e-04 d=0.2210 pixel=0.0769 perceptual=1.0951 adv=0.2183 g_total=1.3903 1.58 it/s
[x1024/random_fixed] step 5300/50000 lr=1.95e-04 d=0.2312 pixel=0.0944 perceptual=1.4236 adv=0.2267 g_total=1.7446 1.58 it/s
[x1024/random_fixed] step 5400/50000 lr=1.95e-04 d=0.1192 pixel=0.0969 perceptual=1.4386 adv=0.2401 g_total=1.7755 1.58 it/s
[x1024/random_fixed] step 5500/50000 lr=1.95e-04 d=0.0783 pixel=0.1168 perceptual=1.5553 adv=0.2234 g_total=1.8954 1.58 it/s
[x1024/random_fixed] step 5600/50000 lr=1.95e-04 d=0.1289 pixel=0.1016 perceptual=1.4205 adv=0.2439 g_total=1.7660 1.58 it/s
[x1024/random_fixed] step 5700/50000 lr=1.95e-04 d=0.1331 pixel=0.1674 perceptual=1.5596 adv=0.1879 g_total=1.9150 1.58 it/s
[x1024/random_fixed] step 5800/50000 lr=1.95e-04 d=0.1364 pixel=0.1041 perceptual=1.4374 adv=0.2280 g_total=1.7695 1.58 it/s
[x1024/random_fixed] step 5900/50000 lr=1.94e-04 d=0.2160 pixel=0.0982 perceptual=1.3627 adv=0.2391 g_total=1.7001 1.58 it/s
[x1024/random_fixed] step 6000/50000 lr=1.94e-04 d=0.1989 pixel=0.0993 perceptual=1.4184 adv=0.2456 g_total=1.7633 1.58 it/s
[x1024/random_fixed] step 6000 VAL ref_ssim=0.6598 (base 0.6194) ref_mse=0.042466 (base 0.036734) best_ssim=0.6598@6000 *
[x1024/random_fixed] step 6100/50000 lr=1.94e-04 d=0.3090 pixel=0.0720 perceptual=1.1207 adv=0.2416 g_total=1.4342 1.57 it/s
[x1024/random_fixed] step 6200/50000 lr=1.94e-04 d=0.2711 pixel=0.0925 perceptual=1.2255 adv=0.2198 g_total=1.5378 1.57 it/s
[x1024/random_fixed] step 6300/50000 lr=1.93e-04 d=0.1811 pixel=0.0996 perceptual=1.3975 adv=0.2054 g_total=1.7026 1.57 it/s
[x1024/random_fixed] step 6400/50000 lr=1.93e-04 d=0.1190 pixel=0.1096 perceptual=1.5208 adv=0.2272 g_total=1.8576 1.57 it/s
[x1024/random_fixed] step 6500/50000 lr=1.93e-04 d=0.1275 pixel=0.0950 perceptual=1.4480 adv=0.2253 g_total=1.7682 1.57 it/s
[x1024/random_fixed] step 6600/50000 lr=1.93e-04 d=0.2417 pixel=0.0887 perceptual=1.4133 adv=0.2255 g_total=1.7275 1.57 it/s
[x1024/random_fixed] step 6700/50000 lr=1.93e-04 d=0.1118 pixel=0.1001 perceptual=1.4497 adv=0.2381 g_total=1.7878 1.57 it/s
[x1024/random_fixed] step 6800/50000 lr=1.92e-04 d=0.1973 pixel=0.1044 perceptual=1.4336 adv=0.2171 g_total=1.7551 1.57 it/s
[x1024/random_fixed] step 6900/50000 lr=1.92e-04 d=0.1614 pixel=0.1151 perceptual=1.5270 adv=0.2265 g_total=1.8687 1.57 it/s
[x1024/random_fixed] step 7000/50000 lr=1.92e-04 d=0.1901 pixel=0.1023 perceptual=1.4662 adv=0.2232 g_total=1.7917 1.57 it/s
[x1024/random_fixed] step 7000 VAL ref_ssim=0.6591 (base 0.6194) ref_mse=0.042728 (base 0.036734) best_ssim=0.6598@6000
[x1024/random_fixed] step 7100/50000 lr=1.92e-04 d=0.2475 pixel=0.0988 perceptual=1.3512 adv=0.2178 g_total=1.6679 1.56 it/s
[x1024/random_fixed] step 7200/50000 lr=1.91e-04 d=0.1378 pixel=0.1065 perceptual=1.5044 adv=0.2292 g_total=1.8402 1.56 it/s
[x1024/random_fixed] step 7300/50000 lr=1.91e-04 d=0.1285 pixel=0.1103 perceptual=1.4309 adv=0.2365 g_total=1.7777 1.56 it/s
[x1024/random_fixed] step 7400/50000 lr=1.91e-04 d=0.1862 pixel=0.0893 perceptual=1.2474 adv=0.2393 g_total=1.5760 1.56 it/s
[x1024/random_fixed] step 7500/50000 lr=1.90e-04 d=0.3971 pixel=0.1098 perceptual=1.4135 adv=0.1078 g_total=1.6311 1.56 it/s
[x1024/random_fixed] step 7600/50000 lr=1.90e-04 d=0.3062 pixel=0.0985 perceptual=1.3796 adv=0.2259 g_total=1.7040 1.57 it/s
[x1024/random_fixed] step 7700/50000 lr=1.90e-04 d=0.2641 pixel=0.0822 perceptual=1.2304 adv=0.2338 g_total=1.5464 1.57 it/s
[x1024/random_fixed] step 7800/50000 lr=1.90e-04 d=0.2234 pixel=0.0823 perceptual=1.2746 adv=0.2344 g_total=1.5913 1.57 it/s
[x1024/random_fixed] step 7900/50000 lr=1.89e-04 d=0.2236 pixel=0.1040 perceptual=1.4505 adv=0.2172 g_total=1.7716 1.57 it/s
[x1024/random_fixed] step 8000/50000 lr=1.89e-04 d=0.2598 pixel=0.0671 perceptual=1.0742 adv=0.2353 g_total=1.3766 1.57 it/s
[x1024/random_fixed] step 8000 VAL ref_ssim=0.6403 (base 0.6194) ref_mse=0.044378 (base 0.036734) best_ssim=0.6598@6000
[x1024/random_fixed] step 8100/50000 lr=1.89e-04 d=0.2607 pixel=0.0999 perceptual=1.3678 adv=0.2283 g_total=1.6960 1.57 it/s
[x1024/random_fixed] step 8200/50000 lr=1.89e-04 d=0.1675 pixel=0.1081 perceptual=1.5024 adv=0.2167 g_total=1.8272 1.57 it/s
[x1024/random_fixed] step 8300/50000 lr=1.88e-04 d=0.2561 pixel=0.0956 perceptual=1.3399 adv=0.2355 g_total=1.6710 1.57 it/s
[x1024/random_fixed] step 8400/50000 lr=1.88e-04 d=0.1234 pixel=0.0944 perceptual=1.4389 adv=0.2341 g_total=1.7674 1.57 it/s
[x1024/random_fixed] step 8500/50000 lr=1.88e-04 d=0.2990 pixel=0.0867 perceptual=1.3295 adv=0.2137 g_total=1.6300 1.57 it/s
[x1024/random_fixed] step 8600/50000 lr=1.87e-04 d=0.1530 pixel=0.0869 perceptual=1.2935 adv=0.2192 g_total=1.5996 1.57 it/s
[x1024/random_fixed] step 8700/50000 lr=1.87e-04 d=0.1278 pixel=0.1016 perceptual=1.4450 adv=0.2232 g_total=1.7698 1.57 it/s
[x1024/random_fixed] step 8800/50000 lr=1.87e-04 d=0.3805 pixel=0.0805 perceptual=1.1171 adv=0.2317 g_total=1.4293 1.57 it/s
[x1024/random_fixed] step 8900/50000 lr=1.86e-04 d=0.2831 pixel=0.0811 perceptual=1.2071 adv=0.2341 g_total=1.5223 1.57 it/s
[x1024/random_fixed] step 9000/50000 lr=1.86e-04 d=0.1137 pixel=0.1089 perceptual=1.4978 adv=0.2274 g_total=1.8340 1.57 it/s
[x1024/random_fixed] step 9000 VAL ref_ssim=0.6331 (base 0.6194) ref_mse=0.043296 (base 0.036734) best_ssim=0.6598@6000
[x1024/random_fixed] step 9100/50000 lr=1.86e-04 d=0.2390 pixel=0.0984 perceptual=1.3700 adv=0.2427 g_total=1.7111 1.57 it/s
[x1024/random_fixed] step 9200/50000 lr=1.85e-04 d=0.1225 pixel=0.1043 perceptual=1.4630 adv=0.2379 g_total=1.8051 1.57 it/s
[x1024/random_fixed] step 9300/50000 lr=1.85e-04 d=0.1984 pixel=0.0993 perceptual=1.3598 adv=0.2401 g_total=1.6992 1.57 it/s
[x1024/random_fixed] step 9400/50000 lr=1.85e-04 d=0.2247 pixel=0.1014 perceptual=1.4696 adv=0.2283 g_total=1.7993 1.57 it/s
[x1024/random_fixed] step 9500/50000 lr=1.84e-04 d=0.3071 pixel=0.0935 perceptual=1.3257 adv=0.2420 g_total=1.6613 1.57 it/s
[x1024/random_fixed] step 9600/50000 lr=1.84e-04 d=0.1434 pixel=0.0976 perceptual=1.3972 adv=0.2361 g_total=1.7308 1.57 it/s
[x1024/random_fixed] step 9700/50000 lr=1.84e-04 d=0.3668 pixel=0.1162 perceptual=1.5739 adv=0.2113 g_total=1.9014 1.57 it/s
[x1024/random_fixed] step 9800/50000 lr=1.83e-04 d=0.3169 pixel=0.0870 perceptual=1.2289 adv=0.2365 g_total=1.5523 1.57 it/s
[x1024/random_fixed] step 9900/50000 lr=1.83e-04 d=0.2722 pixel=0.0688 perceptual=1.2158 adv=0.2298 g_total=1.5143 1.57 it/s
[x1024/random_fixed] step 10000/50000 lr=1.83e-04 d=0.2247 pixel=0.0933 perceptual=1.3412 adv=0.2282 g_total=1.6627 1.57 it/s
[x1024/random_fixed] step 10000 VAL ref_ssim=0.6500 (base 0.6194) ref_mse=0.042153 (base 0.036734) best_ssim=0.6598@6000
[x1024/random_fixed] step 10100/50000 lr=1.82e-04 d=0.2830 pixel=0.1269 perceptual=1.6676 adv=0.1929 g_total=1.9875 1.57 it/s
[x1024/random_fixed] step 10200/50000 lr=1.82e-04 d=0.3043 pixel=0.0730 perceptual=1.1958 adv=0.2375 g_total=1.5063 1.57 it/s
[x1024/random_fixed] step 10300/50000 lr=1.82e-04 d=0.2723 pixel=0.0905 perceptual=1.2907 adv=0.2262 g_total=1.6074 1.57 it/s
[x1024/random_fixed] step 10400/50000 lr=1.81e-04 d=0.1723 pixel=0.0906 perceptual=1.3295 adv=0.2443 g_total=1.6644 1.57 it/s
[x1024/random_fixed] step 10500/50000 lr=1.81e-04 d=0.3021 pixel=0.0826 perceptual=1.1785 adv=0.2124 g_total=1.4735 1.57 it/s
[x1024/random_fixed] step 10600/50000 lr=1.81e-04 d=0.1260 pixel=0.0938 perceptual=1.4072 adv=0.2388 g_total=1.7397 1.57 it/s
[x1024/random_fixed] step 10700/50000 lr=1.80e-04 d=0.2510 pixel=0.0971 perceptual=1.3466 adv=0.2230 g_total=1.6668 1.57 it/s
[x1024/random_fixed] step 10800/50000 lr=1.80e-04 d=0.1640 pixel=0.1017 perceptual=1.4502 adv=0.2444 g_total=1.7962 1.57 it/s
[x1024/random_fixed] step 10900/50000 lr=1.79e-04 d=0.3456 pixel=0.1010 perceptual=1.3071 adv=0.2295 g_total=1.6376 1.57 it/s
[x1024/random_fixed] step 11000/50000 lr=1.79e-04 d=0.2000 pixel=0.1109 perceptual=1.5081 adv=0.2385 g_total=1.8575 1.57 it/s
[x1024/random_fixed] step 11000 VAL ref_ssim=0.6443 (base 0.6194) ref_mse=0.040130 (base 0.036734) best_ssim=0.6598@6000
[x1024/random_fixed] step 11100/50000 lr=1.79e-04 d=0.2428 pixel=0.0996 perceptual=1.4037 adv=0.2338 g_total=1.7372 1.57 it/s
[x1024/random_fixed] step 11200/50000 lr=1.78e-04 d=0.3318 pixel=0.0974 perceptual=1.3438 adv=0.1856 g_total=1.6267 1.57 it/s
[x1024/random_fixed] step 11300/50000 lr=1.78e-04 d=0.2877 pixel=0.0778 perceptual=1.1804 adv=0.2260 g_total=1.4842 1.57 it/s
[x1024/random_fixed] step 11400/50000 lr=1.77e-04 d=0.4361 pixel=0.0902 perceptual=1.2823 adv=0.2047 g_total=1.5772 1.57 it/s
[x1024/random_fixed] step 11500/50000 lr=1.77e-04 d=0.3130 pixel=0.0803 perceptual=1.1910 adv=0.2170 g_total=1.4883 1.57 it/s
[x1024/random_fixed] step 11600/50000 lr=1.77e-04 d=0.1961 pixel=0.1001 perceptual=1.3665 adv=0.2258 g_total=1.6924 1.57 it/s
[x1024/random_fixed] step 11700/50000 lr=1.76e-04 d=0.1511 pixel=0.1009 perceptual=1.3913 adv=0.2170 g_total=1.7091 1.58 it/s
[x1024/random_fixed] step 11800/50000 lr=1.76e-04 d=0.2693 pixel=0.0950 perceptual=1.3480 adv=0.2287 g_total=1.6717 1.58 it/s
[x1024/random_fixed] step 11900/50000 lr=1.75e-04 d=0.1463 pixel=0.0952 perceptual=1.2923 adv=0.2341 g_total=1.6216 1.58 it/s
[x1024/random_fixed] step 12000/50000 lr=1.75e-04 d=0.1294 pixel=0.1056 perceptual=1.4510 adv=0.2355 g_total=1.7920 1.58 it/s
[x1024/random_fixed] step 12000 VAL ref_ssim=0.6595 (base 0.6194) ref_mse=0.042098 (base 0.036734) best_ssim=0.6598@6000
[x1024/random_fixed] step 12100/50000 lr=1.75e-04 d=0.2602 pixel=0.0956 perceptual=1.2613 adv=0.2260 g_total=1.5830 1.57 it/s
[x1024/random_fixed] step 12200/50000 lr=1.74e-04 d=0.1982 pixel=0.1138 perceptual=1.5139 adv=0.2408 g_total=1.8685 1.57 it/s
[x1024/random_fixed] step 12300/50000 lr=1.74e-04 d=0.1356 pixel=0.0939 perceptual=1.3549 adv=0.2439 g_total=1.6927 1.58 it/s
[x1024/random_fixed] step 12400/50000 lr=1.73e-04 d=0.3927 pixel=0.1063 perceptual=1.4674 adv=0.1878 g_total=1.7614 1.58 it/s
[x1024/random_fixed] step 12500/50000 lr=1.73e-04 d=0.1710 pixel=0.1081 perceptual=1.5156 adv=0.2278 g_total=1.8515 1.58 it/s
[x1024/random_fixed] step 12600/50000 lr=1.72e-04 d=0.2215 pixel=0.1065 perceptual=1.4185 adv=0.2314 g_total=1.7565 1.58 it/s
[x1024/random_fixed] step 12700/50000 lr=1.72e-04 d=0.2811 pixel=0.1099 perceptual=1.4170 adv=0.2181 g_total=1.7449 1.58 it/s
[x1024/random_fixed] step 12800/50000 lr=1.72e-04 d=0.1688 pixel=0.1005 perceptual=1.3786 adv=0.2241 g_total=1.7032 1.58 it/s
[x1024/random_fixed] step 12900/50000 lr=1.71e-04 d=0.2137 pixel=0.1040 perceptual=1.4838 adv=0.2126 g_total=1.8004 1.58 it/s
[x1024/random_fixed] step 13000/50000 lr=1.71e-04 d=0.1663 pixel=0.0957 perceptual=1.4224 adv=0.2186 g_total=1.7367 1.58 it/s
[x1024/random_fixed] step 13000 VAL ref_ssim=0.6582 (base 0.6194) ref_mse=0.041637 (base 0.036734) best_ssim=0.6598@6000
[x1024/random_fixed] step 13100/50000 lr=1.70e-04 d=0.3113 pixel=0.0932 perceptual=1.3579 adv=0.2237 g_total=1.6748 1.58 it/s
[x1024/random_fixed] step 13200/50000 lr=1.70e-04 d=0.2488 pixel=0.0863 perceptual=1.3414 adv=0.2372 g_total=1.6648 1.58 it/s
[x1024/random_fixed] step 13300/50000 lr=1.69e-04 d=0.1963 pixel=0.0998 perceptual=1.3689 adv=0.2351 g_total=1.7038 1.58 it/s
[x1024/random_fixed] step 13400/50000 lr=1.69e-04 d=0.1815 pixel=0.0833 perceptual=1.2213 adv=0.2460 g_total=1.5506 1.58 it/s
[x1024/random_fixed] step 13500/50000 lr=1.68e-04 d=0.1807 pixel=0.0904 perceptual=1.3917 adv=0.2395 g_total=1.7216 1.58 it/s
[x1024/random_fixed] step 13600/50000 lr=1.68e-04 d=0.3447 pixel=0.1033 perceptual=1.4508 adv=0.2021 g_total=1.7562 1.58 it/s
[x1024/random_fixed] step 13700/50000 lr=1.68e-04 d=0.1741 pixel=0.1007 perceptual=1.4811 adv=0.2116 g_total=1.7934 1.58 it/s
[x1024/random_fixed] step 13800/50000 lr=1.67e-04 d=0.6071 pixel=0.0832 perceptual=1.4018 adv=0.0667 g_total=1.5516 1.58 it/s
[x1024/random_fixed] step 13900/50000 lr=1.67e-04 d=0.3365 pixel=0.1027 perceptual=1.4598 adv=0.2160 g_total=1.7785 1.58 it/s
[x1024/random_fixed] step 14000/50000 lr=1.66e-04 d=0.2139 pixel=0.0968 perceptual=1.3739 adv=0.2256 g_total=1.6962 1.58 it/s
[x1024/random_fixed] step 14000 VAL ref_ssim=0.6380 (base 0.6194) ref_mse=0.042338 (base 0.036734) best_ssim=0.6598@6000
[x1024/random_fixed] step 14100/50000 lr=1.66e-04 d=0.2623 pixel=0.0906 perceptual=1.3493 adv=0.2274 g_total=1.6673 1.58 it/s
[x1024/random_fixed] step 14200/50000 lr=1.65e-04 d=0.1538 pixel=0.1156 perceptual=1.5619 adv=0.2172 g_total=1.8946 1.58 it/s
[x1024/random_fixed] step 14300/50000 lr=1.65e-04 d=0.1961 pixel=0.0968 perceptual=1.4220 adv=0.2244 g_total=1.7432 1.58 it/s
[x1024/random_fixed] step 14400/50000 lr=1.64e-04 d=0.2951 pixel=0.0982 perceptual=1.3880 adv=0.2192 g_total=1.7053 1.58 it/s
[x1024/random_fixed] step 14500/50000 lr=1.64e-04 d=0.1183 pixel=0.1126 perceptual=1.5684 adv=0.2150 g_total=1.8960 1.58 it/s
[x1024/random_fixed] step 14600/50000 lr=1.63e-04 d=0.1547 pixel=0.1019 perceptual=1.4601 adv=0.2263 g_total=1.7883 1.58 it/s
[x1024/random_fixed] step 14700/50000 lr=1.63e-04 d=0.3049 pixel=0.0972 perceptual=1.3768 adv=0.1970 g_total=1.6710 1.58 it/s
[x1024/random_fixed] step 14800/50000 lr=1.62e-04 d=0.1749 pixel=0.1056 perceptual=1.4617 adv=0.2232 g_total=1.7905 1.58 it/s
[x1024/random_fixed] step 14900/50000 lr=1.62e-04 d=0.1612 pixel=0.0998 perceptual=1.4583 adv=0.2315 g_total=1.7895 1.58 it/s
[x1024/random_fixed] step 15000/50000 lr=1.61e-04 d=0.2210 pixel=0.0825 perceptual=1.3882 adv=0.2018 g_total=1.6726 1.58 it/s
[x1024/random_fixed] step 15000 VAL ref_ssim=0.6244 (base 0.6194) ref_mse=0.043601 (base 0.036734) best_ssim=0.6598@6000
[x1024/random_fixed] step 15100/50000 lr=1.61e-04 d=0.1431 pixel=0.1001 perceptual=1.4313 adv=0.2257 g_total=1.7571 1.58 it/s
[x1024/random_fixed] step 15200/50000 lr=1.60e-04 d=0.2187 pixel=0.0944 perceptual=1.4323 adv=0.2053 g_total=1.7320 1.58 it/s
[x1024/random_fixed] step 15300/50000 lr=1.60e-04 d=0.1325 pixel=0.1037 perceptual=1.4617 adv=0.2174 g_total=1.7828 1.58 it/s
[x1024/random_fixed] step 15400/50000 lr=1.59e-04 d=0.4069 pixel=0.0850 perceptual=1.2397 adv=0.1970 g_total=1.5217 1.58 it/s
[x1024/random_fixed] step 15500/50000 lr=1.59e-04 d=0.1620 pixel=0.1101 perceptual=1.4842 adv=0.1997 g_total=1.7940 1.58 it/s
[x1024/random_fixed] step 15600/50000 lr=1.58e-04 d=0.2537 pixel=0.0894 perceptual=1.2774 adv=0.2306 g_total=1.5974 1.58 it/s
[x1024/random_fixed] step 15700/50000 lr=1.58e-04 d=0.1240 pixel=0.0976 perceptual=1.4338 adv=0.2332 g_total=1.7647 1.58 it/s
[x1024/random_fixed] step 15800/50000 lr=1.57e-04 d=0.1651 pixel=0.0931 perceptual=1.3823 adv=0.2329 g_total=1.7083 1.58 it/s
[x1024/random_fixed] step 15900/50000 lr=1.57e-04 d=0.0784 pixel=0.1037 perceptual=1.3670 adv=0.2392 g_total=1.7099 1.58 it/s
[x1024/random_fixed] step 16000/50000 lr=1.56e-04 d=0.1390 pixel=0.1064 perceptual=1.5216 adv=0.2394 g_total=1.8675 1.58 it/s
[x1024/random_fixed] step 16000 VAL ref_ssim=0.6392 (base 0.6194) ref_mse=0.043329 (base 0.036734) best_ssim=0.6598@6000
[x1024/random_fixed] step 16100/50000 lr=1.56e-04 d=0.3321 pixel=0.0966 perceptual=1.4135 adv=0.2118 g_total=1.7219 1.58 it/s
[x1024/random_fixed] step 16200/50000 lr=1.55e-04 d=0.1311 pixel=0.1061 perceptual=1.5593 adv=0.2161 g_total=1.8815 1.58 it/s
[x1024/random_fixed] step 16300/50000 lr=1.55e-04 d=0.3153 pixel=0.0978 perceptual=1.3232 adv=0.2348 g_total=1.6557 1.58 it/s
[x1024/random_fixed] step 16400/50000 lr=1.54e-04 d=0.2901 pixel=0.0973 perceptual=1.3618 adv=0.2114 g_total=1.6706 1.58 it/s
[x1024/random_fixed] step 16500/50000 lr=1.54e-04 d=0.2667 pixel=0.1141 perceptual=1.5868 adv=0.1891 g_total=1.8901 1.58 it/s
[x1024/random_fixed] step 16600/50000 lr=1.53e-04 d=0.2446 pixel=0.0986 perceptual=1.3945 adv=0.1926 g_total=1.6858 1.58 it/s
[x1024/random_fixed] step 16700/50000 lr=1.53e-04 d=0.3637 pixel=0.0909 perceptual=1.3203 adv=0.2216 g_total=1.6328 1.57 it/s
[x1024/random_fixed] step 16800/50000 lr=1.52e-04 d=0.2292 pixel=0.0912 perceptual=1.3380 adv=0.2132 g_total=1.6424 1.57 it/s
[x1024/random_fixed] step 16900/50000 lr=1.52e-04 d=0.2347 pixel=0.1004 perceptual=1.3211 adv=0.2190 g_total=1.6405 1.56 it/s
[x1024/random_fixed] step 17000/50000 lr=1.51e-04 d=0.2806 pixel=0.0891 perceptual=1.3082 adv=0.2271 g_total=1.6244 1.56 it/s
[x1024/random_fixed] step 17000 VAL ref_ssim=0.6539 (base 0.6194) ref_mse=0.041734 (base 0.036734) best_ssim=0.6598@6000
[x1024/random_fixed] step 17100/50000 lr=1.50e-04 d=0.2151 pixel=0.0889 perceptual=1.3117 adv=0.2105 g_total=1.6111 1.55 it/s
[x1024/random_fixed] step 17200/50000 lr=1.50e-04 d=0.2025 pixel=0.0963 perceptual=1.3484 adv=0.2173 g_total=1.6620 1.55 it/s
[x1024/random_fixed] step 17300/50000 lr=1.49e-04 d=0.2824 pixel=0.0861 perceptual=1.2845 adv=0.2261 g_total=1.5968 1.54 it/s
[x1024/random_fixed] step 17400/50000 lr=1.49e-04 d=0.2643 pixel=0.0908 perceptual=1.2548 adv=0.2631 g_total=1.6087 1.54 it/s
[x1024/random_fixed] step 17500/50000 lr=1.48e-04 d=0.2487 pixel=0.0875 perceptual=1.2920 adv=0.2328 g_total=1.6123 1.54 it/s
[x1024/random_fixed] step 17600/50000 lr=1.48e-04 d=0.3304 pixel=0.0944 perceptual=1.3093 adv=0.2097 g_total=1.6134 1.53 it/s
[x1024/random_fixed] step 17700/50000 lr=1.47e-04 d=0.2623 pixel=0.1051 perceptual=1.3648 adv=0.2075 g_total=1.6774 1.53 it/s
[x1024/random_fixed] step 17800/50000 lr=1.47e-04 d=0.2339 pixel=0.1035 perceptual=1.4437 adv=0.1975 g_total=1.7447 1.53 it/s
[x1024/random_fixed] step 17900/50000 lr=1.46e-04 d=0.1349 pixel=0.1017 perceptual=1.4833 adv=0.2197 g_total=1.8048 1.52 it/s
[x1024/random_fixed] step 18000/50000 lr=1.46e-04 d=0.2193 pixel=0.0949 perceptual=1.3837 adv=0.2286 g_total=1.7072 1.52 it/s
[x1024/random_fixed] step 18000 VAL ref_ssim=0.6576 (base 0.6194) ref_mse=0.041999 (base 0.036734) best_ssim=0.6598@6000
[x1024/random_fixed] step 18100/50000 lr=1.45e-04 d=0.2245 pixel=0.0849 perceptual=1.2759 adv=0.2154 g_total=1.5762 1.51 it/s
[x1024/random_fixed] step 18200/50000 lr=1.44e-04 d=0.2254 pixel=0.1053 perceptual=1.4264 adv=0.2176 g_total=1.7493 1.51 it/s
[x1024/random_fixed] step 18300/50000 lr=1.44e-04 d=0.0979 pixel=0.1027 perceptual=1.5062 adv=0.2445 g_total=1.8534 1.51 it/s
[x1024/random_fixed] step 18400/50000 lr=1.43e-04 d=0.2551 pixel=0.0934 perceptual=1.3393 adv=0.2312 g_total=1.6639 1.51 it/s
[x1024/random_fixed] step 18500/50000 lr=1.43e-04 d=0.3017 pixel=0.1073 perceptual=1.4676 adv=0.2083 g_total=1.7832 1.50 it/s
[x1024/random_fixed] step 18600/50000 lr=1.42e-04 d=0.2394 pixel=0.0959 perceptual=1.3679 adv=0.2183 g_total=1.6821 1.50 it/s
[x1024/random_fixed] step 18700/50000 lr=1.42e-04 d=0.1771 pixel=0.1003 perceptual=1.4189 adv=0.2344 g_total=1.7537 1.50 it/s
[x1024/random_fixed] step 18800/50000 lr=1.41e-04 d=0.1885 pixel=0.0958 perceptual=1.3853 adv=0.2166 g_total=1.6977 1.49 it/s
[x1024/random_fixed] step 18900/50000 lr=1.40e-04 d=0.0750 pixel=0.0990 perceptual=1.4302 adv=0.2294 g_total=1.7587 1.49 it/s
[x1024/random_fixed] step 19000/50000 lr=1.40e-04 d=0.1962 pixel=0.1068 perceptual=1.4834 adv=0.2222 g_total=1.8125 1.49 it/s
[x1024/random_fixed] step 19000 VAL ref_ssim=0.6539 (base 0.6194) ref_mse=0.042624 (base 0.036734) best_ssim=0.6598@6000
[x1024/random_fixed] step 19100/50000 lr=1.39e-04 d=0.1607 pixel=0.1139 perceptual=1.5725 adv=0.2169 g_total=1.9033 1.48 it/s
[x1024/random_fixed] step 19200/50000 lr=1.39e-04 d=0.3005 pixel=0.0947 perceptual=1.3396 adv=0.2055 g_total=1.6399 1.48 it/s
[x1024/random_fixed] step 19300/50000 lr=1.38e-04 d=0.1482 pixel=0.1127 perceptual=1.5009 adv=0.2137 g_total=1.8273 1.48 it/s
[x1024/random_fixed] step 19400/50000 lr=1.38e-04 d=0.2307 pixel=0.0964 perceptual=1.4295 adv=0.2173 g_total=1.7432 1.47 it/s
[x1024/random_fixed] step 19500/50000 lr=1.37e-04 d=0.1931 pixel=0.1021 perceptual=1.4113 adv=0.2397 g_total=1.7531 1.47 it/s
[x1024/random_fixed] step 19600/50000 lr=1.36e-04 d=0.3130 pixel=0.1080 perceptual=1.4461 adv=0.2179 g_total=1.7719 1.47 it/s
[x1024/random_fixed] step 19700/50000 lr=1.36e-04 d=0.2442 pixel=0.1015 perceptual=1.3780 adv=0.2174 g_total=1.6970 1.47 it/s
[x1024/random_fixed] step 19800/50000 lr=1.35e-04 d=0.1633 pixel=0.0839 perceptual=1.3436 adv=0.2417 g_total=1.6692 1.46 it/s
[x1024/random_fixed] step 19900/50000 lr=1.35e-04 d=0.1948 pixel=0.0862 perceptual=1.2723 adv=0.2266 g_total=1.5851 1.46 it/s
[x1024/random_fixed] step 20000/50000 lr=1.34e-04 d=0.2369 pixel=0.0824 perceptual=1.2658 adv=0.2403 g_total=1.5885 1.46 it/s
[x1024/random_fixed] step 20000 VAL ref_ssim=0.6551 (base 0.6194) ref_mse=0.043033 (base 0.036734) best_ssim=0.6598@6000
[x1024/random_fixed] step 20100/50000 lr=1.33e-04 d=0.2590 pixel=0.0947 perceptual=1.4367 adv=0.2390 g_total=1.7705 1.45 it/s
[x1024/random_fixed] step 20200/50000 lr=1.33e-04 d=0.1811 pixel=0.0870 perceptual=1.2922 adv=0.2297 g_total=1.6090 1.45 it/s
[x1024/random_fixed] step 20300/50000 lr=1.32e-04 d=0.1884 pixel=0.0892 perceptual=1.3545 adv=0.2259 g_total=1.6695 1.45 it/s
[x1024/random_fixed] step 20400/50000 lr=1.32e-04 d=0.2234 pixel=0.0952 perceptual=1.4492 adv=0.1980 g_total=1.7425 1.45 it/s
[x1024/random_fixed] step 20500/50000 lr=1.31e-04 d=0.0932 pixel=0.1003 perceptual=1.4434 adv=0.2355 g_total=1.7793 1.44 it/s
[x1024/random_fixed] step 20600/50000 lr=1.31e-04 d=0.2344 pixel=0.0857 perceptual=1.3623 adv=0.2361 g_total=1.6841 1.44 it/s
[x1024/random_fixed] step 20700/50000 lr=1.30e-04 d=0.1448 pixel=0.1075 perceptual=1.4456 adv=0.2248 g_total=1.7779 1.44 it/s
[x1024/random_fixed] step 20800/50000 lr=1.29e-04 d=0.2198 pixel=0.1004 perceptual=1.4504 adv=0.2090 g_total=1.7598 1.44 it/s
[x1024/random_fixed] step 20900/50000 lr=1.29e-04 d=0.3047 pixel=0.0905 perceptual=1.3023 adv=0.2267 g_total=1.6195 1.44 it/s
[x1024/random_fixed] step 21000/50000 lr=1.28e-04 d=0.2839 pixel=0.1007 perceptual=1.4494 adv=0.2049 g_total=1.7551 1.43 it/s
[x1024/random_fixed] step 21000 VAL ref_ssim=0.6373 (base 0.6194) ref_mse=0.042968 (base 0.036734) best_ssim=0.6598@6000
[x1024/random_fixed] step 21100/50000 lr=1.28e-04 d=0.3089 pixel=0.0894 perceptual=1.2037 adv=0.2190 g_total=1.5121 1.43 it/s
[x1024/random_fixed] step 21200/50000 lr=1.27e-04 d=0.2549 pixel=0.0972 perceptual=1.3224 adv=0.2119 g_total=1.6315 1.43 it/s
[x1024/random_fixed] step 21300/50000 lr=1.26e-04 d=0.3047 pixel=0.1057 perceptual=1.4854 adv=0.2054 g_total=1.7965 1.43 it/s
[x1024/random_fixed] step 21400/50000 lr=1.26e-04 d=0.3071 pixel=0.1098 perceptual=1.4868 adv=0.1869 g_total=1.7835 1.42 it/s
[x1024/random_fixed] step 21500/50000 lr=1.25e-04 d=0.3289 pixel=0.0886 perceptual=1.3172 adv=0.2018 g_total=1.6077 1.42 it/s
[x1024/random_fixed] step 21600/50000 lr=1.25e-04 d=0.3132 pixel=0.0947 perceptual=1.3544 adv=0.1866 g_total=1.6356 1.42 it/s
[x1024/random_fixed] step 21700/50000 lr=1.24e-04 d=0.2127 pixel=0.1014 perceptual=1.4232 adv=0.2234 g_total=1.7480 1.42 it/s
[x1024/random_fixed] step 21800/50000 lr=1.23e-04 d=0.3074 pixel=0.0952 perceptual=1.3377 adv=0.1973 g_total=1.6303 1.42 it/s
[x1024/random_fixed] step 21900/50000 lr=1.23e-04 d=0.3061 pixel=0.1030 perceptual=1.3903 adv=0.1939 g_total=1.6871 1.41 it/s
[x1024/random_fixed] step 22000/50000 lr=1.22e-04 d=0.3019 pixel=0.1040 perceptual=1.4671 adv=0.1784 g_total=1.7495 1.41 it/s
[x1024/random_fixed] step 22000 VAL ref_ssim=0.6310 (base 0.6194) ref_mse=0.044137 (base 0.036734) best_ssim=0.6598@6000
[x1024/random_fixed] step 22100/50000 lr=1.21e-04 d=0.2848 pixel=0.1049 perceptual=1.4303 adv=0.2000 g_total=1.7351 1.41 it/s
[x1024/random_fixed] step 22200/50000 lr=1.21e-04 d=0.1761 pixel=0.1001 perceptual=1.4386 adv=0.2272 g_total=1.7659 1.41 it/s
[x1024/random_fixed] step 22300/50000 lr=1.20e-04 d=0.1793 pixel=0.1015 perceptual=1.4481 adv=0.2291 g_total=1.7786 1.40 it/s
[x1024/random_fixed] step 22400/50000 lr=1.20e-04 d=0.1030 pixel=0.1010 perceptual=1.4509 adv=0.2235 g_total=1.7753 1.40 it/s
[x1024/random_fixed] step 22500/50000 lr=1.19e-04 d=0.3455 pixel=0.0857 perceptual=1.3429 adv=0.1993 g_total=1.6280 1.40 it/s
[x1024/random_fixed] step 22600/50000 lr=1.18e-04 d=0.3337 pixel=0.0888 perceptual=1.3617 adv=0.2169 g_total=1.6674 1.40 it/s
[x1024/random_fixed] step 22700/50000 lr=1.18e-04 d=0.2519 pixel=0.1044 perceptual=1.4547 adv=0.1998 g_total=1.7589 1.40 it/s
[x1024/random_fixed] step 22800/50000 lr=1.17e-04 d=0.3058 pixel=0.0986 perceptual=1.3869 adv=0.1970 g_total=1.6825 1.40 it/s
[x1024/random_fixed] step 22900/50000 lr=1.17e-04 d=0.3617 pixel=0.0813 perceptual=1.2728 adv=0.1919 g_total=1.5460 1.40 it/s
[x1024/random_fixed] step 23000/50000 lr=1.16e-04 d=0.2645 pixel=0.0993 perceptual=1.4195 adv=0.2075 g_total=1.7263 1.39 it/s
[x1024/random_fixed] step 23000 VAL ref_ssim=0.5887 (base 0.6194) ref_mse=0.044362 (base 0.036734) best_ssim=0.6598@6000
[x1024/random_fixed] step 23100/50000 lr=1.15e-04 d=0.1962 pixel=0.1096 perceptual=1.5146 adv=0.1955 g_total=1.8197 1.39 it/s
[x1024/random_fixed] step 23200/50000 lr=1.15e-04 d=0.2876 pixel=0.1061 perceptual=1.4732 adv=0.1756 g_total=1.7549 1.39 it/s
[x1024/random_fixed] step 23300/50000 lr=1.14e-04 d=0.3979 pixel=0.0828 perceptual=1.1651 adv=0.2108 g_total=1.4587 1.39 it/s
[x1024/random_fixed] step 23400/50000 lr=1.13e-04 d=0.2684 pixel=0.0957 perceptual=1.4054 adv=0.1886 g_total=1.6898 1.39 it/s
[x1024/random_fixed] step 23500/50000 lr=1.13e-04 d=0.2646 pixel=0.0941 perceptual=1.4654 adv=0.1857 g_total=1.7452 1.38 it/s
[x1024/random_fixed] step 23600/50000 lr=1.12e-04 d=0.2261 pixel=0.0980 perceptual=1.3241 adv=0.2160 g_total=1.6381 1.38 it/s
[x1024/random_fixed] step 23700/50000 lr=1.12e-04 d=0.2736 pixel=0.1062 perceptual=1.4213 adv=0.2310 g_total=1.7585 1.38 it/s
[x1024/random_fixed] step 23800/50000 lr=1.11e-04 d=0.2031 pixel=0.1060 perceptual=1.5532 adv=0.2034 g_total=1.8626 1.38 it/s
[x1024/random_fixed] step 23900/50000 lr=1.10e-04 d=0.1772 pixel=0.1101 perceptual=1.5095 adv=0.2014 g_total=1.8211 1.38 it/s
[x1024/random_fixed] step 24000/50000 lr=1.10e-04 d=0.2385 pixel=0.0967 perceptual=1.3891 adv=0.2151 g_total=1.7009 1.38 it/s
[x1024/random_fixed] step 24000 VAL ref_ssim=0.6133 (base 0.6194) ref_mse=0.044812 (base 0.036734) best_ssim=0.6598@6000
[x1024/random_fixed] step 24100/50000 lr=1.09e-04 d=0.2791 pixel=0.0955 perceptual=1.4148 adv=0.1979 g_total=1.7082 1.37 it/s
[x1024/random_fixed] step 24200/50000 lr=1.09e-04 d=0.3270 pixel=0.0738 perceptual=1.1907 adv=0.2374 g_total=1.5020 1.37 it/s
[x1024/random_fixed] step 24300/50000 lr=1.08e-04 d=0.2644 pixel=0.0896 perceptual=1.3696 adv=0.2132 g_total=1.6725 1.37 it/s
[x1024/random_fixed] step 24400/50000 lr=1.07e-04 d=0.2773 pixel=0.1059 perceptual=1.4390 adv=0.1895 g_total=1.7344 1.37 it/s
[x1024/random_fixed] step 24500/50000 lr=1.07e-04 d=0.3676 pixel=0.0990 perceptual=1.4156 adv=0.2053 g_total=1.7199 1.37 it/s
[x1024/random_fixed] step 24600/50000 lr=1.06e-04 d=0.2893 pixel=0.0844 perceptual=1.2899 adv=0.2142 g_total=1.5886 1.37 it/s
[x1024/random_fixed] step 24700/50000 lr=1.05e-04 d=0.3767 pixel=0.0929 perceptual=1.3321 adv=0.2146 g_total=1.6397 1.37 it/s
[x1024/random_fixed] step 24800/50000 lr=1.05e-04 d=0.1908 pixel=0.1088 perceptual=1.4945 adv=0.2123 g_total=1.8157 1.36 it/s
[x1024/random_fixed] step 24900/50000 lr=1.04e-04 d=0.2452 pixel=0.0971 perceptual=1.3728 adv=0.2180 g_total=1.6878 1.36 it/s
[x1024/random_fixed] step 25000/50000 lr=1.04e-04 d=0.2744 pixel=0.1199 perceptual=1.4866 adv=0.2265 g_total=1.8330 1.36 it/s
[x1024/random_fixed] step 25000 VAL ref_ssim=0.6177 (base 0.6194) ref_mse=0.044711 (base 0.036734) best_ssim=0.6598@6000
[x1024/random_fixed] step 25100/50000 lr=1.03e-04 d=0.2468 pixel=0.1063 perceptual=1.3800 adv=0.2093 g_total=1.6956 1.36 it/s
[x1024/random_fixed] step 25200/50000 lr=1.02e-04 d=0.3162 pixel=0.0983 perceptual=1.4080 adv=0.1971 g_total=1.7033 1.36 it/s
[x1024/random_fixed] step 25300/50000 lr=1.02e-04 d=0.4205 pixel=0.0845 perceptual=1.2500 adv=0.2008 g_total=1.5353 1.36 it/s
[x1024/random_fixed] step 25400/50000 lr=1.01e-04 d=0.3395 pixel=0.0933 perceptual=1.3336 adv=0.2002 g_total=1.6272 1.35 it/s
[x1024/random_fixed] step 25500/50000 lr=1.00e-04 d=0.2080 pixel=0.1104 perceptual=1.5387 adv=0.2026 g_total=1.8517 1.35 it/s
[x1024/random_fixed] step 25600/50000 lr=9.98e-05 d=0.2780 pixel=0.0938 perceptual=1.2616 adv=0.2241 g_total=1.5795 1.35 it/s
[x1024/random_fixed] step 25700/50000 lr=9.92e-05 d=0.1895 pixel=0.0892 perceptual=1.3350 adv=0.2218 g_total=1.6460 1.35 it/s
[x1024/random_fixed] step 25800/50000 lr=9.86e-05 d=0.3942 pixel=0.1046 perceptual=1.4394 adv=0.2010 g_total=1.7450 1.35 it/s
[x1024/random_fixed] step 25900/50000 lr=9.80e-05 d=0.1216 pixel=0.1112 perceptual=1.5700 adv=0.2273 g_total=1.9084 1.35 it/s
[x1024/random_fixed] step 26000/50000 lr=9.73e-05 d=0.2300 pixel=0.1037 perceptual=1.4418 adv=0.2152 g_total=1.7607 1.35 it/s
[x1024/random_fixed] step 26000 VAL ref_ssim=0.6048 (base 0.6194) ref_mse=0.045136 (base 0.036734) best_ssim=0.6598@6000
[x1024/random_fixed] step 26100/50000 lr=9.67e-05 d=0.3129 pixel=0.0982 perceptual=1.3664 adv=0.1975 g_total=1.6622 1.34 it/s
[x1024/random_fixed] step 26200/50000 lr=9.61e-05 d=0.2174 pixel=0.1063 perceptual=1.4921 adv=0.1961 g_total=1.7944 1.34 it/s
[x1024/random_fixed] step 26300/50000 lr=9.55e-05 d=0.3259 pixel=0.0969 perceptual=1.4059 adv=0.2020 g_total=1.7048 1.34 it/s
[x1024/random_fixed] step 26400/50000 lr=9.49e-05 d=0.2967 pixel=0.0994 perceptual=1.4690 adv=0.2100 g_total=1.7784 1.34 it/s
[x1024/random_fixed] step 26500/50000 lr=9.42e-05 d=0.3014 pixel=0.1012 perceptual=1.3902 adv=0.2175 g_total=1.7090 1.34 it/s
[x1024/random_fixed] step 26600/50000 lr=9.36e-05 d=0.2258 pixel=0.0960 perceptual=1.3910 adv=0.2098 g_total=1.6968 1.34 it/s
[x1024/random_fixed] step 26700/50000 lr=9.30e-05 d=0.3059 pixel=0.0894 perceptual=1.2647 adv=0.2230 g_total=1.5771 1.34 it/s
[x1024/random_fixed] step 26800/50000 lr=9.24e-05 d=0.2042 pixel=0.1040 perceptual=1.4930 adv=0.2299 g_total=1.8269 1.34 it/s
[x1024/random_fixed] step 26900/50000 lr=9.18e-05 d=0.1999 pixel=0.0978 perceptual=1.3866 adv=0.2301 g_total=1.7145 1.34 it/s
[x1024/random_fixed] step 27000/50000 lr=9.11e-05 d=0.3373 pixel=0.1026 perceptual=1.4496 adv=0.2130 g_total=1.7651 1.33 it/s
[x1024/random_fixed] step 27000 VAL ref_ssim=0.5971 (base 0.6194) ref_mse=0.044823 (base 0.036734) best_ssim=0.6598@6000
[x1024/random_fixed] step 27100/50000 lr=9.05e-05 d=0.2775 pixel=0.0946 perceptual=1.3990 adv=0.2239 g_total=1.7175 1.33 it/s
[x1024/random_fixed] step 27200/50000 lr=8.99e-05 d=0.2846 pixel=0.0932 perceptual=1.4067 adv=0.2093 g_total=1.7092 1.33 it/s
[x1024/random_fixed] step 27300/50000 lr=8.93e-05 d=0.2964 pixel=0.0811 perceptual=1.2560 adv=0.2215 g_total=1.5586 1.33 it/s
[x1024/random_fixed] step 27400/50000 lr=8.87e-05 d=0.4215 pixel=0.0957 perceptual=1.3073 adv=0.2028 g_total=1.6058 1.33 it/s
[x1024/random_fixed] step 27500/50000 lr=8.81e-05 d=0.3017 pixel=0.0938 perceptual=1.3401 adv=0.2030 g_total=1.6369 1.33 it/s
[x1024/random_fixed] step 27600/50000 lr=8.74e-05 d=0.2690 pixel=0.1073 perceptual=1.4948 adv=0.2076 g_total=1.8096 1.33 it/s
[x1024/random_fixed] step 27700/50000 lr=8.68e-05 d=0.2653 pixel=0.0947 perceptual=1.3498 adv=0.2069 g_total=1.6513 1.33 it/s
[x1024/random_fixed] step 27800/50000 lr=8.62e-05 d=0.2835 pixel=0.1083 perceptual=1.4947 adv=0.1782 g_total=1.7813 1.32 it/s
[x1024/random_fixed] step 27900/50000 lr=8.56e-05 d=0.2630 pixel=0.0931 perceptual=1.3655 adv=0.2130 g_total=1.6716 1.32 it/s
[x1024/random_fixed] step 28000/50000 lr=8.50e-05 d=0.2831 pixel=0.1067 perceptual=1.4689 adv=0.2028 g_total=1.7784 1.32 it/s
[x1024/random_fixed] step 28000 VAL ref_ssim=0.6341 (base 0.6194) ref_mse=0.044403 (base 0.036734) best_ssim=0.6598@6000
[x1024/random_fixed] step 28100/50000 lr=8.44e-05 d=0.1959 pixel=0.0940 perceptual=1.4021 adv=0.2347 g_total=1.7308 1.32 it/s
[x1024/random_fixed] step 28200/50000 lr=8.38e-05 d=0.2427 pixel=0.1163 perceptual=1.5239 adv=0.2102 g_total=1.8504 1.32 it/s
[x1024/random_fixed] step 28300/50000 lr=8.32e-05 d=0.2429 pixel=0.1139 perceptual=1.5099 adv=0.1997 g_total=1.8234 1.32 it/s
[x1024/random_fixed] step 28400/50000 lr=8.25e-05 d=0.4413 pixel=0.0964 perceptual=1.3069 adv=0.2020 g_total=1.6053 1.32 it/s
[x1024/random_fixed] step 28500/50000 lr=8.19e-05 d=0.3447 pixel=0.0789 perceptual=1.1903 adv=0.2102 g_total=1.4794 1.32 it/s
[x1024/random_fixed] step 28600/50000 lr=8.13e-05 d=0.1551 pixel=0.1030 perceptual=1.4174 adv=0.2092 g_total=1.7296 1.32 it/s
[x1024/random_fixed] step 28700/50000 lr=8.07e-05 d=0.3231 pixel=0.1039 perceptual=1.4580 adv=0.2030 g_total=1.7649 1.31 it/s
[x1024/random_fixed] step 28800/50000 lr=8.01e-05 d=0.2385 pixel=0.1053 perceptual=1.5259 adv=0.1929 g_total=1.8241 1.31 it/s
[x1024/random_fixed] step 28900/50000 lr=7.95e-05 d=0.2103 pixel=0.1063 perceptual=1.4322 adv=0.2072 g_total=1.7458 1.31 it/s
[x1024/random_fixed] step 29000/50000 lr=7.89e-05 d=0.2113 pixel=0.1150 perceptual=1.5530 adv=0.2023 g_total=1.8703 1.31 it/s
[x1024/random_fixed] step 29000 VAL ref_ssim=0.6337 (base 0.6194) ref_mse=0.044652 (base 0.036734) best_ssim=0.6598@6000
[x1024/random_fixed] step 29100/50000 lr=7.83e-05 d=0.2407 pixel=0.0949 perceptual=1.4065 adv=0.2025 g_total=1.7039 1.31 it/s
[x1024/random_fixed] step 29200/50000 lr=7.77e-05 d=0.2910 pixel=0.0925 perceptual=1.3381 adv=0.2188 g_total=1.6494 1.31 it/s
[x1024/random_fixed] step 29300/50000 lr=7.71e-05 d=0.2845 pixel=0.1054 perceptual=1.4467 adv=0.1831 g_total=1.7351 1.31 it/s
[x1024/random_fixed] step 29400/50000 lr=7.65e-05 d=0.2910 pixel=0.1093 perceptual=1.4208 adv=0.2023 g_total=1.7324 1.31 it/s
[x1024/random_fixed] step 29500/50000 lr=7.59e-05 d=0.2309 pixel=0.0883 perceptual=1.3518 adv=0.2001 g_total=1.6403 1.31 it/s
[x1024/random_fixed] step 29600/50000 lr=7.53e-05 d=0.2350 pixel=0.0959 perceptual=1.4193 adv=0.2056 g_total=1.7208 1.31 it/s
[x1024/random_fixed] step 29700/50000 lr=7.47e-05 d=0.2369 pixel=0.0882 perceptual=1.3341 adv=0.2137 g_total=1.6360 1.31 it/s
[x1024/random_fixed] step 29800/50000 lr=7.41e-05 d=0.3320 pixel=0.0937 perceptual=1.3541 adv=0.1903 g_total=1.6381 1.30 it/s
[x1024/random_fixed] step 29900/50000 lr=7.35e-05 d=0.1606 pixel=0.1008 perceptual=1.4676 adv=0.1966 g_total=1.7649 1.30 it/s
[x1024/random_fixed] step 30000/50000 lr=7.29e-05 d=0.1765 pixel=0.0930 perceptual=1.3659 adv=0.2126 g_total=1.6715 1.30 it/s
[x1024/random_fixed] step 30000 VAL ref_ssim=0.6186 (base 0.6194) ref_mse=0.044494 (base 0.036734) best_ssim=0.6598@6000
[x1024/random_fixed] step 30100/50000 lr=7.23e-05 d=0.1703 pixel=0.1086 perceptual=1.4613 adv=0.2077 g_total=1.7776 1.30 it/s
[x1024/random_fixed] step 30200/50000 lr=7.17e-05 d=0.2236 pixel=0.0924 perceptual=1.4227 adv=0.2092 g_total=1.7243 1.30 it/s
[x1024/random_fixed] step 30300/50000 lr=7.11e-05 d=0.3380 pixel=0.0853 perceptual=1.2172 adv=0.2100 g_total=1.5125 1.30 it/s
[x1024/random_fixed] step 30400/50000 lr=7.05e-05 d=0.1364 pixel=0.1069 perceptual=1.4924 adv=0.2333 g_total=1.8326 1.30 it/s
[x1024/random_fixed] step 30500/50000 lr=7.00e-05 d=0.1860 pixel=0.1081 perceptual=1.5145 adv=0.2010 g_total=1.8236 1.30 it/s
[x1024/random_fixed] step 30600/50000 lr=6.94e-05 d=0.2201 pixel=0.1152 perceptual=1.4872 adv=0.1918 g_total=1.7942 1.30 it/s
[x1024/random_fixed] step 30700/50000 lr=6.88e-05 d=0.2959 pixel=0.0944 perceptual=1.3670 adv=0.1852 g_total=1.6465 1.30 it/s
[x1024/random_fixed] step 30800/50000 lr=6.82e-05 d=0.3131 pixel=0.0807 perceptual=1.2770 adv=0.1949 g_total=1.5526 1.30 it/s
[x1024/random_fixed] step 30900/50000 lr=6.76e-05 d=0.3129 pixel=0.0964 perceptual=1.3480 adv=0.1937 g_total=1.6381 1.30 it/s
[x1024/random_fixed] step 31000/50000 lr=6.70e-05 d=0.1832 pixel=0.1038 perceptual=1.4500 adv=0.2132 g_total=1.7670 1.30 it/s
[x1024/random_fixed] step 31000 VAL ref_ssim=0.6000 (base 0.6194) ref_mse=0.045421 (base 0.036734) best_ssim=0.6598@6000
[x1024/random_fixed] step 31100/50000 lr=6.65e-05 d=0.4478 pixel=0.0858 perceptual=1.1985 adv=0.1890 g_total=1.4734 1.30 it/s
[x1024/random_fixed] step 31200/50000 lr=6.59e-05 d=0.2327 pixel=0.1010 perceptual=1.4165 adv=0.2075 g_total=1.7250 1.30 it/s
[x1024/random_fixed] step 31300/50000 lr=6.53e-05 d=0.3100 pixel=0.0956 perceptual=1.2925 adv=0.1952 g_total=1.5833 1.30 it/s
[x1024/random_fixed] step 31400/50000 lr=6.47e-05 d=0.2418 pixel=0.1042 perceptual=1.4385 adv=0.1940 g_total=1.7367 1.30 it/s
[x1024/random_fixed] step 31500/50000 lr=6.41e-05 d=0.2435 pixel=0.0850 perceptual=1.3264 adv=0.2250 g_total=1.6363 1.30 it/s
[x1024/random_fixed] step 31600/50000 lr=6.36e-05 d=0.3066 pixel=0.0828 perceptual=1.2667 adv=0.2136 g_total=1.5632 1.30 it/s
[x1024/random_fixed] step 31700/50000 lr=6.30e-05 d=0.3016 pixel=0.0944 perceptual=1.3136 adv=0.2081 g_total=1.6161 1.30 it/s
[x1024/random_fixed] step 31800/50000 lr=6.24e-05 d=0.3473 pixel=0.0923 perceptual=1.2973 adv=0.1999 g_total=1.5895 1.30 it/s
[x1024/random_fixed] step 31900/50000 lr=6.19e-05 d=0.1989 pixel=0.0909 perceptual=1.3587 adv=0.2075 g_total=1.6572 1.30 it/s
[x1024/random_fixed] step 32000/50000 lr=6.13e-05 d=0.4290 pixel=0.0906 perceptual=1.2854 adv=0.2045 g_total=1.5805 1.30 it/s
[x1024/random_fixed] step 32000 VAL ref_ssim=0.6006 (base 0.6194) ref_mse=0.045026 (base 0.036734) best_ssim=0.6598@6000
[x1024/random_fixed] step 32100/50000 lr=6.07e-05 d=0.2878 pixel=0.0878 perceptual=1.2188 adv=0.2099 g_total=1.5165 1.30 it/s
[x1024/random_fixed] step 32200/50000 lr=6.02e-05 d=0.2969 pixel=0.0975 perceptual=1.3472 adv=0.2196 g_total=1.6643 1.31 it/s
[x1024/random_fixed] step 32300/50000 lr=5.96e-05 d=0.2677 pixel=0.1016 perceptual=1.4589 adv=0.1902 g_total=1.7507 1.31 it/s
[x1024/random_fixed] step 32400/50000 lr=5.90e-05 d=0.3203 pixel=0.0836 perceptual=1.1796 adv=0.2205 g_total=1.4837 1.31 it/s
[x1024/random_fixed] step 32500/50000 lr=5.85e-05 d=0.3339 pixel=0.1040 perceptual=1.3824 adv=0.1885 g_total=1.6748 1.31 it/s
[x1024/random_fixed] step 32600/50000 lr=5.79e-05 d=0.3056 pixel=0.1008 perceptual=1.4481 adv=0.1898 g_total=1.7387 1.31 it/s
[x1024/random_fixed] step 32700/50000 lr=5.74e-05 d=0.4273 pixel=0.0682 perceptual=1.0448 adv=0.2064 g_total=1.3194 1.31 it/s
[x1024/random_fixed] step 32800/50000 lr=5.68e-05 d=0.4111 pixel=0.0740 perceptual=1.1745 adv=0.2143 g_total=1.4628 1.31 it/s
[x1024/random_fixed] step 32900/50000 lr=5.63e-05 d=0.1933 pixel=0.0893 perceptual=1.3788 adv=0.2128 g_total=1.6809 1.31 it/s
[x1024/random_fixed] step 33000/50000 lr=5.57e-05 d=0.1636 pixel=0.1260 perceptual=1.6592 adv=0.1978 g_total=1.9830 1.31 it/s
[x1024/random_fixed] step 33000 VAL ref_ssim=0.6009 (base 0.6194) ref_mse=0.045084 (base 0.036734) best_ssim=0.6598@6000
[x1024/random_fixed] step 33100/50000 lr=5.52e-05 d=0.1809 pixel=0.1057 perceptual=1.4836 adv=0.2096 g_total=1.7989 1.31 it/s
[x1024/random_fixed] step 33200/50000 lr=5.46e-05 d=0.2725 pixel=0.1086 perceptual=1.4091 adv=0.1965 g_total=1.7142 1.31 it/s
[x1024/random_fixed] step 33300/50000 lr=5.41e-05 d=0.3329 pixel=0.0871 perceptual=1.2909 adv=0.2030 g_total=1.5811 1.31 it/s
[x1024/random_fixed] step 33400/50000 lr=5.35e-05 d=0.2708 pixel=0.1097 perceptual=1.5258 adv=0.1967 g_total=1.8322 1.31 it/s
[x1024/random_fixed] step 33500/50000 lr=5.30e-05 d=0.2013 pixel=0.0979 perceptual=1.4134 adv=0.2152 g_total=1.7266 1.32 it/s
[x1024/random_fixed] step 33600/50000 lr=5.25e-05 d=0.2467 pixel=0.1080 perceptual=1.4454 adv=0.1973 g_total=1.7507 1.32 it/s
[x1024/random_fixed] step 33700/50000 lr=5.19e-05 d=0.2505 pixel=0.1085 perceptual=1.5149 adv=0.1968 g_total=1.8202 1.32 it/s
[x1024/random_fixed] step 33800/50000 lr=5.14e-05 d=0.2102 pixel=0.0911 perceptual=1.3545 adv=0.2142 g_total=1.6599 1.32 it/s
[x1024/random_fixed] step 33900/50000 lr=5.09e-05 d=0.3067 pixel=0.1033 perceptual=1.3899 adv=0.1880 g_total=1.6812 1.32 it/s
[x1024/random_fixed] step 34000/50000 lr=5.03e-05 d=0.3104 pixel=0.0976 perceptual=1.4177 adv=0.1902 g_total=1.7055 1.32 it/s
[x1024/random_fixed] step 34000 VAL ref_ssim=0.5373 (base 0.6194) ref_mse=0.046090 (base 0.036734) best_ssim=0.6598@6000
[x1024/random_fixed] step 34100/50000 lr=4.98e-05 d=0.2603 pixel=0.0891 perceptual=1.2317 adv=0.2208 g_total=1.5416 1.32 it/s
[x1024/random_fixed] step 34200/50000 lr=4.93e-05 d=0.3372 pixel=0.1070 perceptual=1.5220 adv=0.1894 g_total=1.8184 1.32 it/s
[x1024/random_fixed] step 34300/50000 lr=4.88e-05 d=0.1915 pixel=0.1097 perceptual=1.5564 adv=0.2097 g_total=1.8758 1.32 it/s
[x1024/random_fixed] step 34400/50000 lr=4.82e-05 d=0.2610 pixel=0.0936 perceptual=1.3762 adv=0.2004 g_total=1.6702 1.32 it/s
[x1024/random_fixed] step 34500/50000 lr=4.77e-05 d=0.2433 pixel=0.0926 perceptual=1.4002 adv=0.2108 g_total=1.7037 1.32 it/s
[x1024/random_fixed] step 34600/50000 lr=4.72e-05 d=0.2326 pixel=0.0959 perceptual=1.3241 adv=0.2191 g_total=1.6391 1.32 it/s
[x1024/random_fixed] step 34700/50000 lr=4.67e-05 d=0.2894 pixel=0.0862 perceptual=1.3359 adv=0.2011 g_total=1.6232 1.32 it/s
[x1024/random_fixed] step 34800/50000 lr=4.62e-05 d=0.1871 pixel=0.0917 perceptual=1.3170 adv=0.2035 g_total=1.6122 1.32 it/s
[x1024/random_fixed] step 34900/50000 lr=4.57e-05 d=0.3018 pixel=0.1173 perceptual=1.4381 adv=0.1905 g_total=1.7460 1.32 it/s
[x1024/random_fixed] step 35000/50000 lr=4.52e-05 d=0.3271 pixel=0.0760 perceptual=1.2362 adv=0.2014 g_total=1.5137 1.33 it/s
[x1024/random_fixed] step 35000 VAL ref_ssim=0.6414 (base 0.6194) ref_mse=0.044008 (base 0.036734) best_ssim=0.6598@6000
[x1024/random_fixed] step 35100/50000 lr=4.47e-05 d=0.3035 pixel=0.0891 perceptual=1.2842 adv=0.2074 g_total=1.5807 1.33 it/s
[x1024/random_fixed] step 35200/50000 lr=4.42e-05 d=0.2961 pixel=0.0844 perceptual=1.3271 adv=0.1953 g_total=1.6069 1.33 it/s
[x1024/random_fixed] step 35300/50000 lr=4.36e-05 d=0.2881 pixel=0.0909 perceptual=1.2976 adv=0.2179 g_total=1.6065 1.33 it/s
[x1024/random_fixed] step 35400/50000 lr=4.32e-05 d=0.1905 pixel=0.1097 perceptual=1.5294 adv=0.2134 g_total=1.8525 1.33 it/s
[x1024/random_fixed] step 35500/50000 lr=4.27e-05 d=0.2092 pixel=0.1020 perceptual=1.3885 adv=0.1951 g_total=1.6856 1.33 it/s
[x1024/random_fixed] step 35600/50000 lr=4.22e-05 d=0.2536 pixel=0.1063 perceptual=1.4962 adv=0.2045 g_total=1.8070 1.33 it/s
[x1024/random_fixed] step 35700/50000 lr=4.17e-05 d=0.2494 pixel=0.0899 perceptual=1.2853 adv=0.2153 g_total=1.5905 1.33 it/s
[x1024/random_fixed] step 35800/50000 lr=4.12e-05 d=0.2460 pixel=0.0833 perceptual=1.2180 adv=0.2130 g_total=1.5143 1.33 it/s
[x1024/random_fixed] step 35900/50000 lr=4.07e-05 d=0.3571 pixel=0.1008 perceptual=1.4083 adv=0.1942 g_total=1.7033 1.33 it/s
[x1024/random_fixed] step 36000/50000 lr=4.02e-05 d=0.2922 pixel=0.0828 perceptual=1.2256 adv=0.2080 g_total=1.5163 1.33 it/s
[x1024/random_fixed] step 36000 VAL ref_ssim=0.6321 (base 0.6194) ref_mse=0.043955 (base 0.036734) best_ssim=0.6598@6000
[x1024/random_fixed] step 36100/50000 lr=3.97e-05 d=0.2976 pixel=0.1034 perceptual=1.4938 adv=0.1999 g_total=1.7970 1.33 it/s
[x1024/random_fixed] step 36200/50000 lr=3.93e-05 d=0.3615 pixel=0.0845 perceptual=1.2043 adv=0.2015 g_total=1.4903 1.33 it/s
[x1024/random_fixed] step 36300/50000 lr=3.88e-05 d=0.2559 pixel=0.1145 perceptual=1.5031 adv=0.2013 g_total=1.8190 1.33 it/s
[x1024/random_fixed] step 36400/50000 lr=3.83e-05 d=0.1491 pixel=0.0997 perceptual=1.4427 adv=0.2106 g_total=1.7530 1.33 it/s
[x1024/random_fixed] step 36500/50000 lr=3.78e-05 d=0.2317 pixel=0.0993 perceptual=1.4210 adv=0.2200 g_total=1.7404 1.33 it/s
[x1024/random_fixed] step 36600/50000 lr=3.74e-05 d=0.2018 pixel=0.1011 perceptual=1.4594 adv=0.2059 g_total=1.7663 1.34 it/s
[x1024/random_fixed] step 36700/50000 lr=3.69e-05 d=0.3949 pixel=0.0770 perceptual=1.1813 adv=0.2180 g_total=1.4764 1.34 it/s
[x1024/random_fixed] step 36800/50000 lr=3.64e-05 d=0.3215 pixel=0.0810 perceptual=1.2149 adv=0.2066 g_total=1.5026 1.34 it/s
[x1024/random_fixed] step 36900/50000 lr=3.60e-05 d=0.1430 pixel=0.1261 perceptual=1.6139 adv=0.2067 g_total=1.9467 1.34 it/s
[x1024/random_fixed] step 37000/50000 lr=3.55e-05 d=0.1918 pixel=0.0907 perceptual=1.3532 adv=0.2021 g_total=1.6459 1.34 it/s
[x1024/random_fixed] step 37000 VAL ref_ssim=0.6409 (base 0.6194) ref_mse=0.043989 (base 0.036734) best_ssim=0.6598@6000
[x1024/random_fixed] step 37100/50000 lr=3.51e-05 d=0.2169 pixel=0.0940 perceptual=1.3682 adv=0.2107 g_total=1.6730 1.34 it/s
[x1024/random_fixed] step 37200/50000 lr=3.46e-05 d=0.2052 pixel=0.0947 perceptual=1.3377 adv=0.2231 g_total=1.6555 1.34 it/s
[x1024/random_fixed] step 37300/50000 lr=3.42e-05 d=0.3237 pixel=0.0906 perceptual=1.3119 adv=0.2192 g_total=1.6216 1.34 it/s
[x1024/random_fixed] step 37400/50000 lr=3.37e-05 d=0.1659 pixel=0.0988 perceptual=1.5159 adv=0.2156 g_total=1.8303 1.34 it/s
[x1024/random_fixed] step 37500/50000 lr=3.33e-05 d=0.2371 pixel=0.0877 perceptual=1.3115 adv=0.2147 g_total=1.6139 1.34 it/s
[x1024/random_fixed] step 37600/50000 lr=3.28e-05 d=0.2595 pixel=0.1190 perceptual=1.5296 adv=0.1962 g_total=1.8448 1.34 it/s
[x1024/random_fixed] step 37700/50000 lr=3.24e-05 d=0.2912 pixel=0.1022 perceptual=1.3564 adv=0.2143 g_total=1.6729 1.34 it/s
[x1024/random_fixed] step 37800/50000 lr=3.19e-05 d=0.2269 pixel=0.0998 perceptual=1.3924 adv=0.2087 g_total=1.7009 1.34 it/s
[x1024/random_fixed] step 37900/50000 lr=3.15e-05 d=0.2752 pixel=0.0983 perceptual=1.3803 adv=0.1893 g_total=1.6678 1.34 it/s
[x1024/random_fixed] step 38000/50000 lr=3.11e-05 d=0.2661 pixel=0.1066 perceptual=1.3780 adv=0.2113 g_total=1.6959 1.34 it/s
[x1024/random_fixed] step 38000 VAL ref_ssim=0.5840 (base 0.6194) ref_mse=0.045413 (base 0.036734) best_ssim=0.6598@6000
[x1024/random_fixed] step 38100/50000 lr=3.07e-05 d=0.2964 pixel=0.0907 perceptual=1.3272 adv=0.2132 g_total=1.6310 1.34 it/s
[x1024/random_fixed] step 38200/50000 lr=3.02e-05 d=0.1886 pixel=0.0993 perceptual=1.4004 adv=0.2095 g_total=1.7092 1.34 it/s
[x1024/random_fixed] step 38300/50000 lr=2.98e-05 d=0.2777 pixel=0.0798 perceptual=1.1952 adv=0.2234 g_total=1.4985 1.34 it/s
[x1024/random_fixed] step 38400/50000 lr=2.94e-05 d=0.2287 pixel=0.0911 perceptual=1.3827 adv=0.2017 g_total=1.6755 1.35 it/s
[x1024/random_fixed] step 38500/50000 lr=2.90e-05 d=0.1751 pixel=0.1104 perceptual=1.4178 adv=0.2191 g_total=1.7473 1.35 it/s
[x1024/random_fixed] step 38600/50000 lr=2.86e-05 d=0.2034 pixel=0.0836 perceptual=1.3457 adv=0.2006 g_total=1.6299 1.35 it/s
[x1024/random_fixed] step 38700/50000 lr=2.81e-05 d=0.2303 pixel=0.1006 perceptual=1.4798 adv=0.1918 g_total=1.7722 1.35 it/s
[x1024/random_fixed] step 38800/50000 lr=2.77e-05 d=0.1817 pixel=0.1044 perceptual=1.4862 adv=0.2008 g_total=1.7913 1.35 it/s
[x1024/random_fixed] step 38900/50000 lr=2.73e-05 d=0.2435 pixel=0.0930 perceptual=1.2894 adv=0.2264 g_total=1.6088 1.35 it/s
[x1024/random_fixed] step 39000/50000 lr=2.69e-05 d=0.3883 pixel=0.0895 perceptual=1.2386 adv=0.2002 g_total=1.5283 1.35 it/s
[x1024/random_fixed] step 39000 VAL ref_ssim=0.6018 (base 0.6194) ref_mse=0.045072 (base 0.036734) best_ssim=0.6598@6000
[x1024/random_fixed] step 39100/50000 lr=2.65e-05 d=0.2566 pixel=0.0950 perceptual=1.4219 adv=0.2104 g_total=1.7274 1.35 it/s
[x1024/random_fixed] step 39200/50000 lr=2.61e-05 d=0.1641 pixel=0.1007 perceptual=1.4812 adv=0.2218 g_total=1.8036 1.35 it/s
[x1024/random_fixed] step 39300/50000 lr=2.57e-05 d=0.2258 pixel=0.1080 perceptual=1.4343 adv=0.1964 g_total=1.7387 1.35 it/s
[x1024/random_fixed] step 39400/50000 lr=2.54e-05 d=0.2482 pixel=0.0829 perceptual=1.2822 adv=0.2180 g_total=1.5830 1.35 it/s
[x1024/random_fixed] step 39500/50000 lr=2.50e-05 d=0.2836 pixel=0.0958 perceptual=1.3421 adv=0.2101 g_total=1.6480 1.35 it/s
[x1024/random_fixed] step 39600/50000 lr=2.46e-05 d=0.2181 pixel=0.1010 perceptual=1.4511 adv=0.2017 g_total=1.7538 1.35 it/s
[x1024/random_fixed] step 39700/50000 lr=2.42e-05 d=0.2453 pixel=0.0906 perceptual=1.2975 adv=0.2077 g_total=1.5958 1.35 it/s
[x1024/random_fixed] step 39800/50000 lr=2.38e-05 d=0.1903 pixel=0.1020 perceptual=1.5063 adv=0.2162 g_total=1.8244 1.35 it/s
[x1024/random_fixed] step 39900/50000 lr=2.35e-05 d=0.3324 pixel=0.0828 perceptual=1.2193 adv=0.2043 g_total=1.5064 1.35 it/s
[x1024/random_fixed] step 40000/50000 lr=2.31e-05 d=0.2838 pixel=0.1053 perceptual=1.3896 adv=0.2188 g_total=1.7137 1.35 it/s
[x1024/random_fixed] step 40000 VAL ref_ssim=0.5902 (base 0.6194) ref_mse=0.045316 (base 0.036734) best_ssim=0.6598@6000
[x1024/random_fixed] step 40100/50000 lr=2.27e-05 d=0.2238 pixel=0.1134 perceptual=1.5665 adv=0.1950 g_total=1.8749 1.35 it/s
[x1024/random_fixed] step 40200/50000 lr=2.24e-05 d=0.1806 pixel=0.0974 perceptual=1.4195 adv=0.2189 g_total=1.7358 1.35 it/s
[x1024/random_fixed] step 40300/50000 lr=2.20e-05 d=0.2236 pixel=0.0988 perceptual=1.4111 adv=0.2149 g_total=1.7248 1.36 it/s
[x1024/random_fixed] step 40400/50000 lr=2.16e-05 d=0.2108 pixel=0.0963 perceptual=1.3869 adv=0.2184 g_total=1.7016 1.36 it/s
[x1024/random_fixed] step 40500/50000 lr=2.13e-05 d=0.2062 pixel=0.1023 perceptual=1.3995 adv=0.2212 g_total=1.7229 1.36 it/s
[x1024/random_fixed] step 40600/50000 lr=2.09e-05 d=0.1333 pixel=0.1126 perceptual=1.5208 adv=0.2095 g_total=1.8430 1.36 it/s
[x1024/random_fixed] step 40700/50000 lr=2.06e-05 d=0.2347 pixel=0.0932 perceptual=1.3132 adv=0.2139 g_total=1.6203 1.36 it/s
[x1024/random_fixed] step 40800/50000 lr=2.02e-05 d=0.2210 pixel=0.1054 perceptual=1.4373 adv=0.2157 g_total=1.7584 1.36 it/s
[x1024/random_fixed] step 40900/50000 lr=1.99e-05 d=0.2197 pixel=0.1042 perceptual=1.4903 adv=0.2018 g_total=1.7963 1.36 it/s
[x1024/random_fixed] step 41000/50000 lr=1.96e-05 d=0.1608 pixel=0.0987 perceptual=1.3858 adv=0.2237 g_total=1.7082 1.36 it/s
[x1024/random_fixed] step 41000 VAL ref_ssim=0.5953 (base 0.6194) ref_mse=0.045170 (base 0.036734) best_ssim=0.6598@6000
[x1024/random_fixed] step 41100/50000 lr=1.92e-05 d=0.2798 pixel=0.1053 perceptual=1.3882 adv=0.2199 g_total=1.7134 1.36 it/s
[x1024/random_fixed] step 41200/50000 lr=1.89e-05 d=0.2851 pixel=0.1026 perceptual=1.4571 adv=0.2207 g_total=1.7804 1.36 it/s
[x1024/random_fixed] step 41300/50000 lr=1.86e-05 d=0.2509 pixel=0.1018 perceptual=1.4167 adv=0.2205 g_total=1.7390 1.36 it/s
[x1024/random_fixed] step 41400/50000 lr=1.82e-05 d=0.3273 pixel=0.0980 perceptual=1.3235 adv=0.1952 g_total=1.6167 1.36 it/s
[x1024/random_fixed] step 41500/50000 lr=1.79e-05 d=0.2420 pixel=0.0951 perceptual=1.3369 adv=0.2185 g_total=1.6505 1.36 it/s
[x1024/random_fixed] step 41600/50000 lr=1.76e-05 d=0.2385 pixel=0.1158 perceptual=1.5009 adv=0.2084 g_total=1.8251 1.36 it/s
[x1024/random_fixed] step 41700/50000 lr=1.73e-05 d=0.2927 pixel=0.0862 perceptual=1.2778 adv=0.2115 g_total=1.5755 1.36 it/s
[x1024/random_fixed] step 41800/50000 lr=1.70e-05 d=0.1891 pixel=0.0930 perceptual=1.4538 adv=0.2098 g_total=1.7565 1.36 it/s
[x1024/random_fixed] step 41900/50000 lr=1.67e-05 d=0.1542 pixel=0.1070 perceptual=1.5076 adv=0.2171 g_total=1.8317 1.36 it/s
[x1024/random_fixed] step 42000/50000 lr=1.64e-05 d=0.3154 pixel=0.0911 perceptual=1.3258 adv=0.2112 g_total=1.6281 1.36 it/s
[x1024/random_fixed] step 42000 VAL ref_ssim=0.6384 (base 0.6194) ref_mse=0.044304 (base 0.036734) best_ssim=0.6598@6000
[x1024/random_fixed] step 42100/50000 lr=1.61e-05 d=0.2396 pixel=0.1071 perceptual=1.4257 adv=0.2055 g_total=1.7383 1.36 it/s
[x1024/random_fixed] step 42200/50000 lr=1.58e-05 d=0.2306 pixel=0.0861 perceptual=1.2883 adv=0.2091 g_total=1.5834 1.36 it/s
[x1024/random_fixed] step 42300/50000 lr=1.55e-05 d=0.2603 pixel=0.1064 perceptual=1.4392 adv=0.2124 g_total=1.7580 1.37 it/s
[x1024/random_fixed] step 42400/50000 lr=1.52e-05 d=0.2599 pixel=0.0941 perceptual=1.3681 adv=0.2130 g_total=1.6752 1.37 it/s
[x1024/random_fixed] step 42500/50000 lr=1.49e-05 d=0.2866 pixel=0.0909 perceptual=1.3119 adv=0.2139 g_total=1.6167 1.37 it/s
[x1024/random_fixed] step 42600/50000 lr=1.46e-05 d=0.2864 pixel=0.0759 perceptual=1.2560 adv=0.2229 g_total=1.5549 1.37 it/s
[x1024/random_fixed] step 42700/50000 lr=1.43e-05 d=0.2954 pixel=0.0955 perceptual=1.3132 adv=0.2264 g_total=1.6351 1.37 it/s
[x1024/random_fixed] step 42800/50000 lr=1.41e-05 d=0.2375 pixel=0.0891 perceptual=1.3488 adv=0.2204 g_total=1.6583 1.37 it/s
[x1024/random_fixed] step 42900/50000 lr=1.38e-05 d=0.2177 pixel=0.1029 perceptual=1.4873 adv=0.2181 g_total=1.8084 1.37 it/s
[x1024/random_fixed] step 43000/50000 lr=1.35e-05 d=0.3059 pixel=0.1018 perceptual=1.3154 adv=0.2119 g_total=1.6292 1.37 it/s
[x1024/random_fixed] step 43000 VAL ref_ssim=0.5826 (base 0.6194) ref_mse=0.045439 (base 0.036734) best_ssim=0.6598@6000
[x1024/random_fixed] step 43100/50000 lr=1.33e-05 d=0.2877 pixel=0.0862 perceptual=1.2716 adv=0.2137 g_total=1.5715 1.37 it/s
[x1024/random_fixed] step 43200/50000 lr=1.30e-05 d=0.2076 pixel=0.0976 perceptual=1.3050 adv=0.2212 g_total=1.6239 1.37 it/s
[x1024/random_fixed] step 43300/50000 lr=1.27e-05 d=0.2226 pixel=0.1006 perceptual=1.4219 adv=0.2084 g_total=1.7309 1.37 it/s
[x1024/random_fixed] step 43400/50000 lr=1.25e-05 d=0.2566 pixel=0.0837 perceptual=1.2747 adv=0.2168 g_total=1.5751 1.37 it/s
[x1024/random_fixed] step 43500/50000 lr=1.22e-05 d=0.2798 pixel=0.0833 perceptual=1.2810 adv=0.2097 g_total=1.5740 1.37 it/s
[x1024/random_fixed] step 43600/50000 lr=1.20e-05 d=0.3075 pixel=0.0827 perceptual=1.2844 adv=0.2168 g_total=1.5840 1.37 it/s
[x1024/random_fixed] step 43700/50000 lr=1.17e-05 d=0.3089 pixel=0.0761 perceptual=1.2022 adv=0.2151 g_total=1.4934 1.37 it/s
[x1024/random_fixed] step 43800/50000 lr=1.15e-05 d=0.1764 pixel=0.1051 perceptual=1.5174 adv=0.2097 g_total=1.8322 1.37 it/s
[x1024/random_fixed] step 43900/50000 lr=1.13e-05 d=0.2004 pixel=0.1130 perceptual=1.5607 adv=0.2027 g_total=1.8765 1.37 it/s
[x1024/random_fixed] step 44000/50000 lr=1.10e-05 d=0.3033 pixel=0.0850 perceptual=1.2770 adv=0.1995 g_total=1.5616 1.37 it/s
[x1024/random_fixed] step 44000 VAL ref_ssim=0.6296 (base 0.6194) ref_mse=0.044504 (base 0.036734) best_ssim=0.6598@6000
[x1024/random_fixed] step 44100/50000 lr=1.08e-05 d=0.2516 pixel=0.0910 perceptual=1.3347 adv=0.2148 g_total=1.6405 1.37 it/s
[x1024/random_fixed] step 44200/50000 lr=1.06e-05 d=0.2054 pixel=0.0965 perceptual=1.3185 adv=0.2179 g_total=1.6328 1.37 it/s
[x1024/random_fixed] step 44300/50000 lr=1.03e-05 d=0.1880 pixel=0.0990 perceptual=1.4578 adv=0.2068 g_total=1.7636 1.37 it/s
[x1024/random_fixed] step 44400/50000 lr=1.01e-05 d=0.2606 pixel=0.1021 perceptual=1.3614 adv=0.1966 g_total=1.6601 1.37 it/s
[x1024/random_fixed] step 44500/50000 lr=9.91e-06 d=0.3829 pixel=0.0772 perceptual=1.2261 adv=0.2068 g_total=1.5101 1.37 it/s
[x1024/random_fixed] step 44600/50000 lr=9.70e-06 d=0.2843 pixel=0.0759 perceptual=1.1401 adv=0.2087 g_total=1.4247 1.38 it/s
[x1024/random_fixed] step 44700/50000 lr=9.49e-06 d=0.1362 pixel=0.1010 perceptual=1.4785 adv=0.2108 g_total=1.7903 1.38 it/s
[x1024/random_fixed] step 44800/50000 lr=9.29e-06 d=0.2150 pixel=0.0920 perceptual=1.3572 adv=0.2002 g_total=1.6493 1.38 it/s
[x1024/random_fixed] step 44900/50000 lr=9.09e-06 d=0.2390 pixel=0.1116 perceptual=1.4852 adv=0.2140 g_total=1.8107 1.38 it/s
[x1024/random_fixed] step 45000/50000 lr=8.89e-06 d=0.2206 pixel=0.1044 perceptual=1.3865 adv=0.1960 g_total=1.6869 1.38 it/s
[x1024/random_fixed] step 45000 VAL ref_ssim=0.5823 (base 0.6194) ref_mse=0.045367 (base 0.036734) best_ssim=0.6598@6000
[x1024/random_fixed] step 45100/50000 lr=8.70e-06 d=0.1808 pixel=0.1130 perceptual=1.5026 adv=0.2008 g_total=1.8164 1.38 it/s
[x1024/random_fixed] step 45200/50000 lr=8.51e-06 d=0.2406 pixel=0.1015 perceptual=1.3936 adv=0.2009 g_total=1.6960 1.38 it/s
[x1024/random_fixed] step 45300/50000 lr=8.33e-06 d=0.1914 pixel=0.0971 perceptual=1.3491 adv=0.2182 g_total=1.6644 1.38 it/s
[x1024/random_fixed] step 45400/50000 lr=8.15e-06 d=0.2384 pixel=0.0877 perceptual=1.3404 adv=0.2117 g_total=1.6398 1.38 it/s
[x1024/random_fixed] step 45500/50000 lr=7.97e-06 d=0.1785 pixel=0.0929 perceptual=1.3614 adv=0.2157 g_total=1.6701 1.38 it/s
[x1024/random_fixed] step 45600/50000 lr=7.80e-06 d=0.3880 pixel=0.0802 perceptual=1.1894 adv=0.2200 g_total=1.4896 1.38 it/s
[x1024/random_fixed] step 45700/50000 lr=7.63e-06 d=0.2912 pixel=0.0979 perceptual=1.3344 adv=0.2177 g_total=1.6500 1.38 it/s
[x1024/random_fixed] step 45800/50000 lr=7.46e-06 d=0.3691 pixel=0.1069 perceptual=1.4496 adv=0.1889 g_total=1.7455 1.38 it/s
[x1024/random_fixed] step 45900/50000 lr=7.30e-06 d=0.2504 pixel=0.0882 perceptual=1.2791 adv=0.2021 g_total=1.5694 1.38 it/s
[x1024/random_fixed] step 46000/50000 lr=7.14e-06 d=0.1660 pixel=0.1048 perceptual=1.5213 adv=0.2139 g_total=1.8400 1.38 it/s
[x1024/random_fixed] step 46000 VAL ref_ssim=0.6282 (base 0.6194) ref_mse=0.044565 (base 0.036734) best_ssim=0.6598@6000
[x1024/random_fixed] step 46100/50000 lr=6.99e-06 d=0.1988 pixel=0.0997 perceptual=1.4047 adv=0.2014 g_total=1.7058 1.38 it/s
[x1024/random_fixed] step 46200/50000 lr=6.84e-06 d=0.2097 pixel=0.0947 perceptual=1.3636 adv=0.2180 g_total=1.6763 1.38 it/s
[x1024/random_fixed] step 46300/50000 lr=6.69e-06 d=0.0976 pixel=0.1038 perceptual=1.5056 adv=0.2200 g_total=1.8294 1.38 it/s
[x1024/random_fixed] step 46400/50000 lr=6.55e-06 d=0.2923 pixel=0.0817 perceptual=1.2593 adv=0.2181 g_total=1.5592 1.38 it/s
[x1024/random_fixed] step 46500/50000 lr=6.41e-06 d=0.2162 pixel=0.0998 perceptual=1.3731 adv=0.2205 g_total=1.6934 1.38 it/s
[x1024/random_fixed] step 46600/50000 lr=6.27e-06 d=0.4529 pixel=0.0914 perceptual=1.2552 adv=0.1824 g_total=1.5290 1.38 it/s
[x1024/random_fixed] step 46700/50000 lr=6.14e-06 d=0.2206 pixel=0.1109 perceptual=1.5447 adv=0.1982 g_total=1.8539 1.38 it/s
[x1024/random_fixed] step 46800/50000 lr=6.02e-06 d=0.2020 pixel=0.0982 perceptual=1.3854 adv=0.2155 g_total=1.6991 1.38 it/s
[x1024/random_fixed] step 46900/50000 lr=5.89e-06 d=0.1292 pixel=0.1078 perceptual=1.4693 adv=0.2309 g_total=1.8080 1.38 it/s
[x1024/random_fixed] step 47000/50000 lr=5.77e-06 d=0.2353 pixel=0.0875 perceptual=1.3524 adv=0.2349 g_total=1.6748 1.38 it/s
[x1024/random_fixed] step 47000 VAL ref_ssim=0.6086 (base 0.6194) ref_mse=0.045023 (base 0.036734) best_ssim=0.6598@6000
[x1024/random_fixed] step 47100/50000 lr=5.66e-06 d=0.2125 pixel=0.1014 perceptual=1.4431 adv=0.2130 g_total=1.7576 1.38 it/s
[x1024/random_fixed] step 47200/50000 lr=5.54e-06 d=0.2924 pixel=0.0879 perceptual=1.2476 adv=0.2350 g_total=1.5705 1.39 it/s
[x1024/random_fixed] step 47300/50000 lr=5.44e-06 d=0.1830 pixel=0.1046 perceptual=1.4942 adv=0.2051 g_total=1.8038 1.39 it/s
[x1024/random_fixed] step 47400/50000 lr=5.33e-06 d=0.2538 pixel=0.0870 perceptual=1.3260 adv=0.2154 g_total=1.6283 1.39 it/s
[x1024/random_fixed] step 47500/50000 lr=5.23e-06 d=0.2000 pixel=0.0928 perceptual=1.3843 adv=0.2255 g_total=1.7026 1.39 it/s
[x1024/random_fixed] step 47600/50000 lr=5.14e-06 d=0.2338 pixel=0.0896 perceptual=1.3040 adv=0.2260 g_total=1.6196 1.39 it/s
[x1024/random_fixed] step 47700/50000 lr=5.04e-06 d=0.1949 pixel=0.0928 perceptual=1.3450 adv=0.2078 g_total=1.6456 1.39 it/s
[x1024/random_fixed] step 47800/50000 lr=4.95e-06 d=0.2964 pixel=0.1039 perceptual=1.4131 adv=0.2038 g_total=1.7207 1.39 it/s
[x1024/random_fixed] step 47900/50000 lr=4.87e-06 d=0.2294 pixel=0.1073 perceptual=1.4241 adv=0.2180 g_total=1.7494 1.39 it/s
[x1024/random_fixed] step 48000/50000 lr=4.79e-06 d=0.2665 pixel=0.0990 perceptual=1.4580 adv=0.2096 g_total=1.7666 1.39 it/s
[x1024/random_fixed] step 48000 VAL ref_ssim=0.6209 (base 0.6194) ref_mse=0.044801 (base 0.036734) best_ssim=0.6598@6000
[x1024/random_fixed] step 48100/50000 lr=4.71e-06 d=0.2472 pixel=0.1062 perceptual=1.3184 adv=0.2011 g_total=1.6257 1.39 it/s
[x1024/random_fixed] step 48200/50000 lr=4.64e-06 d=0.2183 pixel=0.1015 perceptual=1.4122 adv=0.2061 g_total=1.7198 1.39 it/s
[x1024/random_fixed] step 48300/50000 lr=4.57e-06 d=0.2486 pixel=0.1097 perceptual=1.4614 adv=0.2224 g_total=1.7935 1.39 it/s
[x1024/random_fixed] step 48400/50000 lr=4.51e-06 d=0.2069 pixel=0.1041 perceptual=1.4511 adv=0.2153 g_total=1.7705 1.39 it/s
[x1024/random_fixed] step 48500/50000 lr=4.44e-06 d=0.3318 pixel=0.1077 perceptual=1.4113 adv=0.1961 g_total=1.7151 1.39 it/s
[x1024/random_fixed] step 48600/50000 lr=4.39e-06 d=0.2030 pixel=0.1070 perceptual=1.4781 adv=0.2068 g_total=1.7919 1.39 it/s
[x1024/random_fixed] step 48700/50000 lr=4.33e-06 d=0.1852 pixel=0.1046 perceptual=1.4932 adv=0.2190 g_total=1.8168 1.39 it/s
[x1024/random_fixed] step 48800/50000 lr=4.28e-06 d=0.3183 pixel=0.1237 perceptual=1.6695 adv=0.1727 g_total=1.9659 1.39 it/s
[x1024/random_fixed] step 48900/50000 lr=4.24e-06 d=0.2634 pixel=0.0958 perceptual=1.2675 adv=0.2162 g_total=1.5795 1.39 it/s
[x1024/random_fixed] step 49000/50000 lr=4.20e-06 d=0.2227 pixel=0.0886 perceptual=1.3199 adv=0.2220 g_total=1.6305 1.39 it/s
[x1024/random_fixed] step 49000 VAL ref_ssim=0.5816 (base 0.6194) ref_mse=0.045531 (base 0.036734) best_ssim=0.6598@6000
[x1024/random_fixed] step 49100/50000 lr=4.16e-06 d=0.1828 pixel=0.0987 perceptual=1.4237 adv=0.2133 g_total=1.7357 1.39 it/s
[x1024/random_fixed] step 49200/50000 lr=4.13e-06 d=0.1899 pixel=0.0886 perceptual=1.3557 adv=0.2300 g_total=1.6743 1.39 it/s
[x1024/random_fixed] step 49300/50000 lr=4.10e-06 d=0.2158 pixel=0.0958 perceptual=1.3593 adv=0.2256 g_total=1.6807 1.39 it/s
[x1024/random_fixed] step 49400/50000 lr=4.07e-06 d=0.3025 pixel=0.1054 perceptual=1.3882 adv=0.2164 g_total=1.7100 1.39 it/s
[x1024/random_fixed] step 49500/50000 lr=4.05e-06 d=0.2733 pixel=0.1008 perceptual=1.3717 adv=0.2079 g_total=1.6804 1.39 it/s
[x1024/random_fixed] step 49600/50000 lr=4.03e-06 d=0.2679 pixel=0.0938 perceptual=1.3881 adv=0.2110 g_total=1.6928 1.39 it/s
[x1024/random_fixed] step 49700/50000 lr=4.02e-06 d=0.3093 pixel=0.0946 perceptual=1.3514 adv=0.2242 g_total=1.6702 1.39 it/s
[x1024/random_fixed] step 49800/50000 lr=4.01e-06 d=0.2009 pixel=0.1014 perceptual=1.4126 adv=0.2120 g_total=1.7260 1.39 it/s
[x1024/random_fixed] step 49900/50000 lr=4.00e-06 d=0.2623 pixel=0.0910 perceptual=1.3500 adv=0.2116 g_total=1.6525 1.40 it/s
[x1024/random_fixed] step 50000/50000 lr=4.00e-06 d=0.4928 pixel=0.0778 perceptual=1.1573 adv=0.2194 g_total=1.4545 1.40 it/s
[x1024/random_fixed] step 50000 VAL ref_ssim=0.5860 (base 0.6194) ref_mse=0.045425 (base 0.036734) best_ssim=0.6598@6000
[x1024/random_fixed] DONE test base->ref  SSIM 0.5954->0.6400 (++0.0446) | MSE 0.038980->0.045800 (+0.006820) | 597.5 min
