[x1024/learnable_frequency] loading frozen base ...
[x1024/learnable_frequency] building caches (frozen base forward) ...
[x1024/learnable_frequency] cache: train=7920 val=40 test=60 (60s)
/home/leonidas/workspace/differentiable_micoscopy_replication/microscopy-clean/.venv/lib/python3.12/site-packages/timm/models/layers/__init__.py:49: FutureWarning: Importing from timm.models.layers is deprecated, please import via timm.layers
  warnings.warn(f"Importing from {__name__} is deprecated, please import via timm.layers", FutureWarning)
/home/leonidas/workspace/differentiable_micoscopy_replication/microscopy-clean/.venv/lib/python3.12/site-packages/torch/functional.py:505: UserWarning: torch.meshgrid: in an upcoming release, it will be required to pass the indexing argument. (Triggered internally at /pytorch/aten/src/ATen/native/TensorShape.cpp:4381.)
  return _VF.meshgrid(tensors, **kwargs)  # type: ignore[attr-defined]
[x1024/learnable_frequency] SwinIR params=11.50M embed_dim=180 depths=[6, 6, 6, 6, 6, 6] identity_init=True
[x1024/learnable_frequency] base val: ssim=0.6646 mse=0.024175
[x1024/learnable_frequency] step 100/50000 lr=4.00e-05 d=0.4881 pixel=0.0804 perceptual=1.4883 adv=0.0666 g_total=1.6353 1.62 it/s
[x1024/learnable_frequency] step 200/50000 lr=8.00e-05 d=0.4482 pixel=0.0799 perceptual=1.5568 adv=0.0717 g_total=1.7084 1.61 it/s
[x1024/learnable_frequency] step 300/50000 lr=1.20e-04 d=0.4900 pixel=0.0821 perceptual=1.5541 adv=0.0720 g_total=1.7082 1.62 it/s
[x1024/learnable_frequency] step 400/50000 lr=1.60e-04 d=0.4335 pixel=0.0732 perceptual=1.3972 adv=0.1031 g_total=1.5735 1.62 it/s
[x1024/learnable_frequency] step 500/50000 lr=2.00e-04 d=0.5135 pixel=0.0828 perceptual=1.5616 adv=0.0838 g_total=1.7282 1.62 it/s
[x1024/learnable_frequency] step 600/50000 lr=2.00e-04 d=0.4773 pixel=0.0926 perceptual=1.6162 adv=0.0952 g_total=1.8039 1.62 it/s
[x1024/learnable_frequency] step 700/50000 lr=2.00e-04 d=0.5468 pixel=0.0774 perceptual=1.4795 adv=0.0939 g_total=1.6508 1.62 it/s
[x1024/learnable_frequency] step 800/50000 lr=2.00e-04 d=0.6558 pixel=0.0838 perceptual=1.4385 adv=0.0974 g_total=1.6197 1.62 it/s
[x1024/learnable_frequency] step 900/50000 lr=2.00e-04 d=0.5652 pixel=0.0933 perceptual=1.5657 adv=0.0931 g_total=1.7521 1.62 it/s
[x1024/learnable_frequency] step 1000/50000 lr=2.00e-04 d=0.5830 pixel=0.0678 perceptual=1.3209 adv=0.1329 g_total=1.5216 1.62 it/s
[x1024/learnable_frequency] step 1000 VAL ref_ssim=0.6347 (base 0.6646) ref_mse=0.033160 (base 0.024175) best_ssim=0.6347@1000 *
[x1024/learnable_frequency] step 1100/50000 lr=2.00e-04 d=0.6324 pixel=0.0625 perceptual=1.2465 adv=0.1047 g_total=1.4137 1.60 it/s
[x1024/learnable_frequency] step 1200/50000 lr=2.00e-04 d=0.5782 pixel=0.0840 perceptual=1.5830 adv=0.1035 g_total=1.7706 1.60 it/s
[x1024/learnable_frequency] step 1300/50000 lr=2.00e-04 d=0.5269 pixel=0.0815 perceptual=1.4350 adv=0.1269 g_total=1.6434 1.60 it/s
[x1024/learnable_frequency] step 1400/50000 lr=2.00e-04 d=0.4871 pixel=0.0803 perceptual=1.4766 adv=0.1344 g_total=1.6913 1.60 it/s
[x1024/learnable_frequency] step 1500/50000 lr=2.00e-04 d=0.6606 pixel=0.0765 perceptual=1.3887 adv=0.1102 g_total=1.5753 1.60 it/s
[x1024/learnable_frequency] step 1600/50000 lr=2.00e-04 d=0.5311 pixel=0.0706 perceptual=1.2815 adv=0.1239 g_total=1.4759 1.61 it/s
[x1024/learnable_frequency] step 1700/50000 lr=2.00e-04 d=0.8220 pixel=0.0711 perceptual=1.3713 adv=0.0786 g_total=1.5210 1.61 it/s
[x1024/learnable_frequency] step 1800/50000 lr=2.00e-04 d=0.5476 pixel=0.0776 perceptual=1.3997 adv=0.1090 g_total=1.5863 1.61 it/s
[x1024/learnable_frequency] step 1900/50000 lr=2.00e-04 d=0.5098 pixel=0.0853 perceptual=1.2970 adv=0.1326 g_total=1.5149 1.61 it/s
[x1024/learnable_frequency] step 2000/50000 lr=2.00e-04 d=0.5196 pixel=0.0661 perceptual=1.3049 adv=0.1242 g_total=1.4952 1.61 it/s
[x1024/learnable_frequency] step 2000 VAL ref_ssim=0.6856 (base 0.6646) ref_mse=0.028477 (base 0.024175) best_ssim=0.6856@2000 *
[x1024/learnable_frequency] step 2100/50000 lr=1.99e-04 d=0.4542 pixel=0.0889 perceptual=1.4114 adv=0.1197 g_total=1.6199 1.60 it/s
[x1024/learnable_frequency] step 2200/50000 lr=1.99e-04 d=0.4574 pixel=0.0773 perceptual=1.4093 adv=0.1252 g_total=1.6118 1.60 it/s
[x1024/learnable_frequency] step 2300/50000 lr=1.99e-04 d=0.4883 pixel=0.0795 perceptual=1.3907 adv=0.1040 g_total=1.5741 1.60 it/s
[x1024/learnable_frequency] step 2400/50000 lr=1.99e-04 d=0.4630 pixel=0.0866 perceptual=1.4950 adv=0.1181 g_total=1.6997 1.60 it/s
[x1024/learnable_frequency] step 2500/50000 lr=1.99e-04 d=0.4525 pixel=0.0873 perceptual=1.4551 adv=0.1173 g_total=1.6596 1.60 it/s
[x1024/learnable_frequency] step 2600/50000 lr=1.99e-04 d=0.4738 pixel=0.0829 perceptual=1.4707 adv=0.1062 g_total=1.6598 1.60 it/s
[x1024/learnable_frequency] step 2700/50000 lr=1.99e-04 d=0.4675 pixel=0.0851 perceptual=1.4811 adv=0.1154 g_total=1.6816 1.60 it/s
[x1024/learnable_frequency] step 2800/50000 lr=1.99e-04 d=0.5268 pixel=0.0865 perceptual=1.4065 adv=0.1166 g_total=1.6096 1.60 it/s
[x1024/learnable_frequency] step 2900/50000 lr=1.99e-04 d=0.5319 pixel=0.0813 perceptual=1.4193 adv=0.1256 g_total=1.6261 1.60 it/s
[x1024/learnable_frequency] step 3000/50000 lr=1.99e-04 d=0.5032 pixel=0.0801 perceptual=1.4836 adv=0.1063 g_total=1.6699 1.60 it/s
[x1024/learnable_frequency] step 3000 VAL ref_ssim=0.6900 (base 0.6646) ref_mse=0.027583 (base 0.024175) best_ssim=0.6900@3000 *
[x1024/learnable_frequency] step 3100/50000 lr=1.99e-04 d=0.5677 pixel=0.0791 perceptual=1.3607 adv=0.1183 g_total=1.5581 1.60 it/s
[x1024/learnable_frequency] step 3200/50000 lr=1.99e-04 d=0.6118 pixel=0.0863 perceptual=1.4389 adv=0.0969 g_total=1.6221 1.60 it/s
[x1024/learnable_frequency] step 3300/50000 lr=1.98e-04 d=0.6423 pixel=0.0731 perceptual=1.3321 adv=0.0885 g_total=1.4937 1.60 it/s
[x1024/learnable_frequency] step 3400/50000 lr=1.98e-04 d=0.4814 pixel=0.0763 perceptual=1.3044 adv=0.1412 g_total=1.5219 1.60 it/s
[x1024/learnable_frequency] step 3500/50000 lr=1.98e-04 d=0.6062 pixel=0.0861 perceptual=1.5119 adv=0.1084 g_total=1.7064 1.60 it/s
[x1024/learnable_frequency] step 3600/50000 lr=1.98e-04 d=0.3780 pixel=0.0937 perceptual=1.4657 adv=0.1347 g_total=1.6941 1.60 it/s
[x1024/learnable_frequency] step 3700/50000 lr=1.98e-04 d=0.5036 pixel=0.0878 perceptual=1.4815 adv=0.1281 g_total=1.6974 1.60 it/s
[x1024/learnable_frequency] step 3800/50000 lr=1.98e-04 d=0.4635 pixel=0.0891 perceptual=1.6618 adv=0.0980 g_total=1.8489 1.60 it/s
[x1024/learnable_frequency] step 3900/50000 lr=1.98e-04 d=0.4373 pixel=0.0844 perceptual=1.5072 adv=0.1095 g_total=1.7011 1.60 it/s
[x1024/learnable_frequency] step 4000/50000 lr=1.98e-04 d=0.5412 pixel=0.0793 perceptual=1.3726 adv=0.1175 g_total=1.5693 1.60 it/s
[x1024/learnable_frequency] step 4000 VAL ref_ssim=0.6817 (base 0.6646) ref_mse=0.027787 (base 0.024175) best_ssim=0.6900@3000
[x1024/learnable_frequency] step 4100/50000 lr=1.97e-04 d=0.4589 pixel=0.0666 perceptual=1.2948 adv=0.1175 g_total=1.4789 1.60 it/s
[x1024/learnable_frequency] step 4200/50000 lr=1.97e-04 d=0.4111 pixel=0.0892 perceptual=1.4525 adv=0.1239 g_total=1.6657 1.60 it/s
[x1024/learnable_frequency] step 4300/50000 lr=1.97e-04 d=0.5125 pixel=0.0915 perceptual=1.4849 adv=0.0970 g_total=1.6735 1.60 it/s
[x1024/learnable_frequency] step 4400/50000 lr=1.97e-04 d=0.5128 pixel=0.0770 perceptual=1.3964 adv=0.1141 g_total=1.5875 1.60 it/s
[x1024/learnable_frequency] step 4500/50000 lr=1.97e-04 d=0.5136 pixel=0.0859 perceptual=1.4760 adv=0.1071 g_total=1.6690 1.60 it/s
[x1024/learnable_frequency] step 4600/50000 lr=1.97e-04 d=0.5016 pixel=0.0776 perceptual=1.3606 adv=0.1076 g_total=1.5458 1.60 it/s
[x1024/learnable_frequency] step 4700/50000 lr=1.97e-04 d=0.4302 pixel=0.0932 perceptual=1.5861 adv=0.1217 g_total=1.8010 1.60 it/s
[x1024/learnable_frequency] step 4800/50000 lr=1.96e-04 d=0.3240 pixel=0.0913 perceptual=1.5130 adv=0.1424 g_total=1.7467 1.60 it/s
[x1024/learnable_frequency] step 4900/50000 lr=1.96e-04 d=0.5818 pixel=0.0728 perceptual=1.3367 adv=0.0991 g_total=1.5086 1.60 it/s
[x1024/learnable_frequency] step 5000/50000 lr=1.96e-04 d=0.4770 pixel=0.0839 perceptual=1.4190 adv=0.1225 g_total=1.6254 1.60 it/s
[x1024/learnable_frequency] step 5000 VAL ref_ssim=0.6766 (base 0.6646) ref_mse=0.031940 (base 0.024175) best_ssim=0.6900@3000
[x1024/learnable_frequency] step 5100/50000 lr=1.96e-04 d=0.5020 pixel=0.0813 perceptual=1.3541 adv=0.1153 g_total=1.5507 1.60 it/s
[x1024/learnable_frequency] step 5200/50000 lr=1.96e-04 d=0.5794 pixel=0.0552 perceptual=1.0783 adv=0.1350 g_total=1.2686 1.60 it/s
[x1024/learnable_frequency] step 5300/50000 lr=1.95e-04 d=0.4449 pixel=0.0784 perceptual=1.4107 adv=0.1208 g_total=1.6100 1.60 it/s
[x1024/learnable_frequency] step 5400/50000 lr=1.95e-04 d=0.4107 pixel=0.0836 perceptual=1.4499 adv=0.1324 g_total=1.6659 1.60 it/s
[x1024/learnable_frequency] step 5500/50000 lr=1.95e-04 d=0.4330 pixel=0.0902 perceptual=1.5548 adv=0.1219 g_total=1.7670 1.60 it/s
[x1024/learnable_frequency] step 5600/50000 lr=1.95e-04 d=0.4851 pixel=0.0788 perceptual=1.3398 adv=0.1355 g_total=1.5542 1.60 it/s
[x1024/learnable_frequency] step 5700/50000 lr=1.95e-04 d=0.4953 pixel=0.0900 perceptual=1.5457 adv=0.1516 g_total=1.7873 1.60 it/s
[x1024/learnable_frequency] step 5800/50000 lr=1.95e-04 d=0.4722 pixel=0.0789 perceptual=1.4304 adv=0.1245 g_total=1.6338 1.60 it/s
[x1024/learnable_frequency] step 5900/50000 lr=1.94e-04 d=0.4021 pixel=0.0853 perceptual=1.3623 adv=0.1205 g_total=1.5682 1.60 it/s
[x1024/learnable_frequency] step 6000/50000 lr=1.94e-04 d=0.4451 pixel=0.0847 perceptual=1.4309 adv=0.1077 g_total=1.6233 1.60 it/s
[x1024/learnable_frequency] step 6000 VAL ref_ssim=0.6593 (base 0.6646) ref_mse=0.031737 (base 0.024175) best_ssim=0.6900@3000
[x1024/learnable_frequency] step 6100/50000 lr=1.94e-04 d=0.5079 pixel=0.0635 perceptual=1.1359 adv=0.1378 g_total=1.3372 1.60 it/s
[x1024/learnable_frequency] step 6200/50000 lr=1.94e-04 d=0.5503 pixel=0.0698 perceptual=1.2044 adv=0.1058 g_total=1.3800 1.60 it/s
[x1024/learnable_frequency] step 6300/50000 lr=1.93e-04 d=0.4569 pixel=0.0858 perceptual=1.4194 adv=0.1101 g_total=1.6153 1.60 it/s
[x1024/learnable_frequency] step 6400/50000 lr=1.93e-04 d=0.5241 pixel=0.0900 perceptual=1.5742 adv=0.1075 g_total=1.7717 1.60 it/s
[x1024/learnable_frequency] step 6500/50000 lr=1.93e-04 d=0.4519 pixel=0.0811 perceptual=1.4359 adv=0.1377 g_total=1.6547 1.60 it/s
[x1024/learnable_frequency] step 6600/50000 lr=1.93e-04 d=0.4561 pixel=0.0719 perceptual=1.3065 adv=0.1085 g_total=1.4868 1.60 it/s
[x1024/learnable_frequency] step 6700/50000 lr=1.93e-04 d=0.3560 pixel=0.0844 perceptual=1.4515 adv=0.1353 g_total=1.6712 1.60 it/s
[x1024/learnable_frequency] step 6800/50000 lr=1.92e-04 d=0.5195 pixel=0.0841 perceptual=1.4954 adv=0.1100 g_total=1.6896 1.60 it/s
[x1024/learnable_frequency] step 6900/50000 lr=1.92e-04 d=0.3816 pixel=0.0981 perceptual=1.5424 adv=0.1386 g_total=1.7791 1.60 it/s
[x1024/learnable_frequency] step 7000/50000 lr=1.92e-04 d=0.4170 pixel=0.0868 perceptual=1.4648 adv=0.1306 g_total=1.6822 1.60 it/s
[x1024/learnable_frequency] step 7000 VAL ref_ssim=0.6848 (base 0.6646) ref_mse=0.030802 (base 0.024175) best_ssim=0.6900@3000
[x1024/learnable_frequency] step 7100/50000 lr=1.92e-04 d=0.5158 pixel=0.0867 perceptual=1.3748 adv=0.1324 g_total=1.5938 1.60 it/s
[x1024/learnable_frequency] step 7200/50000 lr=1.91e-04 d=0.4897 pixel=0.0895 perceptual=1.5085 adv=0.1370 g_total=1.7351 1.60 it/s
[x1024/learnable_frequency] step 7300/50000 lr=1.91e-04 d=0.5471 pixel=0.0865 perceptual=1.4756 adv=0.1088 g_total=1.6709 1.60 it/s
[x1024/learnable_frequency] step 7400/50000 lr=1.91e-04 d=0.5825 pixel=0.0675 perceptual=1.2461 adv=0.1585 g_total=1.4721 1.60 it/s
[x1024/learnable_frequency] step 7500/50000 lr=1.90e-04 d=0.3954 pixel=0.0768 perceptual=1.3171 adv=0.1441 g_total=1.5380 1.60 it/s
[x1024/learnable_frequency] step 7600/50000 lr=1.90e-04 d=0.4607 pixel=0.0835 perceptual=1.4033 adv=0.1234 g_total=1.6102 1.60 it/s
[x1024/learnable_frequency] step 7700/50000 lr=1.90e-04 d=0.5048 pixel=0.0739 perceptual=1.2408 adv=0.1469 g_total=1.4616 1.60 it/s
[x1024/learnable_frequency] step 7800/50000 lr=1.90e-04 d=0.4706 pixel=0.0661 perceptual=1.2874 adv=0.1188 g_total=1.4723 1.60 it/s
[x1024/learnable_frequency] step 7900/50000 lr=1.89e-04 d=0.4330 pixel=0.0827 perceptual=1.4075 adv=0.1161 g_total=1.6062 1.60 it/s
[x1024/learnable_frequency] step 8000/50000 lr=1.89e-04 d=0.5645 pixel=0.0601 perceptual=1.0815 adv=0.1525 g_total=1.2941 1.60 it/s
[x1024/learnable_frequency] step 8000 VAL ref_ssim=0.6771 (base 0.6646) ref_mse=0.029714 (base 0.024175) best_ssim=0.6900@3000
[x1024/learnable_frequency] step 8100/50000 lr=1.89e-04 d=0.4831 pixel=0.0884 perceptual=1.3628 adv=0.1088 g_total=1.5600 1.59 it/s
[x1024/learnable_frequency] step 8200/50000 lr=1.89e-04 d=0.3634 pixel=0.0941 perceptual=1.5131 adv=0.1288 g_total=1.7359 1.60 it/s
[x1024/learnable_frequency] step 8300/50000 lr=1.88e-04 d=0.3875 pixel=0.0842 perceptual=1.3137 adv=0.1364 g_total=1.5343 1.60 it/s
[x1024/learnable_frequency] step 8400/50000 lr=1.88e-04 d=0.5270 pixel=0.0775 perceptual=1.4307 adv=0.1514 g_total=1.6597 1.60 it/s
[x1024/learnable_frequency] step 8500/50000 lr=1.88e-04 d=0.4316 pixel=0.0724 perceptual=1.3232 adv=0.1422 g_total=1.5379 1.60 it/s
[x1024/learnable_frequency] step 8600/50000 lr=1.87e-04 d=0.5169 pixel=0.0695 perceptual=1.2659 adv=0.1573 g_total=1.4926 1.60 it/s
[x1024/learnable_frequency] step 8700/50000 lr=1.87e-04 d=0.4577 pixel=0.0832 perceptual=1.3963 adv=0.1590 g_total=1.6385 1.60 it/s
[x1024/learnable_frequency] step 8800/50000 lr=1.87e-04 d=0.6470 pixel=0.0641 perceptual=1.0865 adv=0.1410 g_total=1.2915 1.60 it/s
[x1024/learnable_frequency] step 8900/50000 lr=1.86e-04 d=0.5370 pixel=0.0678 perceptual=1.2026 adv=0.1257 g_total=1.3961 1.60 it/s
[x1024/learnable_frequency] step 9000/50000 lr=1.86e-04 d=0.3533 pixel=0.0957 perceptual=1.5032 adv=0.1463 g_total=1.7452 1.60 it/s
[x1024/learnable_frequency] step 9000 VAL ref_ssim=0.6677 (base 0.6646) ref_mse=0.033793 (base 0.024175) best_ssim=0.6900@3000
[x1024/learnable_frequency] step 9100/50000 lr=1.86e-04 d=0.5047 pixel=0.0854 perceptual=1.3608 adv=0.1155 g_total=1.5617 1.59 it/s
[x1024/learnable_frequency] step 9200/50000 lr=1.85e-04 d=0.4838 pixel=0.0818 perceptual=1.4752 adv=0.1066 g_total=1.6636 1.60 it/s
[x1024/learnable_frequency] step 9300/50000 lr=1.85e-04 d=0.4695 pixel=0.0786 perceptual=1.3743 adv=0.1216 g_total=1.5745 1.60 it/s
[x1024/learnable_frequency] step 9400/50000 lr=1.85e-04 d=0.4410 pixel=0.0805 perceptual=1.4190 adv=0.1352 g_total=1.6347 1.60 it/s
[x1024/learnable_frequency] step 9500/50000 lr=1.84e-04 d=0.5402 pixel=0.0749 perceptual=1.3562 adv=0.1159 g_total=1.5470 1.60 it/s
[x1024/learnable_frequency] step 9600/50000 lr=1.84e-04 d=0.4412 pixel=0.0779 perceptual=1.4238 adv=0.1243 g_total=1.6259 1.60 it/s
[x1024/learnable_frequency] step 9700/50000 lr=1.84e-04 d=0.4922 pixel=0.1009 perceptual=1.5927 adv=0.1144 g_total=1.8080 1.60 it/s
[x1024/learnable_frequency] step 9800/50000 lr=1.83e-04 d=0.5007 pixel=0.0715 perceptual=1.2182 adv=0.1364 g_total=1.4260 1.60 it/s
[x1024/learnable_frequency] step 9900/50000 lr=1.83e-04 d=0.5054 pixel=0.0581 perceptual=1.1787 adv=0.1335 g_total=1.3703 1.60 it/s
[x1024/learnable_frequency] step 10000/50000 lr=1.83e-04 d=0.4727 pixel=0.0820 perceptual=1.3665 adv=0.1394 g_total=1.5879 1.60 it/s
[x1024/learnable_frequency] step 10000 VAL ref_ssim=0.6743 (base 0.6646) ref_mse=0.032092 (base 0.024175) best_ssim=0.6900@3000
[x1024/learnable_frequency] step 10100/50000 lr=1.82e-04 d=0.4571 pixel=0.0795 perceptual=1.4168 adv=0.1424 g_total=1.6388 1.59 it/s
[x1024/learnable_frequency] step 10200/50000 lr=1.82e-04 d=0.5731 pixel=0.0615 perceptual=1.2131 adv=0.1376 g_total=1.4122 1.60 it/s
[x1024/learnable_frequency] step 10300/50000 lr=1.82e-04 d=0.4883 pixel=0.0699 perceptual=1.2966 adv=0.1289 g_total=1.4955 1.60 it/s
[x1024/learnable_frequency] step 10400/50000 lr=1.81e-04 d=0.4396 pixel=0.0797 perceptual=1.3216 adv=0.1538 g_total=1.5550 1.60 it/s
[x1024/learnable_frequency] step 10500/50000 lr=1.81e-04 d=0.5301 pixel=0.0688 perceptual=1.1735 adv=0.1359 g_total=1.3782 1.60 it/s
[x1024/learnable_frequency] step 10600/50000 lr=1.81e-04 d=0.4583 pixel=0.0759 perceptual=1.3979 adv=0.1042 g_total=1.5780 1.60 it/s
[x1024/learnable_frequency] step 10700/50000 lr=1.80e-04 d=0.4678 pixel=0.0752 perceptual=1.3302 adv=0.1174 g_total=1.5227 1.60 it/s
[x1024/learnable_frequency] step 10800/50000 lr=1.80e-04 d=0.3742 pixel=0.0854 perceptual=1.4396 adv=0.1577 g_total=1.6826 1.60 it/s
[x1024/learnable_frequency] step 10900/50000 lr=1.79e-04 d=0.5713 pixel=0.0779 perceptual=1.3083 adv=0.1346 g_total=1.5208 1.60 it/s
[x1024/learnable_frequency] step 11000/50000 lr=1.79e-04 d=0.4068 pixel=0.0995 perceptual=1.5030 adv=0.1356 g_total=1.7381 1.60 it/s
[x1024/learnable_frequency] step 11000 VAL ref_ssim=0.6811 (base 0.6646) ref_mse=0.030780 (base 0.024175) best_ssim=0.6900@3000
[x1024/learnable_frequency] step 11100/50000 lr=1.79e-04 d=0.4553 pixel=0.0837 perceptual=1.4222 adv=0.1316 g_total=1.6375 1.59 it/s
[x1024/learnable_frequency] step 11200/50000 lr=1.78e-04 d=0.4530 pixel=0.0781 perceptual=1.2870 adv=0.1436 g_total=1.5087 1.60 it/s
[x1024/learnable_frequency] step 11300/50000 lr=1.78e-04 d=0.5045 pixel=0.0658 perceptual=1.1887 adv=0.1153 g_total=1.3699 1.60 it/s
[x1024/learnable_frequency] step 11400/50000 lr=1.77e-04 d=0.4197 pixel=0.0771 perceptual=1.2210 adv=0.1501 g_total=1.4481 1.60 it/s
[x1024/learnable_frequency] step 11500/50000 lr=1.77e-04 d=0.5563 pixel=0.0684 perceptual=1.1976 adv=0.1187 g_total=1.3847 1.60 it/s
[x1024/learnable_frequency] step 11600/50000 lr=1.77e-04 d=0.4853 pixel=0.0730 perceptual=1.3289 adv=0.1027 g_total=1.5047 1.60 it/s
[x1024/learnable_frequency] step 11700/50000 lr=1.76e-04 d=0.4643 pixel=0.0835 perceptual=1.4191 adv=0.1365 g_total=1.6391 1.60 it/s
[x1024/learnable_frequency] step 11800/50000 lr=1.76e-04 d=0.4828 pixel=0.0772 perceptual=1.3791 adv=0.1377 g_total=1.5940 1.60 it/s
[x1024/learnable_frequency] step 11900/50000 lr=1.75e-04 d=0.4859 pixel=0.0834 perceptual=1.2857 adv=0.1188 g_total=1.4879 1.60 it/s
[x1024/learnable_frequency] step 12000/50000 lr=1.75e-04 d=0.4579 pixel=0.0868 perceptual=1.4743 adv=0.1237 g_total=1.6848 1.60 it/s
[x1024/learnable_frequency] step 12000 VAL ref_ssim=0.6642 (base 0.6646) ref_mse=0.029246 (base 0.024175) best_ssim=0.6900@3000
[x1024/learnable_frequency] step 12100/50000 lr=1.75e-04 d=0.5331 pixel=0.0763 perceptual=1.2797 adv=0.1252 g_total=1.4813 1.59 it/s
[x1024/learnable_frequency] step 12200/50000 lr=1.74e-04 d=0.5071 pixel=0.0897 perceptual=1.4923 adv=0.1181 g_total=1.7001 1.59 it/s
[x1024/learnable_frequency] step 12300/50000 lr=1.74e-04 d=0.3685 pixel=0.0832 perceptual=1.3205 adv=0.1351 g_total=1.5389 1.60 it/s
[x1024/learnable_frequency] step 12400/50000 lr=1.73e-04 d=0.4917 pixel=0.0721 perceptual=1.2193 adv=0.1410 g_total=1.4323 1.60 it/s
[x1024/learnable_frequency] step 12500/50000 lr=1.73e-04 d=0.4306 pixel=0.0908 perceptual=1.5020 adv=0.1221 g_total=1.7148 1.60 it/s
[x1024/learnable_frequency] step 12600/50000 lr=1.72e-04 d=0.4990 pixel=0.0794 perceptual=1.4235 adv=0.1158 g_total=1.6187 1.60 it/s
[x1024/learnable_frequency] step 12700/50000 lr=1.72e-04 d=0.4248 pixel=0.0899 perceptual=1.4181 adv=0.1263 g_total=1.6343 1.60 it/s
[x1024/learnable_frequency] step 12800/50000 lr=1.72e-04 d=0.5254 pixel=0.0815 perceptual=1.4029 adv=0.1139 g_total=1.5983 1.60 it/s
[x1024/learnable_frequency] step 12900/50000 lr=1.71e-04 d=0.3425 pixel=0.0833 perceptual=1.3663 adv=0.1209 g_total=1.5705 1.60 it/s
[x1024/learnable_frequency] step 13000/50000 lr=1.71e-04 d=0.4396 pixel=0.0834 perceptual=1.4209 adv=0.1285 g_total=1.6328 1.60 it/s
[x1024/learnable_frequency] step 13000 VAL ref_ssim=0.6230 (base 0.6646) ref_mse=0.033639 (base 0.024175) best_ssim=0.6900@3000
[x1024/learnable_frequency] step 13100/50000 lr=1.70e-04 d=0.5115 pixel=0.0787 perceptual=1.3870 adv=0.1208 g_total=1.5866 1.59 it/s
[x1024/learnable_frequency] step 13200/50000 lr=1.70e-04 d=0.4388 pixel=0.0767 perceptual=1.3687 adv=0.1134 g_total=1.5588 1.59 it/s
[x1024/learnable_frequency] step 13300/50000 lr=1.69e-04 d=0.4296 pixel=0.0883 perceptual=1.3746 adv=0.1451 g_total=1.6080 1.60 it/s
[x1024/learnable_frequency] step 13400/50000 lr=1.69e-04 d=0.5079 pixel=0.0715 perceptual=1.2301 adv=0.1411 g_total=1.4427 1.60 it/s
[x1024/learnable_frequency] step 13500/50000 lr=1.68e-04 d=0.3936 pixel=0.0789 perceptual=1.4000 adv=0.1375 g_total=1.6164 1.60 it/s
[x1024/learnable_frequency] step 13600/50000 lr=1.68e-04 d=0.5327 pixel=0.0870 perceptual=1.4199 adv=0.1057 g_total=1.6126 1.60 it/s
[x1024/learnable_frequency] step 13700/50000 lr=1.68e-04 d=0.4025 pixel=0.0869 perceptual=1.4845 adv=0.1409 g_total=1.7123 1.60 it/s
[x1024/learnable_frequency] step 13800/50000 lr=1.67e-04 d=0.5166 pixel=0.0688 perceptual=1.2327 adv=0.1187 g_total=1.4202 1.60 it/s
[x1024/learnable_frequency] step 13900/50000 lr=1.67e-04 d=0.4008 pixel=0.0827 perceptual=1.4551 adv=0.1298 g_total=1.6677 1.60 it/s
[x1024/learnable_frequency] step 14000/50000 lr=1.66e-04 d=0.4240 pixel=0.0772 perceptual=1.3295 adv=0.1162 g_total=1.5228 1.60 it/s
[x1024/learnable_frequency] step 14000 VAL ref_ssim=0.6811 (base 0.6646) ref_mse=0.032107 (base 0.024175) best_ssim=0.6900@3000
[x1024/learnable_frequency] step 14100/50000 lr=1.66e-04 d=0.5009 pixel=0.0757 perceptual=1.3439 adv=0.1669 g_total=1.5865 1.59 it/s
[x1024/learnable_frequency] step 14200/50000 lr=1.65e-04 d=0.4119 pixel=0.0947 perceptual=1.5576 adv=0.1200 g_total=1.7722 1.59 it/s
[x1024/learnable_frequency] step 14300/50000 lr=1.65e-04 d=0.4262 pixel=0.0830 perceptual=1.4046 adv=0.1301 g_total=1.6177 1.59 it/s
[x1024/learnable_frequency] step 14400/50000 lr=1.64e-04 d=0.3849 pixel=0.0799 perceptual=1.3864 adv=0.1482 g_total=1.6145 1.59 it/s
[x1024/learnable_frequency] step 14500/50000 lr=1.64e-04 d=0.3617 pixel=0.0909 perceptual=1.5903 adv=0.1171 g_total=1.7984 1.60 it/s
[x1024/learnable_frequency] step 14600/50000 lr=1.63e-04 d=0.5200 pixel=0.0787 perceptual=1.4640 adv=0.1270 g_total=1.6698 1.60 it/s
[x1024/learnable_frequency] step 14700/50000 lr=1.63e-04 d=0.5109 pixel=0.0808 perceptual=1.3782 adv=0.1102 g_total=1.5692 1.60 it/s
[x1024/learnable_frequency] step 14800/50000 lr=1.62e-04 d=0.4019 pixel=0.0913 perceptual=1.4221 adv=0.1494 g_total=1.6628 1.60 it/s
[x1024/learnable_frequency] step 14900/50000 lr=1.62e-04 d=0.3052 pixel=0.0890 perceptual=1.4813 adv=0.1334 g_total=1.7037 1.60 it/s
[x1024/learnable_frequency] step 15000/50000 lr=1.61e-04 d=0.3890 pixel=0.0729 perceptual=1.3761 adv=0.1357 g_total=1.5847 1.60 it/s
[x1024/learnable_frequency] step 15000 VAL ref_ssim=0.6674 (base 0.6646) ref_mse=0.030416 (base 0.024175) best_ssim=0.6900@3000
[x1024/learnable_frequency] step 15100/50000 lr=1.61e-04 d=0.4508 pixel=0.0831 perceptual=1.4255 adv=0.1272 g_total=1.6358 1.59 it/s
[x1024/learnable_frequency] step 15200/50000 lr=1.60e-04 d=0.3838 pixel=0.0830 perceptual=1.4140 adv=0.1463 g_total=1.6432 1.59 it/s
[x1024/learnable_frequency] step 15300/50000 lr=1.60e-04 d=0.4874 pixel=0.0794 perceptual=1.4743 adv=0.1012 g_total=1.6549 1.59 it/s
[x1024/learnable_frequency] step 15400/50000 lr=1.59e-04 d=0.5738 pixel=0.0714 perceptual=1.2363 adv=0.1300 g_total=1.4377 1.59 it/s
[x1024/learnable_frequency] step 15500/50000 lr=1.59e-04 d=0.3862 pixel=0.0892 perceptual=1.4813 adv=0.1533 g_total=1.7238 1.59 it/s
[x1024/learnable_frequency] step 15600/50000 lr=1.58e-04 d=0.4847 pixel=0.0747 perceptual=1.2502 adv=0.1215 g_total=1.4463 1.59 it/s
[x1024/learnable_frequency] step 15700/50000 lr=1.58e-04 d=0.3547 pixel=0.0804 perceptual=1.4246 adv=0.1184 g_total=1.6234 1.60 it/s
[x1024/learnable_frequency] step 15800/50000 lr=1.57e-04 d=0.3949 pixel=0.0797 perceptual=1.3958 adv=0.1367 g_total=1.6122 1.60 it/s
[x1024/learnable_frequency] step 15900/50000 lr=1.57e-04 d=0.4854 pixel=0.0852 perceptual=1.3900 adv=0.1230 g_total=1.5983 1.60 it/s
[x1024/learnable_frequency] step 16000/50000 lr=1.56e-04 d=0.4311 pixel=0.0880 perceptual=1.5323 adv=0.1509 g_total=1.7711 1.60 it/s
[x1024/learnable_frequency] step 16000 VAL ref_ssim=0.6712 (base 0.6646) ref_mse=0.029377 (base 0.024175) best_ssim=0.6900@3000
[x1024/learnable_frequency] step 16100/50000 lr=1.56e-04 d=0.4322 pixel=0.0824 perceptual=1.4092 adv=0.1516 g_total=1.6432 1.59 it/s
[x1024/learnable_frequency] step 16200/50000 lr=1.55e-04 d=0.4854 pixel=0.0900 perceptual=1.5963 adv=0.1257 g_total=1.8120 1.59 it/s
[x1024/learnable_frequency] step 16300/50000 lr=1.55e-04 d=0.7160 pixel=0.0752 perceptual=1.3549 adv=0.1190 g_total=1.5492 1.59 it/s
[x1024/learnable_frequency] step 16400/50000 lr=1.54e-04 d=0.4456 pixel=0.0798 perceptual=1.3362 adv=0.1320 g_total=1.5480 1.59 it/s
[x1024/learnable_frequency] step 16500/50000 lr=1.54e-04 d=0.3665 pixel=0.0959 perceptual=1.5278 adv=0.1545 g_total=1.7781 1.59 it/s
[x1024/learnable_frequency] step 16600/50000 lr=1.53e-04 d=0.3504 pixel=0.0821 perceptual=1.3522 adv=0.1629 g_total=1.5972 1.59 it/s
[x1024/learnable_frequency] step 16700/50000 lr=1.53e-04 d=0.5674 pixel=0.0776 perceptual=1.3250 adv=0.1238 g_total=1.5264 1.59 it/s
[x1024/learnable_frequency] step 16800/50000 lr=1.52e-04 d=0.5644 pixel=0.0719 perceptual=1.3283 adv=0.1496 g_total=1.5498 1.60 it/s
[x1024/learnable_frequency] step 16900/50000 lr=1.52e-04 d=0.4947 pixel=0.0837 perceptual=1.3347 adv=0.1419 g_total=1.5603 1.60 it/s
[x1024/learnable_frequency] step 17000/50000 lr=1.51e-04 d=0.5306 pixel=0.0712 perceptual=1.2793 adv=0.1288 g_total=1.4793 1.60 it/s
[x1024/learnable_frequency] step 17000 VAL ref_ssim=0.6538 (base 0.6646) ref_mse=0.031376 (base 0.024175) best_ssim=0.6900@3000
[x1024/learnable_frequency] step 17100/50000 lr=1.50e-04 d=0.4145 pixel=0.0769 perceptual=1.2952 adv=0.1209 g_total=1.4929 1.59 it/s
[x1024/learnable_frequency] step 17200/50000 lr=1.50e-04 d=0.4262 pixel=0.0784 perceptual=1.3402 adv=0.1258 g_total=1.5443 1.59 it/s
[x1024/learnable_frequency] step 17300/50000 lr=1.49e-04 d=0.4812 pixel=0.0710 perceptual=1.3055 adv=0.1450 g_total=1.5215 1.59 it/s
[x1024/learnable_frequency] step 17400/50000 lr=1.49e-04 d=0.4462 pixel=0.0723 perceptual=1.2460 adv=0.1372 g_total=1.4555 1.59 it/s
[x1024/learnable_frequency] step 17500/50000 lr=1.48e-04 d=0.4384 pixel=0.0744 perceptual=1.2734 adv=0.1356 g_total=1.4834 1.59 it/s
[x1024/learnable_frequency] step 17600/50000 lr=1.48e-04 d=0.5466 pixel=0.0824 perceptual=1.3210 adv=0.1483 g_total=1.5517 1.59 it/s
[x1024/learnable_frequency] step 17700/50000 lr=1.47e-04 d=0.5065 pixel=0.0829 perceptual=1.4117 adv=0.1445 g_total=1.6391 1.59 it/s
[x1024/learnable_frequency] step 17800/50000 lr=1.47e-04 d=0.4632 pixel=0.0886 perceptual=1.4532 adv=0.1376 g_total=1.6795 1.59 it/s
[x1024/learnable_frequency] step 17900/50000 lr=1.46e-04 d=0.4026 pixel=0.0850 perceptual=1.4637 adv=0.1563 g_total=1.7050 1.60 it/s
[x1024/learnable_frequency] step 18000/50000 lr=1.46e-04 d=0.4351 pixel=0.0834 perceptual=1.4052 adv=0.1139 g_total=1.6025 1.60 it/s
[x1024/learnable_frequency] step 18000 VAL ref_ssim=0.6818 (base 0.6646) ref_mse=0.032263 (base 0.024175) best_ssim=0.6900@3000
[x1024/learnable_frequency] step 18100/50000 lr=1.45e-04 d=0.4531 pixel=0.0698 perceptual=1.2792 adv=0.1349 g_total=1.4839 1.59 it/s
[x1024/learnable_frequency] step 18200/50000 lr=1.44e-04 d=0.4310 pixel=0.0821 perceptual=1.4282 adv=0.1309 g_total=1.6413 1.59 it/s
[x1024/learnable_frequency] step 18300/50000 lr=1.44e-04 d=0.4255 pixel=0.0874 perceptual=1.5030 adv=0.1181 g_total=1.7085 1.59 it/s
[x1024/learnable_frequency] step 18400/50000 lr=1.43e-04 d=0.5024 pixel=0.0699 perceptual=1.3182 adv=0.1283 g_total=1.5165 1.59 it/s
[x1024/learnable_frequency] step 18500/50000 lr=1.43e-04 d=0.4267 pixel=0.0891 perceptual=1.4611 adv=0.1539 g_total=1.7042 1.59 it/s
[x1024/learnable_frequency] step 18600/50000 lr=1.42e-04 d=0.4343 pixel=0.0838 perceptual=1.3649 adv=0.1237 g_total=1.5725 1.59 it/s
[x1024/learnable_frequency] step 18700/50000 lr=1.42e-04 d=0.5149 pixel=0.0790 perceptual=1.4033 adv=0.1381 g_total=1.6204 1.59 it/s
[x1024/learnable_frequency] step 18800/50000 lr=1.41e-04 d=0.3665 pixel=0.0815 perceptual=1.3374 adv=0.1444 g_total=1.5632 1.59 it/s
[x1024/learnable_frequency] step 18900/50000 lr=1.40e-04 d=0.3987 pixel=0.0851 perceptual=1.4345 adv=0.1495 g_total=1.6691 1.59 it/s
[x1024/learnable_frequency] step 19000/50000 lr=1.40e-04 d=0.4460 pixel=0.0920 perceptual=1.5228 adv=0.1436 g_total=1.7584 1.60 it/s
[x1024/learnable_frequency] step 19000 VAL ref_ssim=0.6879 (base 0.6646) ref_mse=0.029832 (base 0.024175) best_ssim=0.6900@3000
[x1024/learnable_frequency] step 19100/50000 lr=1.39e-04 d=0.3312 pixel=0.0984 perceptual=1.6018 adv=0.1343 g_total=1.8345 1.59 it/s
[x1024/learnable_frequency] step 19200/50000 lr=1.39e-04 d=0.4390 pixel=0.0818 perceptual=1.3264 adv=0.1567 g_total=1.5649 1.59 it/s
[x1024/learnable_frequency] step 19300/50000 lr=1.38e-04 d=0.2479 pixel=0.1027 perceptual=1.4767 adv=0.1746 g_total=1.7540 1.59 it/s
[x1024/learnable_frequency] step 19400/50000 lr=1.38e-04 d=0.4818 pixel=0.0779 perceptual=1.4309 adv=0.1264 g_total=1.6351 1.59 it/s
[x1024/learnable_frequency] step 19500/50000 lr=1.37e-04 d=0.4210 pixel=0.0834 perceptual=1.4017 adv=0.1214 g_total=1.6065 1.59 it/s
[x1024/learnable_frequency] step 19600/50000 lr=1.36e-04 d=0.5233 pixel=0.1044 perceptual=1.5101 adv=0.0933 g_total=1.7078 1.59 it/s
[x1024/learnable_frequency] step 19700/50000 lr=1.36e-04 d=0.3906 pixel=0.0830 perceptual=1.3347 adv=0.1392 g_total=1.5569 1.59 it/s
[x1024/learnable_frequency] step 19800/50000 lr=1.35e-04 d=0.4495 pixel=0.0660 perceptual=1.3679 adv=0.1292 g_total=1.5630 1.59 it/s
[x1024/learnable_frequency] step 19900/50000 lr=1.35e-04 d=0.5252 pixel=0.0668 perceptual=1.2410 adv=0.1515 g_total=1.4593 1.59 it/s
[x1024/learnable_frequency] step 20000/50000 lr=1.34e-04 d=0.4837 pixel=0.0693 perceptual=1.2944 adv=0.1381 g_total=1.5018 1.59 it/s
[x1024/learnable_frequency] step 20000 VAL ref_ssim=0.6858 (base 0.6646) ref_mse=0.030737 (base 0.024175) best_ssim=0.6900@3000
[x1024/learnable_frequency] step 20100/50000 lr=1.33e-04 d=0.4317 pixel=0.0785 perceptual=1.4683 adv=0.1510 g_total=1.6978 1.59 it/s
[x1024/learnable_frequency] step 20200/50000 lr=1.33e-04 d=0.4534 pixel=0.0752 perceptual=1.2879 adv=0.1445 g_total=1.5075 1.59 it/s
[x1024/learnable_frequency] step 20300/50000 lr=1.32e-04 d=0.4571 pixel=0.0661 perceptual=1.3349 adv=0.1336 g_total=1.5345 1.59 it/s
[x1024/learnable_frequency] step 20400/50000 lr=1.32e-04 d=0.4744 pixel=0.0827 perceptual=1.4411 adv=0.1244 g_total=1.6482 1.59 it/s
[x1024/learnable_frequency] step 20500/50000 lr=1.31e-04 d=0.4643 pixel=0.0772 perceptual=1.4706 adv=0.1199 g_total=1.6678 1.59 it/s
[x1024/learnable_frequency] step 20600/50000 lr=1.31e-04 d=0.3469 pixel=0.0709 perceptual=1.3274 adv=0.1513 g_total=1.5496 1.59 it/s
[x1024/learnable_frequency] step 20700/50000 lr=1.30e-04 d=0.4125 pixel=0.0883 perceptual=1.4221 adv=0.1398 g_total=1.6502 1.59 it/s
[x1024/learnable_frequency] step 20800/50000 lr=1.29e-04 d=0.4060 pixel=0.0860 perceptual=1.4461 adv=0.1514 g_total=1.6835 1.59 it/s
[x1024/learnable_frequency] step 20900/50000 lr=1.29e-04 d=0.4845 pixel=0.0736 perceptual=1.2776 adv=0.1384 g_total=1.4896 1.59 it/s
[x1024/learnable_frequency] step 21000/50000 lr=1.28e-04 d=0.4579 pixel=0.0872 perceptual=1.4373 adv=0.1172 g_total=1.6417 1.59 it/s
[x1024/learnable_frequency] step 21000 VAL ref_ssim=0.6750 (base 0.6646) ref_mse=0.032104 (base 0.024175) best_ssim=0.6900@3000
[x1024/learnable_frequency] step 21100/50000 lr=1.28e-04 d=0.4915 pixel=0.0714 perceptual=1.1640 adv=0.1170 g_total=1.3524 1.59 it/s
[x1024/learnable_frequency] step 21200/50000 lr=1.27e-04 d=0.4284 pixel=0.0771 perceptual=1.2550 adv=0.1394 g_total=1.4715 1.59 it/s
[x1024/learnable_frequency] step 21300/50000 lr=1.26e-04 d=0.4143 pixel=0.0864 perceptual=1.4584 adv=0.1228 g_total=1.6676 1.59 it/s
[x1024/learnable_frequency] step 21400/50000 lr=1.26e-04 d=0.4219 pixel=0.0826 perceptual=1.4515 adv=0.1133 g_total=1.6474 1.59 it/s
[x1024/learnable_frequency] step 21500/50000 lr=1.25e-04 d=0.6347 pixel=0.0764 perceptual=1.3551 adv=0.1060 g_total=1.5375 1.59 it/s
[x1024/learnable_frequency] step 21600/50000 lr=1.25e-04 d=0.4061 pixel=0.0753 perceptual=1.3180 adv=0.1495 g_total=1.5428 1.59 it/s
[x1024/learnable_frequency] step 21700/50000 lr=1.24e-04 d=0.3994 pixel=0.0865 perceptual=1.4090 adv=0.1375 g_total=1.6330 1.59 it/s
[x1024/learnable_frequency] step 21800/50000 lr=1.23e-04 d=0.5264 pixel=0.0772 perceptual=1.2913 adv=0.1359 g_total=1.5044 1.59 it/s
[x1024/learnable_frequency] step 21900/50000 lr=1.23e-04 d=0.4719 pixel=0.0804 perceptual=1.3862 adv=0.1365 g_total=1.6031 1.59 it/s
[x1024/learnable_frequency] step 22000/50000 lr=1.22e-04 d=0.4870 pixel=0.0787 perceptual=1.4023 adv=0.1270 g_total=1.6081 1.59 it/s
[x1024/learnable_frequency] step 22000 VAL ref_ssim=0.6778 (base 0.6646) ref_mse=0.031813 (base 0.024175) best_ssim=0.6900@3000
[x1024/learnable_frequency] step 22100/50000 lr=1.21e-04 d=0.5002 pixel=0.0775 perceptual=1.4094 adv=0.1244 g_total=1.6113 1.59 it/s
[x1024/learnable_frequency] step 22200/50000 lr=1.21e-04 d=0.4119 pixel=0.0880 perceptual=1.4227 adv=0.1415 g_total=1.6521 1.59 it/s
[x1024/learnable_frequency] step 22300/50000 lr=1.20e-04 d=0.4565 pixel=0.0819 perceptual=1.4291 adv=0.1330 g_total=1.6439 1.59 it/s
[x1024/learnable_frequency] step 22400/50000 lr=1.20e-04 d=0.3688 pixel=0.0832 perceptual=1.4537 adv=0.1353 g_total=1.6722 1.59 it/s
[x1024/learnable_frequency] step 22500/50000 lr=1.19e-04 d=0.4794 pixel=0.0703 perceptual=1.2977 adv=0.1785 g_total=1.5465 1.59 it/s
[x1024/learnable_frequency] step 22600/50000 lr=1.18e-04 d=0.5244 pixel=0.0738 perceptual=1.3817 adv=0.1343 g_total=1.5897 1.59 it/s
[x1024/learnable_frequency] step 22700/50000 lr=1.18e-04 d=0.4287 pixel=0.0792 perceptual=1.4082 adv=0.1323 g_total=1.6196 1.59 it/s
[x1024/learnable_frequency] step 22800/50000 lr=1.17e-04 d=0.5256 pixel=0.0715 perceptual=1.3110 adv=0.1252 g_total=1.5077 1.59 it/s
[x1024/learnable_frequency] step 22900/50000 lr=1.17e-04 d=0.4967 pixel=0.0635 perceptual=1.2228 adv=0.1516 g_total=1.4379 1.59 it/s
[x1024/learnable_frequency] step 23000/50000 lr=1.16e-04 d=0.4510 pixel=0.0799 perceptual=1.4145 adv=0.1401 g_total=1.6345 1.59 it/s
[x1024/learnable_frequency] step 23000 VAL ref_ssim=0.6831 (base 0.6646) ref_mse=0.031031 (base 0.024175) best_ssim=0.6900@3000
[x1024/learnable_frequency] step 23100/50000 lr=1.15e-04 d=0.4247 pixel=0.0792 perceptual=1.4815 adv=0.1207 g_total=1.6815 1.59 it/s
[x1024/learnable_frequency] step 23200/50000 lr=1.15e-04 d=0.3526 pixel=0.0827 perceptual=1.4166 adv=0.1390 g_total=1.6383 1.59 it/s
[x1024/learnable_frequency] step 23300/50000 lr=1.14e-04 d=0.4974 pixel=0.0622 perceptual=1.1109 adv=0.1620 g_total=1.3351 1.59 it/s
[x1024/learnable_frequency] step 23400/50000 lr=1.13e-04 d=0.4057 pixel=0.0826 perceptual=1.3750 adv=0.1475 g_total=1.6051 1.59 it/s
[x1024/learnable_frequency] step 23500/50000 lr=1.13e-04 d=0.4154 pixel=0.0763 perceptual=1.4034 adv=0.1411 g_total=1.6208 1.59 it/s
[x1024/learnable_frequency] step 23600/50000 lr=1.12e-04 d=0.5475 pixel=0.0766 perceptual=1.3185 adv=0.1354 g_total=1.5305 1.59 it/s
[x1024/learnable_frequency] step 23700/50000 lr=1.12e-04 d=0.4602 pixel=0.0838 perceptual=1.4177 adv=0.1220 g_total=1.6235 1.59 it/s
[x1024/learnable_frequency] step 23800/50000 lr=1.11e-04 d=0.2763 pixel=0.0979 perceptual=1.5104 adv=0.1467 g_total=1.7550 1.59 it/s
[x1024/learnable_frequency] step 23900/50000 lr=1.10e-04 d=0.4385 pixel=0.0864 perceptual=1.4607 adv=0.1141 g_total=1.6612 1.59 it/s
[x1024/learnable_frequency] step 24000/50000 lr=1.10e-04 d=0.4858 pixel=0.0714 perceptual=1.3390 adv=0.1377 g_total=1.5481 1.59 it/s
[x1024/learnable_frequency] step 24000 VAL ref_ssim=0.6843 (base 0.6646) ref_mse=0.030398 (base 0.024175) best_ssim=0.6900@3000
[x1024/learnable_frequency] step 24100/50000 lr=1.09e-04 d=0.4275 pixel=0.0762 perceptual=1.3915 adv=0.1536 g_total=1.6213 1.59 it/s
[x1024/learnable_frequency] step 24200/50000 lr=1.09e-04 d=0.4397 pixel=0.0597 perceptual=1.1505 adv=0.1484 g_total=1.3587 1.59 it/s
[x1024/learnable_frequency] step 24300/50000 lr=1.08e-04 d=0.3456 pixel=0.0768 perceptual=1.3378 adv=0.1310 g_total=1.5455 1.59 it/s
[x1024/learnable_frequency] step 24400/50000 lr=1.07e-04 d=0.4201 pixel=0.0880 perceptual=1.4226 adv=0.1521 g_total=1.6627 1.59 it/s
[x1024/learnable_frequency] step 24500/50000 lr=1.07e-04 d=0.4207 pixel=0.0809 perceptual=1.3986 adv=0.1371 g_total=1.6166 1.59 it/s
[x1024/learnable_frequency] step 24600/50000 lr=1.06e-04 d=0.4285 pixel=0.0723 perceptual=1.2694 adv=0.1354 g_total=1.4770 1.59 it/s
[x1024/learnable_frequency] step 24700/50000 lr=1.05e-04 d=0.4545 pixel=0.0795 perceptual=1.3047 adv=0.1459 g_total=1.5301 1.59 it/s
[x1024/learnable_frequency] step 24800/50000 lr=1.05e-04 d=0.4669 pixel=0.0819 perceptual=1.4726 adv=0.1333 g_total=1.6878 1.59 it/s
[x1024/learnable_frequency] step 24900/50000 lr=1.04e-04 d=0.4985 pixel=0.0799 perceptual=1.3774 adv=0.1558 g_total=1.6131 1.59 it/s
[x1024/learnable_frequency] step 25000/50000 lr=1.04e-04 d=0.5154 pixel=0.0860 perceptual=1.5261 adv=0.1111 g_total=1.7231 1.59 it/s
[x1024/learnable_frequency] step 25000 VAL ref_ssim=0.6870 (base 0.6646) ref_mse=0.028569 (base 0.024175) best_ssim=0.6900@3000
[x1024/learnable_frequency] step 25100/50000 lr=1.03e-04 d=0.5283 pixel=0.0789 perceptual=1.4088 adv=0.1477 g_total=1.6354 1.59 it/s
[x1024/learnable_frequency] step 25200/50000 lr=1.02e-04 d=0.5036 pixel=0.0815 perceptual=1.3778 adv=0.1160 g_total=1.5753 1.59 it/s
[x1024/learnable_frequency] step 25300/50000 lr=1.02e-04 d=0.5399 pixel=0.0677 perceptual=1.1890 adv=0.1271 g_total=1.3838 1.59 it/s
[x1024/learnable_frequency] step 25400/50000 lr=1.01e-04 d=0.4939 pixel=0.0814 perceptual=1.3135 adv=0.1516 g_total=1.5465 1.59 it/s
[x1024/learnable_frequency] step 25500/50000 lr=1.00e-04 d=0.3406 pixel=0.0999 perceptual=1.5217 adv=0.1531 g_total=1.7747 1.59 it/s
[x1024/learnable_frequency] step 25600/50000 lr=9.98e-05 d=0.4978 pixel=0.0768 perceptual=1.2832 adv=0.1494 g_total=1.5094 1.59 it/s
[x1024/learnable_frequency] step 25700/50000 lr=9.92e-05 d=0.4004 pixel=0.0715 perceptual=1.2789 adv=0.1374 g_total=1.4878 1.59 it/s
[x1024/learnable_frequency] step 25800/50000 lr=9.86e-05 d=0.5006 pixel=0.0859 perceptual=1.4351 adv=0.1665 g_total=1.6875 1.59 it/s
[x1024/learnable_frequency] step 25900/50000 lr=9.80e-05 d=0.3506 pixel=0.0943 perceptual=1.5745 adv=0.1186 g_total=1.7875 1.59 it/s
[x1024/learnable_frequency] step 26000/50000 lr=9.73e-05 d=0.4351 pixel=0.0867 perceptual=1.4480 adv=0.1417 g_total=1.6764 1.59 it/s
[x1024/learnable_frequency] step 26000 VAL ref_ssim=0.6386 (base 0.6646) ref_mse=0.029848 (base 0.024175) best_ssim=0.6900@3000
[x1024/learnable_frequency] step 26100/50000 lr=9.67e-05 d=0.4395 pixel=0.0835 perceptual=1.3437 adv=0.1447 g_total=1.5720 1.59 it/s
[x1024/learnable_frequency] step 26200/50000 lr=9.61e-05 d=0.3882 pixel=0.0828 perceptual=1.4478 adv=0.1304 g_total=1.6610 1.59 it/s
[x1024/learnable_frequency] step 26300/50000 lr=9.55e-05 d=0.3673 pixel=0.0807 perceptual=1.3688 adv=0.1549 g_total=1.6044 1.59 it/s
[x1024/learnable_frequency] step 26400/50000 lr=9.49e-05 d=0.4664 pixel=0.0841 perceptual=1.4983 adv=0.1277 g_total=1.7101 1.59 it/s
[x1024/learnable_frequency] step 26500/50000 lr=9.42e-05 d=0.5126 pixel=0.0776 perceptual=1.4137 adv=0.1304 g_total=1.6217 1.59 it/s
[x1024/learnable_frequency] step 26600/50000 lr=9.36e-05 d=0.5797 pixel=0.0764 perceptual=1.3931 adv=0.1095 g_total=1.5790 1.59 it/s
[x1024/learnable_frequency] step 26700/50000 lr=9.30e-05 d=0.5140 pixel=0.0722 perceptual=1.2402 adv=0.1273 g_total=1.4396 1.59 it/s
[x1024/learnable_frequency] step 26800/50000 lr=9.24e-05 d=0.3721 pixel=0.0881 perceptual=1.4460 adv=0.1282 g_total=1.6623 1.59 it/s
[x1024/learnable_frequency] step 26900/50000 lr=9.18e-05 d=0.4099 pixel=0.0787 perceptual=1.3452 adv=0.1340 g_total=1.5580 1.59 it/s
[x1024/learnable_frequency] step 27000/50000 lr=9.11e-05 d=0.4652 pixel=0.0857 perceptual=1.4227 adv=0.1165 g_total=1.6249 1.59 it/s
[x1024/learnable_frequency] step 27000 VAL ref_ssim=0.6848 (base 0.6646) ref_mse=0.030351 (base 0.024175) best_ssim=0.6900@3000
[x1024/learnable_frequency] step 27100/50000 lr=9.05e-05 d=0.4976 pixel=0.0748 perceptual=1.3826 adv=0.1309 g_total=1.5883 1.59 it/s
[x1024/learnable_frequency] step 27200/50000 lr=8.99e-05 d=0.4295 pixel=0.0769 perceptual=1.3995 adv=0.1269 g_total=1.6033 1.59 it/s
[x1024/learnable_frequency] step 27300/50000 lr=8.93e-05 d=0.5065 pixel=0.0664 perceptual=1.2212 adv=0.1571 g_total=1.4446 1.59 it/s
[x1024/learnable_frequency] step 27400/50000 lr=8.87e-05 d=0.4539 pixel=0.0780 perceptual=1.2821 adv=0.1445 g_total=1.5046 1.59 it/s
[x1024/learnable_frequency] step 27500/50000 lr=8.81e-05 d=0.4837 pixel=0.0764 perceptual=1.3197 adv=0.1429 g_total=1.5390 1.59 it/s
[x1024/learnable_frequency] step 27600/50000 lr=8.74e-05 d=0.3500 pixel=0.0896 perceptual=1.4685 adv=0.1437 g_total=1.7018 1.59 it/s
[x1024/learnable_frequency] step 27700/50000 lr=8.68e-05 d=0.4516 pixel=0.0735 perceptual=1.3246 adv=0.1476 g_total=1.5456 1.59 it/s
[x1024/learnable_frequency] step 27800/50000 lr=8.62e-05 d=0.4174 pixel=0.0826 perceptual=1.4329 adv=0.1534 g_total=1.6689 1.59 it/s
[x1024/learnable_frequency] step 27900/50000 lr=8.56e-05 d=0.4477 pixel=0.0728 perceptual=1.3603 adv=0.1243 g_total=1.5574 1.59 it/s
[x1024/learnable_frequency] step 28000/50000 lr=8.50e-05 d=0.3873 pixel=0.0906 perceptual=1.4216 adv=0.1554 g_total=1.6675 1.59 it/s
[x1024/learnable_frequency] step 28000 VAL ref_ssim=0.6829 (base 0.6646) ref_mse=0.030987 (base 0.024175) best_ssim=0.6900@3000
[x1024/learnable_frequency] step 28100/50000 lr=8.44e-05 d=0.3718 pixel=0.0669 perceptual=1.3018 adv=0.1360 g_total=1.5047 1.59 it/s
[x1024/learnable_frequency] step 28200/50000 lr=8.38e-05 d=0.3214 pixel=0.1030 perceptual=1.5072 adv=0.1537 g_total=1.7640 1.59 it/s
[x1024/learnable_frequency] step 28300/50000 lr=8.32e-05 d=0.3811 pixel=0.0972 perceptual=1.5115 adv=0.1511 g_total=1.7597 1.59 it/s
[x1024/learnable_frequency] step 28400/50000 lr=8.25e-05 d=0.4676 pixel=0.0893 perceptual=1.2920 adv=0.1484 g_total=1.5297 1.59 it/s
[x1024/learnable_frequency] step 28500/50000 lr=8.19e-05 d=0.4506 pixel=0.0628 perceptual=1.1678 adv=0.1526 g_total=1.3833 1.59 it/s
[x1024/learnable_frequency] step 28600/50000 lr=8.13e-05 d=0.3777 pixel=0.0824 perceptual=1.4265 adv=0.1333 g_total=1.6422 1.59 it/s
[x1024/learnable_frequency] step 28700/50000 lr=8.07e-05 d=0.3842 pixel=0.0899 perceptual=1.4437 adv=0.1381 g_total=1.6718 1.59 it/s
[x1024/learnable_frequency] step 28800/50000 lr=8.01e-05 d=0.3613 pixel=0.0926 perceptual=1.4850 adv=0.1435 g_total=1.7211 1.59 it/s
[x1024/learnable_frequency] step 28900/50000 lr=7.95e-05 d=0.3646 pixel=0.0922 perceptual=1.4382 adv=0.1504 g_total=1.6808 1.59 it/s
[x1024/learnable_frequency] step 29000/50000 lr=7.89e-05 d=0.3779 pixel=0.0981 perceptual=1.5545 adv=0.1264 g_total=1.7790 1.59 it/s
[x1024/learnable_frequency] step 29000 VAL ref_ssim=0.6819 (base 0.6646) ref_mse=0.032797 (base 0.024175) best_ssim=0.6900@3000
[x1024/learnable_frequency] step 29100/50000 lr=7.83e-05 d=0.4269 pixel=0.0730 perceptual=1.3876 adv=0.1343 g_total=1.5949 1.59 it/s
[x1024/learnable_frequency] step 29200/50000 lr=7.77e-05 d=0.3894 pixel=0.0742 perceptual=1.3207 adv=0.1455 g_total=1.5404 1.59 it/s
[x1024/learnable_frequency] step 29300/50000 lr=7.71e-05 d=0.3627 pixel=0.0898 perceptual=1.4063 adv=0.1366 g_total=1.6327 1.59 it/s
[x1024/learnable_frequency] step 29400/50000 lr=7.65e-05 d=0.3990 pixel=0.0863 perceptual=1.4052 adv=0.1377 g_total=1.6292 1.59 it/s
[x1024/learnable_frequency] step 29500/50000 lr=7.59e-05 d=0.4436 pixel=0.0707 perceptual=1.3130 adv=0.1334 g_total=1.5171 1.59 it/s
[x1024/learnable_frequency] step 29600/50000 lr=7.53e-05 d=0.3830 pixel=0.0826 perceptual=1.3968 adv=0.1409 g_total=1.6203 1.59 it/s
[x1024/learnable_frequency] step 29700/50000 lr=7.47e-05 d=0.4477 pixel=0.0683 perceptual=1.3185 adv=0.1342 g_total=1.5210 1.59 it/s
[x1024/learnable_frequency] step 29800/50000 lr=7.41e-05 d=0.5141 pixel=0.0815 perceptual=1.3376 adv=0.1233 g_total=1.5425 1.59 it/s
[x1024/learnable_frequency] step 29900/50000 lr=7.35e-05 d=0.3446 pixel=0.0869 perceptual=1.4454 adv=0.1457 g_total=1.6780 1.59 it/s
[x1024/learnable_frequency] step 30000/50000 lr=7.29e-05 d=0.4653 pixel=0.0704 perceptual=1.3084 adv=0.1459 g_total=1.5247 1.59 it/s
[x1024/learnable_frequency] step 30000 VAL ref_ssim=0.6770 (base 0.6646) ref_mse=0.030557 (base 0.024175) best_ssim=0.6900@3000
[x1024/learnable_frequency] step 30100/50000 lr=7.23e-05 d=0.4656 pixel=0.0842 perceptual=1.4715 adv=0.1250 g_total=1.6807 1.59 it/s
[x1024/learnable_frequency] step 30200/50000 lr=7.17e-05 d=0.3813 pixel=0.0826 perceptual=1.4225 adv=0.1401 g_total=1.6452 1.59 it/s
[x1024/learnable_frequency] step 30300/50000 lr=7.11e-05 d=0.4664 pixel=0.0631 perceptual=1.2043 adv=0.1219 g_total=1.3893 1.59 it/s
[x1024/learnable_frequency] step 30400/50000 lr=7.05e-05 d=0.3645 pixel=0.0774 perceptual=1.4426 adv=0.1293 g_total=1.6493 1.59 it/s
[x1024/learnable_frequency] step 30500/50000 lr=7.00e-05 d=0.3889 pixel=0.0859 perceptual=1.4815 adv=0.1450 g_total=1.7124 1.59 it/s
[x1024/learnable_frequency] step 30600/50000 lr=6.94e-05 d=0.4002 pixel=0.0881 perceptual=1.4470 adv=0.1331 g_total=1.6682 1.59 it/s
[x1024/learnable_frequency] step 30700/50000 lr=6.88e-05 d=0.4365 pixel=0.0815 perceptual=1.3605 adv=0.1443 g_total=1.5863 1.59 it/s
[x1024/learnable_frequency] step 30800/50000 lr=6.82e-05 d=0.4508 pixel=0.0708 perceptual=1.2262 adv=0.1473 g_total=1.4444 1.59 it/s
[x1024/learnable_frequency] step 30900/50000 lr=6.76e-05 d=0.5033 pixel=0.0841 perceptual=1.3487 adv=0.1305 g_total=1.5633 1.59 it/s
[x1024/learnable_frequency] step 31000/50000 lr=6.70e-05 d=0.3595 pixel=0.0876 perceptual=1.4731 adv=0.1491 g_total=1.7099 1.59 it/s
[x1024/learnable_frequency] step 31000 VAL ref_ssim=0.6864 (base 0.6646) ref_mse=0.030344 (base 0.024175) best_ssim=0.6900@3000
[x1024/learnable_frequency] step 31100/50000 lr=6.65e-05 d=0.5471 pixel=0.0732 perceptual=1.2105 adv=0.1379 g_total=1.4216 1.59 it/s
[x1024/learnable_frequency] step 31200/50000 lr=6.59e-05 d=0.4586 pixel=0.0758 perceptual=1.3668 adv=0.1363 g_total=1.5789 1.59 it/s
[x1024/learnable_frequency] step 31300/50000 lr=6.53e-05 d=0.5076 pixel=0.0798 perceptual=1.3017 adv=0.1496 g_total=1.5311 1.59 it/s
[x1024/learnable_frequency] step 31400/50000 lr=6.47e-05 d=0.3821 pixel=0.0865 perceptual=1.4080 adv=0.1571 g_total=1.6516 1.59 it/s
[x1024/learnable_frequency] step 31500/50000 lr=6.41e-05 d=0.4734 pixel=0.0713 perceptual=1.3210 adv=0.1335 g_total=1.5257 1.59 it/s
[x1024/learnable_frequency] step 31600/50000 lr=6.36e-05 d=0.4836 pixel=0.0709 perceptual=1.2364 adv=0.1460 g_total=1.4533 1.59 it/s
[x1024/learnable_frequency] step 31700/50000 lr=6.30e-05 d=0.4316 pixel=0.0788 perceptual=1.3086 adv=0.1630 g_total=1.5503 1.59 it/s
[x1024/learnable_frequency] step 31800/50000 lr=6.24e-05 d=0.4841 pixel=0.0789 perceptual=1.2752 adv=0.1473 g_total=1.5014 1.59 it/s
[x1024/learnable_frequency] step 31900/50000 lr=6.19e-05 d=0.3933 pixel=0.0730 perceptual=1.3323 adv=0.1140 g_total=1.5194 1.59 it/s
[x1024/learnable_frequency] step 32000/50000 lr=6.13e-05 d=0.4555 pixel=0.0754 perceptual=1.2978 adv=0.1371 g_total=1.5103 1.59 it/s
[x1024/learnable_frequency] step 32000 VAL ref_ssim=0.6380 (base 0.6646) ref_mse=0.032997 (base 0.024175) best_ssim=0.6900@3000
[x1024/learnable_frequency] step 32100/50000 lr=6.07e-05 d=0.5198 pixel=0.0657 perceptual=1.1805 adv=0.1288 g_total=1.3750 1.59 it/s
[x1024/learnable_frequency] step 32200/50000 lr=6.02e-05 d=0.5107 pixel=0.0751 perceptual=1.3291 adv=0.1317 g_total=1.5359 1.59 it/s
[x1024/learnable_frequency] step 32300/50000 lr=5.96e-05 d=0.4611 pixel=0.0755 perceptual=1.4237 adv=0.1439 g_total=1.6432 1.59 it/s
[x1024/learnable_frequency] step 32400/50000 lr=5.90e-05 d=0.5231 pixel=0.0611 perceptual=1.1842 adv=0.1291 g_total=1.3745 1.59 it/s
[x1024/learnable_frequency] step 32500/50000 lr=5.85e-05 d=0.4636 pixel=0.0787 perceptual=1.3136 adv=0.1301 g_total=1.5223 1.59 it/s
[x1024/learnable_frequency] step 32600/50000 lr=5.79e-05 d=0.4425 pixel=0.0824 perceptual=1.3788 adv=0.1641 g_total=1.6254 1.59 it/s
[x1024/learnable_frequency] step 32700/50000 lr=5.74e-05 d=0.5497 pixel=0.0539 perceptual=1.0053 adv=0.1250 g_total=1.1841 1.59 it/s
[x1024/learnable_frequency] step 32800/50000 lr=5.68e-05 d=0.4758 pixel=0.0590 perceptual=1.1435 adv=0.1277 g_total=1.3302 1.59 it/s
[x1024/learnable_frequency] step 32900/50000 lr=5.63e-05 d=0.3807 pixel=0.0773 perceptual=1.3839 adv=0.1397 g_total=1.6010 1.59 it/s
[x1024/learnable_frequency] step 33000/50000 lr=5.57e-05 d=0.4636 pixel=0.0971 perceptual=1.6214 adv=0.1145 g_total=1.8331 1.59 it/s
[x1024/learnable_frequency] step 33000 VAL ref_ssim=0.6873 (base 0.6646) ref_mse=0.030793 (base 0.024175) best_ssim=0.6900@3000
[x1024/learnable_frequency] step 33100/50000 lr=5.52e-05 d=0.3571 pixel=0.0832 perceptual=1.4582 adv=0.1323 g_total=1.6736 1.59 it/s
[x1024/learnable_frequency] step 33200/50000 lr=5.46e-05 d=0.4106 pixel=0.0904 perceptual=1.3687 adv=0.1542 g_total=1.6133 1.59 it/s
[x1024/learnable_frequency] step 33300/50000 lr=5.41e-05 d=0.5272 pixel=0.0694 perceptual=1.2517 adv=0.1280 g_total=1.4490 1.59 it/s
[x1024/learnable_frequency] step 33400/50000 lr=5.35e-05 d=0.4314 pixel=0.0869 perceptual=1.5062 adv=0.1328 g_total=1.7259 1.59 it/s
[x1024/learnable_frequency] step 33500/50000 lr=5.30e-05 d=0.4740 pixel=0.0758 perceptual=1.3733 adv=0.1157 g_total=1.5649 1.59 it/s
[x1024/learnable_frequency] step 33600/50000 lr=5.25e-05 d=0.4182 pixel=0.0845 perceptual=1.4186 adv=0.1441 g_total=1.6473 1.59 it/s
[x1024/learnable_frequency] step 33700/50000 lr=5.19e-05 d=0.3876 pixel=0.0880 perceptual=1.5247 adv=0.1502 g_total=1.7630 1.59 it/s
[x1024/learnable_frequency] step 33800/50000 lr=5.14e-05 d=0.3395 pixel=0.0765 perceptual=1.3229 adv=0.1599 g_total=1.5593 1.59 it/s
[x1024/learnable_frequency] step 33900/50000 lr=5.09e-05 d=0.3704 pixel=0.0896 perceptual=1.3897 adv=0.1477 g_total=1.6270 1.59 it/s
[x1024/learnable_frequency] step 34000/50000 lr=5.03e-05 d=0.4886 pixel=0.0771 perceptual=1.3935 adv=0.1367 g_total=1.6073 1.59 it/s
[x1024/learnable_frequency] step 34000 VAL ref_ssim=0.6795 (base 0.6646) ref_mse=0.030162 (base 0.024175) best_ssim=0.6900@3000
[x1024/learnable_frequency] step 34100/50000 lr=4.98e-05 d=0.4965 pixel=0.0640 perceptual=1.1558 adv=0.1349 g_total=1.3547 1.59 it/s
[x1024/learnable_frequency] step 34200/50000 lr=4.93e-05 d=0.4851 pixel=0.0844 perceptual=1.4671 adv=0.1255 g_total=1.6770 1.59 it/s
[x1024/learnable_frequency] step 34300/50000 lr=4.88e-05 d=0.3318 pixel=0.0963 perceptual=1.5634 adv=0.1559 g_total=1.8156 1.59 it/s
[x1024/learnable_frequency] step 34400/50000 lr=4.82e-05 d=0.4514 pixel=0.0677 perceptual=1.2959 adv=0.1489 g_total=1.5125 1.59 it/s
[x1024/learnable_frequency] step 34500/50000 lr=4.77e-05 d=0.3362 pixel=0.0772 perceptual=1.3963 adv=0.1382 g_total=1.6117 1.59 it/s
[x1024/learnable_frequency] step 34600/50000 lr=4.72e-05 d=0.4636 pixel=0.0732 perceptual=1.2865 adv=0.1429 g_total=1.5026 1.59 it/s
[x1024/learnable_frequency] step 34700/50000 lr=4.67e-05 d=0.4527 pixel=0.0718 perceptual=1.3023 adv=0.1332 g_total=1.5074 1.59 it/s
[x1024/learnable_frequency] step 34800/50000 lr=4.62e-05 d=0.3962 pixel=0.0733 perceptual=1.2852 adv=0.1613 g_total=1.5199 1.59 it/s
[x1024/learnable_frequency] step 34900/50000 lr=4.57e-05 d=0.4198 pixel=0.0956 perceptual=1.4299 adv=0.1465 g_total=1.6720 1.59 it/s
[x1024/learnable_frequency] step 35000/50000 lr=4.52e-05 d=0.4860 pixel=0.0634 perceptual=1.2117 adv=0.1501 g_total=1.4252 1.59 it/s
[x1024/learnable_frequency] step 35000 VAL ref_ssim=0.6866 (base 0.6646) ref_mse=0.031937 (base 0.024175) best_ssim=0.6900@3000
[x1024/learnable_frequency] step 35100/50000 lr=4.47e-05 d=0.4528 pixel=0.0645 perceptual=1.2457 adv=0.1488 g_total=1.4590 1.59 it/s
[x1024/learnable_frequency] step 35200/50000 lr=4.42e-05 d=0.5092 pixel=0.0622 perceptual=1.2638 adv=0.1293 g_total=1.4553 1.59 it/s
[x1024/learnable_frequency] step 35300/50000 lr=4.36e-05 d=0.4403 pixel=0.0806 perceptual=1.2751 adv=0.1656 g_total=1.5213 1.59 it/s
[x1024/learnable_frequency] step 35400/50000 lr=4.32e-05 d=0.4293 pixel=0.0858 perceptual=1.5138 adv=0.1214 g_total=1.7210 1.59 it/s
[x1024/learnable_frequency] step 35500/50000 lr=4.27e-05 d=0.3764 pixel=0.0786 perceptual=1.3171 adv=0.1388 g_total=1.5345 1.59 it/s
[x1024/learnable_frequency] step 35600/50000 lr=4.22e-05 d=0.4302 pixel=0.0910 perceptual=1.4703 adv=0.1370 g_total=1.6983 1.59 it/s
[x1024/learnable_frequency] step 35700/50000 lr=4.17e-05 d=0.4828 pixel=0.0678 perceptual=1.2267 adv=0.1582 g_total=1.4527 1.59 it/s
[x1024/learnable_frequency] step 35800/50000 lr=4.12e-05 d=0.4267 pixel=0.0707 perceptual=1.1821 adv=0.1476 g_total=1.4004 1.59 it/s
[x1024/learnable_frequency] step 35900/50000 lr=4.07e-05 d=0.5005 pixel=0.0844 perceptual=1.4274 adv=0.1392 g_total=1.6510 1.59 it/s
[x1024/learnable_frequency] step 36000/50000 lr=4.02e-05 d=0.5067 pixel=0.0699 perceptual=1.2401 adv=0.1237 g_total=1.4336 1.59 it/s
[x1024/learnable_frequency] step 36000 VAL ref_ssim=0.6868 (base 0.6646) ref_mse=0.029855 (base 0.024175) best_ssim=0.6900@3000
[x1024/learnable_frequency] step 36100/50000 lr=3.97e-05 d=0.4316 pixel=0.0848 perceptual=1.4553 adv=0.1339 g_total=1.6740 1.59 it/s
[x1024/learnable_frequency] step 36200/50000 lr=3.93e-05 d=0.5680 pixel=0.0687 perceptual=1.1676 adv=0.1365 g_total=1.3729 1.59 it/s
[x1024/learnable_frequency] step 36300/50000 lr=3.88e-05 d=0.5263 pixel=0.0877 perceptual=1.5246 adv=0.1061 g_total=1.7184 1.59 it/s
[x1024/learnable_frequency] step 36400/50000 lr=3.83e-05 d=0.3894 pixel=0.0823 perceptual=1.4300 adv=0.1371 g_total=1.6494 1.59 it/s
[x1024/learnable_frequency] step 36500/50000 lr=3.78e-05 d=0.4172 pixel=0.0795 perceptual=1.4241 adv=0.1679 g_total=1.6715 1.59 it/s
[x1024/learnable_frequency] step 36600/50000 lr=3.74e-05 d=0.3850 pixel=0.0879 perceptual=1.4315 adv=0.1570 g_total=1.6764 1.59 it/s
[x1024/learnable_frequency] step 36700/50000 lr=3.69e-05 d=0.5212 pixel=0.0621 perceptual=1.1583 adv=0.1402 g_total=1.3606 1.59 it/s
[x1024/learnable_frequency] step 36800/50000 lr=3.64e-05 d=0.4887 pixel=0.0645 perceptual=1.1941 adv=0.1373 g_total=1.3959 1.59 it/s
[x1024/learnable_frequency] step 36900/50000 lr=3.60e-05 d=0.3363 pixel=0.1006 perceptual=1.5905 adv=0.1332 g_total=1.8243 1.59 it/s
[x1024/learnable_frequency] step 37000/50000 lr=3.55e-05 d=0.4257 pixel=0.0735 perceptual=1.3191 adv=0.1138 g_total=1.5064 1.59 it/s
[x1024/learnable_frequency] step 37000 VAL ref_ssim=0.6828 (base 0.6646) ref_mse=0.029366 (base 0.024175) best_ssim=0.6900@3000
[x1024/learnable_frequency] step 37100/50000 lr=3.51e-05 d=0.4002 pixel=0.0768 perceptual=1.3485 adv=0.1445 g_total=1.5698 1.59 it/s
[x1024/learnable_frequency] step 37200/50000 lr=3.46e-05 d=0.5134 pixel=0.0672 perceptual=1.3103 adv=0.1201 g_total=1.4977 1.59 it/s
[x1024/learnable_frequency] step 37300/50000 lr=3.42e-05 d=0.4828 pixel=0.0746 perceptual=1.3202 adv=0.1551 g_total=1.5498 1.59 it/s
[x1024/learnable_frequency] step 37400/50000 lr=3.37e-05 d=0.4061 pixel=0.0749 perceptual=1.4748 adv=0.1007 g_total=1.6504 1.59 it/s
[x1024/learnable_frequency] step 37500/50000 lr=3.33e-05 d=0.4747 pixel=0.0722 perceptual=1.3140 adv=0.1214 g_total=1.5076 1.59 it/s
[x1024/learnable_frequency] step 37600/50000 lr=3.28e-05 d=0.3647 pixel=0.0972 perceptual=1.4881 adv=0.1356 g_total=1.7209 1.59 it/s
[x1024/learnable_frequency] step 37700/50000 lr=3.24e-05 d=0.4698 pixel=0.0811 perceptual=1.3382 adv=0.1326 g_total=1.5518 1.59 it/s
[x1024/learnable_frequency] step 37800/50000 lr=3.19e-05 d=0.5446 pixel=0.0702 perceptual=1.3462 adv=0.1120 g_total=1.5284 1.59 it/s
[x1024/learnable_frequency] step 37900/50000 lr=3.15e-05 d=0.4442 pixel=0.0833 perceptual=1.3666 adv=0.1337 g_total=1.5836 1.59 it/s
[x1024/learnable_frequency] step 38000/50000 lr=3.11e-05 d=0.4958 pixel=0.0856 perceptual=1.3807 adv=0.1272 g_total=1.5935 1.59 it/s
[x1024/learnable_frequency] step 38000 VAL ref_ssim=0.6859 (base 0.6646) ref_mse=0.031756 (base 0.024175) best_ssim=0.6900@3000
[x1024/learnable_frequency] step 38100/50000 lr=3.07e-05 d=0.4475 pixel=0.0707 perceptual=1.3001 adv=0.1295 g_total=1.5002 1.59 it/s
[x1024/learnable_frequency] step 38200/50000 lr=3.02e-05 d=0.3988 pixel=0.0777 perceptual=1.3687 adv=0.1316 g_total=1.5781 1.59 it/s
[x1024/learnable_frequency] step 38300/50000 lr=2.98e-05 d=0.4881 pixel=0.0616 perceptual=1.1865 adv=0.1481 g_total=1.3962 1.59 it/s
[x1024/learnable_frequency] step 38400/50000 lr=2.94e-05 d=0.4148 pixel=0.0731 perceptual=1.3587 adv=0.1327 g_total=1.5645 1.59 it/s
[x1024/learnable_frequency] step 38500/50000 lr=2.90e-05 d=0.4339 pixel=0.0795 perceptual=1.4392 adv=0.1253 g_total=1.6441 1.59 it/s
[x1024/learnable_frequency] step 38600/50000 lr=2.86e-05 d=0.3820 pixel=0.0653 perceptual=1.3268 adv=0.1341 g_total=1.5261 1.59 it/s
[x1024/learnable_frequency] step 38700/50000 lr=2.81e-05 d=0.3774 pixel=0.0833 perceptual=1.4439 adv=0.1371 g_total=1.6643 1.59 it/s
[x1024/learnable_frequency] step 38800/50000 lr=2.77e-05 d=0.3940 pixel=0.0903 perceptual=1.4715 adv=0.1432 g_total=1.7050 1.59 it/s
[x1024/learnable_frequency] step 38900/50000 lr=2.73e-05 d=0.4316 pixel=0.0769 perceptual=1.2716 adv=0.1482 g_total=1.4967 1.59 it/s
[x1024/learnable_frequency] step 39000/50000 lr=2.69e-05 d=0.5053 pixel=0.0714 perceptual=1.2433 adv=0.1430 g_total=1.4576 1.59 it/s
[x1024/learnable_frequency] step 39000 VAL ref_ssim=0.6848 (base 0.6646) ref_mse=0.030340 (base 0.024175) best_ssim=0.6900@3000
[x1024/learnable_frequency] step 39100/50000 lr=2.65e-05 d=0.4709 pixel=0.0822 perceptual=1.4008 adv=0.1487 g_total=1.6317 1.59 it/s
[x1024/learnable_frequency] step 39200/50000 lr=2.61e-05 d=0.4184 pixel=0.0746 perceptual=1.4659 adv=0.1218 g_total=1.6623 1.59 it/s
[x1024/learnable_frequency] step 39300/50000 lr=2.57e-05 d=0.5304 pixel=0.0867 perceptual=1.4290 adv=0.1200 g_total=1.6358 1.59 it/s
[x1024/learnable_frequency] step 39400/50000 lr=2.54e-05 d=0.3912 pixel=0.0739 perceptual=1.2860 adv=0.1446 g_total=1.5045 1.59 it/s
[x1024/learnable_frequency] step 39500/50000 lr=2.50e-05 d=0.4440 pixel=0.0813 perceptual=1.3266 adv=0.1328 g_total=1.5407 1.59 it/s
[x1024/learnable_frequency] step 39600/50000 lr=2.46e-05 d=0.3637 pixel=0.0834 perceptual=1.4240 adv=0.1570 g_total=1.6644 1.59 it/s
[x1024/learnable_frequency] step 39700/50000 lr=2.42e-05 d=0.5122 pixel=0.0675 perceptual=1.2381 adv=0.1434 g_total=1.4490 1.59 it/s
[x1024/learnable_frequency] step 39800/50000 lr=2.38e-05 d=0.3204 pixel=0.0835 perceptual=1.4823 adv=0.1458 g_total=1.7116 1.59 it/s
[x1024/learnable_frequency] step 39900/50000 lr=2.35e-05 d=0.4377 pixel=0.0677 perceptual=1.2076 adv=0.1526 g_total=1.4279 1.59 it/s
[x1024/learnable_frequency] step 40000/50000 lr=2.31e-05 d=0.5549 pixel=0.0806 perceptual=1.3722 adv=0.1215 g_total=1.5743 1.59 it/s
[x1024/learnable_frequency] step 40000 VAL ref_ssim=0.6764 (base 0.6646) ref_mse=0.030524 (base 0.024175) best_ssim=0.6900@3000
[x1024/learnable_frequency] step 40100/50000 lr=2.27e-05 d=0.3449 pixel=0.0999 perceptual=1.5498 adv=0.1529 g_total=1.8026 1.59 it/s
[x1024/learnable_frequency] step 40200/50000 lr=2.24e-05 d=0.3623 pixel=0.0822 perceptual=1.4366 adv=0.1525 g_total=1.6713 1.59 it/s
[x1024/learnable_frequency] step 40300/50000 lr=2.20e-05 d=0.3893 pixel=0.0803 perceptual=1.3902 adv=0.1240 g_total=1.5945 1.59 it/s
[x1024/learnable_frequency] step 40400/50000 lr=2.16e-05 d=0.4061 pixel=0.0820 perceptual=1.3657 adv=0.1379 g_total=1.5857 1.59 it/s
[x1024/learnable_frequency] step 40500/50000 lr=2.13e-05 d=0.4148 pixel=0.0811 perceptual=1.4413 adv=0.1452 g_total=1.6676 1.59 it/s
[x1024/learnable_frequency] step 40600/50000 lr=2.09e-05 d=0.4026 pixel=0.0846 perceptual=1.4443 adv=0.1292 g_total=1.6582 1.59 it/s
[x1024/learnable_frequency] step 40700/50000 lr=2.06e-05 d=0.4422 pixel=0.0731 perceptual=1.3163 adv=0.1586 g_total=1.5480 1.59 it/s
[x1024/learnable_frequency] step 40800/50000 lr=2.02e-05 d=0.3794 pixel=0.0841 perceptual=1.4414 adv=0.1335 g_total=1.6590 1.59 it/s
[x1024/learnable_frequency] step 40900/50000 lr=1.99e-05 d=0.4028 pixel=0.0858 perceptual=1.4552 adv=0.1275 g_total=1.6685 1.59 it/s
[x1024/learnable_frequency] step 41000/50000 lr=1.96e-05 d=0.3998 pixel=0.0798 perceptual=1.3508 adv=0.1533 g_total=1.5839 1.59 it/s
[x1024/learnable_frequency] step 41000 VAL ref_ssim=0.6666 (base 0.6646) ref_mse=0.033169 (base 0.024175) best_ssim=0.6900@3000
[x1024/learnable_frequency] step 41100/50000 lr=1.92e-05 d=0.5444 pixel=0.0827 perceptual=1.4229 adv=0.1150 g_total=1.6207 1.59 it/s
[x1024/learnable_frequency] step 41200/50000 lr=1.89e-05 d=0.3891 pixel=0.0848 perceptual=1.4368 adv=0.1401 g_total=1.6617 1.59 it/s
[x1024/learnable_frequency] step 41300/50000 lr=1.86e-05 d=0.4203 pixel=0.0806 perceptual=1.3746 adv=0.1393 g_total=1.5945 1.59 it/s
[x1024/learnable_frequency] step 41400/50000 lr=1.82e-05 d=0.5038 pixel=0.0744 perceptual=1.2876 adv=0.1357 g_total=1.4977 1.59 it/s
[x1024/learnable_frequency] step 41500/50000 lr=1.79e-05 d=0.4097 pixel=0.0806 perceptual=1.3504 adv=0.1349 g_total=1.5659 1.59 it/s
[x1024/learnable_frequency] step 41600/50000 lr=1.76e-05 d=0.3454 pixel=0.0892 perceptual=1.4571 adv=0.1522 g_total=1.6986 1.59 it/s
[x1024/learnable_frequency] step 41700/50000 lr=1.73e-05 d=0.4842 pixel=0.0675 perceptual=1.2602 adv=0.1431 g_total=1.4708 1.59 it/s
[x1024/learnable_frequency] step 41800/50000 lr=1.70e-05 d=0.3698 pixel=0.0731 perceptual=1.4215 adv=0.1437 g_total=1.6383 1.59 it/s
[x1024/learnable_frequency] step 41900/50000 lr=1.67e-05 d=0.4018 pixel=0.0871 perceptual=1.4870 adv=0.1241 g_total=1.6982 1.59 it/s
[x1024/learnable_frequency] step 42000/50000 lr=1.64e-05 d=0.4370 pixel=0.0720 perceptual=1.2738 adv=0.1286 g_total=1.4743 1.59 it/s
[x1024/learnable_frequency] step 42000 VAL ref_ssim=0.6856 (base 0.6646) ref_mse=0.031289 (base 0.024175) best_ssim=0.6900@3000
[x1024/learnable_frequency] step 42100/50000 lr=1.61e-05 d=0.3953 pixel=0.0790 perceptual=1.3921 adv=0.1372 g_total=1.6083 1.59 it/s
[x1024/learnable_frequency] step 42200/50000 lr=1.58e-05 d=0.4684 pixel=0.0687 perceptual=1.2534 adv=0.1399 g_total=1.4620 1.59 it/s
[x1024/learnable_frequency] step 42300/50000 lr=1.55e-05 d=0.4246 pixel=0.0874 perceptual=1.4232 adv=0.1545 g_total=1.6650 1.59 it/s
[x1024/learnable_frequency] step 42400/50000 lr=1.52e-05 d=0.4539 pixel=0.0775 perceptual=1.3524 adv=0.1553 g_total=1.5851 1.59 it/s
[x1024/learnable_frequency] step 42500/50000 lr=1.49e-05 d=0.5530 pixel=0.0705 perceptual=1.3148 adv=0.1265 g_total=1.5119 1.59 it/s
[x1024/learnable_frequency] step 42600/50000 lr=1.46e-05 d=0.5465 pixel=0.0668 perceptual=1.2626 adv=0.1293 g_total=1.4588 1.59 it/s
[x1024/learnable_frequency] step 42700/50000 lr=1.43e-05 d=0.4290 pixel=0.0832 perceptual=1.3271 adv=0.1609 g_total=1.5712 1.59 it/s
[x1024/learnable_frequency] step 42800/50000 lr=1.41e-05 d=0.4112 pixel=0.0750 perceptual=1.3267 adv=0.1741 g_total=1.5758 1.59 it/s
[x1024/learnable_frequency] step 42900/50000 lr=1.38e-05 d=0.3553 pixel=0.0845 perceptual=1.4897 adv=0.1601 g_total=1.7343 1.59 it/s
[x1024/learnable_frequency] step 43000/50000 lr=1.35e-05 d=0.4437 pixel=0.0840 perceptual=1.3386 adv=0.1497 g_total=1.5724 1.59 it/s
[x1024/learnable_frequency] step 43000 VAL ref_ssim=0.6803 (base 0.6646) ref_mse=0.031290 (base 0.024175) best_ssim=0.6900@3000
[x1024/learnable_frequency] step 43100/50000 lr=1.33e-05 d=0.4293 pixel=0.0708 perceptual=1.2882 adv=0.1332 g_total=1.4922 1.59 it/s
[x1024/learnable_frequency] step 43200/50000 lr=1.30e-05 d=0.4726 pixel=0.0719 perceptual=1.2927 adv=0.1349 g_total=1.4995 1.59 it/s
[x1024/learnable_frequency] step 43300/50000 lr=1.27e-05 d=0.3578 pixel=0.0830 perceptual=1.4338 adv=0.1521 g_total=1.6688 1.59 it/s
[x1024/learnable_frequency] step 43400/50000 lr=1.25e-05 d=0.3972 pixel=0.0623 perceptual=1.2583 adv=0.1335 g_total=1.4541 1.59 it/s
[x1024/learnable_frequency] step 43500/50000 lr=1.22e-05 d=0.4852 pixel=0.0613 perceptual=1.2540 adv=0.1297 g_total=1.4451 1.59 it/s
[x1024/learnable_frequency] step 43600/50000 lr=1.20e-05 d=0.4617 pixel=0.0707 perceptual=1.2714 adv=0.1494 g_total=1.4916 1.59 it/s
[x1024/learnable_frequency] step 43700/50000 lr=1.17e-05 d=0.4324 pixel=0.0664 perceptual=1.2048 adv=0.1562 g_total=1.4274 1.59 it/s
[x1024/learnable_frequency] step 43800/50000 lr=1.15e-05 d=0.3557 pixel=0.0898 perceptual=1.5192 adv=0.1307 g_total=1.7397 1.59 it/s
[x1024/learnable_frequency] step 43900/50000 lr=1.13e-05 d=0.3984 pixel=0.0899 perceptual=1.5481 adv=0.1155 g_total=1.7536 1.59 it/s
[x1024/learnable_frequency] step 44000/50000 lr=1.10e-05 d=0.5022 pixel=0.0700 perceptual=1.2585 adv=0.1410 g_total=1.4695 1.59 it/s
[x1024/learnable_frequency] step 44000 VAL ref_ssim=0.6743 (base 0.6646) ref_mse=0.032512 (base 0.024175) best_ssim=0.6900@3000
[x1024/learnable_frequency] step 44100/50000 lr=1.08e-05 d=0.4026 pixel=0.0816 perceptual=1.3191 adv=0.1739 g_total=1.5746 1.59 it/s
[x1024/learnable_frequency] step 44200/50000 lr=1.06e-05 d=0.5145 pixel=0.0701 perceptual=1.2862 adv=0.1160 g_total=1.4723 1.59 it/s
[x1024/learnable_frequency] step 44300/50000 lr=1.03e-05 d=0.3881 pixel=0.0809 perceptual=1.4246 adv=0.1432 g_total=1.6487 1.59 it/s
[x1024/learnable_frequency] step 44400/50000 lr=1.01e-05 d=0.4457 pixel=0.0866 perceptual=1.3722 adv=0.1620 g_total=1.6208 1.59 it/s
[x1024/learnable_frequency] step 44500/50000 lr=9.91e-06 d=0.4404 pixel=0.0703 perceptual=1.2079 adv=0.1743 g_total=1.4526 1.59 it/s
[x1024/learnable_frequency] step 44600/50000 lr=9.70e-06 d=0.4876 pixel=0.0575 perceptual=1.1365 adv=0.1471 g_total=1.3411 1.59 it/s
[x1024/learnable_frequency] step 44700/50000 lr=9.49e-06 d=0.4173 pixel=0.0820 perceptual=1.4507 adv=0.1534 g_total=1.6862 1.59 it/s
[x1024/learnable_frequency] step 44800/50000 lr=9.29e-06 d=0.3869 pixel=0.0736 perceptual=1.3533 adv=0.1279 g_total=1.5548 1.59 it/s
[x1024/learnable_frequency] step 44900/50000 lr=9.09e-06 d=0.3189 pixel=0.0986 perceptual=1.4766 adv=0.1504 g_total=1.7256 1.59 it/s
[x1024/learnable_frequency] step 45000/50000 lr=8.89e-06 d=0.4439 pixel=0.0824 perceptual=1.4022 adv=0.1765 g_total=1.6611 1.59 it/s
[x1024/learnable_frequency] step 45000 VAL ref_ssim=0.6836 (base 0.6646) ref_mse=0.032115 (base 0.024175) best_ssim=0.6900@3000
[x1024/learnable_frequency] step 45100/50000 lr=8.70e-06 d=0.3351 pixel=0.0910 perceptual=1.4323 adv=0.1466 g_total=1.6699 1.59 it/s
[x1024/learnable_frequency] step 45200/50000 lr=8.51e-06 d=0.3560 pixel=0.0845 perceptual=1.4104 adv=0.1661 g_total=1.6611 1.59 it/s
[x1024/learnable_frequency] step 45300/50000 lr=8.33e-06 d=0.3924 pixel=0.0799 perceptual=1.3396 adv=0.1318 g_total=1.5513 1.59 it/s
[x1024/learnable_frequency] step 45400/50000 lr=8.15e-06 d=0.3908 pixel=0.0695 perceptual=1.3300 adv=0.1739 g_total=1.5734 1.59 it/s
[x1024/learnable_frequency] step 45500/50000 lr=7.97e-06 d=0.4489 pixel=0.0777 perceptual=1.3643 adv=0.1282 g_total=1.5701 1.59 it/s
[x1024/learnable_frequency] step 45600/50000 lr=7.80e-06 d=0.4237 pixel=0.0642 perceptual=1.2043 adv=0.1500 g_total=1.4186 1.59 it/s
[x1024/learnable_frequency] step 45700/50000 lr=7.63e-06 d=0.4088 pixel=0.0818 perceptual=1.3391 adv=0.1509 g_total=1.5718 1.59 it/s
[x1024/learnable_frequency] step 45800/50000 lr=7.46e-06 d=0.4060 pixel=0.0972 perceptual=1.4289 adv=0.1625 g_total=1.6885 1.59 it/s
[x1024/learnable_frequency] step 45900/50000 lr=7.30e-06 d=0.4487 pixel=0.0763 perceptual=1.2656 adv=0.1427 g_total=1.4846 1.59 it/s
[x1024/learnable_frequency] step 46000/50000 lr=7.14e-06 d=0.4092 pixel=0.0837 perceptual=1.4947 adv=0.1252 g_total=1.7036 1.59 it/s
[x1024/learnable_frequency] step 46000 VAL ref_ssim=0.6861 (base 0.6646) ref_mse=0.031458 (base 0.024175) best_ssim=0.6900@3000
[x1024/learnable_frequency] step 46100/50000 lr=6.99e-06 d=0.3515 pixel=0.0809 perceptual=1.4040 adv=0.1455 g_total=1.6304 1.59 it/s
[x1024/learnable_frequency] step 46200/50000 lr=6.84e-06 d=0.4192 pixel=0.0759 perceptual=1.3863 adv=0.1506 g_total=1.6128 1.59 it/s
[x1024/learnable_frequency] step 46300/50000 lr=6.69e-06 d=0.3658 pixel=0.0832 perceptual=1.4575 adv=0.1314 g_total=1.6722 1.59 it/s
[x1024/learnable_frequency] step 46400/50000 lr=6.55e-06 d=0.4373 pixel=0.0645 perceptual=1.1968 adv=0.1544 g_total=1.4158 1.59 it/s
[x1024/learnable_frequency] step 46500/50000 lr=6.41e-06 d=0.4161 pixel=0.0852 perceptual=1.3876 adv=0.1536 g_total=1.6264 1.59 it/s
[x1024/learnable_frequency] step 46600/50000 lr=6.27e-06 d=0.5080 pixel=0.0700 perceptual=1.2266 adv=0.1415 g_total=1.4381 1.59 it/s
[x1024/learnable_frequency] step 46700/50000 lr=6.14e-06 d=0.3359 pixel=0.0878 perceptual=1.5064 adv=0.1434 g_total=1.7375 1.59 it/s
[x1024/learnable_frequency] step 46800/50000 lr=6.02e-06 d=0.4096 pixel=0.0779 perceptual=1.4103 adv=0.1408 g_total=1.6290 1.59 it/s
[x1024/learnable_frequency] step 46900/50000 lr=5.89e-06 d=0.3343 pixel=0.0963 perceptual=1.4955 adv=0.1477 g_total=1.7396 1.59 it/s
[x1024/learnable_frequency] step 47000/50000 lr=5.77e-06 d=0.4014 pixel=0.0724 perceptual=1.3889 adv=0.1388 g_total=1.6001 1.59 it/s
[x1024/learnable_frequency] step 47000 VAL ref_ssim=0.6844 (base 0.6646) ref_mse=0.031204 (base 0.024175) best_ssim=0.6900@3000
[x1024/learnable_frequency] step 47100/50000 lr=5.66e-06 d=0.4009 pixel=0.0780 perceptual=1.4422 adv=0.1454 g_total=1.6656 1.59 it/s
[x1024/learnable_frequency] step 47200/50000 lr=5.54e-06 d=0.4316 pixel=0.0630 perceptual=1.2160 adv=0.1568 g_total=1.4358 1.59 it/s
[x1024/learnable_frequency] step 47300/50000 lr=5.44e-06 d=0.3443 pixel=0.0867 perceptual=1.5067 adv=0.1606 g_total=1.7540 1.59 it/s
[x1024/learnable_frequency] step 47400/50000 lr=5.33e-06 d=0.3944 pixel=0.0631 perceptual=1.2550 adv=0.1330 g_total=1.4511 1.59 it/s
[x1024/learnable_frequency] step 47500/50000 lr=5.23e-06 d=0.3611 pixel=0.0811 perceptual=1.4033 adv=0.1613 g_total=1.6458 1.59 it/s
[x1024/learnable_frequency] step 47600/50000 lr=5.14e-06 d=0.4247 pixel=0.0742 perceptual=1.3022 adv=0.1319 g_total=1.5083 1.59 it/s
[x1024/learnable_frequency] step 47700/50000 lr=5.04e-06 d=0.3509 pixel=0.0799 perceptual=1.3788 adv=0.1707 g_total=1.6294 1.59 it/s
[x1024/learnable_frequency] step 47800/50000 lr=4.95e-06 d=0.3956 pixel=0.0863 perceptual=1.4118 adv=0.1758 g_total=1.6739 1.59 it/s
[x1024/learnable_frequency] step 47900/50000 lr=4.87e-06 d=0.4284 pixel=0.0934 perceptual=1.4473 adv=0.1587 g_total=1.6995 1.59 it/s
[x1024/learnable_frequency] step 48000/50000 lr=4.79e-06 d=0.3575 pixel=0.0881 perceptual=1.4851 adv=0.1380 g_total=1.7112 1.59 it/s
[x1024/learnable_frequency] step 48000 VAL ref_ssim=0.6829 (base 0.6646) ref_mse=0.032230 (base 0.024175) best_ssim=0.6900@3000
[x1024/learnable_frequency] step 48100/50000 lr=4.71e-06 d=0.3771 pixel=0.0843 perceptual=1.3087 adv=0.1563 g_total=1.5493 1.59 it/s
[x1024/learnable_frequency] step 48200/50000 lr=4.64e-06 d=0.3365 pixel=0.0911 perceptual=1.4084 adv=0.1753 g_total=1.6748 1.59 it/s
[x1024/learnable_frequency] step 48300/50000 lr=4.57e-06 d=0.3912 pixel=0.0925 perceptual=1.4730 adv=0.1797 g_total=1.7453 1.59 it/s
[x1024/learnable_frequency] step 48400/50000 lr=4.51e-06 d=0.3983 pixel=0.0887 perceptual=1.4556 adv=0.1638 g_total=1.7081 1.59 it/s
[x1024/learnable_frequency] step 48500/50000 lr=4.44e-06 d=0.3491 pixel=0.0872 perceptual=1.3945 adv=0.1790 g_total=1.6607 1.59 it/s
[x1024/learnable_frequency] step 48600/50000 lr=4.39e-06 d=0.3612 pixel=0.0957 perceptual=1.4576 adv=0.1489 g_total=1.7023 1.59 it/s
[x1024/learnable_frequency] step 48700/50000 lr=4.33e-06 d=0.3084 pixel=0.0919 perceptual=1.5097 adv=0.1842 g_total=1.7858 1.59 it/s
[x1024/learnable_frequency] step 48800/50000 lr=4.28e-06 d=0.3199 pixel=0.1044 perceptual=1.6798 adv=0.1277 g_total=1.9118 1.59 it/s
[x1024/learnable_frequency] step 48900/50000 lr=4.24e-06 d=0.4177 pixel=0.0714 perceptual=1.2298 adv=0.1668 g_total=1.4680 1.59 it/s
[x1024/learnable_frequency] step 49000/50000 lr=4.20e-06 d=0.4327 pixel=0.0705 perceptual=1.3130 adv=0.1348 g_total=1.5183 1.59 it/s
[x1024/learnable_frequency] step 49000 VAL ref_ssim=0.6812 (base 0.6646) ref_mse=0.032872 (base 0.024175) best_ssim=0.6900@3000
[x1024/learnable_frequency] step 49100/50000 lr=4.16e-06 d=0.2949 pixel=0.0827 perceptual=1.3738 adv=0.1545 g_total=1.6109 1.59 it/s
[x1024/learnable_frequency] step 49200/50000 lr=4.13e-06 d=0.2475 pixel=0.0703 perceptual=1.3383 adv=0.1582 g_total=1.5668 1.59 it/s
[x1024/learnable_frequency] step 49300/50000 lr=4.10e-06 d=0.3340 pixel=0.0827 perceptual=1.3863 adv=0.1547 g_total=1.6236 1.59 it/s
[x1024/learnable_frequency] step 49400/50000 lr=4.07e-06 d=0.3059 pixel=0.0871 perceptual=1.3936 adv=0.1695 g_total=1.6502 1.59 it/s
[x1024/learnable_frequency] step 49500/50000 lr=4.05e-06 d=0.4062 pixel=0.0864 perceptual=1.4062 adv=0.1978 g_total=1.6904 1.59 it/s
[x1024/learnable_frequency] step 49600/50000 lr=4.03e-06 d=0.3685 pixel=0.0828 perceptual=1.4124 adv=0.1652 g_total=1.6603 1.59 it/s
[x1024/learnable_frequency] step 49700/50000 lr=4.02e-06 d=0.3603 pixel=0.0841 perceptual=1.3919 adv=0.1788 g_total=1.6548 1.59 it/s
[x1024/learnable_frequency] step 49800/50000 lr=4.01e-06 d=0.3545 pixel=0.0865 perceptual=1.4307 adv=0.1379 g_total=1.6551 1.59 it/s
[x1024/learnable_frequency] step 49900/50000 lr=4.00e-06 d=0.4526 pixel=0.0803 perceptual=1.3617 adv=0.1656 g_total=1.6076 1.59 it/s
[x1024/learnable_frequency] step 50000/50000 lr=4.00e-06 d=0.4951 pixel=0.0638 perceptual=1.1579 adv=0.1483 g_total=1.3700 1.59 it/s
[x1024/learnable_frequency] step 50000 VAL ref_ssim=0.6843 (base 0.6646) ref_mse=0.031851 (base 0.024175) best_ssim=0.6900@3000
[x1024/learnable_frequency] DONE test base->ref  SSIM 0.6369->0.6657 (++0.0287) | MSE 0.026253->0.029647 (+0.003393) | 523.4 min
