[x16/learnable_frequency] loading frozen base ...
[x16/learnable_frequency] building caches (frozen base forward) ...
[x16/learnable_frequency] cache: train=7920 val=40 test=60 (60s)
/home/leonidas/workspace/differentiable_micoscopy_replication/microscopy-clean/.venv/lib/python3.12/site-packages/timm/models/layers/__init__.py:49: FutureWarning: Importing from timm.models.layers is deprecated, please import via timm.layers
  warnings.warn(f"Importing from {__name__} is deprecated, please import via timm.layers", FutureWarning)
/home/leonidas/workspace/differentiable_micoscopy_replication/microscopy-clean/.venv/lib/python3.12/site-packages/torch/functional.py:505: UserWarning: torch.meshgrid: in an upcoming release, it will be required to pass the indexing argument. (Triggered internally at /pytorch/aten/src/ATen/native/TensorShape.cpp:4381.)
  return _VF.meshgrid(tensors, **kwargs)  # type: ignore[attr-defined]
[x16/learnable_frequency] SwinIR params=11.50M embed_dim=180 depths=[6, 6, 6, 6, 6, 6] identity_init=True
[x16/learnable_frequency] base val: ssim=0.9192 mse=0.000881
[x16/learnable_frequency] step 100/50000 lr=4.00e-05 d=0.6241 pixel=0.0202 perceptual=1.1431 adv=0.0662 g_total=1.2296 1.62 it/s
[x16/learnable_frequency] step 200/50000 lr=8.00e-05 d=0.6313 pixel=0.0171 perceptual=0.9931 adv=0.0545 g_total=1.0647 1.60 it/s
[x16/learnable_frequency] step 300/50000 lr=1.20e-04 d=0.6171 pixel=0.0138 perceptual=0.7616 adv=0.0769 g_total=0.8523 1.61 it/s
[x16/learnable_frequency] step 400/50000 lr=1.60e-04 d=0.6644 pixel=0.0174 perceptual=0.8013 adv=0.0872 g_total=0.9059 1.62 it/s
[x16/learnable_frequency] step 500/50000 lr=2.00e-04 d=0.6481 pixel=0.0171 perceptual=0.8105 adv=0.0597 g_total=0.8872 1.62 it/s
[x16/learnable_frequency] step 600/50000 lr=2.00e-04 d=0.7579 pixel=0.0185 perceptual=0.7389 adv=0.0580 g_total=0.8153 1.62 it/s
[x16/learnable_frequency] step 700/50000 lr=2.00e-04 d=0.6183 pixel=0.0183 perceptual=0.8106 adv=0.0740 g_total=0.9028 1.62 it/s
[x16/learnable_frequency] step 800/50000 lr=2.00e-04 d=0.6973 pixel=0.0133 perceptual=0.6133 adv=0.0798 g_total=0.7064 1.62 it/s
[x16/learnable_frequency] step 900/50000 lr=2.00e-04 d=0.6970 pixel=0.0159 perceptual=0.7050 adv=0.0788 g_total=0.7998 1.62 it/s
[x16/learnable_frequency] step 1000/50000 lr=2.00e-04 d=0.7956 pixel=0.0161 perceptual=0.7303 adv=0.0592 g_total=0.8056 1.62 it/s
[x16/learnable_frequency] step 1000 VAL ref_ssim=0.8989 (base 0.9192) ref_mse=0.000976 (base 0.000881) best_ssim=0.8989@1000 *
[x16/learnable_frequency] step 1100/50000 lr=2.00e-04 d=0.6894 pixel=0.0183 perceptual=0.6962 adv=0.0678 g_total=0.7824 1.59 it/s
[x16/learnable_frequency] step 1200/50000 lr=2.00e-04 d=0.6934 pixel=0.0155 perceptual=0.6426 adv=0.0705 g_total=0.7286 1.60 it/s
[x16/learnable_frequency] step 1300/50000 lr=2.00e-04 d=0.6880 pixel=0.0168 perceptual=0.6989 adv=0.0712 g_total=0.7869 1.60 it/s
[x16/learnable_frequency] step 1400/50000 lr=2.00e-04 d=0.6946 pixel=0.0176 perceptual=0.6637 adv=0.0741 g_total=0.7554 1.60 it/s
[x16/learnable_frequency] step 1500/50000 lr=2.00e-04 d=0.6924 pixel=0.0127 perceptual=0.5654 adv=0.0698 g_total=0.6479 1.60 it/s
[x16/learnable_frequency] step 1600/50000 lr=2.00e-04 d=0.6931 pixel=0.0141 perceptual=0.6366 adv=0.0741 g_total=0.7248 1.60 it/s
[x16/learnable_frequency] step 1700/50000 lr=2.00e-04 d=0.6934 pixel=0.0139 perceptual=0.5922 adv=0.0720 g_total=0.6781 1.60 it/s
[x16/learnable_frequency] step 1800/50000 lr=2.00e-04 d=0.6987 pixel=0.0186 perceptual=0.8409 adv=0.0732 g_total=0.9327 1.60 it/s
[x16/learnable_frequency] step 1900/50000 lr=2.00e-04 d=0.6918 pixel=0.0157 perceptual=0.6631 adv=0.0695 g_total=0.7483 1.60 it/s
[x16/learnable_frequency] step 2000/50000 lr=2.00e-04 d=0.6946 pixel=0.0132 perceptual=0.6171 adv=0.0710 g_total=0.7013 1.61 it/s
[x16/learnable_frequency] step 2000 VAL ref_ssim=0.9069 (base 0.9192) ref_mse=0.000805 (base 0.000881) best_ssim=0.9069@2000 *
[x16/learnable_frequency] step 2100/50000 lr=1.99e-04 d=0.6931 pixel=0.0143 perceptual=0.6216 adv=0.0699 g_total=0.7057 1.59 it/s
[x16/learnable_frequency] step 2200/50000 lr=1.99e-04 d=0.6905 pixel=0.0134 perceptual=0.6117 adv=0.0672 g_total=0.6922 1.59 it/s
[x16/learnable_frequency] step 2300/50000 lr=1.99e-04 d=0.6582 pixel=0.0140 perceptual=0.6207 adv=0.0686 g_total=0.7033 1.60 it/s
[x16/learnable_frequency] step 2400/50000 lr=1.99e-04 d=0.6933 pixel=0.0146 perceptual=0.6551 adv=0.0706 g_total=0.7403 1.60 it/s
[x16/learnable_frequency] step 2500/50000 lr=1.99e-04 d=0.6931 pixel=0.0146 perceptual=0.6223 adv=0.0696 g_total=0.7065 1.60 it/s
[x16/learnable_frequency] step 2600/50000 lr=1.99e-04 d=0.6927 pixel=0.0144 perceptual=0.5863 adv=0.0697 g_total=0.6704 1.60 it/s
[x16/learnable_frequency] step 2700/50000 lr=1.99e-04 d=0.6908 pixel=0.0128 perceptual=0.5630 adv=0.0692 g_total=0.6450 1.60 it/s
[x16/learnable_frequency] step 2800/50000 lr=1.99e-04 d=0.6707 pixel=0.0144 perceptual=0.6267 adv=0.0692 g_total=0.7103 1.60 it/s
[x16/learnable_frequency] step 2900/50000 lr=1.99e-04 d=0.7094 pixel=0.0171 perceptual=0.7123 adv=0.0706 g_total=0.8000 1.60 it/s
[x16/learnable_frequency] step 3000/50000 lr=1.99e-04 d=0.6928 pixel=0.0128 perceptual=0.5574 adv=0.0694 g_total=0.6396 1.60 it/s
[x16/learnable_frequency] step 3000 VAL ref_ssim=0.9024 (base 0.9192) ref_mse=0.000797 (base 0.000881) best_ssim=0.9069@2000
[x16/learnable_frequency] step 3100/50000 lr=1.99e-04 d=0.7175 pixel=0.0142 perceptual=0.6131 adv=0.0648 g_total=0.6922 1.59 it/s
[x16/learnable_frequency] step 3200/50000 lr=1.99e-04 d=0.6679 pixel=0.0138 perceptual=0.5959 adv=0.0752 g_total=0.6848 1.59 it/s
[x16/learnable_frequency] step 3300/50000 lr=1.98e-04 d=0.6893 pixel=0.0162 perceptual=0.7341 adv=0.0685 g_total=0.8188 1.59 it/s
[x16/learnable_frequency] step 3400/50000 lr=1.98e-04 d=0.6851 pixel=0.0134 perceptual=0.6179 adv=0.0687 g_total=0.7000 1.59 it/s
[x16/learnable_frequency] step 3500/50000 lr=1.98e-04 d=0.6895 pixel=0.0122 perceptual=0.5759 adv=0.0701 g_total=0.6582 1.60 it/s
[x16/learnable_frequency] step 3600/50000 lr=1.98e-04 d=0.6828 pixel=0.0148 perceptual=0.6023 adv=0.0721 g_total=0.6892 1.60 it/s
[x16/learnable_frequency] step 3700/50000 lr=1.98e-04 d=0.6994 pixel=0.0136 perceptual=0.6256 adv=0.0737 g_total=0.7128 1.60 it/s
[x16/learnable_frequency] step 3800/50000 lr=1.98e-04 d=0.6734 pixel=0.0167 perceptual=0.6320 adv=0.0762 g_total=0.7249 1.60 it/s
[x16/learnable_frequency] step 3900/50000 lr=1.98e-04 d=0.6919 pixel=0.0138 perceptual=0.5808 adv=0.0696 g_total=0.6642 1.60 it/s
[x16/learnable_frequency] step 4000/50000 lr=1.98e-04 d=0.6909 pixel=0.0132 perceptual=0.5786 adv=0.0714 g_total=0.6632 1.60 it/s
[x16/learnable_frequency] step 4000 VAL ref_ssim=0.8977 (base 0.9192) ref_mse=0.000784 (base 0.000881) best_ssim=0.9069@2000
[x16/learnable_frequency] step 4100/50000 lr=1.97e-04 d=0.7286 pixel=0.0142 perceptual=0.5983 adv=0.0691 g_total=0.6816 1.59 it/s
[x16/learnable_frequency] step 4200/50000 lr=1.97e-04 d=0.6905 pixel=0.0122 perceptual=0.5396 adv=0.0695 g_total=0.6213 1.59 it/s
[x16/learnable_frequency] step 4300/50000 lr=1.97e-04 d=0.6928 pixel=0.0145 perceptual=0.6282 adv=0.0675 g_total=0.7102 1.59 it/s
[x16/learnable_frequency] step 4400/50000 lr=1.97e-04 d=0.6996 pixel=0.0130 perceptual=0.5801 adv=0.0692 g_total=0.6623 1.59 it/s
[x16/learnable_frequency] step 4500/50000 lr=1.97e-04 d=0.6931 pixel=0.0136 perceptual=0.6199 adv=0.0697 g_total=0.7033 1.59 it/s
[x16/learnable_frequency] step 4600/50000 lr=1.97e-04 d=0.6913 pixel=0.0154 perceptual=0.5329 adv=0.0701 g_total=0.6183 1.59 it/s
[x16/learnable_frequency] step 4700/50000 lr=1.97e-04 d=0.6938 pixel=0.0126 perceptual=0.5555 adv=0.0687 g_total=0.6367 1.59 it/s
[x16/learnable_frequency] step 4800/50000 lr=1.96e-04 d=0.6774 pixel=0.0152 perceptual=0.6258 adv=0.0726 g_total=0.7135 1.60 it/s
[x16/learnable_frequency] step 4900/50000 lr=1.96e-04 d=0.6920 pixel=0.0126 perceptual=0.5485 adv=0.0704 g_total=0.6315 1.60 it/s
[x16/learnable_frequency] step 5000/50000 lr=1.96e-04 d=0.6809 pixel=0.0145 perceptual=0.6572 adv=0.0709 g_total=0.7426 1.60 it/s
[x16/learnable_frequency] step 5000 VAL ref_ssim=0.9107 (base 0.9192) ref_mse=0.000734 (base 0.000881) best_ssim=0.9107@5000 *
[x16/learnable_frequency] step 5100/50000 lr=1.96e-04 d=0.6819 pixel=0.0116 perceptual=0.5455 adv=0.0712 g_total=0.6282 1.59 it/s
[x16/learnable_frequency] step 5200/50000 lr=1.96e-04 d=0.6804 pixel=0.0126 perceptual=0.5673 adv=0.0732 g_total=0.6531 1.59 it/s
[x16/learnable_frequency] step 5300/50000 lr=1.95e-04 d=0.6897 pixel=0.0139 perceptual=0.6027 adv=0.0689 g_total=0.6854 1.59 it/s
[x16/learnable_frequency] step 5400/50000 lr=1.95e-04 d=0.7300 pixel=0.0154 perceptual=0.6724 adv=0.0660 g_total=0.7538 1.59 it/s
[x16/learnable_frequency] step 5500/50000 lr=1.95e-04 d=0.6809 pixel=0.0134 perceptual=0.6001 adv=0.0756 g_total=0.6891 1.59 it/s
[x16/learnable_frequency] step 5600/50000 lr=1.95e-04 d=0.7064 pixel=0.0129 perceptual=0.5311 adv=0.0739 g_total=0.6179 1.59 it/s
[x16/learnable_frequency] step 5700/50000 lr=1.95e-04 d=0.6935 pixel=0.0145 perceptual=0.6635 adv=0.0688 g_total=0.7469 1.59 it/s
[x16/learnable_frequency] step 5800/50000 lr=1.95e-04 d=0.6926 pixel=0.0136 perceptual=0.5971 adv=0.0691 g_total=0.6798 1.60 it/s
[x16/learnable_frequency] step 5900/50000 lr=1.94e-04 d=0.6913 pixel=0.0138 perceptual=0.6069 adv=0.0691 g_total=0.6898 1.60 it/s
[x16/learnable_frequency] step 6000/50000 lr=1.94e-04 d=0.8188 pixel=0.0133 perceptual=0.5975 adv=0.0420 g_total=0.6529 1.60 it/s
[x16/learnable_frequency] step 6000 VAL ref_ssim=0.9138 (base 0.9192) ref_mse=0.000709 (base 0.000881) best_ssim=0.9138@6000 *
[x16/learnable_frequency] step 6100/50000 lr=1.94e-04 d=0.6876 pixel=0.0123 perceptual=0.5403 adv=0.0690 g_total=0.6216 1.59 it/s
[x16/learnable_frequency] step 6200/50000 lr=1.94e-04 d=0.7360 pixel=0.0124 perceptual=0.5577 adv=0.0675 g_total=0.6375 1.59 it/s
[x16/learnable_frequency] step 6300/50000 lr=1.93e-04 d=0.7776 pixel=0.0133 perceptual=0.5535 adv=0.0570 g_total=0.6239 1.59 it/s
[x16/learnable_frequency] step 6400/50000 lr=1.93e-04 d=0.6744 pixel=0.0151 perceptual=0.5816 adv=0.0831 g_total=0.6798 1.59 it/s
[x16/learnable_frequency] step 6500/50000 lr=1.93e-04 d=0.6908 pixel=0.0112 perceptual=0.5594 adv=0.0711 g_total=0.6418 1.59 it/s
[x16/learnable_frequency] step 6600/50000 lr=1.93e-04 d=0.6711 pixel=0.0119 perceptual=0.5282 adv=0.0789 g_total=0.6190 1.59 it/s
[x16/learnable_frequency] step 6700/50000 lr=1.93e-04 d=0.6910 pixel=0.0111 perceptual=0.4894 adv=0.0698 g_total=0.5703 1.59 it/s
[x16/learnable_frequency] step 6800/50000 lr=1.92e-04 d=0.6689 pixel=0.0136 perceptual=0.6003 adv=0.0767 g_total=0.6906 1.60 it/s
[x16/learnable_frequency] step 6900/50000 lr=1.92e-04 d=0.6812 pixel=0.0143 perceptual=0.6317 adv=0.0780 g_total=0.7240 1.60 it/s
[x16/learnable_frequency] step 7000/50000 lr=1.92e-04 d=0.7043 pixel=0.0139 perceptual=0.5907 adv=0.0690 g_total=0.6736 1.60 it/s
[x16/learnable_frequency] step 7000 VAL ref_ssim=0.9110 (base 0.9192) ref_mse=0.000713 (base 0.000881) best_ssim=0.9138@6000
[x16/learnable_frequency] step 7100/50000 lr=1.92e-04 d=0.6856 pixel=0.0143 perceptual=0.6335 adv=0.0717 g_total=0.7195 1.59 it/s
[x16/learnable_frequency] step 7200/50000 lr=1.91e-04 d=0.6955 pixel=0.0106 perceptual=0.4833 adv=0.0642 g_total=0.5582 1.59 it/s
[x16/learnable_frequency] step 7300/50000 lr=1.91e-04 d=0.7049 pixel=0.0134 perceptual=0.5800 adv=0.0742 g_total=0.6676 1.59 it/s
[x16/learnable_frequency] step 7400/50000 lr=1.91e-04 d=0.6821 pixel=0.0111 perceptual=0.5369 adv=0.0730 g_total=0.6210 1.59 it/s
[x16/learnable_frequency] step 7500/50000 lr=1.90e-04 d=0.6890 pixel=0.0132 perceptual=0.5801 adv=0.0818 g_total=0.6751 1.59 it/s
[x16/learnable_frequency] step 7600/50000 lr=1.90e-04 d=0.6835 pixel=0.0122 perceptual=0.5250 adv=0.0729 g_total=0.6100 1.59 it/s
[x16/learnable_frequency] step 7700/50000 lr=1.90e-04 d=0.6904 pixel=0.0131 perceptual=0.5752 adv=0.0738 g_total=0.6621 1.59 it/s
[x16/learnable_frequency] step 7800/50000 lr=1.90e-04 d=0.6791 pixel=0.0120 perceptual=0.5537 adv=0.0686 g_total=0.6343 1.59 it/s
[x16/learnable_frequency] step 7900/50000 lr=1.89e-04 d=0.6674 pixel=0.0150 perceptual=0.6167 adv=0.0816 g_total=0.7132 1.60 it/s
[x16/learnable_frequency] step 8000/50000 lr=1.89e-04 d=0.6760 pixel=0.0157 perceptual=0.6498 adv=0.0799 g_total=0.7454 1.60 it/s
[x16/learnable_frequency] step 8000 VAL ref_ssim=0.9118 (base 0.9192) ref_mse=0.000737 (base 0.000881) best_ssim=0.9138@6000
[x16/learnable_frequency] step 8100/50000 lr=1.89e-04 d=0.7406 pixel=0.0152 perceptual=0.5952 adv=0.1024 g_total=0.7128 1.59 it/s
[x16/learnable_frequency] step 8200/50000 lr=1.89e-04 d=0.6740 pixel=0.0118 perceptual=0.5206 adv=0.0782 g_total=0.6106 1.59 it/s
[x16/learnable_frequency] step 8300/50000 lr=1.88e-04 d=0.6773 pixel=0.0138 perceptual=0.5818 adv=0.0690 g_total=0.6647 1.59 it/s
[x16/learnable_frequency] step 8400/50000 lr=1.88e-04 d=0.7075 pixel=0.0123 perceptual=0.5869 adv=0.0610 g_total=0.6603 1.59 it/s
[x16/learnable_frequency] step 8500/50000 lr=1.88e-04 d=0.6410 pixel=0.0141 perceptual=0.6061 adv=0.0627 g_total=0.6829 1.59 it/s
[x16/learnable_frequency] step 8600/50000 lr=1.87e-04 d=0.6849 pixel=0.0126 perceptual=0.5169 adv=0.0777 g_total=0.6072 1.59 it/s
[x16/learnable_frequency] step 8700/50000 lr=1.87e-04 d=0.6626 pixel=0.0166 perceptual=0.6155 adv=0.0698 g_total=0.7019 1.59 it/s
[x16/learnable_frequency] step 8800/50000 lr=1.87e-04 d=0.6891 pixel=0.0132 perceptual=0.5896 adv=0.0632 g_total=0.6660 1.59 it/s
[x16/learnable_frequency] step 8900/50000 lr=1.86e-04 d=0.6114 pixel=0.0140 perceptual=0.5831 adv=0.0586 g_total=0.6557 1.59 it/s
[x16/learnable_frequency] step 9000/50000 lr=1.86e-04 d=0.6175 pixel=0.0138 perceptual=0.6099 adv=0.0675 g_total=0.6912 1.59 it/s
[x16/learnable_frequency] step 9000 VAL ref_ssim=0.9093 (base 0.9192) ref_mse=0.000745 (base 0.000881) best_ssim=0.9138@6000
[x16/learnable_frequency] step 9100/50000 lr=1.86e-04 d=0.6782 pixel=0.0134 perceptual=0.5771 adv=0.0824 g_total=0.6730 1.59 it/s
[x16/learnable_frequency] step 9200/50000 lr=1.85e-04 d=0.6862 pixel=0.0147 perceptual=0.6416 adv=0.0708 g_total=0.7270 1.59 it/s
[x16/learnable_frequency] step 9300/50000 lr=1.85e-04 d=0.7023 pixel=0.0149 perceptual=0.5827 adv=0.0775 g_total=0.6751 1.59 it/s
[x16/learnable_frequency] step 9400/50000 lr=1.85e-04 d=0.6394 pixel=0.0139 perceptual=0.5662 adv=0.0665 g_total=0.6466 1.59 it/s
[x16/learnable_frequency] step 9500/50000 lr=1.84e-04 d=0.6563 pixel=0.0165 perceptual=0.5969 adv=0.0766 g_total=0.6900 1.59 it/s
[x16/learnable_frequency] step 9600/50000 lr=1.84e-04 d=0.6893 pixel=0.0129 perceptual=0.5657 adv=0.0723 g_total=0.6510 1.59 it/s
[x16/learnable_frequency] step 9700/50000 lr=1.84e-04 d=0.6581 pixel=0.0150 perceptual=0.6314 adv=0.0799 g_total=0.7263 1.59 it/s
[x16/learnable_frequency] step 9800/50000 lr=1.83e-04 d=0.6554 pixel=0.0132 perceptual=0.5820 adv=0.0815 g_total=0.6767 1.59 it/s
[x16/learnable_frequency] step 9900/50000 lr=1.83e-04 d=0.6945 pixel=0.0135 perceptual=0.5650 adv=0.0907 g_total=0.6691 1.59 it/s
[x16/learnable_frequency] step 10000/50000 lr=1.83e-04 d=0.6317 pixel=0.0155 perceptual=0.5901 adv=0.0800 g_total=0.6856 1.59 it/s
[x16/learnable_frequency] step 10000 VAL ref_ssim=0.9074 (base 0.9192) ref_mse=0.000836 (base 0.000881) best_ssim=0.9138@6000
[x16/learnable_frequency] step 10100/50000 lr=1.82e-04 d=0.6648 pixel=0.0134 perceptual=0.5860 adv=0.0735 g_total=0.6728 1.59 it/s
[x16/learnable_frequency] step 10200/50000 lr=1.82e-04 d=0.7207 pixel=0.0122 perceptual=0.5220 adv=0.0829 g_total=0.6171 1.59 it/s
[x16/learnable_frequency] step 10300/50000 lr=1.82e-04 d=0.6135 pixel=0.0143 perceptual=0.6061 adv=0.0745 g_total=0.6948 1.59 it/s
[x16/learnable_frequency] step 10400/50000 lr=1.81e-04 d=0.7036 pixel=0.0142 perceptual=0.5936 adv=0.0881 g_total=0.6959 1.59 it/s
[x16/learnable_frequency] step 10500/50000 lr=1.81e-04 d=0.6901 pixel=0.0121 perceptual=0.5278 adv=0.0624 g_total=0.6023 1.59 it/s
[x16/learnable_frequency] step 10600/50000 lr=1.81e-04 d=0.6726 pixel=0.0137 perceptual=0.5980 adv=0.0682 g_total=0.6798 1.59 it/s
[x16/learnable_frequency] step 10700/50000 lr=1.80e-04 d=0.6818 pixel=0.0142 perceptual=0.6334 adv=0.0775 g_total=0.7251 1.59 it/s
[x16/learnable_frequency] step 10800/50000 lr=1.80e-04 d=0.7125 pixel=0.0129 perceptual=0.5283 adv=0.0754 g_total=0.6166 1.59 it/s
[x16/learnable_frequency] step 10900/50000 lr=1.79e-04 d=0.6884 pixel=0.0129 perceptual=0.6006 adv=0.0839 g_total=0.6974 1.59 it/s
[x16/learnable_frequency] step 11000/50000 lr=1.79e-04 d=0.6619 pixel=0.0123 perceptual=0.5637 adv=0.0490 g_total=0.6251 1.59 it/s
[x16/learnable_frequency] step 11000 VAL ref_ssim=0.9075 (base 0.9192) ref_mse=0.000767 (base 0.000881) best_ssim=0.9138@6000
[x16/learnable_frequency] step 11100/50000 lr=1.79e-04 d=0.6819 pixel=0.0139 perceptual=0.6213 adv=0.0741 g_total=0.7092 1.59 it/s
[x16/learnable_frequency] step 11200/50000 lr=1.78e-04 d=0.6645 pixel=0.0135 perceptual=0.5701 adv=0.0709 g_total=0.6544 1.59 it/s
[x16/learnable_frequency] step 11300/50000 lr=1.78e-04 d=0.6902 pixel=0.0134 perceptual=0.6039 adv=0.0743 g_total=0.6916 1.59 it/s
[x16/learnable_frequency] step 11400/50000 lr=1.77e-04 d=0.7420 pixel=0.0119 perceptual=0.5266 adv=0.0790 g_total=0.6176 1.59 it/s
[x16/learnable_frequency] step 11500/50000 lr=1.77e-04 d=0.6738 pixel=0.0116 perceptual=0.5237 adv=0.0768 g_total=0.6122 1.59 it/s
[x16/learnable_frequency] step 11600/50000 lr=1.77e-04 d=0.6676 pixel=0.0155 perceptual=0.5646 adv=0.0737 g_total=0.6538 1.59 it/s
[x16/learnable_frequency] step 11700/50000 lr=1.76e-04 d=0.6923 pixel=0.0120 perceptual=0.5366 adv=0.0722 g_total=0.6207 1.59 it/s
[x16/learnable_frequency] step 11800/50000 lr=1.76e-04 d=0.6487 pixel=0.0161 perceptual=0.6427 adv=0.0782 g_total=0.7369 1.59 it/s
[x16/learnable_frequency] step 11900/50000 lr=1.75e-04 d=0.6916 pixel=0.0165 perceptual=0.6810 adv=0.0698 g_total=0.7673 1.59 it/s
[x16/learnable_frequency] step 12000/50000 lr=1.75e-04 d=0.7908 pixel=0.0132 perceptual=0.5682 adv=0.0572 g_total=0.6387 1.59 it/s
[x16/learnable_frequency] step 12000 VAL ref_ssim=0.8787 (base 0.9192) ref_mse=0.000864 (base 0.000881) best_ssim=0.9138@6000
[x16/learnable_frequency] step 12100/50000 lr=1.75e-04 d=0.6828 pixel=0.0181 perceptual=0.7453 adv=0.0639 g_total=0.8273 1.59 it/s
[x16/learnable_frequency] step 12200/50000 lr=1.74e-04 d=0.7019 pixel=0.0116 perceptual=0.5453 adv=0.0770 g_total=0.6339 1.59 it/s
[x16/learnable_frequency] step 12300/50000 lr=1.74e-04 d=0.7017 pixel=0.0149 perceptual=0.6553 adv=0.0763 g_total=0.7465 1.59 it/s
[x16/learnable_frequency] step 12400/50000 lr=1.73e-04 d=0.6613 pixel=0.0138 perceptual=0.5817 adv=0.0664 g_total=0.6620 1.59 it/s
[x16/learnable_frequency] step 12500/50000 lr=1.73e-04 d=0.7050 pixel=0.0130 perceptual=0.5829 adv=0.0794 g_total=0.6753 1.59 it/s
[x16/learnable_frequency] step 12600/50000 lr=1.72e-04 d=0.6648 pixel=0.0120 perceptual=0.5476 adv=0.0714 g_total=0.6310 1.59 it/s
[x16/learnable_frequency] step 12700/50000 lr=1.72e-04 d=0.6856 pixel=0.0112 perceptual=0.5194 adv=0.0710 g_total=0.6016 1.59 it/s
[x16/learnable_frequency] step 12800/50000 lr=1.72e-04 d=0.6937 pixel=0.0141 perceptual=0.5944 adv=0.0663 g_total=0.6748 1.59 it/s
[x16/learnable_frequency] step 12900/50000 lr=1.71e-04 d=0.7119 pixel=0.0149 perceptual=0.6645 adv=0.0954 g_total=0.7748 1.59 it/s
[x16/learnable_frequency] step 13000/50000 lr=1.71e-04 d=0.7483 pixel=0.0129 perceptual=0.5670 adv=0.0521 g_total=0.6319 1.59 it/s
[x16/learnable_frequency] step 13000 VAL ref_ssim=0.9082 (base 0.9192) ref_mse=0.000726 (base 0.000881) best_ssim=0.9138@6000
[x16/learnable_frequency] step 13100/50000 lr=1.70e-04 d=0.6028 pixel=0.0153 perceptual=0.6246 adv=0.0764 g_total=0.7163 1.59 it/s
[x16/learnable_frequency] step 13200/50000 lr=1.70e-04 d=0.7073 pixel=0.0113 perceptual=0.5396 adv=0.0825 g_total=0.6334 1.59 it/s
[x16/learnable_frequency] step 13300/50000 lr=1.69e-04 d=0.6748 pixel=0.0130 perceptual=0.5840 adv=0.0718 g_total=0.6687 1.59 it/s
[x16/learnable_frequency] step 13400/50000 lr=1.69e-04 d=0.6867 pixel=0.0122 perceptual=0.5219 adv=0.0709 g_total=0.6051 1.59 it/s
[x16/learnable_frequency] step 13500/50000 lr=1.68e-04 d=0.7488 pixel=0.0147 perceptual=0.6384 adv=0.0601 g_total=0.7131 1.59 it/s
[x16/learnable_frequency] step 13600/50000 lr=1.68e-04 d=0.7095 pixel=0.0151 perceptual=0.5941 adv=0.0808 g_total=0.6899 1.59 it/s
[x16/learnable_frequency] step 13700/50000 lr=1.68e-04 d=0.6706 pixel=0.0150 perceptual=0.6529 adv=0.0745 g_total=0.7423 1.59 it/s
[x16/learnable_frequency] step 13800/50000 lr=1.67e-04 d=0.6541 pixel=0.0131 perceptual=0.5943 adv=0.0795 g_total=0.6869 1.59 it/s
[x16/learnable_frequency] step 13900/50000 lr=1.67e-04 d=0.6909 pixel=0.0157 perceptual=0.6743 adv=0.0815 g_total=0.7714 1.59 it/s
[x16/learnable_frequency] step 14000/50000 lr=1.66e-04 d=0.6878 pixel=0.0146 perceptual=0.6151 adv=0.0647 g_total=0.6944 1.59 it/s
[x16/learnable_frequency] step 14000 VAL ref_ssim=0.9126 (base 0.9192) ref_mse=0.000741 (base 0.000881) best_ssim=0.9138@6000
[x16/learnable_frequency] step 14100/50000 lr=1.66e-04 d=0.7274 pixel=0.0143 perceptual=0.6231 adv=0.0840 g_total=0.7214 1.59 it/s
[x16/learnable_frequency] step 14200/50000 lr=1.65e-04 d=0.6755 pixel=0.0150 perceptual=0.6833 adv=0.0704 g_total=0.7686 1.59 it/s
[x16/learnable_frequency] step 14300/50000 lr=1.65e-04 d=0.5139 pixel=0.0139 perceptual=0.5805 adv=0.0779 g_total=0.6723 1.59 it/s
[x16/learnable_frequency] step 14400/50000 lr=1.64e-04 d=0.6887 pixel=0.0155 perceptual=0.5954 adv=0.0593 g_total=0.6701 1.59 it/s
[x16/learnable_frequency] step 14500/50000 lr=1.64e-04 d=0.6882 pixel=0.0136 perceptual=0.6313 adv=0.0717 g_total=0.7166 1.59 it/s
[x16/learnable_frequency] step 14600/50000 lr=1.63e-04 d=0.5555 pixel=0.0158 perceptual=0.5943 adv=0.0734 g_total=0.6835 1.59 it/s
[x16/learnable_frequency] step 14700/50000 lr=1.63e-04 d=0.6703 pixel=0.0139 perceptual=0.5701 adv=0.0699 g_total=0.6539 1.59 it/s
[x16/learnable_frequency] step 14800/50000 lr=1.62e-04 d=0.6655 pixel=0.0153 perceptual=0.6619 adv=0.0728 g_total=0.7500 1.59 it/s
[x16/learnable_frequency] step 14900/50000 lr=1.62e-04 d=0.6888 pixel=0.0132 perceptual=0.5562 adv=0.0633 g_total=0.6328 1.59 it/s
[x16/learnable_frequency] step 15000/50000 lr=1.61e-04 d=0.6640 pixel=0.0137 perceptual=0.5854 adv=0.0755 g_total=0.6746 1.59 it/s
[x16/learnable_frequency] step 15000 VAL ref_ssim=0.9104 (base 0.9192) ref_mse=0.000736 (base 0.000881) best_ssim=0.9138@6000
[x16/learnable_frequency] step 15100/50000 lr=1.61e-04 d=0.6781 pixel=0.0132 perceptual=0.5828 adv=0.0703 g_total=0.6663 1.59 it/s
[x16/learnable_frequency] step 15200/50000 lr=1.60e-04 d=0.6540 pixel=0.0128 perceptual=0.5901 adv=0.0813 g_total=0.6843 1.59 it/s
[x16/learnable_frequency] step 15300/50000 lr=1.60e-04 d=0.6732 pixel=0.0147 perceptual=0.6329 adv=0.0785 g_total=0.7261 1.59 it/s
[x16/learnable_frequency] step 15400/50000 lr=1.59e-04 d=0.5737 pixel=0.0124 perceptual=0.5626 adv=0.0591 g_total=0.6342 1.59 it/s
[x16/learnable_frequency] step 15500/50000 lr=1.59e-04 d=0.6831 pixel=0.0124 perceptual=0.5716 adv=0.0751 g_total=0.6591 1.59 it/s
[x16/learnable_frequency] step 15600/50000 lr=1.58e-04 d=0.7098 pixel=0.0165 perceptual=0.5437 adv=0.0681 g_total=0.6283 1.59 it/s
[x16/learnable_frequency] step 15700/50000 lr=1.58e-04 d=0.6865 pixel=0.0109 perceptual=0.4893 adv=0.0769 g_total=0.5771 1.59 it/s
[x16/learnable_frequency] step 15800/50000 lr=1.57e-04 d=0.6284 pixel=0.0101 perceptual=0.4751 adv=0.0691 g_total=0.5543 1.59 it/s
[x16/learnable_frequency] step 15900/50000 lr=1.57e-04 d=0.7710 pixel=0.0159 perceptual=0.6620 adv=0.0509 g_total=0.7288 1.59 it/s
[x16/learnable_frequency] step 16000/50000 lr=1.56e-04 d=0.6779 pixel=0.0145 perceptual=0.6111 adv=0.0759 g_total=0.7015 1.59 it/s
[x16/learnable_frequency] step 16000 VAL ref_ssim=0.9041 (base 0.9192) ref_mse=0.000757 (base 0.000881) best_ssim=0.9138@6000
[x16/learnable_frequency] step 16100/50000 lr=1.56e-04 d=0.6830 pixel=0.0125 perceptual=0.5441 adv=0.0789 g_total=0.6355 1.59 it/s
[x16/learnable_frequency] step 16200/50000 lr=1.55e-04 d=0.6737 pixel=0.0125 perceptual=0.5300 adv=0.0765 g_total=0.6189 1.59 it/s
[x16/learnable_frequency] step 16300/50000 lr=1.55e-04 d=0.6876 pixel=0.0149 perceptual=0.6233 adv=0.0819 g_total=0.7201 1.59 it/s
[x16/learnable_frequency] step 16400/50000 lr=1.54e-04 d=0.6978 pixel=0.0126 perceptual=0.5475 adv=0.0686 g_total=0.6287 1.59 it/s
[x16/learnable_frequency] step 16500/50000 lr=1.54e-04 d=0.6580 pixel=0.0170 perceptual=0.6305 adv=0.0624 g_total=0.7099 1.59 it/s
[x16/learnable_frequency] step 16600/50000 lr=1.53e-04 d=0.6660 pixel=0.0120 perceptual=0.5217 adv=0.0688 g_total=0.6025 1.59 it/s
[x16/learnable_frequency] step 16700/50000 lr=1.53e-04 d=0.6950 pixel=0.0127 perceptual=0.5185 adv=0.0576 g_total=0.5888 1.59 it/s
[x16/learnable_frequency] step 16800/50000 lr=1.52e-04 d=0.6396 pixel=0.0160 perceptual=0.5974 adv=0.0759 g_total=0.6893 1.59 it/s
[x16/learnable_frequency] step 16900/50000 lr=1.52e-04 d=0.6399 pixel=0.0143 perceptual=0.6305 adv=0.0614 g_total=0.7061 1.59 it/s
[x16/learnable_frequency] step 17000/50000 lr=1.51e-04 d=0.6319 pixel=0.0121 perceptual=0.5718 adv=0.0674 g_total=0.6513 1.59 it/s
[x16/learnable_frequency] step 17000 VAL ref_ssim=0.9117 (base 0.9192) ref_mse=0.000730 (base 0.000881) best_ssim=0.9138@6000
[x16/learnable_frequency] step 17100/50000 lr=1.50e-04 d=0.6516 pixel=0.0149 perceptual=0.6303 adv=0.0741 g_total=0.7193 1.59 it/s
[x16/learnable_frequency] step 17200/50000 lr=1.50e-04 d=0.6793 pixel=0.0164 perceptual=0.5774 adv=0.0737 g_total=0.6675 1.59 it/s
[x16/learnable_frequency] step 17300/50000 lr=1.49e-04 d=0.6916 pixel=0.0130 perceptual=0.5842 adv=0.0663 g_total=0.6635 1.59 it/s
[x16/learnable_frequency] step 17400/50000 lr=1.49e-04 d=0.6499 pixel=0.0149 perceptual=0.5214 adv=0.0660 g_total=0.6023 1.59 it/s
[x16/learnable_frequency] step 17500/50000 lr=1.48e-04 d=0.6430 pixel=0.0133 perceptual=0.5884 adv=0.0681 g_total=0.6699 1.59 it/s
[x16/learnable_frequency] step 17600/50000 lr=1.48e-04 d=0.7047 pixel=0.0137 perceptual=0.5944 adv=0.0860 g_total=0.6941 1.59 it/s
[x16/learnable_frequency] step 17700/50000 lr=1.47e-04 d=0.6542 pixel=0.0121 perceptual=0.5320 adv=0.0763 g_total=0.6204 1.59 it/s
[x16/learnable_frequency] step 17800/50000 lr=1.47e-04 d=0.6347 pixel=0.0156 perceptual=0.6234 adv=0.0668 g_total=0.7058 1.59 it/s
[x16/learnable_frequency] step 17900/50000 lr=1.46e-04 d=0.7067 pixel=0.0131 perceptual=0.5663 adv=0.0677 g_total=0.6471 1.59 it/s
[x16/learnable_frequency] step 18000/50000 lr=1.46e-04 d=0.6609 pixel=0.0126 perceptual=0.5749 adv=0.0727 g_total=0.6602 1.59 it/s
[x16/learnable_frequency] step 18000 VAL ref_ssim=0.9078 (base 0.9192) ref_mse=0.000763 (base 0.000881) best_ssim=0.9138@6000
[x16/learnable_frequency] step 18100/50000 lr=1.45e-04 d=0.6795 pixel=0.0129 perceptual=0.5693 adv=0.0745 g_total=0.6567 1.59 it/s
[x16/learnable_frequency] step 18200/50000 lr=1.44e-04 d=0.6681 pixel=0.0122 perceptual=0.5828 adv=0.0631 g_total=0.6582 1.59 it/s
[x16/learnable_frequency] step 18300/50000 lr=1.44e-04 d=0.6570 pixel=0.0122 perceptual=0.5493 adv=0.0684 g_total=0.6300 1.59 it/s
[x16/learnable_frequency] step 18400/50000 lr=1.43e-04 d=0.6073 pixel=0.0148 perceptual=0.6142 adv=0.0775 g_total=0.7065 1.59 it/s
[x16/learnable_frequency] step 18500/50000 lr=1.43e-04 d=0.6526 pixel=0.0115 perceptual=0.5009 adv=0.0671 g_total=0.5796 1.59 it/s
[x16/learnable_frequency] step 18600/50000 lr=1.42e-04 d=0.6693 pixel=0.0140 perceptual=0.5958 adv=0.0818 g_total=0.6916 1.59 it/s
[x16/learnable_frequency] step 18700/50000 lr=1.42e-04 d=0.7166 pixel=0.0163 perceptual=0.6295 adv=0.0738 g_total=0.7196 1.59 it/s
[x16/learnable_frequency] step 18800/50000 lr=1.41e-04 d=0.6377 pixel=0.0135 perceptual=0.6010 adv=0.0743 g_total=0.6888 1.59 it/s
[x16/learnable_frequency] step 18900/50000 lr=1.40e-04 d=0.6888 pixel=0.0124 perceptual=0.5010 adv=0.0821 g_total=0.5955 1.59 it/s
[x16/learnable_frequency] step 19000/50000 lr=1.40e-04 d=0.6087 pixel=0.0153 perceptual=0.4978 adv=0.0748 g_total=0.5879 1.59 it/s
[x16/learnable_frequency] step 19000 VAL ref_ssim=0.9081 (base 0.9192) ref_mse=0.000796 (base 0.000881) best_ssim=0.9138@6000
[x16/learnable_frequency] step 19100/50000 lr=1.39e-04 d=0.6682 pixel=0.0127 perceptual=0.5698 adv=0.0703 g_total=0.6527 1.59 it/s
[x16/learnable_frequency] step 19200/50000 lr=1.39e-04 d=0.6668 pixel=0.0155 perceptual=0.5620 adv=0.0740 g_total=0.6516 1.59 it/s
[x16/learnable_frequency] step 19300/50000 lr=1.38e-04 d=0.7032 pixel=0.0121 perceptual=0.5204 adv=0.0679 g_total=0.6004 1.59 it/s
[x16/learnable_frequency] step 19400/50000 lr=1.38e-04 d=0.6723 pixel=0.0157 perceptual=0.5174 adv=0.0675 g_total=0.6006 1.59 it/s
[x16/learnable_frequency] step 19500/50000 lr=1.37e-04 d=0.6897 pixel=0.0182 perceptual=0.6113 adv=0.0688 g_total=0.6984 1.59 it/s
[x16/learnable_frequency] step 19600/50000 lr=1.36e-04 d=0.6573 pixel=0.0111 perceptual=0.5083 adv=0.0760 g_total=0.5954 1.59 it/s
[x16/learnable_frequency] step 19700/50000 lr=1.36e-04 d=0.6421 pixel=0.0152 perceptual=0.5932 adv=0.0744 g_total=0.6829 1.59 it/s
[x16/learnable_frequency] step 19800/50000 lr=1.35e-04 d=0.6658 pixel=0.0147 perceptual=0.5953 adv=0.0753 g_total=0.6853 1.59 it/s
[x16/learnable_frequency] step 19900/50000 lr=1.35e-04 d=0.6267 pixel=0.0156 perceptual=0.6270 adv=0.0748 g_total=0.7174 1.59 it/s
[x16/learnable_frequency] step 20000/50000 lr=1.34e-04 d=0.6502 pixel=0.0153 perceptual=0.5908 adv=0.0753 g_total=0.6813 1.59 it/s
[x16/learnable_frequency] step 20000 VAL ref_ssim=0.9039 (base 0.9192) ref_mse=0.000813 (base 0.000881) best_ssim=0.9138@6000
[x16/learnable_frequency] step 20100/50000 lr=1.33e-04 d=0.6728 pixel=0.0168 perceptual=0.6179 adv=0.0722 g_total=0.7069 1.59 it/s
[x16/learnable_frequency] step 20200/50000 lr=1.33e-04 d=0.6808 pixel=0.0141 perceptual=0.5952 adv=0.0660 g_total=0.6753 1.59 it/s
[x16/learnable_frequency] step 20300/50000 lr=1.32e-04 d=0.7371 pixel=0.0186 perceptual=0.6169 adv=0.0836 g_total=0.7190 1.59 it/s
[x16/learnable_frequency] step 20400/50000 lr=1.32e-04 d=0.6836 pixel=0.0138 perceptual=0.5610 adv=0.0837 g_total=0.6586 1.59 it/s
[x16/learnable_frequency] step 20500/50000 lr=1.31e-04 d=0.6893 pixel=0.0155 perceptual=0.5912 adv=0.0733 g_total=0.6799 1.59 it/s
[x16/learnable_frequency] step 20600/50000 lr=1.31e-04 d=0.6379 pixel=0.0180 perceptual=0.6956 adv=0.0611 g_total=0.7747 1.59 it/s
[x16/learnable_frequency] step 20700/50000 lr=1.30e-04 d=0.7091 pixel=0.0163 perceptual=0.6387 adv=0.0705 g_total=0.7255 1.59 it/s
[x16/learnable_frequency] step 20800/50000 lr=1.29e-04 d=0.6782 pixel=0.0119 perceptual=0.4822 adv=0.0653 g_total=0.5594 1.59 it/s
[x16/learnable_frequency] step 20900/50000 lr=1.29e-04 d=0.6605 pixel=0.0146 perceptual=0.5916 adv=0.0842 g_total=0.6904 1.59 it/s
[x16/learnable_frequency] step 21000/50000 lr=1.28e-04 d=0.6669 pixel=0.0150 perceptual=0.6378 adv=0.0762 g_total=0.7290 1.59 it/s
[x16/learnable_frequency] step 21000 VAL ref_ssim=0.9055 (base 0.9192) ref_mse=0.000810 (base 0.000881) best_ssim=0.9138@6000
[x16/learnable_frequency] step 21100/50000 lr=1.28e-04 d=0.6729 pixel=0.0173 perceptual=0.7015 adv=0.0593 g_total=0.7782 1.59 it/s
[x16/learnable_frequency] step 21200/50000 lr=1.27e-04 d=0.6645 pixel=0.0151 perceptual=0.6264 adv=0.0692 g_total=0.7107 1.59 it/s
[x16/learnable_frequency] step 21300/50000 lr=1.26e-04 d=0.6938 pixel=0.0121 perceptual=0.5279 adv=0.0606 g_total=0.6007 1.59 it/s
[x16/learnable_frequency] step 21400/50000 lr=1.26e-04 d=0.6792 pixel=0.0153 perceptual=0.5911 adv=0.0669 g_total=0.6733 1.59 it/s
[x16/learnable_frequency] step 21500/50000 lr=1.25e-04 d=0.6645 pixel=0.0133 perceptual=0.5742 adv=0.0738 g_total=0.6613 1.59 it/s
[x16/learnable_frequency] step 21600/50000 lr=1.25e-04 d=0.6379 pixel=0.0158 perceptual=0.6512 adv=0.0728 g_total=0.7398 1.59 it/s
[x16/learnable_frequency] step 21700/50000 lr=1.24e-04 d=0.7312 pixel=0.0117 perceptual=0.5238 adv=0.0735 g_total=0.6089 1.59 it/s
[x16/learnable_frequency] step 21800/50000 lr=1.23e-04 d=0.7298 pixel=0.0156 perceptual=0.5613 adv=0.0712 g_total=0.6481 1.59 it/s
[x16/learnable_frequency] step 21900/50000 lr=1.23e-04 d=0.6894 pixel=0.0142 perceptual=0.5794 adv=0.0743 g_total=0.6678 1.59 it/s
[x16/learnable_frequency] step 22000/50000 lr=1.22e-04 d=0.6713 pixel=0.0136 perceptual=0.5588 adv=0.0776 g_total=0.6500 1.59 it/s
[x16/learnable_frequency] step 22000 VAL ref_ssim=0.9073 (base 0.9192) ref_mse=0.000812 (base 0.000881) best_ssim=0.9138@6000
[x16/learnable_frequency] step 22100/50000 lr=1.21e-04 d=0.7059 pixel=0.0130 perceptual=0.5411 adv=0.0865 g_total=0.6406 1.59 it/s
[x16/learnable_frequency] step 22200/50000 lr=1.21e-04 d=0.7038 pixel=0.0140 perceptual=0.5738 adv=0.0704 g_total=0.6581 1.59 it/s
[x16/learnable_frequency] step 22300/50000 lr=1.20e-04 d=0.6830 pixel=0.0131 perceptual=0.5719 adv=0.0707 g_total=0.6557 1.59 it/s
[x16/learnable_frequency] step 22400/50000 lr=1.20e-04 d=0.6585 pixel=0.0151 perceptual=0.6403 adv=0.0729 g_total=0.7284 1.59 it/s
[x16/learnable_frequency] step 22500/50000 lr=1.19e-04 d=0.7114 pixel=0.0148 perceptual=0.6299 adv=0.0881 g_total=0.7328 1.59 it/s
[x16/learnable_frequency] step 22600/50000 lr=1.18e-04 d=0.6648 pixel=0.0142 perceptual=0.5843 adv=0.0707 g_total=0.6693 1.59 it/s
[x16/learnable_frequency] step 22700/50000 lr=1.18e-04 d=0.6747 pixel=0.0154 perceptual=0.5749 adv=0.0708 g_total=0.6612 1.59 it/s
[x16/learnable_frequency] step 22800/50000 lr=1.17e-04 d=0.6808 pixel=0.0161 perceptual=0.6132 adv=0.0652 g_total=0.6945 1.59 it/s
[x16/learnable_frequency] step 22900/50000 lr=1.17e-04 d=0.6884 pixel=0.0144 perceptual=0.5572 adv=0.0596 g_total=0.6311 1.59 it/s
[x16/learnable_frequency] step 23000/50000 lr=1.16e-04 d=0.6739 pixel=0.0138 perceptual=0.5449 adv=0.0799 g_total=0.6386 1.59 it/s
[x16/learnable_frequency] step 23000 VAL ref_ssim=0.9046 (base 0.9192) ref_mse=0.000875 (base 0.000881) best_ssim=0.9138@6000
[x16/learnable_frequency] step 23100/50000 lr=1.15e-04 d=0.6635 pixel=0.0138 perceptual=0.6046 adv=0.0885 g_total=0.7070 1.59 it/s
[x16/learnable_frequency] step 23200/50000 lr=1.15e-04 d=0.6819 pixel=0.0152 perceptual=0.5905 adv=0.0809 g_total=0.6866 1.59 it/s
[x16/learnable_frequency] step 23300/50000 lr=1.14e-04 d=0.6651 pixel=0.0151 perceptual=0.6574 adv=0.0719 g_total=0.7444 1.59 it/s
[x16/learnable_frequency] step 23400/50000 lr=1.13e-04 d=0.6742 pixel=0.0136 perceptual=0.5564 adv=0.0636 g_total=0.6336 1.59 it/s
[x16/learnable_frequency] step 23500/50000 lr=1.13e-04 d=0.6587 pixel=0.0150 perceptual=0.6079 adv=0.0680 g_total=0.6908 1.59 it/s
[x16/learnable_frequency] step 23600/50000 lr=1.12e-04 d=0.6850 pixel=0.0150 perceptual=0.6209 adv=0.0671 g_total=0.7030 1.59 it/s
[x16/learnable_frequency] step 23700/50000 lr=1.12e-04 d=0.6080 pixel=0.0140 perceptual=0.6282 adv=0.0756 g_total=0.7177 1.59 it/s
[x16/learnable_frequency] step 23800/50000 lr=1.11e-04 d=0.6802 pixel=0.0154 perceptual=0.6250 adv=0.0637 g_total=0.7042 1.59 it/s
[x16/learnable_frequency] step 23900/50000 lr=1.10e-04 d=0.6694 pixel=0.0146 perceptual=0.5708 adv=0.0701 g_total=0.6555 1.59 it/s
[x16/learnable_frequency] step 24000/50000 lr=1.10e-04 d=0.6294 pixel=0.0149 perceptual=0.6208 adv=0.0693 g_total=0.7049 1.59 it/s
[x16/learnable_frequency] step 24000 VAL ref_ssim=0.9030 (base 0.9192) ref_mse=0.000811 (base 0.000881) best_ssim=0.9138@6000
[x16/learnable_frequency] step 24100/50000 lr=1.09e-04 d=0.6518 pixel=0.0142 perceptual=0.5847 adv=0.0632 g_total=0.6621 1.59 it/s
[x16/learnable_frequency] step 24200/50000 lr=1.09e-04 d=0.6828 pixel=0.0147 perceptual=0.5851 adv=0.0778 g_total=0.6775 1.59 it/s
[x16/learnable_frequency] step 24300/50000 lr=1.08e-04 d=0.6981 pixel=0.0144 perceptual=0.5602 adv=0.0804 g_total=0.6550 1.59 it/s
[x16/learnable_frequency] step 24400/50000 lr=1.07e-04 d=0.6752 pixel=0.0149 perceptual=0.6104 adv=0.0674 g_total=0.6927 1.59 it/s
[x16/learnable_frequency] step 24500/50000 lr=1.07e-04 d=0.6465 pixel=0.0149 perceptual=0.5876 adv=0.0634 g_total=0.6660 1.59 it/s
[x16/learnable_frequency] step 24600/50000 lr=1.06e-04 d=0.6548 pixel=0.0147 perceptual=0.5351 adv=0.0665 g_total=0.6163 1.59 it/s
[x16/learnable_frequency] step 24700/50000 lr=1.05e-04 d=0.6536 pixel=0.0134 perceptual=0.5971 adv=0.0629 g_total=0.6734 1.59 it/s
[x16/learnable_frequency] step 24800/50000 lr=1.05e-04 d=0.6374 pixel=0.0149 perceptual=0.5537 adv=0.0757 g_total=0.6443 1.59 it/s
[x16/learnable_frequency] step 24900/50000 lr=1.04e-04 d=0.7001 pixel=0.0142 perceptual=0.6240 adv=0.0749 g_total=0.7131 1.59 it/s
[x16/learnable_frequency] step 25000/50000 lr=1.04e-04 d=0.6680 pixel=0.0145 perceptual=0.6109 adv=0.0728 g_total=0.6982 1.59 it/s
[x16/learnable_frequency] step 25000 VAL ref_ssim=0.9033 (base 0.9192) ref_mse=0.000783 (base 0.000881) best_ssim=0.9138@6000
[x16/learnable_frequency] step 25100/50000 lr=1.03e-04 d=0.7538 pixel=0.0146 perceptual=0.5737 adv=0.0847 g_total=0.6730 1.59 it/s
[x16/learnable_frequency] step 25200/50000 lr=1.02e-04 d=0.7005 pixel=0.0151 perceptual=0.5903 adv=0.0771 g_total=0.6825 1.59 it/s
[x16/learnable_frequency] step 25300/50000 lr=1.02e-04 d=0.6422 pixel=0.0132 perceptual=0.6048 adv=0.0713 g_total=0.6894 1.59 it/s
[x16/learnable_frequency] step 25400/50000 lr=1.01e-04 d=0.6948 pixel=0.0164 perceptual=0.6320 adv=0.0798 g_total=0.7282 1.59 it/s
[x16/learnable_frequency] step 25500/50000 lr=1.00e-04 d=0.7336 pixel=0.0154 perceptual=0.6181 adv=0.0726 g_total=0.7061 1.59 it/s
[x16/learnable_frequency] step 25600/50000 lr=9.98e-05 d=0.7074 pixel=0.0189 perceptual=0.6304 adv=0.0581 g_total=0.7074 1.59 it/s
[x16/learnable_frequency] step 25700/50000 lr=9.92e-05 d=0.6469 pixel=0.0159 perceptual=0.6620 adv=0.0778 g_total=0.7557 1.59 it/s
[x16/learnable_frequency] step 25800/50000 lr=9.86e-05 d=0.6654 pixel=0.0134 perceptual=0.6104 adv=0.0745 g_total=0.6984 1.59 it/s
[x16/learnable_frequency] step 25900/50000 lr=9.80e-05 d=0.6735 pixel=0.0133 perceptual=0.5864 adv=0.0810 g_total=0.6807 1.59 it/s
[x16/learnable_frequency] step 26000/50000 lr=9.73e-05 d=0.6384 pixel=0.0139 perceptual=0.5929 adv=0.0700 g_total=0.6769 1.59 it/s
[x16/learnable_frequency] step 26000 VAL ref_ssim=0.9093 (base 0.9192) ref_mse=0.000780 (base 0.000881) best_ssim=0.9138@6000
[x16/learnable_frequency] step 26100/50000 lr=9.67e-05 d=0.6781 pixel=0.0175 perceptual=0.6190 adv=0.0781 g_total=0.7146 1.59 it/s
[x16/learnable_frequency] step 26200/50000 lr=9.61e-05 d=0.6558 pixel=0.0121 perceptual=0.5448 adv=0.0645 g_total=0.6214 1.59 it/s
[x16/learnable_frequency] step 26300/50000 lr=9.55e-05 d=0.6544 pixel=0.0155 perceptual=0.6242 adv=0.0703 g_total=0.7100 1.59 it/s
[x16/learnable_frequency] step 26400/50000 lr=9.49e-05 d=0.6800 pixel=0.0141 perceptual=0.5801 adv=0.0795 g_total=0.6737 1.59 it/s
[x16/learnable_frequency] step 26500/50000 lr=9.42e-05 d=0.6670 pixel=0.0145 perceptual=0.5977 adv=0.0811 g_total=0.6933 1.59 it/s
[x16/learnable_frequency] step 26600/50000 lr=9.36e-05 d=0.6899 pixel=0.0139 perceptual=0.5485 adv=0.0611 g_total=0.6235 1.59 it/s
[x16/learnable_frequency] step 26700/50000 lr=9.30e-05 d=0.6702 pixel=0.0134 perceptual=0.5651 adv=0.0830 g_total=0.6616 1.59 it/s
[x16/learnable_frequency] step 26800/50000 lr=9.24e-05 d=0.6516 pixel=0.0129 perceptual=0.5404 adv=0.0770 g_total=0.6303 1.59 it/s
[x16/learnable_frequency] step 26900/50000 lr=9.18e-05 d=0.6509 pixel=0.0167 perceptual=0.6119 adv=0.0650 g_total=0.6936 1.59 it/s
[x16/learnable_frequency] step 27000/50000 lr=9.11e-05 d=0.6498 pixel=0.0151 perceptual=0.6707 adv=0.0776 g_total=0.7634 1.59 it/s
[x16/learnable_frequency] step 27000 VAL ref_ssim=0.9081 (base 0.9192) ref_mse=0.000774 (base 0.000881) best_ssim=0.9138@6000
[x16/learnable_frequency] step 27100/50000 lr=9.05e-05 d=0.6637 pixel=0.0139 perceptual=0.5552 adv=0.0787 g_total=0.6479 1.59 it/s
[x16/learnable_frequency] step 27200/50000 lr=8.99e-05 d=0.6581 pixel=0.0146 perceptual=0.6186 adv=0.0824 g_total=0.7155 1.59 it/s
[x16/learnable_frequency] step 27300/50000 lr=8.93e-05 d=0.7208 pixel=0.0144 perceptual=0.5905 adv=0.0672 g_total=0.6721 1.59 it/s
[x16/learnable_frequency] step 27400/50000 lr=8.87e-05 d=0.6713 pixel=0.0138 perceptual=0.5593 adv=0.0808 g_total=0.6540 1.59 it/s
[x16/learnable_frequency] step 27500/50000 lr=8.81e-05 d=0.6732 pixel=0.0163 perceptual=0.6872 adv=0.0673 g_total=0.7708 1.59 it/s
[x16/learnable_frequency] step 27600/50000 lr=8.74e-05 d=0.6421 pixel=0.0135 perceptual=0.5640 adv=0.0770 g_total=0.6545 1.59 it/s
[x16/learnable_frequency] step 27700/50000 lr=8.68e-05 d=0.6780 pixel=0.0163 perceptual=0.6556 adv=0.0613 g_total=0.7332 1.59 it/s
[x16/learnable_frequency] step 27800/50000 lr=8.62e-05 d=0.6892 pixel=0.0185 perceptual=0.7187 adv=0.0705 g_total=0.8077 1.59 it/s
[x16/learnable_frequency] step 27900/50000 lr=8.56e-05 d=0.6878 pixel=0.0145 perceptual=0.6134 adv=0.0670 g_total=0.6949 1.59 it/s
[x16/learnable_frequency] step 28000/50000 lr=8.50e-05 d=0.7066 pixel=0.0158 perceptual=0.5925 adv=0.0722 g_total=0.6806 1.59 it/s
[x16/learnable_frequency] step 28000 VAL ref_ssim=0.8987 (base 0.9192) ref_mse=0.000876 (base 0.000881) best_ssim=0.9138@6000
[x16/learnable_frequency] step 28100/50000 lr=8.44e-05 d=0.7020 pixel=0.0155 perceptual=0.5533 adv=0.0590 g_total=0.6278 1.59 it/s
[x16/learnable_frequency] step 28200/50000 lr=8.38e-05 d=0.6836 pixel=0.0139 perceptual=0.5555 adv=0.0585 g_total=0.6278 1.59 it/s
[x16/learnable_frequency] step 28300/50000 lr=8.32e-05 d=0.6452 pixel=0.0139 perceptual=0.5781 adv=0.0789 g_total=0.6708 1.59 it/s
[x16/learnable_frequency] step 28400/50000 lr=8.25e-05 d=0.6935 pixel=0.0161 perceptual=0.5703 adv=0.0706 g_total=0.6570 1.59 it/s
[x16/learnable_frequency] step 28500/50000 lr=8.19e-05 d=0.7465 pixel=0.0165 perceptual=0.6360 adv=0.0757 g_total=0.7282 1.59 it/s
[x16/learnable_frequency] step 28600/50000 lr=8.13e-05 d=0.6723 pixel=0.0151 perceptual=0.6283 adv=0.0757 g_total=0.7190 1.59 it/s
[x16/learnable_frequency] step 28700/50000 lr=8.07e-05 d=0.6411 pixel=0.0151 perceptual=0.6315 adv=0.0681 g_total=0.7147 1.59 it/s
[x16/learnable_frequency] step 28800/50000 lr=8.01e-05 d=0.6726 pixel=0.0149 perceptual=0.6372 adv=0.0835 g_total=0.7356 1.59 it/s
[x16/learnable_frequency] step 28900/50000 lr=7.95e-05 d=0.6737 pixel=0.0113 perceptual=0.5255 adv=0.0737 g_total=0.6105 1.59 it/s
[x16/learnable_frequency] step 29000/50000 lr=7.89e-05 d=0.6677 pixel=0.0140 perceptual=0.5733 adv=0.0601 g_total=0.6474 1.59 it/s
[x16/learnable_frequency] step 29000 VAL ref_ssim=0.9067 (base 0.9192) ref_mse=0.000794 (base 0.000881) best_ssim=0.9138@6000
[x16/learnable_frequency] step 29100/50000 lr=7.83e-05 d=0.6605 pixel=0.0147 perceptual=0.5824 adv=0.0598 g_total=0.6570 1.59 it/s
[x16/learnable_frequency] step 29200/50000 lr=7.77e-05 d=0.6468 pixel=0.0149 perceptual=0.5990 adv=0.0583 g_total=0.6722 1.59 it/s
[x16/learnable_frequency] step 29300/50000 lr=7.71e-05 d=0.6816 pixel=0.0146 perceptual=0.6356 adv=0.0738 g_total=0.7239 1.59 it/s
[x16/learnable_frequency] step 29400/50000 lr=7.65e-05 d=0.6609 pixel=0.0160 perceptual=0.6563 adv=0.0809 g_total=0.7533 1.59 it/s
[x16/learnable_frequency] step 29500/50000 lr=7.59e-05 d=0.7026 pixel=0.0150 perceptual=0.5924 adv=0.0584 g_total=0.6659 1.59 it/s
[x16/learnable_frequency] step 29600/50000 lr=7.53e-05 d=0.6544 pixel=0.0128 perceptual=0.5490 adv=0.0793 g_total=0.6411 1.59 it/s
[x16/learnable_frequency] step 29700/50000 lr=7.47e-05 d=0.6704 pixel=0.0136 perceptual=0.5610 adv=0.0718 g_total=0.6464 1.59 it/s
[x16/learnable_frequency] step 29800/50000 lr=7.41e-05 d=0.6806 pixel=0.0171 perceptual=0.6773 adv=0.0646 g_total=0.7590 1.59 it/s
[x16/learnable_frequency] step 29900/50000 lr=7.35e-05 d=0.6598 pixel=0.0157 perceptual=0.6589 adv=0.0748 g_total=0.7494 1.59 it/s
[x16/learnable_frequency] step 30000/50000 lr=7.29e-05 d=0.6926 pixel=0.0130 perceptual=0.5713 adv=0.0783 g_total=0.6626 1.59 it/s
[x16/learnable_frequency] step 30000 VAL ref_ssim=0.9101 (base 0.9192) ref_mse=0.000832 (base 0.000881) best_ssim=0.9138@6000
[x16/learnable_frequency] step 30100/50000 lr=7.23e-05 d=0.6880 pixel=0.0140 perceptual=0.5537 adv=0.0759 g_total=0.6436 1.59 it/s
[x16/learnable_frequency] step 30200/50000 lr=7.17e-05 d=0.6739 pixel=0.0148 perceptual=0.6070 adv=0.0832 g_total=0.7050 1.59 it/s
[x16/learnable_frequency] step 30300/50000 lr=7.11e-05 d=0.6781 pixel=0.0134 perceptual=0.5556 adv=0.0762 g_total=0.6452 1.59 it/s
[x16/learnable_frequency] step 30400/50000 lr=7.05e-05 d=0.6722 pixel=0.0149 perceptual=0.6066 adv=0.0798 g_total=0.7012 1.59 it/s
[x16/learnable_frequency] step 30500/50000 lr=7.00e-05 d=0.6743 pixel=0.0160 perceptual=0.6756 adv=0.0835 g_total=0.7750 1.59 it/s
[x16/learnable_frequency] step 30600/50000 lr=6.94e-05 d=0.6644 pixel=0.0126 perceptual=0.5572 adv=0.0783 g_total=0.6480 1.59 it/s
[x16/learnable_frequency] step 30700/50000 lr=6.88e-05 d=0.6786 pixel=0.0136 perceptual=0.5439 adv=0.0705 g_total=0.6280 1.59 it/s
[x16/learnable_frequency] step 30800/50000 lr=6.82e-05 d=0.6779 pixel=0.0162 perceptual=0.6141 adv=0.0788 g_total=0.7091 1.59 it/s
[x16/learnable_frequency] step 30900/50000 lr=6.76e-05 d=0.6670 pixel=0.0166 perceptual=0.7076 adv=0.0579 g_total=0.7821 1.59 it/s
[x16/learnable_frequency] step 31000/50000 lr=6.70e-05 d=0.6657 pixel=0.0125 perceptual=0.5433 adv=0.0710 g_total=0.6268 1.59 it/s
[x16/learnable_frequency] step 31000 VAL ref_ssim=0.9099 (base 0.9192) ref_mse=0.000769 (base 0.000881) best_ssim=0.9138@6000
[x16/learnable_frequency] step 31100/50000 lr=6.65e-05 d=0.7013 pixel=0.0171 perceptual=0.6747 adv=0.0706 g_total=0.7623 1.59 it/s
[x16/learnable_frequency] step 31200/50000 lr=6.59e-05 d=0.6694 pixel=0.0118 perceptual=0.5218 adv=0.0789 g_total=0.6124 1.59 it/s
[x16/learnable_frequency] step 31300/50000 lr=6.53e-05 d=0.6364 pixel=0.0157 perceptual=0.6802 adv=0.0723 g_total=0.7682 1.59 it/s
[x16/learnable_frequency] step 31400/50000 lr=6.47e-05 d=0.6622 pixel=0.0177 perceptual=0.6159 adv=0.0689 g_total=0.7026 1.59 it/s
[x16/learnable_frequency] step 31500/50000 lr=6.41e-05 d=0.6578 pixel=0.0123 perceptual=0.5656 adv=0.0796 g_total=0.6575 1.59 it/s
[x16/learnable_frequency] step 31600/50000 lr=6.36e-05 d=0.6658 pixel=0.0142 perceptual=0.5626 adv=0.0786 g_total=0.6553 1.59 it/s
[x16/learnable_frequency] step 31700/50000 lr=6.30e-05 d=0.6404 pixel=0.0139 perceptual=0.5618 adv=0.0785 g_total=0.6542 1.59 it/s
[x16/learnable_frequency] step 31800/50000 lr=6.24e-05 d=0.6450 pixel=0.0129 perceptual=0.5519 adv=0.0765 g_total=0.6414 1.59 it/s
[x16/learnable_frequency] step 31900/50000 lr=6.19e-05 d=0.6681 pixel=0.0137 perceptual=0.5451 adv=0.0735 g_total=0.6323 1.59 it/s
[x16/learnable_frequency] step 32000/50000 lr=6.13e-05 d=0.6799 pixel=0.0136 perceptual=0.6101 adv=0.0763 g_total=0.7000 1.59 it/s
[x16/learnable_frequency] step 32000 VAL ref_ssim=0.9101 (base 0.9192) ref_mse=0.000759 (base 0.000881) best_ssim=0.9138@6000
[x16/learnable_frequency] step 32100/50000 lr=6.07e-05 d=0.6603 pixel=0.0156 perceptual=0.6401 adv=0.0733 g_total=0.7289 1.59 it/s
[x16/learnable_frequency] step 32200/50000 lr=6.02e-05 d=0.6748 pixel=0.0146 perceptual=0.6368 adv=0.0685 g_total=0.7199 1.59 it/s
[x16/learnable_frequency] step 32300/50000 lr=5.96e-05 d=0.6581 pixel=0.0162 perceptual=0.5769 adv=0.0711 g_total=0.6643 1.59 it/s
[x16/learnable_frequency] step 32400/50000 lr=5.90e-05 d=0.6794 pixel=0.0172 perceptual=0.6061 adv=0.0785 g_total=0.7019 1.59 it/s
[x16/learnable_frequency] step 32500/50000 lr=5.85e-05 d=0.6432 pixel=0.0159 perceptual=0.6695 adv=0.0675 g_total=0.7529 1.59 it/s
[x16/learnable_frequency] step 32600/50000 lr=5.79e-05 d=0.6816 pixel=0.0145 perceptual=0.5965 adv=0.0803 g_total=0.6914 1.59 it/s
[x16/learnable_frequency] step 32700/50000 lr=5.74e-05 d=0.6969 pixel=0.0131 perceptual=0.5831 adv=0.0616 g_total=0.6578 1.59 it/s
[x16/learnable_frequency] step 32800/50000 lr=5.68e-05 d=0.6789 pixel=0.0174 perceptual=0.6283 adv=0.0712 g_total=0.7168 1.59 it/s
[x16/learnable_frequency] step 32900/50000 lr=5.63e-05 d=0.6973 pixel=0.0142 perceptual=0.6009 adv=0.0748 g_total=0.6899 1.59 it/s
[x16/learnable_frequency] step 33000/50000 lr=5.57e-05 d=0.6699 pixel=0.0128 perceptual=0.5433 adv=0.0722 g_total=0.6284 1.59 it/s
[x16/learnable_frequency] step 33000 VAL ref_ssim=0.9141 (base 0.9192) ref_mse=0.000757 (base 0.000881) best_ssim=0.9141@33000 *
[x16/learnable_frequency] step 33100/50000 lr=5.52e-05 d=0.6960 pixel=0.0142 perceptual=0.5788 adv=0.0938 g_total=0.6868 1.59 it/s
[x16/learnable_frequency] step 33200/50000 lr=5.46e-05 d=0.6409 pixel=0.0133 perceptual=0.5729 adv=0.0676 g_total=0.6539 1.59 it/s
[x16/learnable_frequency] step 33300/50000 lr=5.41e-05 d=0.6710 pixel=0.0159 perceptual=0.5942 adv=0.0756 g_total=0.6857 1.59 it/s
[x16/learnable_frequency] step 33400/50000 lr=5.35e-05 d=0.6717 pixel=0.0118 perceptual=0.5163 adv=0.0759 g_total=0.6040 1.59 it/s
[x16/learnable_frequency] step 33500/50000 lr=5.30e-05 d=0.7009 pixel=0.0174 perceptual=0.6328 adv=0.0765 g_total=0.7267 1.59 it/s
[x16/learnable_frequency] step 33600/50000 lr=5.25e-05 d=0.5854 pixel=0.0155 perceptual=0.6332 adv=0.0752 g_total=0.7239 1.59 it/s
[x16/learnable_frequency] step 33700/50000 lr=5.19e-05 d=0.6457 pixel=0.0144 perceptual=0.5882 adv=0.0680 g_total=0.6706 1.59 it/s
[x16/learnable_frequency] step 33800/50000 lr=5.14e-05 d=0.7118 pixel=0.0139 perceptual=0.5822 adv=0.0621 g_total=0.6581 1.59 it/s
[x16/learnable_frequency] step 33900/50000 lr=5.09e-05 d=0.6993 pixel=0.0161 perceptual=0.5272 adv=0.0767 g_total=0.6199 1.59 it/s
[x16/learnable_frequency] step 34000/50000 lr=5.03e-05 d=0.6926 pixel=0.0155 perceptual=0.6516 adv=0.0711 g_total=0.7382 1.59 it/s
[x16/learnable_frequency] step 34000 VAL ref_ssim=0.9089 (base 0.9192) ref_mse=0.000835 (base 0.000881) best_ssim=0.9141@33000
[x16/learnable_frequency] step 34100/50000 lr=4.98e-05 d=0.6802 pixel=0.0163 perceptual=0.6393 adv=0.0709 g_total=0.7265 1.59 it/s
[x16/learnable_frequency] step 34200/50000 lr=4.93e-05 d=0.7048 pixel=0.0145 perceptual=0.5828 adv=0.0753 g_total=0.6725 1.59 it/s
[x16/learnable_frequency] step 34300/50000 lr=4.88e-05 d=0.6479 pixel=0.0152 perceptual=0.6299 adv=0.0706 g_total=0.7157 1.59 it/s
[x16/learnable_frequency] step 34400/50000 lr=4.82e-05 d=0.7025 pixel=0.0152 perceptual=0.5988 adv=0.0734 g_total=0.6874 1.59 it/s
[x16/learnable_frequency] step 34500/50000 lr=4.77e-05 d=0.6887 pixel=0.0163 perceptual=0.6291 adv=0.0849 g_total=0.7304 1.59 it/s
[x16/learnable_frequency] step 34600/50000 lr=4.72e-05 d=0.7094 pixel=0.0139 perceptual=0.5741 adv=0.0646 g_total=0.6526 1.59 it/s
[x16/learnable_frequency] step 34700/50000 lr=4.67e-05 d=0.6639 pixel=0.0132 perceptual=0.5877 adv=0.0684 g_total=0.6693 1.59 it/s
[x16/learnable_frequency] step 34800/50000 lr=4.62e-05 d=0.6876 pixel=0.0122 perceptual=0.5349 adv=0.0827 g_total=0.6299 1.59 it/s
[x16/learnable_frequency] step 34900/50000 lr=4.57e-05 d=0.6791 pixel=0.0130 perceptual=0.5204 adv=0.0722 g_total=0.6056 1.59 it/s
[x16/learnable_frequency] step 35000/50000 lr=4.52e-05 d=0.6765 pixel=0.0147 perceptual=0.5951 adv=0.0659 g_total=0.6757 1.59 it/s
[x16/learnable_frequency] step 35000 VAL ref_ssim=0.9114 (base 0.9192) ref_mse=0.000800 (base 0.000881) best_ssim=0.9141@33000
[x16/learnable_frequency] step 35100/50000 lr=4.47e-05 d=0.6776 pixel=0.0135 perceptual=0.5572 adv=0.0696 g_total=0.6404 1.59 it/s
[x16/learnable_frequency] step 35200/50000 lr=4.42e-05 d=0.6543 pixel=0.0153 perceptual=0.6401 adv=0.0680 g_total=0.7235 1.59 it/s
[x16/learnable_frequency] step 35300/50000 lr=4.36e-05 d=0.7295 pixel=0.0164 perceptual=0.6447 adv=0.0753 g_total=0.7364 1.59 it/s
[x16/learnable_frequency] step 35400/50000 lr=4.32e-05 d=0.6692 pixel=0.0164 perceptual=0.6332 adv=0.0780 g_total=0.7276 1.59 it/s
[x16/learnable_frequency] step 35500/50000 lr=4.27e-05 d=0.6142 pixel=0.0159 perceptual=0.6390 adv=0.0721 g_total=0.7270 1.59 it/s
[x16/learnable_frequency] step 35600/50000 lr=4.22e-05 d=0.6767 pixel=0.0167 perceptual=0.6589 adv=0.0866 g_total=0.7621 1.59 it/s
[x16/learnable_frequency] step 35700/50000 lr=4.17e-05 d=0.6278 pixel=0.0130 perceptual=0.5532 adv=0.0743 g_total=0.6405 1.59 it/s
[x16/learnable_frequency] step 35800/50000 lr=4.12e-05 d=0.6843 pixel=0.0145 perceptual=0.5895 adv=0.0836 g_total=0.6876 1.59 it/s
[x16/learnable_frequency] step 35900/50000 lr=4.07e-05 d=0.6931 pixel=0.0129 perceptual=0.5469 adv=0.0679 g_total=0.6278 1.59 it/s
[x16/learnable_frequency] step 36000/50000 lr=4.02e-05 d=0.6374 pixel=0.0162 perceptual=0.5701 adv=0.0721 g_total=0.6583 1.59 it/s
[x16/learnable_frequency] step 36000 VAL ref_ssim=0.9089 (base 0.9192) ref_mse=0.000814 (base 0.000881) best_ssim=0.9141@33000
[x16/learnable_frequency] step 36100/50000 lr=3.97e-05 d=0.6551 pixel=0.0127 perceptual=0.5342 adv=0.0604 g_total=0.6073 1.59 it/s
[x16/learnable_frequency] step 36200/50000 lr=3.93e-05 d=0.6696 pixel=0.0160 perceptual=0.6434 adv=0.0732 g_total=0.7326 1.59 it/s
[x16/learnable_frequency] step 36300/50000 lr=3.88e-05 d=0.6381 pixel=0.0148 perceptual=0.6259 adv=0.0806 g_total=0.7214 1.59 it/s
[x16/learnable_frequency] step 36400/50000 lr=3.83e-05 d=0.6615 pixel=0.0137 perceptual=0.5895 adv=0.0664 g_total=0.6696 1.59 it/s
[x16/learnable_frequency] step 36500/50000 lr=3.78e-05 d=0.6450 pixel=0.0131 perceptual=0.5529 adv=0.0759 g_total=0.6420 1.59 it/s
[x16/learnable_frequency] step 36600/50000 lr=3.74e-05 d=0.6589 pixel=0.0130 perceptual=0.5425 adv=0.0789 g_total=0.6343 1.59 it/s
[x16/learnable_frequency] step 36700/50000 lr=3.69e-05 d=0.6598 pixel=0.0147 perceptual=0.5747 adv=0.0615 g_total=0.6508 1.59 it/s
[x16/learnable_frequency] step 36800/50000 lr=3.64e-05 d=0.6253 pixel=0.0195 perceptual=0.6145 adv=0.0717 g_total=0.7058 1.59 it/s
[x16/learnable_frequency] step 36900/50000 lr=3.60e-05 d=0.6600 pixel=0.0160 perceptual=0.5420 adv=0.0696 g_total=0.6277 1.59 it/s
[x16/learnable_frequency] step 37000/50000 lr=3.55e-05 d=0.6965 pixel=0.0158 perceptual=0.5902 adv=0.0923 g_total=0.6983 1.59 it/s
[x16/learnable_frequency] step 37000 VAL ref_ssim=0.9075 (base 0.9192) ref_mse=0.000802 (base 0.000881) best_ssim=0.9141@33000
[x16/learnable_frequency] step 37100/50000 lr=3.51e-05 d=0.6598 pixel=0.0171 perceptual=0.6051 adv=0.0741 g_total=0.6964 1.59 it/s
[x16/learnable_frequency] step 37200/50000 lr=3.46e-05 d=0.6747 pixel=0.0154 perceptual=0.5978 adv=0.0815 g_total=0.6946 1.59 it/s
[x16/learnable_frequency] step 37300/50000 lr=3.42e-05 d=0.6341 pixel=0.0133 perceptual=0.5381 adv=0.0651 g_total=0.6164 1.59 it/s
[x16/learnable_frequency] step 37400/50000 lr=3.37e-05 d=0.6576 pixel=0.0133 perceptual=0.5525 adv=0.0675 g_total=0.6332 1.59 it/s
[x16/learnable_frequency] step 37500/50000 lr=3.33e-05 d=0.6845 pixel=0.0179 perceptual=0.5594 adv=0.0751 g_total=0.6525 1.59 it/s
[x16/learnable_frequency] step 37600/50000 lr=3.28e-05 d=0.6525 pixel=0.0132 perceptual=0.5311 adv=0.0787 g_total=0.6229 1.59 it/s
[x16/learnable_frequency] step 37700/50000 lr=3.24e-05 d=0.6165 pixel=0.0135 perceptual=0.5892 adv=0.0714 g_total=0.6741 1.59 it/s
[x16/learnable_frequency] step 37800/50000 lr=3.19e-05 d=0.6287 pixel=0.0129 perceptual=0.5540 adv=0.0724 g_total=0.6394 1.59 it/s
[x16/learnable_frequency] step 37900/50000 lr=3.15e-05 d=0.6694 pixel=0.0137 perceptual=0.5648 adv=0.0820 g_total=0.6605 1.59 it/s
[x16/learnable_frequency] step 38000/50000 lr=3.11e-05 d=0.6603 pixel=0.0123 perceptual=0.4652 adv=0.0759 g_total=0.5535 1.59 it/s
[x16/learnable_frequency] step 38000 VAL ref_ssim=0.9087 (base 0.9192) ref_mse=0.000802 (base 0.000881) best_ssim=0.9141@33000
[x16/learnable_frequency] step 38100/50000 lr=3.07e-05 d=0.6483 pixel=0.0122 perceptual=0.5364 adv=0.0769 g_total=0.6255 1.59 it/s
[x16/learnable_frequency] step 38200/50000 lr=3.02e-05 d=0.6439 pixel=0.0133 perceptual=0.5653 adv=0.0843 g_total=0.6629 1.59 it/s
[x16/learnable_frequency] step 38300/50000 lr=2.98e-05 d=0.6093 pixel=0.0156 perceptual=0.6134 adv=0.0754 g_total=0.7044 1.59 it/s
[x16/learnable_frequency] step 38400/50000 lr=2.94e-05 d=0.6654 pixel=0.0144 perceptual=0.5142 adv=0.0740 g_total=0.6025 1.59 it/s
[x16/learnable_frequency] step 38500/50000 lr=2.90e-05 d=0.6671 pixel=0.0141 perceptual=0.5842 adv=0.0761 g_total=0.6745 1.59 it/s
[x16/learnable_frequency] step 38600/50000 lr=2.86e-05 d=0.6531 pixel=0.0129 perceptual=0.5718 adv=0.0819 g_total=0.6666 1.59 it/s
[x16/learnable_frequency] step 38700/50000 lr=2.81e-05 d=0.6549 pixel=0.0129 perceptual=0.5439 adv=0.0875 g_total=0.6444 1.59 it/s
[x16/learnable_frequency] step 38800/50000 lr=2.77e-05 d=0.6964 pixel=0.0151 perceptual=0.5742 adv=0.0877 g_total=0.6770 1.59 it/s
[x16/learnable_frequency] step 38900/50000 lr=2.73e-05 d=0.6586 pixel=0.0139 perceptual=0.5621 adv=0.0760 g_total=0.6519 1.59 it/s
[x16/learnable_frequency] step 39000/50000 lr=2.69e-05 d=0.7191 pixel=0.0155 perceptual=0.6489 adv=0.0902 g_total=0.7545 1.59 it/s
[x16/learnable_frequency] step 39000 VAL ref_ssim=0.9059 (base 0.9192) ref_mse=0.000924 (base 0.000881) best_ssim=0.9141@33000
[x16/learnable_frequency] step 39100/50000 lr=2.65e-05 d=0.6086 pixel=0.0168 perceptual=0.5792 adv=0.0748 g_total=0.6709 1.59 it/s
[x16/learnable_frequency] step 39200/50000 lr=2.61e-05 d=0.6512 pixel=0.0138 perceptual=0.5896 adv=0.0676 g_total=0.6710 1.59 it/s
[x16/learnable_frequency] step 39300/50000 lr=2.57e-05 d=0.6727 pixel=0.0143 perceptual=0.6123 adv=0.0805 g_total=0.7071 1.59 it/s
[x16/learnable_frequency] step 39400/50000 lr=2.54e-05 d=0.6815 pixel=0.0145 perceptual=0.6172 adv=0.0750 g_total=0.7067 1.59 it/s
[x16/learnable_frequency] step 39500/50000 lr=2.50e-05 d=0.6796 pixel=0.0123 perceptual=0.5369 adv=0.0808 g_total=0.6299 1.59 it/s
[x16/learnable_frequency] step 39600/50000 lr=2.46e-05 d=0.7045 pixel=0.0137 perceptual=0.5761 adv=0.0829 g_total=0.6728 1.59 it/s
[x16/learnable_frequency] step 39700/50000 lr=2.42e-05 d=0.6765 pixel=0.0117 perceptual=0.4938 adv=0.0794 g_total=0.5849 1.59 it/s
[x16/learnable_frequency] step 39800/50000 lr=2.38e-05 d=0.6006 pixel=0.0149 perceptual=0.6351 adv=0.0768 g_total=0.7267 1.59 it/s
[x16/learnable_frequency] step 39900/50000 lr=2.35e-05 d=0.7280 pixel=0.0148 perceptual=0.5977 adv=0.0758 g_total=0.6882 1.59 it/s
[x16/learnable_frequency] step 40000/50000 lr=2.31e-05 d=0.6509 pixel=0.0145 perceptual=0.6033 adv=0.0651 g_total=0.6829 1.59 it/s
[x16/learnable_frequency] step 40000 VAL ref_ssim=0.9030 (base 0.9192) ref_mse=0.000807 (base 0.000881) best_ssim=0.9141@33000
[x16/learnable_frequency] step 40100/50000 lr=2.27e-05 d=0.6815 pixel=0.0133 perceptual=0.5635 adv=0.0636 g_total=0.6404 1.59 it/s
[x16/learnable_frequency] step 40200/50000 lr=2.24e-05 d=0.6222 pixel=0.0149 perceptual=0.6295 adv=0.0663 g_total=0.7107 1.59 it/s
[x16/learnable_frequency] step 40300/50000 lr=2.20e-05 d=0.6713 pixel=0.0137 perceptual=0.5756 adv=0.0684 g_total=0.6577 1.59 it/s
[x16/learnable_frequency] step 40400/50000 lr=2.16e-05 d=0.6244 pixel=0.0138 perceptual=0.5613 adv=0.0847 g_total=0.6598 1.59 it/s
[x16/learnable_frequency] step 40500/50000 lr=2.13e-05 d=0.6190 pixel=0.0131 perceptual=0.5422 adv=0.1008 g_total=0.6561 1.59 it/s
[x16/learnable_frequency] step 40600/50000 lr=2.09e-05 d=0.7117 pixel=0.0123 perceptual=0.5533 adv=0.0911 g_total=0.6567 1.59 it/s
[x16/learnable_frequency] step 40700/50000 lr=2.06e-05 d=0.6045 pixel=0.0145 perceptual=0.5900 adv=0.0741 g_total=0.6786 1.59 it/s
[x16/learnable_frequency] step 40800/50000 lr=2.02e-05 d=0.7001 pixel=0.0151 perceptual=0.5791 adv=0.0838 g_total=0.6779 1.59 it/s
[x16/learnable_frequency] step 40900/50000 lr=1.99e-05 d=0.7186 pixel=0.0135 perceptual=0.5432 adv=0.0789 g_total=0.6355 1.59 it/s
[x16/learnable_frequency] step 41000/50000 lr=1.96e-05 d=0.6736 pixel=0.0136 perceptual=0.6249 adv=0.0708 g_total=0.7092 1.59 it/s
[x16/learnable_frequency] step 41000 VAL ref_ssim=0.9140 (base 0.9192) ref_mse=0.000795 (base 0.000881) best_ssim=0.9141@33000
[x16/learnable_frequency] step 41100/50000 lr=1.92e-05 d=0.6628 pixel=0.0143 perceptual=0.5885 adv=0.0767 g_total=0.6794 1.59 it/s
[x16/learnable_frequency] step 41200/50000 lr=1.89e-05 d=0.8118 pixel=0.0183 perceptual=0.6171 adv=0.0777 g_total=0.7131 1.59 it/s
[x16/learnable_frequency] step 41300/50000 lr=1.86e-05 d=0.6450 pixel=0.0132 perceptual=0.5759 adv=0.0673 g_total=0.6564 1.59 it/s
[x16/learnable_frequency] step 41400/50000 lr=1.82e-05 d=0.7661 pixel=0.0145 perceptual=0.5795 adv=0.0902 g_total=0.6842 1.59 it/s
[x16/learnable_frequency] step 41500/50000 lr=1.79e-05 d=0.5918 pixel=0.0141 perceptual=0.5574 adv=0.0739 g_total=0.6454 1.59 it/s
[x16/learnable_frequency] step 41600/50000 lr=1.76e-05 d=0.6758 pixel=0.0148 perceptual=0.5926 adv=0.0628 g_total=0.6702 1.59 it/s
[x16/learnable_frequency] step 41700/50000 lr=1.73e-05 d=0.7076 pixel=0.0134 perceptual=0.5625 adv=0.0767 g_total=0.6527 1.59 it/s
[x16/learnable_frequency] step 41800/50000 lr=1.70e-05 d=0.6320 pixel=0.0137 perceptual=0.5840 adv=0.0920 g_total=0.6898 1.59 it/s
[x16/learnable_frequency] step 41900/50000 lr=1.67e-05 d=0.6285 pixel=0.0127 perceptual=0.5370 adv=0.0794 g_total=0.6290 1.59 it/s
[x16/learnable_frequency] step 42000/50000 lr=1.64e-05 d=0.6223 pixel=0.0137 perceptual=0.5706 adv=0.0703 g_total=0.6546 1.59 it/s
[x16/learnable_frequency] step 42000 VAL ref_ssim=0.9067 (base 0.9192) ref_mse=0.000853 (base 0.000881) best_ssim=0.9141@33000
[x16/learnable_frequency] step 42100/50000 lr=1.61e-05 d=0.7564 pixel=0.0145 perceptual=0.6091 adv=0.0860 g_total=0.7096 1.59 it/s
[x16/learnable_frequency] step 42200/50000 lr=1.58e-05 d=0.6327 pixel=0.0127 perceptual=0.5185 adv=0.0741 g_total=0.6052 1.59 it/s
[x16/learnable_frequency] step 42300/50000 lr=1.55e-05 d=0.6378 pixel=0.0158 perceptual=0.6152 adv=0.0835 g_total=0.7145 1.59 it/s
[x16/learnable_frequency] step 42400/50000 lr=1.52e-05 d=0.6498 pixel=0.0132 perceptual=0.5677 adv=0.0736 g_total=0.6545 1.59 it/s
[x16/learnable_frequency] step 42500/50000 lr=1.49e-05 d=0.8070 pixel=0.0165 perceptual=0.6200 adv=0.1057 g_total=0.7422 1.59 it/s
[x16/learnable_frequency] step 42600/50000 lr=1.46e-05 d=0.6354 pixel=0.0126 perceptual=0.5487 adv=0.0768 g_total=0.6382 1.59 it/s
[x16/learnable_frequency] step 42700/50000 lr=1.43e-05 d=0.6532 pixel=0.0144 perceptual=0.5279 adv=0.0824 g_total=0.6247 1.59 it/s
[x16/learnable_frequency] step 42800/50000 lr=1.41e-05 d=0.6481 pixel=0.0167 perceptual=0.6474 adv=0.0757 g_total=0.7398 1.59 it/s
[x16/learnable_frequency] step 42900/50000 lr=1.38e-05 d=0.7079 pixel=0.0132 perceptual=0.5663 adv=0.0778 g_total=0.6574 1.59 it/s
[x16/learnable_frequency] step 43000/50000 lr=1.35e-05 d=0.6333 pixel=0.0128 perceptual=0.5590 adv=0.0709 g_total=0.6427 1.59 it/s
[x16/learnable_frequency] step 43000 VAL ref_ssim=0.9128 (base 0.9192) ref_mse=0.000822 (base 0.000881) best_ssim=0.9141@33000
[x16/learnable_frequency] step 43100/50000 lr=1.33e-05 d=0.6472 pixel=0.0157 perceptual=0.6331 adv=0.0770 g_total=0.7258 1.59 it/s
[x16/learnable_frequency] step 43200/50000 lr=1.30e-05 d=0.7134 pixel=0.0146 perceptual=0.5965 adv=0.0878 g_total=0.6989 1.59 it/s
[x16/learnable_frequency] step 43300/50000 lr=1.27e-05 d=0.6134 pixel=0.0143 perceptual=0.5645 adv=0.0909 g_total=0.6697 1.59 it/s
[x16/learnable_frequency] step 43400/50000 lr=1.25e-05 d=0.7542 pixel=0.0142 perceptual=0.6049 adv=0.0659 g_total=0.6849 1.59 it/s
[x16/learnable_frequency] step 43500/50000 lr=1.22e-05 d=0.6356 pixel=0.0147 perceptual=0.6273 adv=0.0881 g_total=0.7302 1.59 it/s
[x16/learnable_frequency] step 43600/50000 lr=1.20e-05 d=0.6674 pixel=0.0128 perceptual=0.5503 adv=0.0900 g_total=0.6531 1.59 it/s
[x16/learnable_frequency] step 43700/50000 lr=1.17e-05 d=0.6994 pixel=0.0125 perceptual=0.5017 adv=0.0744 g_total=0.5886 1.59 it/s
[x16/learnable_frequency] step 43800/50000 lr=1.15e-05 d=0.6272 pixel=0.0151 perceptual=0.5966 adv=0.0747 g_total=0.6864 1.59 it/s
[x16/learnable_frequency] step 43900/50000 lr=1.13e-05 d=0.5938 pixel=0.0180 perceptual=0.6381 adv=0.0805 g_total=0.7365 1.59 it/s
[x16/learnable_frequency] step 44000/50000 lr=1.10e-05 d=0.6177 pixel=0.0123 perceptual=0.5214 adv=0.0842 g_total=0.6179 1.59 it/s
[x16/learnable_frequency] step 44000 VAL ref_ssim=0.9073 (base 0.9192) ref_mse=0.000818 (base 0.000881) best_ssim=0.9141@33000
[x16/learnable_frequency] step 44100/50000 lr=1.08e-05 d=0.5917 pixel=0.0159 perceptual=0.6139 adv=0.1093 g_total=0.7391 1.59 it/s
[x16/learnable_frequency] step 44200/50000 lr=1.06e-05 d=0.5676 pixel=0.0147 perceptual=0.6205 adv=0.0958 g_total=0.7310 1.59 it/s
[x16/learnable_frequency] step 44300/50000 lr=1.03e-05 d=0.6938 pixel=0.0159 perceptual=0.5701 adv=0.0662 g_total=0.6522 1.59 it/s
[x16/learnable_frequency] step 44400/50000 lr=1.01e-05 d=0.6409 pixel=0.0149 perceptual=0.6161 adv=0.0708 g_total=0.7018 1.59 it/s
[x16/learnable_frequency] step 44500/50000 lr=9.91e-06 d=0.5654 pixel=0.0124 perceptual=0.5212 adv=0.1027 g_total=0.6364 1.59 it/s
[x16/learnable_frequency] step 44600/50000 lr=9.70e-06 d=0.7159 pixel=0.0137 perceptual=0.5954 adv=0.0747 g_total=0.6838 1.59 it/s
[x16/learnable_frequency] step 44700/50000 lr=9.49e-06 d=0.6197 pixel=0.0132 perceptual=0.5719 adv=0.0837 g_total=0.6688 1.59 it/s
[x16/learnable_frequency] step 44800/50000 lr=9.29e-06 d=0.6822 pixel=0.0161 perceptual=0.6413 adv=0.0927 g_total=0.7502 1.59 it/s
[x16/learnable_frequency] step 44900/50000 lr=9.09e-06 d=0.6041 pixel=0.0144 perceptual=0.5795 adv=0.0904 g_total=0.6844 1.59 it/s
[x16/learnable_frequency] step 45000/50000 lr=8.89e-06 d=0.6459 pixel=0.0123 perceptual=0.5425 adv=0.0756 g_total=0.6305 1.59 it/s
[x16/learnable_frequency] step 45000 VAL ref_ssim=0.9092 (base 0.9192) ref_mse=0.000826 (base 0.000881) best_ssim=0.9141@33000
[x16/learnable_frequency] step 45100/50000 lr=8.70e-06 d=0.6397 pixel=0.0143 perceptual=0.6274 adv=0.0656 g_total=0.7073 1.59 it/s
[x16/learnable_frequency] step 45200/50000 lr=8.51e-06 d=0.5781 pixel=0.0137 perceptual=0.5626 adv=0.0915 g_total=0.6677 1.59 it/s
[x16/learnable_frequency] step 45300/50000 lr=8.33e-06 d=0.6871 pixel=0.0153 perceptual=0.6130 adv=0.0704 g_total=0.6988 1.59 it/s
[x16/learnable_frequency] step 45400/50000 lr=8.15e-06 d=0.6670 pixel=0.0147 perceptual=0.6022 adv=0.0966 g_total=0.7135 1.59 it/s
[x16/learnable_frequency] step 45500/50000 lr=7.97e-06 d=0.6422 pixel=0.0133 perceptual=0.5485 adv=0.0921 g_total=0.6538 1.59 it/s
[x16/learnable_frequency] step 45600/50000 lr=7.80e-06 d=0.6760 pixel=0.0142 perceptual=0.5827 adv=0.0756 g_total=0.6726 1.59 it/s
[x16/learnable_frequency] step 45700/50000 lr=7.63e-06 d=0.6026 pixel=0.0179 perceptual=0.6931 adv=0.0960 g_total=0.8070 1.59 it/s
[x16/learnable_frequency] step 45800/50000 lr=7.46e-06 d=0.6255 pixel=0.0148 perceptual=0.6328 adv=0.0679 g_total=0.7155 1.59 it/s
[x16/learnable_frequency] step 45900/50000 lr=7.30e-06 d=0.6615 pixel=0.0165 perceptual=0.5854 adv=0.0907 g_total=0.6925 1.59 it/s
[x16/learnable_frequency] step 46000/50000 lr=7.14e-06 d=0.6972 pixel=0.0140 perceptual=0.5665 adv=0.0730 g_total=0.6536 1.59 it/s
[x16/learnable_frequency] step 46000 VAL ref_ssim=0.9098 (base 0.9192) ref_mse=0.000863 (base 0.000881) best_ssim=0.9141@33000
[x16/learnable_frequency] step 46100/50000 lr=6.99e-06 d=0.5615 pixel=0.0144 perceptual=0.6469 adv=0.0838 g_total=0.7451 1.59 it/s
[x16/learnable_frequency] step 46200/50000 lr=6.84e-06 d=0.6141 pixel=0.0161 perceptual=0.6250 adv=0.0722 g_total=0.7133 1.59 it/s
[x16/learnable_frequency] step 46300/50000 lr=6.69e-06 d=0.6081 pixel=0.0159 perceptual=0.6464 adv=0.0783 g_total=0.7406 1.59 it/s
[x16/learnable_frequency] step 46400/50000 lr=6.55e-06 d=0.6296 pixel=0.0166 perceptual=0.6838 adv=0.0886 g_total=0.7890 1.59 it/s
[x16/learnable_frequency] step 46500/50000 lr=6.41e-06 d=0.6206 pixel=0.0135 perceptual=0.5787 adv=0.0849 g_total=0.6771 1.59 it/s
[x16/learnable_frequency] step 46600/50000 lr=6.27e-06 d=0.6793 pixel=0.0147 perceptual=0.5977 adv=0.1003 g_total=0.7128 1.59 it/s
[x16/learnable_frequency] step 46700/50000 lr=6.14e-06 d=0.6196 pixel=0.0143 perceptual=0.5949 adv=0.0707 g_total=0.6799 1.59 it/s
[x16/learnable_frequency] step 46800/50000 lr=6.02e-06 d=0.6114 pixel=0.0142 perceptual=0.5792 adv=0.0849 g_total=0.6783 1.59 it/s
[x16/learnable_frequency] step 46900/50000 lr=5.89e-06 d=0.5964 pixel=0.0165 perceptual=0.6297 adv=0.0741 g_total=0.7203 1.59 it/s
[x16/learnable_frequency] step 47000/50000 lr=5.77e-06 d=0.6293 pixel=0.0196 perceptual=0.5846 adv=0.0559 g_total=0.6602 1.59 it/s
[x16/learnable_frequency] step 47000 VAL ref_ssim=0.9056 (base 0.9192) ref_mse=0.000892 (base 0.000881) best_ssim=0.9141@33000
[x16/learnable_frequency] step 47100/50000 lr=5.66e-06 d=0.6145 pixel=0.0169 perceptual=0.6336 adv=0.0929 g_total=0.7434 1.59 it/s
[x16/learnable_frequency] step 47200/50000 lr=5.54e-06 d=0.6898 pixel=0.0135 perceptual=0.5868 adv=0.0945 g_total=0.6948 1.59 it/s
[x16/learnable_frequency] step 47300/50000 lr=5.44e-06 d=0.5800 pixel=0.0139 perceptual=0.5695 adv=0.0757 g_total=0.6590 1.59 it/s
[x16/learnable_frequency] step 47400/50000 lr=5.33e-06 d=0.6253 pixel=0.0151 perceptual=0.6303 adv=0.0895 g_total=0.7350 1.59 it/s
[x16/learnable_frequency] step 47500/50000 lr=5.23e-06 d=0.5734 pixel=0.0139 perceptual=0.5945 adv=0.0948 g_total=0.7032 1.59 it/s
[x16/learnable_frequency] step 47600/50000 lr=5.14e-06 d=0.6216 pixel=0.0127 perceptual=0.5296 adv=0.0778 g_total=0.6201 1.59 it/s
[x16/learnable_frequency] step 47700/50000 lr=5.04e-06 d=0.6557 pixel=0.0156 perceptual=0.6224 adv=0.0593 g_total=0.6972 1.59 it/s
[x16/learnable_frequency] step 47800/50000 lr=4.95e-06 d=0.5687 pixel=0.0154 perceptual=0.6341 adv=0.1018 g_total=0.7513 1.59 it/s
[x16/learnable_frequency] step 47900/50000 lr=4.87e-06 d=0.5697 pixel=0.0171 perceptual=0.6847 adv=0.0906 g_total=0.7924 1.59 it/s
[x16/learnable_frequency] step 48000/50000 lr=4.79e-06 d=0.5713 pixel=0.0137 perceptual=0.5841 adv=0.0837 g_total=0.6815 1.59 it/s
[x16/learnable_frequency] step 48000 VAL ref_ssim=0.9057 (base 0.9192) ref_mse=0.000866 (base 0.000881) best_ssim=0.9141@33000
[x16/learnable_frequency] step 48100/50000 lr=4.71e-06 d=0.6247 pixel=0.0122 perceptual=0.5106 adv=0.0743 g_total=0.5970 1.59 it/s
[x16/learnable_frequency] step 48200/50000 lr=4.64e-06 d=0.6100 pixel=0.0138 perceptual=0.5965 adv=0.1013 g_total=0.7116 1.59 it/s
[x16/learnable_frequency] step 48300/50000 lr=4.57e-06 d=0.5885 pixel=0.0159 perceptual=0.5389 adv=0.0938 g_total=0.6486 1.59 it/s
[x16/learnable_frequency] step 48400/50000 lr=4.51e-06 d=0.5600 pixel=0.0134 perceptual=0.5842 adv=0.1259 g_total=0.7236 1.59 it/s
[x16/learnable_frequency] step 48500/50000 lr=4.44e-06 d=0.6162 pixel=0.0170 perceptual=0.5770 adv=0.0892 g_total=0.6832 1.59 it/s
[x16/learnable_frequency] step 48600/50000 lr=4.39e-06 d=0.5961 pixel=0.0149 perceptual=0.6400 adv=0.0683 g_total=0.7232 1.59 it/s
[x16/learnable_frequency] step 48700/50000 lr=4.33e-06 d=0.5001 pixel=0.0138 perceptual=0.5621 adv=0.1024 g_total=0.6783 1.59 it/s
[x16/learnable_frequency] step 48800/50000 lr=4.28e-06 d=0.6209 pixel=0.0160 perceptual=0.6450 adv=0.1068 g_total=0.7679 1.59 it/s
[x16/learnable_frequency] step 48900/50000 lr=4.24e-06 d=0.6114 pixel=0.0150 perceptual=0.5919 adv=0.0806 g_total=0.6875 1.59 it/s
[x16/learnable_frequency] step 49000/50000 lr=4.20e-06 d=0.5653 pixel=0.0123 perceptual=0.5193 adv=0.0846 g_total=0.6162 1.59 it/s
[x16/learnable_frequency] step 49000 VAL ref_ssim=0.9059 (base 0.9192) ref_mse=0.000928 (base 0.000881) best_ssim=0.9141@33000
[x16/learnable_frequency] step 49100/50000 lr=4.16e-06 d=0.5699 pixel=0.0142 perceptual=0.6118 adv=0.1117 g_total=0.7377 1.59 it/s
[x16/learnable_frequency] step 49200/50000 lr=4.13e-06 d=0.7012 pixel=0.0148 perceptual=0.6345 adv=0.0721 g_total=0.7214 1.59 it/s
[x16/learnable_frequency] step 49300/50000 lr=4.10e-06 d=0.5580 pixel=0.0171 perceptual=0.6389 adv=0.1262 g_total=0.7822 1.59 it/s
[x16/learnable_frequency] step 49400/50000 lr=4.07e-06 d=0.6548 pixel=0.0160 perceptual=0.6392 adv=0.1214 g_total=0.7766 1.59 it/s
[x16/learnable_frequency] step 49500/50000 lr=4.05e-06 d=0.5877 pixel=0.0170 perceptual=0.6042 adv=0.0843 g_total=0.7056 1.59 it/s
[x16/learnable_frequency] step 49600/50000 lr=4.03e-06 d=0.6283 pixel=0.0145 perceptual=0.6216 adv=0.1144 g_total=0.7505 1.59 it/s
[x16/learnable_frequency] step 49700/50000 lr=4.02e-06 d=0.6977 pixel=0.0177 perceptual=0.6037 adv=0.1045 g_total=0.7259 1.59 it/s
[x16/learnable_frequency] step 49800/50000 lr=4.01e-06 d=0.5949 pixel=0.0193 perceptual=0.6587 adv=0.0778 g_total=0.7558 1.59 it/s
[x16/learnable_frequency] step 49900/50000 lr=4.00e-06 d=0.6890 pixel=0.0160 perceptual=0.6431 adv=0.1366 g_total=0.7958 1.59 it/s
[x16/learnable_frequency] step 50000/50000 lr=4.00e-06 d=0.6587 pixel=0.0138 perceptual=0.5976 adv=0.0566 g_total=0.6680 1.59 it/s
[x16/learnable_frequency] step 50000 VAL ref_ssim=0.9089 (base 0.9192) ref_mse=0.000868 (base 0.000881) best_ssim=0.9141@33000
[x16/learnable_frequency] DONE test base->ref  SSIM 0.9152->0.9114 (+-0.0038) | MSE 0.000945->0.000798 (-0.000147) | 523.8 min
