/home/leonidas/workspace/differentiable_micoscopy_replication/microscopy-clean/.venv/lib/python3.12/site-packages/timm/models/layers/__init__.py:49: FutureWarning: Importing from timm.models.layers is deprecated, please import via timm.layers
  warnings.warn(f"Importing from {__name__} is deprecated, please import via timm.layers", FutureWarning)
/home/leonidas/workspace/differentiable_micoscopy_replication/microscopy-clean/.venv/lib/python3.12/site-packages/torch/functional.py:505: UserWarning: torch.meshgrid: in an upcoming release, it will be required to pass the indexing argument. (Triggered internally at /pytorch/aten/src/ATen/native/TensorShape.cpp:4381.)
  return _VF.meshgrid(tensors, **kwargs)  # type: ignore[attr-defined]
[swinir_with_li] step 100/20000 g=2.0459 pix=0.2442 1.86 it/s
[swinir_with_li] step 200/20000 g=1.8665 pix=0.1839 1.86 it/s
[swinir_with_li] step 300/20000 g=1.8928 pix=0.2138 1.85 it/s
[swinir_with_li] step 400/20000 g=1.7137 pix=0.1120 1.85 it/s
[swinir_with_li] step 500/20000 g=2.0797 pix=0.0685 1.85 it/s
[swinir_with_li] step 600/20000 g=2.0708 pix=0.0731 1.85 it/s
[swinir_with_li] step 700/20000 g=1.6155 pix=0.0703 1.86 it/s
[swinir_with_li] step 800/20000 g=1.8457 pix=0.0669 1.86 it/s
[swinir_with_li] step 900/20000 g=1.8871 pix=0.0760 1.86 it/s
[swinir_with_li] step 1000/20000 g=1.4795 pix=0.0524 1.86 it/s
[swinir_with_li] step 1100/20000 g=1.7520 pix=0.0825 1.86 it/s
[swinir_with_li] step 1200/20000 g=2.1482 pix=0.0761 1.86 it/s
[swinir_with_li] step 1300/20000 g=1.6085 pix=0.0479 1.86 it/s
[swinir_with_li] step 1400/20000 g=1.7862 pix=0.1847 1.86 it/s
[swinir_with_li] step 1500/20000 g=1.5177 pix=0.0893 1.86 it/s
[swinir_with_li] step 1600/20000 g=1.8952 pix=0.0836 1.86 it/s
[swinir_with_li] step 1700/20000 g=1.5856 pix=0.0762 1.86 it/s
[swinir_with_li] step 1800/20000 g=1.6522 pix=0.0656 1.86 it/s
[swinir_with_li] step 1900/20000 g=1.6509 pix=0.0693 1.86 it/s
[swinir_with_li] step 2000/20000 g=1.7905 pix=0.0669 1.86 it/s
[swinir_with_li] step 2100/20000 g=1.8879 pix=0.1249 1.86 it/s
[swinir_with_li] step 2200/20000 g=1.7621 pix=0.1449 1.86 it/s
[swinir_with_li] step 2300/20000 g=1.6169 pix=0.0758 1.86 it/s
[swinir_with_li] step 2400/20000 g=1.8460 pix=0.0592 1.86 it/s
[swinir_with_li] step 2500/20000 g=1.4214 pix=0.0419 1.86 it/s
[swinir_with_li] step 2600/20000 g=1.6774 pix=0.0523 1.86 it/s
[swinir_with_li] step 2700/20000 g=1.5168 pix=0.0526 1.86 it/s
[swinir_with_li] step 2800/20000 g=1.6368 pix=0.1136 1.86 it/s
[swinir_with_li] step 2900/20000 g=1.7386 pix=0.0627 1.86 it/s
[swinir_with_li] step 3000/20000 g=1.7903 pix=0.0599 1.86 it/s
[swinir_with_li] step 3100/20000 g=1.5663 pix=0.0493 1.86 it/s
[swinir_with_li] step 3200/20000 g=1.7052 pix=0.0648 1.86 it/s
[swinir_with_li] step 3300/20000 g=1.5282 pix=0.0582 1.86 it/s
[swinir_with_li] step 3400/20000 g=1.8302 pix=0.0579 1.86 it/s
[swinir_with_li] step 3500/20000 g=1.7440 pix=0.0562 1.86 it/s
[swinir_with_li] step 3600/20000 g=2.1264 pix=0.0724 1.86 it/s
[swinir_with_li] step 3700/20000 g=1.7164 pix=0.0619 1.86 it/s
[swinir_with_li] step 3800/20000 g=1.8456 pix=0.0658 1.86 it/s
[swinir_with_li] step 3900/20000 g=1.9106 pix=0.0727 1.86 it/s
[swinir_with_li] step 4000/20000 g=1.6807 pix=0.0538 1.86 it/s
[swinir_with_li] step 4100/20000 g=1.5329 pix=0.0465 1.86 it/s
[swinir_with_li] step 4200/20000 g=1.6831 pix=0.0554 1.86 it/s
[swinir_with_li] step 4300/20000 g=1.6443 pix=0.0531 1.86 it/s
[swinir_with_li] step 4400/20000 g=1.9508 pix=0.0624 1.86 it/s
[swinir_with_li] step 4500/20000 g=1.4639 pix=0.0501 1.86 it/s
[swinir_with_li] step 4600/20000 g=1.5916 pix=0.0487 1.86 it/s
[swinir_with_li] step 4700/20000 g=1.5804 pix=0.0616 1.86 it/s
[swinir_with_li] step 4800/20000 g=1.7639 pix=0.0591 1.86 it/s
[swinir_with_li] step 4900/20000 g=1.5167 pix=0.0396 1.86 it/s
[swinir_with_li] step 5000/20000 g=1.5576 pix=0.0624 1.86 it/s
[swinir_with_li] step 5000 VAL_L1=0.06103 (best inf@-1)
[swinir_with_li] step 5100/20000 g=1.9641 pix=0.0639 1.86 it/s
[swinir_with_li] step 5200/20000 g=1.6980 pix=0.0614 1.86 it/s
[swinir_with_li] step 5300/20000 g=1.6912 pix=0.0532 1.86 it/s
[swinir_with_li] step 5400/20000 g=1.4334 pix=0.0477 1.86 it/s
[swinir_with_li] step 5500/20000 g=1.5892 pix=0.0482 1.86 it/s
[swinir_with_li] step 5600/20000 g=1.7917 pix=0.0624 1.86 it/s
[swinir_with_li] step 5700/20000 g=1.7312 pix=0.0547 1.86 it/s
[swinir_with_li] step 5800/20000 g=1.7078 pix=0.0620 1.86 it/s
[swinir_with_li] step 5900/20000 g=1.8534 pix=0.0567 1.86 it/s
[swinir_with_li] step 6000/20000 g=1.9149 pix=0.0590 1.86 it/s
[swinir_with_li] step 6100/20000 g=1.5227 pix=0.0553 1.86 it/s
[swinir_with_li] step 6200/20000 g=1.7106 pix=0.0568 1.86 it/s
[swinir_with_li] step 6300/20000 g=1.7454 pix=0.0683 1.86 it/s
[swinir_with_li] step 6400/20000 g=1.5166 pix=0.0469 1.86 it/s
[swinir_with_li] step 6500/20000 g=1.8161 pix=0.0576 1.86 it/s
[swinir_with_li] step 6600/20000 g=1.5451 pix=0.0397 1.86 it/s
[swinir_with_li] step 6700/20000 g=1.5692 pix=0.0486 1.86 it/s
[swinir_with_li] step 6800/20000 g=1.7379 pix=0.0513 1.86 it/s
[swinir_with_li] step 6900/20000 g=1.7728 pix=0.0458 1.86 it/s
[swinir_with_li] step 7000/20000 g=1.6601 pix=0.0444 1.86 it/s
[swinir_with_li] step 7100/20000 g=1.8313 pix=0.0641 1.86 it/s
[swinir_with_li] step 7200/20000 g=1.4302 pix=0.0414 1.86 it/s
[swinir_with_li] step 7300/20000 g=1.5491 pix=0.0382 1.86 it/s
[swinir_with_li] step 7400/20000 g=1.3737 pix=0.0455 1.86 it/s
[swinir_with_li] step 7500/20000 g=1.3336 pix=0.0339 1.86 it/s
[swinir_with_li] step 7600/20000 g=1.2851 pix=0.0344 1.86 it/s
[swinir_with_li] step 7700/20000 g=1.4141 pix=0.0384 1.86 it/s
[swinir_with_li] step 7800/20000 g=1.2893 pix=0.0305 1.86 it/s
[swinir_with_li] step 7900/20000 g=1.5373 pix=0.0502 1.86 it/s
[swinir_with_li] step 8000/20000 g=1.6751 pix=0.0425 1.86 it/s
[swinir_with_li] step 8100/20000 g=1.6112 pix=0.0443 1.86 it/s
[swinir_with_li] step 8200/20000 g=1.4349 pix=0.0357 1.86 it/s
[swinir_with_li] step 8300/20000 g=1.7573 pix=0.0472 1.86 it/s
[swinir_with_li] step 8400/20000 g=1.7888 pix=0.0499 1.86 it/s
[swinir_with_li] step 8500/20000 g=1.4939 pix=0.0436 1.86 it/s
[swinir_with_li] step 8600/20000 g=1.5384 pix=0.0419 1.86 it/s
[swinir_with_li] step 8700/20000 g=1.6586 pix=0.0541 1.86 it/s
[swinir_with_li] step 8800/20000 g=1.6740 pix=0.0449 1.86 it/s
[swinir_with_li] step 8900/20000 g=1.4532 pix=0.0431 1.86 it/s
[swinir_with_li] step 9000/20000 g=1.7664 pix=0.0534 1.86 it/s
[swinir_with_li] step 9100/20000 g=1.6067 pix=0.0392 1.86 it/s
[swinir_with_li] step 9200/20000 g=1.7328 pix=0.0513 1.86 it/s
[swinir_with_li] step 9300/20000 g=1.5730 pix=0.0398 1.86 it/s
[swinir_with_li] step 9400/20000 g=1.6106 pix=0.0417 1.86 it/s
[swinir_with_li] step 9500/20000 g=1.4545 pix=0.0398 1.86 it/s
[swinir_with_li] step 9600/20000 g=1.4930 pix=0.0404 1.86 it/s
[swinir_with_li] step 9700/20000 g=1.6664 pix=0.0449 1.86 it/s
[swinir_with_li] step 9800/20000 g=1.6434 pix=0.0494 1.86 it/s
[swinir_with_li] step 9900/20000 g=1.5665 pix=0.0438 1.86 it/s
[swinir_with_li] step 10000/20000 g=1.7794 pix=0.0480 1.86 it/s
[swinir_with_li] step 10000 VAL_L1=0.05035 (best 0.06103@5000)
[swinir_with_li] step 10100/20000 g=1.6969 pix=0.0449 1.86 it/s
[swinir_with_li] step 10200/20000 g=1.3806 pix=0.0346 1.86 it/s
[swinir_with_li] step 10300/20000 g=1.5603 pix=0.0423 1.86 it/s
[swinir_with_li] step 10400/20000 g=1.6244 pix=0.0394 1.86 it/s
[swinir_with_li] step 10500/20000 g=1.3959 pix=0.0369 1.86 it/s
[swinir_with_li] step 10600/20000 g=1.5370 pix=0.0410 1.86 it/s
[swinir_with_li] step 10700/20000 g=1.6739 pix=0.0559 1.86 it/s
[swinir_with_li] step 10800/20000 g=1.3167 pix=0.0294 1.86 it/s
[swinir_with_li] step 10900/20000 g=1.6399 pix=0.0520 1.86 it/s
[swinir_with_li] step 11000/20000 g=1.3812 pix=0.0344 1.86 it/s
[swinir_with_li] step 11100/20000 g=1.5054 pix=0.0444 1.86 it/s
[swinir_with_li] step 11200/20000 g=1.7173 pix=0.0517 1.86 it/s
[swinir_with_li] step 11300/20000 g=1.5579 pix=0.0523 1.86 it/s
[swinir_with_li] step 11400/20000 g=1.4888 pix=0.0398 1.86 it/s
[swinir_with_li] step 11500/20000 g=1.4700 pix=0.0421 1.86 it/s
[swinir_with_li] step 11600/20000 g=1.7121 pix=0.0520 1.86 it/s
[swinir_with_li] step 11700/20000 g=1.4088 pix=0.0313 1.86 it/s
[swinir_with_li] step 11800/20000 g=1.3553 pix=0.0362 1.86 it/s
[swinir_with_li] step 11900/20000 g=1.3308 pix=0.0385 1.86 it/s
[swinir_with_li] step 12000/20000 g=1.4064 pix=0.0403 1.86 it/s
[swinir_with_li] step 12100/20000 g=1.4553 pix=0.0533 1.86 it/s
[swinir_with_li] step 12200/20000 g=1.5825 pix=0.0511 1.86 it/s
[swinir_with_li] step 12300/20000 g=1.3665 pix=0.0385 1.86 it/s
[swinir_with_li] step 12400/20000 g=1.3311 pix=0.0344 1.86 it/s
[swinir_with_li] step 12500/20000 g=1.5452 pix=0.0451 1.86 it/s
[swinir_with_li] step 12600/20000 g=1.7926 pix=0.0642 1.86 it/s
[swinir_with_li] step 12700/20000 g=1.4052 pix=0.0302 1.86 it/s
[swinir_with_li] step 12800/20000 g=1.6607 pix=0.0484 1.86 it/s
[swinir_with_li] step 12900/20000 g=1.7324 pix=0.0475 1.86 it/s
[swinir_with_li] step 13000/20000 g=1.7005 pix=0.0488 1.86 it/s
[swinir_with_li] step 13100/20000 g=1.4194 pix=0.0382 1.86 it/s
[swinir_with_li] step 13200/20000 g=1.6301 pix=0.0446 1.86 it/s
[swinir_with_li] step 13300/20000 g=1.4516 pix=0.0396 1.86 it/s
[swinir_with_li] step 13400/20000 g=1.8619 pix=0.0585 1.86 it/s
[swinir_with_li] step 13500/20000 g=1.7192 pix=0.0493 1.86 it/s
[swinir_with_li] step 13600/20000 g=1.3883 pix=0.0412 1.86 it/s
[swinir_with_li] step 13700/20000 g=1.5998 pix=0.0405 1.86 it/s
[swinir_with_li] step 13800/20000 g=1.3566 pix=0.0375 1.86 it/s
[swinir_with_li] step 13900/20000 g=1.8094 pix=0.0557 1.86 it/s
[swinir_with_li] step 14000/20000 g=1.3211 pix=0.0342 1.86 it/s
[swinir_with_li] step 14100/20000 g=1.4541 pix=0.0325 1.86 it/s
[swinir_with_li] step 14200/20000 g=1.4824 pix=0.0458 1.86 it/s
[swinir_with_li] step 14300/20000 g=1.1884 pix=0.0302 1.86 it/s
[swinir_with_li] step 14400/20000 g=1.5686 pix=0.0476 1.86 it/s
[swinir_with_li] step 14500/20000 g=1.3434 pix=0.0324 1.86 it/s
[swinir_with_li] step 14600/20000 g=1.6363 pix=0.0415 1.86 it/s
[swinir_with_li] step 14700/20000 g=1.4940 pix=0.0492 1.86 it/s
[swinir_with_li] step 14800/20000 g=1.4776 pix=0.0368 1.86 it/s
[swinir_with_li] step 14900/20000 g=1.7124 pix=0.0433 1.86 it/s
[swinir_with_li] step 15000/20000 g=1.6318 pix=0.0417 1.86 it/s
[swinir_with_li] step 15000 VAL_L1=0.04814 (best 0.05035@10000)
[swinir_with_li] step 15100/20000 g=1.4489 pix=0.0416 1.86 it/s
[swinir_with_li] step 15200/20000 g=1.5211 pix=0.0448 1.86 it/s
[swinir_with_li] step 15300/20000 g=1.3637 pix=0.0367 1.86 it/s
[swinir_with_li] step 15400/20000 g=1.5217 pix=0.0343 1.86 it/s
[swinir_with_li] step 15500/20000 g=1.3701 pix=0.0369 1.86 it/s
[swinir_with_li] step 15600/20000 g=1.7565 pix=0.0488 1.86 it/s
[swinir_with_li] step 15700/20000 g=1.5330 pix=0.0399 1.86 it/s
[swinir_with_li] step 15800/20000 g=1.3618 pix=0.0343 1.86 it/s
[swinir_with_li] step 15900/20000 g=1.3876 pix=0.0410 1.86 it/s
[swinir_with_li] step 16000/20000 g=1.6310 pix=0.0399 1.86 it/s
[swinir_with_li] step 16100/20000 g=1.4635 pix=0.0418 1.86 it/s
[swinir_with_li] step 16200/20000 g=1.5970 pix=0.0425 1.86 it/s
[swinir_with_li] step 16300/20000 g=1.4460 pix=0.0457 1.86 it/s
[swinir_with_li] step 16400/20000 g=1.5139 pix=0.0406 1.86 it/s
[swinir_with_li] step 16500/20000 g=1.4325 pix=0.0403 1.86 it/s
[swinir_with_li] step 16600/20000 g=1.3796 pix=0.0341 1.86 it/s
[swinir_with_li] step 16700/20000 g=1.4545 pix=0.0350 1.86 it/s
[swinir_with_li] step 16800/20000 g=1.5077 pix=0.0387 1.86 it/s
[swinir_with_li] step 16900/20000 g=1.4805 pix=0.0433 1.86 it/s
[swinir_with_li] step 17000/20000 g=1.4972 pix=0.0406 1.86 it/s
[swinir_with_li] step 17100/20000 g=1.3301 pix=0.0408 1.86 it/s
[swinir_with_li] step 17200/20000 g=1.4229 pix=0.0351 1.86 it/s
[swinir_with_li] step 17300/20000 g=1.4504 pix=0.0362 1.86 it/s
[swinir_with_li] step 17400/20000 g=1.4582 pix=0.0352 1.86 it/s
[swinir_with_li] step 17500/20000 g=1.3703 pix=0.0298 1.86 it/s
[swinir_with_li] step 17600/20000 g=1.4279 pix=0.0454 1.86 it/s
[swinir_with_li] step 17700/20000 g=1.7028 pix=0.0457 1.86 it/s
[swinir_with_li] step 17800/20000 g=1.5171 pix=0.0493 1.86 it/s
[swinir_with_li] step 17900/20000 g=1.6815 pix=0.0451 1.86 it/s
[swinir_with_li] step 18000/20000 g=1.3896 pix=0.0400 1.86 it/s
[swinir_with_li] step 18100/20000 g=1.8717 pix=0.0583 1.86 it/s
[swinir_with_li] step 18200/20000 g=1.7414 pix=0.0557 1.86 it/s
[swinir_with_li] step 18300/20000 g=1.5637 pix=0.0423 1.86 it/s
[swinir_with_li] step 18400/20000 g=1.5136 pix=0.0381 1.86 it/s
[swinir_with_li] step 18500/20000 g=1.3605 pix=0.0356 1.86 it/s
[swinir_with_li] step 18600/20000 g=1.4936 pix=0.0383 1.86 it/s
[swinir_with_li] step 18700/20000 g=1.4998 pix=0.0425 1.86 it/s
[swinir_with_li] step 18800/20000 g=1.5690 pix=0.0460 1.86 it/s
[swinir_with_li] step 18900/20000 g=1.5995 pix=0.0415 1.86 it/s
[swinir_with_li] step 19000/20000 g=1.5840 pix=0.0421 1.86 it/s
[swinir_with_li] step 19100/20000 g=1.2277 pix=0.0311 1.86 it/s
[swinir_with_li] step 19200/20000 g=1.3309 pix=0.0307 1.86 it/s
[swinir_with_li] step 19300/20000 g=1.4003 pix=0.0389 1.86 it/s
[swinir_with_li] step 19400/20000 g=1.6185 pix=0.0475 1.86 it/s
[swinir_with_li] step 19500/20000 g=1.4549 pix=0.0425 1.86 it/s
[swinir_with_li] step 19600/20000 g=1.3590 pix=0.0343 1.86 it/s
[swinir_with_li] step 19700/20000 g=1.2773 pix=0.0312 1.86 it/s
[swinir_with_li] step 19800/20000 g=1.8605 pix=0.0579 1.86 it/s
[swinir_with_li] step 19900/20000 g=1.3310 pix=0.0390 1.86 it/s
[swinir_with_li] step 20000/20000 g=1.2339 pix=0.0355 1.86 it/s
[swinir_with_li] step 20000 VAL_L1=0.04896 (best 0.04814@15000)
[swinir_with_li/final] Set5: PSNR 27.12 SSIM 0.7769 (105 tiles, 5 imgs)
[swinir_with_li/final] Set14: PSNR 25.05 SSIM 0.6876 (668 tiles, 14 imgs)
[swinir_with_li/final] BSD100: PSNR 24.89 SSIM 0.6246 (3500 tiles, 100 imgs)
[swinir_with_li/final] Urban100: PSNR 24.02 SSIM 0.6484 (18221 tiles, 100 imgs)
[swinir_with_li/final] Manga109: PSNR 26.10 SSIM 0.7834 (23504 tiles, 109 imgs)
[swinir_with_li/best] Set5: PSNR 27.45 SSIM 0.7768 (105 tiles, 5 imgs)
[swinir_with_li/best] Set14: PSNR 25.17 SSIM 0.6882 (668 tiles, 14 imgs)
[swinir_with_li/best] BSD100: PSNR 25.12 SSIM 0.6279 (3500 tiles, 100 imgs)
[swinir_with_li/best] Urban100: PSNR 23.90 SSIM 0.6434 (18221 tiles, 100 imgs)
[swinir_with_li/best] Manga109: PSNR 26.09 SSIM 0.7799 (23504 tiles, 109 imgs)
