[x16/random_fixed] loading frozen base ...
[x16/random_fixed] building caches (frozen base forward) ...
[x16/random_fixed] cache: train=7920 val=40 test=60 (68s)
/home/leonidas/workspace/differentiable_micoscopy_replication/microscopy-clean/.venv/lib/python3.12/site-packages/timm/models/layers/__init__.py:49: FutureWarning: Importing from timm.models.layers is deprecated, please import via timm.layers
  warnings.warn(f"Importing from {__name__} is deprecated, please import via timm.layers", FutureWarning)
/home/leonidas/workspace/differentiable_micoscopy_replication/microscopy-clean/.venv/lib/python3.12/site-packages/torch/functional.py:505: UserWarning: torch.meshgrid: in an upcoming release, it will be required to pass the indexing argument. (Triggered internally at /pytorch/aten/src/ATen/native/TensorShape.cpp:4381.)
  return _VF.meshgrid(tensors, **kwargs)  # type: ignore[attr-defined]
[x16/random_fixed] SwinIR params=11.50M embed_dim=180 depths=[6, 6, 6, 6, 6, 6] identity_init=True
[x16/random_fixed] base val: ssim=0.9211 mse=0.000825
[x16/random_fixed] step 100/50000 lr=4.00e-05 d=0.6795 pixel=0.0155 perceptual=1.0264 adv=0.1299 g_total=1.1717 1.61 it/s
[x16/random_fixed] step 200/50000 lr=8.00e-05 d=0.7372 pixel=0.0204 perceptual=0.9595 adv=0.1247 g_total=1.1047 1.60 it/s
[x16/random_fixed] step 300/50000 lr=1.20e-04 d=0.6514 pixel=0.0172 perceptual=0.8205 adv=0.0688 g_total=0.9066 1.61 it/s
[x16/random_fixed] step 400/50000 lr=1.60e-04 d=0.6439 pixel=0.0144 perceptual=0.7313 adv=0.0648 g_total=0.8105 1.61 it/s
[x16/random_fixed] step 500/50000 lr=2.00e-04 d=0.6704 pixel=0.0169 perceptual=0.7381 adv=0.0788 g_total=0.8337 1.61 it/s
[x16/random_fixed] step 600/50000 lr=2.00e-04 d=0.6192 pixel=0.0180 perceptual=0.7389 adv=0.0707 g_total=0.8277 1.61 it/s
[x16/random_fixed] step 700/50000 lr=2.00e-04 d=0.6897 pixel=0.0153 perceptual=0.7059 adv=0.0728 g_total=0.7939 1.61 it/s
[x16/random_fixed] step 800/50000 lr=2.00e-04 d=0.6850 pixel=0.0139 perceptual=0.6422 adv=0.0810 g_total=0.7371 1.61 it/s
[x16/random_fixed] step 900/50000 lr=2.00e-04 d=0.7309 pixel=0.0162 perceptual=0.7324 adv=0.0676 g_total=0.8162 1.61 it/s
[x16/random_fixed] step 1000/50000 lr=2.00e-04 d=0.7149 pixel=0.0145 perceptual=0.5964 adv=0.0613 g_total=0.6722 1.61 it/s
[x16/random_fixed] step 1000 VAL ref_ssim=0.8983 (base 0.9211) ref_mse=0.000925 (base 0.000825) best_ssim=0.8983@1000 *
[x16/random_fixed] step 1100/50000 lr=2.00e-04 d=0.7107 pixel=0.0143 perceptual=0.5897 adv=0.0941 g_total=0.6981 1.58 it/s
[x16/random_fixed] step 1200/50000 lr=2.00e-04 d=0.5788 pixel=0.0149 perceptual=0.7103 adv=0.0720 g_total=0.7973 1.59 it/s
[x16/random_fixed] step 1300/50000 lr=2.00e-04 d=0.6419 pixel=0.0213 perceptual=0.6604 adv=0.0731 g_total=0.7548 1.59 it/s
[x16/random_fixed] step 1400/50000 lr=2.00e-04 d=0.7044 pixel=0.0139 perceptual=0.6643 adv=0.0788 g_total=0.7570 1.59 it/s
[x16/random_fixed] step 1500/50000 lr=2.00e-04 d=0.6859 pixel=0.0135 perceptual=0.6309 adv=0.0709 g_total=0.7154 1.59 it/s
[x16/random_fixed] step 1600/50000 lr=2.00e-04 d=0.6967 pixel=0.0138 perceptual=0.5887 adv=0.0766 g_total=0.6791 1.59 it/s
[x16/random_fixed] step 1700/50000 lr=2.00e-04 d=0.6932 pixel=0.0133 perceptual=0.5936 adv=0.0704 g_total=0.6774 1.59 it/s
[x16/random_fixed] step 1800/50000 lr=2.00e-04 d=0.6936 pixel=0.0137 perceptual=0.5943 adv=0.0696 g_total=0.6776 1.59 it/s
[x16/random_fixed] step 1900/50000 lr=2.00e-04 d=0.6945 pixel=0.0140 perceptual=0.6216 adv=0.0753 g_total=0.7109 1.59 it/s
[x16/random_fixed] step 2000/50000 lr=2.00e-04 d=0.7135 pixel=0.0125 perceptual=0.5798 adv=0.0808 g_total=0.6732 1.59 it/s
[x16/random_fixed] step 2000 VAL ref_ssim=0.9039 (base 0.9211) ref_mse=0.000811 (base 0.000825) best_ssim=0.9039@2000 *
[x16/random_fixed] step 2100/50000 lr=1.99e-04 d=0.6938 pixel=0.0144 perceptual=0.6367 adv=0.0717 g_total=0.7228 1.58 it/s
[x16/random_fixed] step 2200/50000 lr=1.99e-04 d=0.6934 pixel=0.0138 perceptual=0.6345 adv=0.0705 g_total=0.7187 1.58 it/s
[x16/random_fixed] step 2300/50000 lr=1.99e-04 d=0.6932 pixel=0.0135 perceptual=0.6240 adv=0.0698 g_total=0.7073 1.59 it/s
[x16/random_fixed] step 2400/50000 lr=1.99e-04 d=0.6932 pixel=0.0146 perceptual=0.6252 adv=0.0683 g_total=0.7080 1.59 it/s
[x16/random_fixed] step 2500/50000 lr=1.99e-04 d=0.6931 pixel=0.0131 perceptual=0.6081 adv=0.0707 g_total=0.6920 1.59 it/s
[x16/random_fixed] step 2600/50000 lr=1.99e-04 d=0.6508 pixel=0.0152 perceptual=0.6738 adv=0.0677 g_total=0.7568 1.59 it/s
[x16/random_fixed] step 2700/50000 lr=1.99e-04 d=0.6009 pixel=0.0140 perceptual=0.6418 adv=0.0691 g_total=0.7249 1.59 it/s
[x16/random_fixed] step 2800/50000 lr=1.99e-04 d=0.5857 pixel=0.0138 perceptual=0.6235 adv=0.0728 g_total=0.7102 1.59 it/s
[x16/random_fixed] step 2900/50000 lr=1.99e-04 d=0.6691 pixel=0.0133 perceptual=0.6072 adv=0.0690 g_total=0.6896 1.59 it/s
[x16/random_fixed] step 3000/50000 lr=1.99e-04 d=0.6371 pixel=0.0136 perceptual=0.6128 adv=0.0691 g_total=0.6955 1.59 it/s
[x16/random_fixed] step 3000 VAL ref_ssim=0.9143 (base 0.9211) ref_mse=0.000718 (base 0.000825) best_ssim=0.9143@3000 *
[x16/random_fixed] step 3100/50000 lr=1.99e-04 d=0.6895 pixel=0.0134 perceptual=0.5827 adv=0.0652 g_total=0.6613 1.58 it/s
[x16/random_fixed] step 3200/50000 lr=1.99e-04 d=0.6484 pixel=0.0158 perceptual=0.6406 adv=0.0709 g_total=0.7273 1.58 it/s
[x16/random_fixed] step 3300/50000 lr=1.98e-04 d=0.6370 pixel=0.0152 perceptual=0.5995 adv=0.0668 g_total=0.6815 1.58 it/s
[x16/random_fixed] step 3400/50000 lr=1.98e-04 d=0.6768 pixel=0.0138 perceptual=0.6209 adv=0.0718 g_total=0.7064 1.58 it/s
[x16/random_fixed] step 3500/50000 lr=1.98e-04 d=0.7967 pixel=0.0150 perceptual=0.6673 adv=0.0573 g_total=0.7396 1.59 it/s
[x16/random_fixed] step 3600/50000 lr=1.98e-04 d=0.6514 pixel=0.0135 perceptual=0.6264 adv=0.0680 g_total=0.7079 1.59 it/s
[x16/random_fixed] step 3700/50000 lr=1.98e-04 d=0.6977 pixel=0.0141 perceptual=0.6527 adv=0.0703 g_total=0.7370 1.59 it/s
[x16/random_fixed] step 3800/50000 lr=1.98e-04 d=0.5369 pixel=0.0144 perceptual=0.6900 adv=0.0734 g_total=0.7778 1.59 it/s
[x16/random_fixed] step 3900/50000 lr=1.98e-04 d=0.6947 pixel=0.0136 perceptual=0.6256 adv=0.0713 g_total=0.7105 1.59 it/s
[x16/random_fixed] step 4000/50000 lr=1.98e-04 d=0.6464 pixel=0.0132 perceptual=0.5838 adv=0.0661 g_total=0.6631 1.59 it/s
[x16/random_fixed] step 4000 VAL ref_ssim=0.9118 (base 0.9211) ref_mse=0.000721 (base 0.000825) best_ssim=0.9143@3000
[x16/random_fixed] step 4100/50000 lr=1.97e-04 d=0.7452 pixel=0.0137 perceptual=0.5718 adv=0.0865 g_total=0.6720 1.58 it/s
[x16/random_fixed] step 4200/50000 lr=1.97e-04 d=0.6348 pixel=0.0146 perceptual=0.6175 adv=0.0779 g_total=0.7100 1.58 it/s
[x16/random_fixed] step 4300/50000 lr=1.97e-04 d=0.6256 pixel=0.0142 perceptual=0.6281 adv=0.0718 g_total=0.7141 1.58 it/s
[x16/random_fixed] step 4400/50000 lr=1.97e-04 d=0.6900 pixel=0.0129 perceptual=0.5734 adv=0.0696 g_total=0.6559 1.58 it/s
[x16/random_fixed] step 4500/50000 lr=1.97e-04 d=0.6268 pixel=0.0147 perceptual=0.6407 adv=0.0764 g_total=0.7318 1.58 it/s
[x16/random_fixed] step 4600/50000 lr=1.97e-04 d=0.7025 pixel=0.0134 perceptual=0.5810 adv=0.0760 g_total=0.6704 1.58 it/s
[x16/random_fixed] step 4700/50000 lr=1.97e-04 d=0.6730 pixel=0.0180 perceptual=0.6947 adv=0.0665 g_total=0.7791 1.59 it/s
[x16/random_fixed] step 4800/50000 lr=1.96e-04 d=0.6664 pixel=0.0138 perceptual=0.6436 adv=0.0626 g_total=0.7201 1.59 it/s
[x16/random_fixed] step 4900/50000 lr=1.96e-04 d=0.6337 pixel=0.0123 perceptual=0.5405 adv=0.0716 g_total=0.6244 1.59 it/s
[x16/random_fixed] step 5000/50000 lr=1.96e-04 d=0.6955 pixel=0.0130 perceptual=0.5896 adv=0.0687 g_total=0.6713 1.59 it/s
[x16/random_fixed] step 5000 VAL ref_ssim=0.9065 (base 0.9211) ref_mse=0.000715 (base 0.000825) best_ssim=0.9143@3000
[x16/random_fixed] step 5100/50000 lr=1.96e-04 d=0.6581 pixel=0.0132 perceptual=0.6017 adv=0.0786 g_total=0.6935 1.58 it/s
[x16/random_fixed] step 5200/50000 lr=1.96e-04 d=0.6641 pixel=0.0113 perceptual=0.4863 adv=0.0725 g_total=0.5702 1.58 it/s
[x16/random_fixed] step 5300/50000 lr=1.95e-04 d=0.7181 pixel=0.0129 perceptual=0.6022 adv=0.0561 g_total=0.6711 1.58 it/s
[x16/random_fixed] step 5400/50000 lr=1.95e-04 d=0.7167 pixel=0.0137 perceptual=0.6432 adv=0.0832 g_total=0.7400 1.58 it/s
[x16/random_fixed] step 5500/50000 lr=1.95e-04 d=0.6911 pixel=0.0150 perceptual=0.6629 adv=0.0758 g_total=0.7536 1.58 it/s
[x16/random_fixed] step 5600/50000 lr=1.95e-04 d=0.5789 pixel=0.0117 perceptual=0.5632 adv=0.0686 g_total=0.6435 1.58 it/s
[x16/random_fixed] step 5700/50000 lr=1.95e-04 d=0.6983 pixel=0.0146 perceptual=0.6490 adv=0.0760 g_total=0.7397 1.58 it/s
[x16/random_fixed] step 5800/50000 lr=1.95e-04 d=0.6779 pixel=0.0138 perceptual=0.6157 adv=0.0699 g_total=0.6994 1.58 it/s
[x16/random_fixed] step 5900/50000 lr=1.94e-04 d=0.6952 pixel=0.0168 perceptual=0.6425 adv=0.0699 g_total=0.7292 1.58 it/s
[x16/random_fixed] step 6000/50000 lr=1.94e-04 d=0.6968 pixel=0.0136 perceptual=0.6215 adv=0.0707 g_total=0.7058 1.59 it/s
[x16/random_fixed] step 6000 VAL ref_ssim=0.9127 (base 0.9211) ref_mse=0.000715 (base 0.000825) best_ssim=0.9143@3000
[x16/random_fixed] step 6100/50000 lr=1.94e-04 d=0.7305 pixel=0.0107 perceptual=0.5156 adv=0.0676 g_total=0.5939 1.58 it/s
[x16/random_fixed] step 6200/50000 lr=1.94e-04 d=0.7453 pixel=0.0129 perceptual=0.5290 adv=0.0602 g_total=0.6021 1.58 it/s
[x16/random_fixed] step 6300/50000 lr=1.93e-04 d=0.5889 pixel=0.0137 perceptual=0.5825 adv=0.0635 g_total=0.6598 1.58 it/s
[x16/random_fixed] step 6400/50000 lr=1.93e-04 d=0.5708 pixel=0.0168 perceptual=0.6428 adv=0.0625 g_total=0.7221 1.58 it/s
[x16/random_fixed] step 6500/50000 lr=1.93e-04 d=0.6905 pixel=0.0137 perceptual=0.6266 adv=0.0726 g_total=0.7129 1.58 it/s
[x16/random_fixed] step 6600/50000 lr=1.93e-04 d=0.6876 pixel=0.0122 perceptual=0.5970 adv=0.0607 g_total=0.6699 1.58 it/s
[x16/random_fixed] step 6700/50000 lr=1.93e-04 d=0.7000 pixel=0.0135 perceptual=0.6312 adv=0.0740 g_total=0.7187 1.58 it/s
[x16/random_fixed] step 6800/50000 lr=1.92e-04 d=0.6865 pixel=0.0136 perceptual=0.6134 adv=0.0695 g_total=0.6966 1.58 it/s
[x16/random_fixed] step 6900/50000 lr=1.92e-04 d=0.7013 pixel=0.0148 perceptual=0.6347 adv=0.0673 g_total=0.7168 1.58 it/s
[x16/random_fixed] step 7000/50000 lr=1.92e-04 d=0.6554 pixel=0.0138 perceptual=0.6111 adv=0.0773 g_total=0.7022 1.58 it/s
[x16/random_fixed] step 7000 VAL ref_ssim=0.9094 (base 0.9211) ref_mse=0.000702 (base 0.000825) best_ssim=0.9143@3000
[x16/random_fixed] step 7100/50000 lr=1.92e-04 d=0.6776 pixel=0.0138 perceptual=0.5880 adv=0.0618 g_total=0.6636 1.58 it/s
[x16/random_fixed] step 7200/50000 lr=1.91e-04 d=0.7237 pixel=0.0145 perceptual=0.6587 adv=0.0709 g_total=0.7442 1.58 it/s
[x16/random_fixed] step 7300/50000 lr=1.91e-04 d=0.6930 pixel=0.0146 perceptual=0.6400 adv=0.0746 g_total=0.7291 1.58 it/s
[x16/random_fixed] step 7400/50000 lr=1.91e-04 d=0.6808 pixel=0.0122 perceptual=0.5355 adv=0.0746 g_total=0.6223 1.58 it/s
[x16/random_fixed] step 7500/50000 lr=1.90e-04 d=0.6821 pixel=0.0127 perceptual=0.5557 adv=0.0708 g_total=0.6392 1.58 it/s
[x16/random_fixed] step 7600/50000 lr=1.90e-04 d=0.6881 pixel=0.0140 perceptual=0.6146 adv=0.0692 g_total=0.6978 1.58 it/s
[x16/random_fixed] step 7700/50000 lr=1.90e-04 d=0.7012 pixel=0.0114 perceptual=0.5357 adv=0.0740 g_total=0.6211 1.58 it/s
[x16/random_fixed] step 7800/50000 lr=1.90e-04 d=0.6789 pixel=0.0139 perceptual=0.5661 adv=0.0791 g_total=0.6591 1.58 it/s
[x16/random_fixed] step 7900/50000 lr=1.89e-04 d=0.6884 pixel=0.0166 perceptual=0.6528 adv=0.0472 g_total=0.7166 1.58 it/s
[x16/random_fixed] step 8000/50000 lr=1.89e-04 d=0.6615 pixel=0.0109 perceptual=0.4708 adv=0.0697 g_total=0.5515 1.58 it/s
[x16/random_fixed] step 8000 VAL ref_ssim=0.9119 (base 0.9211) ref_mse=0.000720 (base 0.000825) best_ssim=0.9143@3000
[x16/random_fixed] step 8100/50000 lr=1.89e-04 d=0.6922 pixel=0.0133 perceptual=0.5891 adv=0.0697 g_total=0.6721 1.58 it/s
[x16/random_fixed] step 8200/50000 lr=1.89e-04 d=0.6734 pixel=0.0151 perceptual=0.6458 adv=0.0664 g_total=0.7273 1.58 it/s
[x16/random_fixed] step 8300/50000 lr=1.88e-04 d=0.6339 pixel=0.0140 perceptual=0.5769 adv=0.0612 g_total=0.6521 1.58 it/s
[x16/random_fixed] step 8400/50000 lr=1.88e-04 d=0.6915 pixel=0.0125 perceptual=0.5826 adv=0.0719 g_total=0.6670 1.58 it/s
[x16/random_fixed] step 8500/50000 lr=1.88e-04 d=0.7352 pixel=0.0125 perceptual=0.5817 adv=0.0583 g_total=0.6525 1.58 it/s
[x16/random_fixed] step 8600/50000 lr=1.87e-04 d=0.6933 pixel=0.0145 perceptual=0.5504 adv=0.0728 g_total=0.6377 1.58 it/s
[x16/random_fixed] step 8700/50000 lr=1.87e-04 d=0.6466 pixel=0.0135 perceptual=0.6130 adv=0.0551 g_total=0.6816 1.58 it/s
[x16/random_fixed] step 8800/50000 lr=1.87e-04 d=0.7040 pixel=0.0110 perceptual=0.5160 adv=0.0827 g_total=0.6097 1.58 it/s
[x16/random_fixed] step 8900/50000 lr=1.86e-04 d=0.6404 pixel=0.0121 perceptual=0.5077 adv=0.0630 g_total=0.5828 1.58 it/s
[x16/random_fixed] step 9000/50000 lr=1.86e-04 d=0.6573 pixel=0.0139 perceptual=0.5990 adv=0.0860 g_total=0.6989 1.58 it/s
[x16/random_fixed] step 9000 VAL ref_ssim=0.9114 (base 0.9211) ref_mse=0.000704 (base 0.000825) best_ssim=0.9143@3000
[x16/random_fixed] step 9100/50000 lr=1.86e-04 d=0.6611 pixel=0.0133 perceptual=0.5847 adv=0.0713 g_total=0.6692 1.58 it/s
[x16/random_fixed] step 9200/50000 lr=1.85e-04 d=0.7008 pixel=0.0139 perceptual=0.6252 adv=0.0793 g_total=0.7183 1.58 it/s
[x16/random_fixed] step 9300/50000 lr=1.85e-04 d=0.6980 pixel=0.0130 perceptual=0.5770 adv=0.0821 g_total=0.6721 1.58 it/s
[x16/random_fixed] step 9400/50000 lr=1.85e-04 d=0.7207 pixel=0.0146 perceptual=0.6512 adv=0.0580 g_total=0.7238 1.58 it/s
[x16/random_fixed] step 9500/50000 lr=1.84e-04 d=0.6996 pixel=0.0126 perceptual=0.5669 adv=0.0793 g_total=0.6588 1.58 it/s
[x16/random_fixed] step 9600/50000 lr=1.84e-04 d=0.6810 pixel=0.0160 perceptual=0.6245 adv=0.0560 g_total=0.6965 1.58 it/s
[x16/random_fixed] step 9700/50000 lr=1.84e-04 d=0.6783 pixel=0.0179 perceptual=0.6925 adv=0.0562 g_total=0.7666 1.58 it/s
[x16/random_fixed] step 9800/50000 lr=1.83e-04 d=0.6908 pixel=0.0118 perceptual=0.5373 adv=0.0586 g_total=0.6077 1.58 it/s
[x16/random_fixed] step 9900/50000 lr=1.83e-04 d=0.7033 pixel=0.0110 perceptual=0.5121 adv=0.0781 g_total=0.6012 1.58 it/s
[x16/random_fixed] step 10000/50000 lr=1.83e-04 d=0.5598 pixel=0.0125 perceptual=0.5619 adv=0.0622 g_total=0.6366 1.58 it/s
[x16/random_fixed] step 10000 VAL ref_ssim=0.9015 (base 0.9211) ref_mse=0.000736 (base 0.000825) best_ssim=0.9143@3000
[x16/random_fixed] step 10100/50000 lr=1.82e-04 d=0.5998 pixel=0.0131 perceptual=0.5939 adv=0.0483 g_total=0.6554 1.58 it/s
[x16/random_fixed] step 10200/50000 lr=1.82e-04 d=0.7021 pixel=0.0108 perceptual=0.5180 adv=0.0730 g_total=0.6018 1.58 it/s
[x16/random_fixed] step 10300/50000 lr=1.82e-04 d=0.7071 pixel=0.0134 perceptual=0.5650 adv=0.0629 g_total=0.6412 1.58 it/s
[x16/random_fixed] step 10400/50000 lr=1.81e-04 d=0.6927 pixel=0.0133 perceptual=0.5783 adv=0.0704 g_total=0.6620 1.58 it/s
[x16/random_fixed] step 10500/50000 lr=1.81e-04 d=0.6947 pixel=0.0140 perceptual=0.5361 adv=0.0842 g_total=0.6343 1.58 it/s
[x16/random_fixed] step 10600/50000 lr=1.81e-04 d=0.7064 pixel=0.0132 perceptual=0.5870 adv=0.0811 g_total=0.6812 1.58 it/s
[x16/random_fixed] step 10700/50000 lr=1.80e-04 d=0.7171 pixel=0.0150 perceptual=0.5773 adv=0.0503 g_total=0.6426 1.58 it/s
[x16/random_fixed] step 10800/50000 lr=1.80e-04 d=0.6328 pixel=0.0142 perceptual=0.6260 adv=0.0738 g_total=0.7140 1.58 it/s
[x16/random_fixed] step 10900/50000 lr=1.79e-04 d=0.7012 pixel=0.0159 perceptual=0.5726 adv=0.0803 g_total=0.6688 1.58 it/s
[x16/random_fixed] step 11000/50000 lr=1.79e-04 d=0.6966 pixel=0.0148 perceptual=0.6203 adv=0.0790 g_total=0.7141 1.58 it/s
[x16/random_fixed] step 11000 VAL ref_ssim=0.9126 (base 0.9211) ref_mse=0.000728 (base 0.000825) best_ssim=0.9143@3000
[x16/random_fixed] step 11100/50000 lr=1.79e-04 d=0.6876 pixel=0.0138 perceptual=0.6093 adv=0.0723 g_total=0.6954 1.58 it/s
[x16/random_fixed] step 11200/50000 lr=1.78e-04 d=0.6266 pixel=0.0131 perceptual=0.5692 adv=0.0642 g_total=0.6466 1.58 it/s
[x16/random_fixed] step 11300/50000 lr=1.78e-04 d=0.6146 pixel=0.0119 perceptual=0.5177 adv=0.0509 g_total=0.5805 1.58 it/s
[x16/random_fixed] step 11400/50000 lr=1.77e-04 d=0.6608 pixel=0.0125 perceptual=0.5416 adv=0.0734 g_total=0.6274 1.58 it/s
[x16/random_fixed] step 11500/50000 lr=1.77e-04 d=0.7024 pixel=0.0116 perceptual=0.5327 adv=0.0847 g_total=0.6290 1.58 it/s
[x16/random_fixed] step 11600/50000 lr=1.77e-04 d=0.6707 pixel=0.0160 perceptual=0.5848 adv=0.0744 g_total=0.6752 1.58 it/s
[x16/random_fixed] step 11700/50000 lr=1.76e-04 d=0.7151 pixel=0.0151 perceptual=0.6291 adv=0.0651 g_total=0.7093 1.58 it/s
[x16/random_fixed] step 11800/50000 lr=1.76e-04 d=0.7361 pixel=0.0137 perceptual=0.5802 adv=0.0627 g_total=0.6566 1.58 it/s
[x16/random_fixed] step 11900/50000 lr=1.75e-04 d=0.6306 pixel=0.0130 perceptual=0.5720 adv=0.0718 g_total=0.6567 1.58 it/s
[x16/random_fixed] step 12000/50000 lr=1.75e-04 d=0.6912 pixel=0.0138 perceptual=0.6070 adv=0.0818 g_total=0.7026 1.58 it/s
[x16/random_fixed] step 12000 VAL ref_ssim=0.9120 (base 0.9211) ref_mse=0.000717 (base 0.000825) best_ssim=0.9143@3000
[x16/random_fixed] step 12100/50000 lr=1.75e-04 d=0.6894 pixel=0.0131 perceptual=0.5381 adv=0.0787 g_total=0.6299 1.58 it/s
[x16/random_fixed] step 12200/50000 lr=1.74e-04 d=0.7135 pixel=0.0142 perceptual=0.6196 adv=0.0860 g_total=0.7198 1.58 it/s
[x16/random_fixed] step 12300/50000 lr=1.74e-04 d=0.6867 pixel=0.0127 perceptual=0.5819 adv=0.0768 g_total=0.6714 1.58 it/s
[x16/random_fixed] step 12400/50000 lr=1.73e-04 d=0.6698 pixel=0.0118 perceptual=0.5470 adv=0.0623 g_total=0.6212 1.58 it/s
[x16/random_fixed] step 12500/50000 lr=1.73e-04 d=0.6548 pixel=0.0147 perceptual=0.6451 adv=0.0769 g_total=0.7367 1.58 it/s
[x16/random_fixed] step 12600/50000 lr=1.72e-04 d=0.6662 pixel=0.0141 perceptual=0.5932 adv=0.0758 g_total=0.6831 1.58 it/s
[x16/random_fixed] step 12700/50000 lr=1.72e-04 d=0.6569 pixel=0.0155 perceptual=0.6182 adv=0.0689 g_total=0.7026 1.58 it/s
[x16/random_fixed] step 12800/50000 lr=1.72e-04 d=0.6807 pixel=0.0138 perceptual=0.5978 adv=0.0727 g_total=0.6843 1.58 it/s
[x16/random_fixed] step 12900/50000 lr=1.71e-04 d=0.6558 pixel=0.0131 perceptual=0.6000 adv=0.0752 g_total=0.6883 1.58 it/s
[x16/random_fixed] step 13000/50000 lr=1.71e-04 d=0.6779 pixel=0.0135 perceptual=0.5873 adv=0.0766 g_total=0.6774 1.58 it/s
[x16/random_fixed] step 13000 VAL ref_ssim=0.9024 (base 0.9211) ref_mse=0.000755 (base 0.000825) best_ssim=0.9143@3000
[x16/random_fixed] step 13100/50000 lr=1.70e-04 d=0.6759 pixel=0.0139 perceptual=0.5950 adv=0.0788 g_total=0.6877 1.58 it/s
[x16/random_fixed] step 13200/50000 lr=1.70e-04 d=0.6920 pixel=0.0126 perceptual=0.5626 adv=0.0597 g_total=0.6349 1.58 it/s
[x16/random_fixed] step 13300/50000 lr=1.69e-04 d=0.6476 pixel=0.0163 perceptual=0.5952 adv=0.0691 g_total=0.6806 1.58 it/s
[x16/random_fixed] step 13400/50000 lr=1.69e-04 d=0.6881 pixel=0.0117 perceptual=0.5299 adv=0.0830 g_total=0.6247 1.58 it/s
[x16/random_fixed] step 13500/50000 lr=1.68e-04 d=0.6799 pixel=0.0127 perceptual=0.5865 adv=0.0629 g_total=0.6621 1.58 it/s
[x16/random_fixed] step 13600/50000 lr=1.68e-04 d=0.6696 pixel=0.0138 perceptual=0.5976 adv=0.0666 g_total=0.6779 1.58 it/s
[x16/random_fixed] step 13700/50000 lr=1.68e-04 d=0.6710 pixel=0.0141 perceptual=0.6048 adv=0.0743 g_total=0.6932 1.58 it/s
[x16/random_fixed] step 13800/50000 lr=1.67e-04 d=0.6655 pixel=0.0135 perceptual=0.5336 adv=0.0722 g_total=0.6193 1.58 it/s
[x16/random_fixed] step 13900/50000 lr=1.67e-04 d=0.6746 pixel=0.0145 perceptual=0.6107 adv=0.0761 g_total=0.7014 1.58 it/s
[x16/random_fixed] step 14000/50000 lr=1.66e-04 d=0.6695 pixel=0.0127 perceptual=0.5559 adv=0.0778 g_total=0.6464 1.58 it/s
[x16/random_fixed] step 14000 VAL ref_ssim=0.9101 (base 0.9211) ref_mse=0.000752 (base 0.000825) best_ssim=0.9143@3000
[x16/random_fixed] step 14100/50000 lr=1.66e-04 d=0.6900 pixel=0.0128 perceptual=0.5634 adv=0.0848 g_total=0.6610 1.58 it/s
[x16/random_fixed] step 14200/50000 lr=1.65e-04 d=0.6688 pixel=0.0158 perceptual=0.6540 adv=0.0788 g_total=0.7487 1.58 it/s
[x16/random_fixed] step 14300/50000 lr=1.65e-04 d=0.6406 pixel=0.0128 perceptual=0.5792 adv=0.0554 g_total=0.6473 1.58 it/s
[x16/random_fixed] step 14400/50000 lr=1.64e-04 d=0.6734 pixel=0.0149 perceptual=0.6225 adv=0.0826 g_total=0.7199 1.58 it/s
[x16/random_fixed] step 14500/50000 lr=1.64e-04 d=0.6375 pixel=0.0154 perceptual=0.6598 adv=0.0719 g_total=0.7471 1.58 it/s
[x16/random_fixed] step 14600/50000 lr=1.63e-04 d=0.7027 pixel=0.0144 perceptual=0.6241 adv=0.0683 g_total=0.7069 1.58 it/s
[x16/random_fixed] step 14700/50000 lr=1.63e-04 d=0.6979 pixel=0.0131 perceptual=0.5821 adv=0.0680 g_total=0.6632 1.58 it/s
[x16/random_fixed] step 14800/50000 lr=1.62e-04 d=0.6730 pixel=0.0149 perceptual=0.6399 adv=0.0623 g_total=0.7171 1.58 it/s
[x16/random_fixed] step 14900/50000 lr=1.62e-04 d=0.6757 pixel=0.0135 perceptual=0.5976 adv=0.0702 g_total=0.6813 1.58 it/s
[x16/random_fixed] step 15000/50000 lr=1.61e-04 d=0.6743 pixel=0.0146 perceptual=0.5883 adv=0.0746 g_total=0.6776 1.58 it/s
[x16/random_fixed] step 15000 VAL ref_ssim=0.9047 (base 0.9211) ref_mse=0.000776 (base 0.000825) best_ssim=0.9143@3000
[x16/random_fixed] step 15100/50000 lr=1.61e-04 d=0.7118 pixel=0.0146 perceptual=0.6207 adv=0.0650 g_total=0.7003 1.58 it/s
[x16/random_fixed] step 15200/50000 lr=1.60e-04 d=0.6717 pixel=0.0126 perceptual=0.5613 adv=0.0730 g_total=0.6469 1.58 it/s
[x16/random_fixed] step 15300/50000 lr=1.60e-04 d=0.7046 pixel=0.0147 perceptual=0.5892 adv=0.0610 g_total=0.6649 1.58 it/s
[x16/random_fixed] step 15400/50000 lr=1.59e-04 d=0.6636 pixel=0.0120 perceptual=0.5204 adv=0.0783 g_total=0.6107 1.58 it/s
[x16/random_fixed] step 15500/50000 lr=1.59e-04 d=0.6825 pixel=0.0144 perceptual=0.6473 adv=0.0725 g_total=0.7342 1.58 it/s
[x16/random_fixed] step 15600/50000 lr=1.58e-04 d=0.6588 pixel=0.0129 perceptual=0.5347 adv=0.0766 g_total=0.6241 1.58 it/s
[x16/random_fixed] step 15700/50000 lr=1.58e-04 d=0.6438 pixel=0.0131 perceptual=0.5896 adv=0.0783 g_total=0.6809 1.58 it/s
[x16/random_fixed] step 15800/50000 lr=1.57e-04 d=0.6913 pixel=0.0135 perceptual=0.5977 adv=0.0835 g_total=0.6947 1.58 it/s
[x16/random_fixed] step 15900/50000 lr=1.57e-04 d=0.6540 pixel=0.0176 perceptual=0.6351 adv=0.0657 g_total=0.7184 1.58 it/s
[x16/random_fixed] step 16000/50000 lr=1.56e-04 d=0.6590 pixel=0.0140 perceptual=0.5855 adv=0.0774 g_total=0.6769 1.58 it/s
[x16/random_fixed] step 16000 VAL ref_ssim=0.9108 (base 0.9211) ref_mse=0.000735 (base 0.000825) best_ssim=0.9143@3000
[x16/random_fixed] step 16100/50000 lr=1.56e-04 d=0.7256 pixel=0.0152 perceptual=0.5908 adv=0.0612 g_total=0.6671 1.58 it/s
[x16/random_fixed] step 16200/50000 lr=1.55e-04 d=0.6461 pixel=0.0141 perceptual=0.6360 adv=0.0705 g_total=0.7206 1.58 it/s
[x16/random_fixed] step 16300/50000 lr=1.55e-04 d=0.7221 pixel=0.0157 perceptual=0.6109 adv=0.0871 g_total=0.7137 1.58 it/s
[x16/random_fixed] step 16400/50000 lr=1.54e-04 d=0.6836 pixel=0.0146 perceptual=0.5700 adv=0.0726 g_total=0.6572 1.58 it/s
[x16/random_fixed] step 16500/50000 lr=1.54e-04 d=0.6659 pixel=0.0183 perceptual=0.6917 adv=0.0819 g_total=0.7919 1.58 it/s
[x16/random_fixed] step 16600/50000 lr=1.53e-04 d=0.6310 pixel=0.0136 perceptual=0.5890 adv=0.0643 g_total=0.6668 1.58 it/s
[x16/random_fixed] step 16700/50000 lr=1.53e-04 d=0.6391 pixel=0.0166 perceptual=0.5619 adv=0.0760 g_total=0.6545 1.58 it/s
[x16/random_fixed] step 16800/50000 lr=1.52e-04 d=0.6927 pixel=0.0156 perceptual=0.5718 adv=0.0929 g_total=0.6804 1.58 it/s
[x16/random_fixed] step 16900/50000 lr=1.52e-04 d=0.6749 pixel=0.0144 perceptual=0.5416 adv=0.0560 g_total=0.6120 1.58 it/s
[x16/random_fixed] step 17000/50000 lr=1.51e-04 d=0.6942 pixel=0.0130 perceptual=0.5810 adv=0.0683 g_total=0.6623 1.58 it/s
[x16/random_fixed] step 17000 VAL ref_ssim=0.9041 (base 0.9211) ref_mse=0.000802 (base 0.000825) best_ssim=0.9143@3000
[x16/random_fixed] step 17100/50000 lr=1.50e-04 d=0.6522 pixel=0.0137 perceptual=0.5538 adv=0.0669 g_total=0.6344 1.58 it/s
[x16/random_fixed] step 17200/50000 lr=1.50e-04 d=0.6267 pixel=0.0134 perceptual=0.5718 adv=0.0780 g_total=0.6633 1.58 it/s
[x16/random_fixed] step 17300/50000 lr=1.49e-04 d=0.7247 pixel=0.0135 perceptual=0.5538 adv=0.0648 g_total=0.6322 1.58 it/s
[x16/random_fixed] step 17400/50000 lr=1.49e-04 d=0.6551 pixel=0.0147 perceptual=0.5591 adv=0.0780 g_total=0.6518 1.58 it/s
[x16/random_fixed] step 17500/50000 lr=1.48e-04 d=0.6599 pixel=0.0129 perceptual=0.5670 adv=0.0795 g_total=0.6595 1.58 it/s
[x16/random_fixed] step 17600/50000 lr=1.48e-04 d=0.6501 pixel=0.0133 perceptual=0.5533 adv=0.0739 g_total=0.6405 1.58 it/s
[x16/random_fixed] step 17700/50000 lr=1.47e-04 d=0.6865 pixel=0.0152 perceptual=0.5887 adv=0.0838 g_total=0.6878 1.58 it/s
[x16/random_fixed] step 17800/50000 lr=1.47e-04 d=0.6833 pixel=0.0151 perceptual=0.6029 adv=0.0736 g_total=0.6915 1.58 it/s
[x16/random_fixed] step 17900/50000 lr=1.46e-04 d=0.6606 pixel=0.0141 perceptual=0.6509 adv=0.0759 g_total=0.7409 1.58 it/s
[x16/random_fixed] step 18000/50000 lr=1.46e-04 d=0.7216 pixel=0.0147 perceptual=0.5948 adv=0.0653 g_total=0.6747 1.58 it/s
[x16/random_fixed] step 18000 VAL ref_ssim=0.9060 (base 0.9211) ref_mse=0.000841 (base 0.000825) best_ssim=0.9143@3000
[x16/random_fixed] step 18100/50000 lr=1.45e-04 d=0.6963 pixel=0.0130 perceptual=0.5549 adv=0.0746 g_total=0.6426 1.58 it/s
[x16/random_fixed] step 18200/50000 lr=1.44e-04 d=0.8062 pixel=0.0159 perceptual=0.6182 adv=0.0847 g_total=0.7188 1.58 it/s
[x16/random_fixed] step 18300/50000 lr=1.44e-04 d=0.6661 pixel=0.0137 perceptual=0.6212 adv=0.0789 g_total=0.7138 1.58 it/s
[x16/random_fixed] step 18400/50000 lr=1.43e-04 d=0.6600 pixel=0.0132 perceptual=0.5532 adv=0.0706 g_total=0.6370 1.58 it/s
[x16/random_fixed] step 18500/50000 lr=1.43e-04 d=0.6523 pixel=0.0156 perceptual=0.6357 adv=0.0712 g_total=0.7225 1.58 it/s
[x16/random_fixed] step 18600/50000 lr=1.42e-04 d=0.6669 pixel=0.0139 perceptual=0.5886 adv=0.0684 g_total=0.6709 1.58 it/s
[x16/random_fixed] step 18700/50000 lr=1.42e-04 d=0.6992 pixel=0.0129 perceptual=0.5523 adv=0.0686 g_total=0.6338 1.58 it/s
[x16/random_fixed] step 18800/50000 lr=1.41e-04 d=0.7171 pixel=0.0141 perceptual=0.5854 adv=0.0694 g_total=0.6689 1.58 it/s
[x16/random_fixed] step 18900/50000 lr=1.40e-04 d=0.6761 pixel=0.0141 perceptual=0.5890 adv=0.0802 g_total=0.6833 1.58 it/s
[x16/random_fixed] step 19000/50000 lr=1.40e-04 d=0.7470 pixel=0.0162 perceptual=0.6508 adv=0.0683 g_total=0.7353 1.58 it/s
[x16/random_fixed] step 19000 VAL ref_ssim=0.9037 (base 0.9211) ref_mse=0.000883 (base 0.000825) best_ssim=0.9143@3000
[x16/random_fixed] step 19100/50000 lr=1.39e-04 d=0.6385 pixel=0.0166 perceptual=0.6351 adv=0.0648 g_total=0.7165 1.58 it/s
[x16/random_fixed] step 19200/50000 lr=1.39e-04 d=0.6647 pixel=0.0133 perceptual=0.5666 adv=0.0793 g_total=0.6592 1.58 it/s
[x16/random_fixed] step 19300/50000 lr=1.38e-04 d=0.6787 pixel=0.0150 perceptual=0.6186 adv=0.0788 g_total=0.7123 1.58 it/s
[x16/random_fixed] step 19400/50000 lr=1.38e-04 d=0.6825 pixel=0.0139 perceptual=0.5839 adv=0.0737 g_total=0.6715 1.58 it/s
[x16/random_fixed] step 19500/50000 lr=1.37e-04 d=0.7046 pixel=0.0167 perceptual=0.6060 adv=0.0889 g_total=0.7117 1.58 it/s
[x16/random_fixed] step 19600/50000 lr=1.36e-04 d=0.6689 pixel=0.0141 perceptual=0.6267 adv=0.0631 g_total=0.7039 1.58 it/s
[x16/random_fixed] step 19700/50000 lr=1.36e-04 d=0.6372 pixel=0.0138 perceptual=0.5973 adv=0.0727 g_total=0.6838 1.58 it/s
[x16/random_fixed] step 19800/50000 lr=1.35e-04 d=0.6537 pixel=0.0121 perceptual=0.5568 adv=0.0733 g_total=0.6422 1.58 it/s
[x16/random_fixed] step 19900/50000 lr=1.35e-04 d=0.6639 pixel=0.0122 perceptual=0.5391 adv=0.0705 g_total=0.6218 1.58 it/s
[x16/random_fixed] step 20000/50000 lr=1.34e-04 d=0.6690 pixel=0.0127 perceptual=0.5545 adv=0.0577 g_total=0.6249 1.58 it/s
[x16/random_fixed] step 20000 VAL ref_ssim=0.9095 (base 0.9211) ref_mse=0.000817 (base 0.000825) best_ssim=0.9143@3000
[x16/random_fixed] step 20100/50000 lr=1.33e-04 d=0.6505 pixel=0.0137 perceptual=0.6155 adv=0.0695 g_total=0.6987 1.58 it/s
[x16/random_fixed] step 20200/50000 lr=1.33e-04 d=0.6758 pixel=0.0126 perceptual=0.5377 adv=0.0860 g_total=0.6364 1.58 it/s
[x16/random_fixed] step 20300/50000 lr=1.32e-04 d=0.6688 pixel=0.0139 perceptual=0.5835 adv=0.0790 g_total=0.6764 1.58 it/s
[x16/random_fixed] step 20400/50000 lr=1.32e-04 d=0.7287 pixel=0.0142 perceptual=0.5923 adv=0.0730 g_total=0.6794 1.58 it/s
[x16/random_fixed] step 20500/50000 lr=1.31e-04 d=0.6646 pixel=0.0138 perceptual=0.6012 adv=0.0727 g_total=0.6876 1.58 it/s
[x16/random_fixed] step 20600/50000 lr=1.31e-04 d=0.7025 pixel=0.0126 perceptual=0.5873 adv=0.0807 g_total=0.6806 1.58 it/s
[x16/random_fixed] step 20700/50000 lr=1.30e-04 d=0.6678 pixel=0.0147 perceptual=0.6003 adv=0.0797 g_total=0.6947 1.58 it/s
[x16/random_fixed] step 20800/50000 lr=1.29e-04 d=0.6261 pixel=0.0161 perceptual=0.6166 adv=0.0733 g_total=0.7060 1.58 it/s
[x16/random_fixed] step 20900/50000 lr=1.29e-04 d=0.6940 pixel=0.0136 perceptual=0.5691 adv=0.0723 g_total=0.6550 1.58 it/s
[x16/random_fixed] step 21000/50000 lr=1.28e-04 d=0.6664 pixel=0.0143 perceptual=0.6230 adv=0.0625 g_total=0.6997 1.58 it/s
[x16/random_fixed] step 21000 VAL ref_ssim=0.9085 (base 0.9211) ref_mse=0.000772 (base 0.000825) best_ssim=0.9143@3000
[x16/random_fixed] step 21100/50000 lr=1.28e-04 d=0.6821 pixel=0.0131 perceptual=0.5219 adv=0.0827 g_total=0.6177 1.58 it/s
[x16/random_fixed] step 21200/50000 lr=1.27e-04 d=0.7177 pixel=0.0145 perceptual=0.5483 adv=0.0965 g_total=0.6592 1.58 it/s
[x16/random_fixed] step 21300/50000 lr=1.26e-04 d=0.6752 pixel=0.0146 perceptual=0.6036 adv=0.0859 g_total=0.7041 1.58 it/s
[x16/random_fixed] step 21400/50000 lr=1.26e-04 d=0.7148 pixel=0.0166 perceptual=0.6184 adv=0.0895 g_total=0.7246 1.58 it/s
[x16/random_fixed] step 21500/50000 lr=1.25e-04 d=0.6767 pixel=0.0132 perceptual=0.5564 adv=0.0624 g_total=0.6320 1.58 it/s
[x16/random_fixed] step 21600/50000 lr=1.25e-04 d=0.6404 pixel=0.0127 perceptual=0.5844 adv=0.0852 g_total=0.6823 1.58 it/s
[x16/random_fixed] step 21700/50000 lr=1.24e-04 d=0.6591 pixel=0.0154 perceptual=0.5935 adv=0.0611 g_total=0.6699 1.58 it/s
[x16/random_fixed] step 21800/50000 lr=1.23e-04 d=0.7046 pixel=0.0168 perceptual=0.5545 adv=0.0744 g_total=0.6456 1.58 it/s
[x16/random_fixed] step 21900/50000 lr=1.23e-04 d=0.6762 pixel=0.0140 perceptual=0.5873 adv=0.0750 g_total=0.6764 1.58 it/s
[x16/random_fixed] step 22000/50000 lr=1.22e-04 d=0.6911 pixel=0.0145 perceptual=0.5907 adv=0.0617 g_total=0.6669 1.58 it/s
[x16/random_fixed] step 22000 VAL ref_ssim=0.8959 (base 0.9211) ref_mse=0.000891 (base 0.000825) best_ssim=0.9143@3000
[x16/random_fixed] step 22100/50000 lr=1.21e-04 d=0.6845 pixel=0.0148 perceptual=0.6160 adv=0.0626 g_total=0.6934 1.58 it/s
[x16/random_fixed] step 22200/50000 lr=1.21e-04 d=0.6899 pixel=0.0142 perceptual=0.6183 adv=0.0675 g_total=0.7000 1.58 it/s
[x16/random_fixed] step 22300/50000 lr=1.20e-04 d=0.6718 pixel=0.0137 perceptual=0.5880 adv=0.0734 g_total=0.6750 1.58 it/s
[x16/random_fixed] step 22400/50000 lr=1.20e-04 d=0.6431 pixel=0.0138 perceptual=0.5957 adv=0.0660 g_total=0.6755 1.58 it/s
[x16/random_fixed] step 22500/50000 lr=1.19e-04 d=0.7078 pixel=0.0146 perceptual=0.5696 adv=0.0773 g_total=0.6614 1.58 it/s
[x16/random_fixed] step 22600/50000 lr=1.18e-04 d=0.6530 pixel=0.0127 perceptual=0.5805 adv=0.0701 g_total=0.6632 1.58 it/s
[x16/random_fixed] step 22700/50000 lr=1.18e-04 d=0.7300 pixel=0.0164 perceptual=0.6006 adv=0.0892 g_total=0.7063 1.58 it/s
[x16/random_fixed] step 22800/50000 lr=1.17e-04 d=0.7078 pixel=0.0146 perceptual=0.5487 adv=0.0766 g_total=0.6399 1.58 it/s
[x16/random_fixed] step 22900/50000 lr=1.17e-04 d=0.6729 pixel=0.0148 perceptual=0.5282 adv=0.0762 g_total=0.6192 1.58 it/s
[x16/random_fixed] step 23000/50000 lr=1.16e-04 d=0.6882 pixel=0.0145 perceptual=0.5741 adv=0.0701 g_total=0.6587 1.58 it/s
[x16/random_fixed] step 23000 VAL ref_ssim=0.9043 (base 0.9211) ref_mse=0.000929 (base 0.000825) best_ssim=0.9143@3000
[x16/random_fixed] step 23100/50000 lr=1.15e-04 d=0.7377 pixel=0.0147 perceptual=0.6290 adv=0.0826 g_total=0.7264 1.58 it/s
[x16/random_fixed] step 23200/50000 lr=1.15e-04 d=0.6752 pixel=0.0152 perceptual=0.6082 adv=0.0759 g_total=0.6993 1.58 it/s
[x16/random_fixed] step 23300/50000 lr=1.14e-04 d=0.7050 pixel=0.0130 perceptual=0.5034 adv=0.0823 g_total=0.5987 1.58 it/s
[x16/random_fixed] step 23400/50000 lr=1.13e-04 d=0.6743 pixel=0.0138 perceptual=0.5988 adv=0.0745 g_total=0.6871 1.58 it/s
[x16/random_fixed] step 23500/50000 lr=1.13e-04 d=0.6584 pixel=0.0142 perceptual=0.6042 adv=0.0711 g_total=0.6895 1.58 it/s
[x16/random_fixed] step 23600/50000 lr=1.12e-04 d=0.6569 pixel=0.0138 perceptual=0.5688 adv=0.0693 g_total=0.6519 1.58 it/s
[x16/random_fixed] step 23700/50000 lr=1.12e-04 d=0.6527 pixel=0.0153 perceptual=0.6227 adv=0.0776 g_total=0.7156 1.58 it/s
[x16/random_fixed] step 23800/50000 lr=1.11e-04 d=0.6963 pixel=0.0147 perceptual=0.6200 adv=0.0613 g_total=0.6960 1.58 it/s
[x16/random_fixed] step 23900/50000 lr=1.10e-04 d=0.6863 pixel=0.0147 perceptual=0.6243 adv=0.0880 g_total=0.7271 1.58 it/s
[x16/random_fixed] step 24000/50000 lr=1.10e-04 d=0.7071 pixel=0.0150 perceptual=0.5904 adv=0.0732 g_total=0.6785 1.58 it/s
[x16/random_fixed] step 24000 VAL ref_ssim=0.9082 (base 0.9211) ref_mse=0.000975 (base 0.000825) best_ssim=0.9143@3000
[x16/random_fixed] step 24100/50000 lr=1.09e-04 d=0.6757 pixel=0.0173 perceptual=0.6048 adv=0.0708 g_total=0.6929 1.58 it/s
[x16/random_fixed] step 24200/50000 lr=1.09e-04 d=0.6633 pixel=0.0111 perceptual=0.4919 adv=0.0727 g_total=0.5757 1.58 it/s
[x16/random_fixed] step 24300/50000 lr=1.08e-04 d=0.6526 pixel=0.0127 perceptual=0.6081 adv=0.0766 g_total=0.6974 1.58 it/s
[x16/random_fixed] step 24400/50000 lr=1.07e-04 d=0.6540 pixel=0.0139 perceptual=0.5799 adv=0.0592 g_total=0.6530 1.58 it/s
[x16/random_fixed] step 24500/50000 lr=1.07e-04 d=0.6750 pixel=0.0147 perceptual=0.5944 adv=0.0615 g_total=0.6707 1.58 it/s
[x16/random_fixed] step 24600/50000 lr=1.06e-04 d=0.6547 pixel=0.0122 perceptual=0.5371 adv=0.0682 g_total=0.6176 1.58 it/s
[x16/random_fixed] step 24700/50000 lr=1.05e-04 d=0.6429 pixel=0.0135 perceptual=0.5819 adv=0.0817 g_total=0.6771 1.58 it/s
[x16/random_fixed] step 24800/50000 lr=1.05e-04 d=0.6728 pixel=0.0140 perceptual=0.5987 adv=0.0789 g_total=0.6917 1.58 it/s
[x16/random_fixed] step 24900/50000 lr=1.04e-04 d=0.6538 pixel=0.0166 perceptual=0.5777 adv=0.0734 g_total=0.6677 1.58 it/s
[x16/random_fixed] step 25000/50000 lr=1.04e-04 d=0.6483 pixel=0.0154 perceptual=0.6485 adv=0.0685 g_total=0.7324 1.58 it/s
[x16/random_fixed] step 25000 VAL ref_ssim=0.9100 (base 0.9211) ref_mse=0.000773 (base 0.000825) best_ssim=0.9143@3000
[x16/random_fixed] step 25100/50000 lr=1.03e-04 d=0.6761 pixel=0.0167 perceptual=0.5925 adv=0.0753 g_total=0.6844 1.58 it/s
[x16/random_fixed] step 25200/50000 lr=1.02e-04 d=0.6630 pixel=0.0130 perceptual=0.5618 adv=0.0666 g_total=0.6414 1.58 it/s
[x16/random_fixed] step 25300/50000 lr=1.02e-04 d=0.6804 pixel=0.0129 perceptual=0.5276 adv=0.0727 g_total=0.6132 1.58 it/s
[x16/random_fixed] step 25400/50000 lr=1.01e-04 d=0.6860 pixel=0.0142 perceptual=0.5702 adv=0.0543 g_total=0.6388 1.58 it/s
[x16/random_fixed] step 25500/50000 lr=1.00e-04 d=0.7503 pixel=0.0167 perceptual=0.6574 adv=0.0742 g_total=0.7483 1.58 it/s
[x16/random_fixed] step 25600/50000 lr=9.98e-05 d=0.6665 pixel=0.0131 perceptual=0.5347 adv=0.0826 g_total=0.6305 1.58 it/s
[x16/random_fixed] step 25700/50000 lr=9.92e-05 d=0.6747 pixel=0.0121 perceptual=0.5411 adv=0.0749 g_total=0.6280 1.58 it/s
[x16/random_fixed] step 25800/50000 lr=9.86e-05 d=0.6888 pixel=0.0140 perceptual=0.5750 adv=0.0660 g_total=0.6550 1.58 it/s
[x16/random_fixed] step 25900/50000 lr=9.80e-05 d=0.6995 pixel=0.0163 perceptual=0.6352 adv=0.0651 g_total=0.7166 1.58 it/s
[x16/random_fixed] step 26000/50000 lr=9.73e-05 d=0.6482 pixel=0.0143 perceptual=0.6001 adv=0.0797 g_total=0.6941 1.58 it/s
[x16/random_fixed] step 26000 VAL ref_ssim=0.9078 (base 0.9211) ref_mse=0.000777 (base 0.000825) best_ssim=0.9143@3000
[x16/random_fixed] step 26100/50000 lr=9.67e-05 d=0.7717 pixel=0.0184 perceptual=0.5605 adv=0.0726 g_total=0.6515 1.58 it/s
[x16/random_fixed] step 26200/50000 lr=9.61e-05 d=0.6354 pixel=0.0160 perceptual=0.6334 adv=0.0782 g_total=0.7276 1.58 it/s
[x16/random_fixed] step 26300/50000 lr=9.55e-05 d=0.6561 pixel=0.0160 perceptual=0.5941 adv=0.0657 g_total=0.6758 1.58 it/s
[x16/random_fixed] step 26400/50000 lr=9.49e-05 d=0.6970 pixel=0.0154 perceptual=0.6106 adv=0.0813 g_total=0.7072 1.58 it/s
[x16/random_fixed] step 26500/50000 lr=9.42e-05 d=0.6218 pixel=0.0135 perceptual=0.5673 adv=0.0758 g_total=0.6566 1.58 it/s
[x16/random_fixed] step 26600/50000 lr=9.36e-05 d=0.7183 pixel=0.0144 perceptual=0.5842 adv=0.0727 g_total=0.6713 1.58 it/s
[x16/random_fixed] step 26700/50000 lr=9.30e-05 d=0.6841 pixel=0.0136 perceptual=0.5432 adv=0.0706 g_total=0.6275 1.58 it/s
[x16/random_fixed] step 26800/50000 lr=9.24e-05 d=0.6443 pixel=0.0149 perceptual=0.6151 adv=0.0866 g_total=0.7166 1.58 it/s
[x16/random_fixed] step 26900/50000 lr=9.18e-05 d=0.6556 pixel=0.0132 perceptual=0.5661 adv=0.0771 g_total=0.6565 1.58 it/s
[x16/random_fixed] step 27000/50000 lr=9.11e-05 d=0.6685 pixel=0.0134 perceptual=0.5983 adv=0.0726 g_total=0.6843 1.58 it/s
[x16/random_fixed] step 27000 VAL ref_ssim=0.9117 (base 0.9211) ref_mse=0.000753 (base 0.000825) best_ssim=0.9143@3000
[x16/random_fixed] step 27100/50000 lr=9.05e-05 d=0.6703 pixel=0.0137 perceptual=0.5840 adv=0.0651 g_total=0.6628 1.58 it/s
[x16/random_fixed] step 27200/50000 lr=8.99e-05 d=0.6588 pixel=0.0134 perceptual=0.5852 adv=0.0696 g_total=0.6682 1.58 it/s
[x16/random_fixed] step 27300/50000 lr=8.93e-05 d=0.6834 pixel=0.0130 perceptual=0.5413 adv=0.0734 g_total=0.6277 1.58 it/s
[x16/random_fixed] step 27400/50000 lr=8.87e-05 d=0.6724 pixel=0.0162 perceptual=0.5747 adv=0.0643 g_total=0.6551 1.58 it/s
[x16/random_fixed] step 27500/50000 lr=8.81e-05 d=0.6427 pixel=0.0136 perceptual=0.5843 adv=0.0807 g_total=0.6786 1.58 it/s
[x16/random_fixed] step 27600/50000 lr=8.74e-05 d=0.6740 pixel=0.0151 perceptual=0.6397 adv=0.0653 g_total=0.7201 1.58 it/s
[x16/random_fixed] step 27700/50000 lr=8.68e-05 d=0.6961 pixel=0.0136 perceptual=0.5649 adv=0.0792 g_total=0.6577 1.58 it/s
[x16/random_fixed] step 27800/50000 lr=8.62e-05 d=0.6433 pixel=0.0147 perceptual=0.6237 adv=0.0691 g_total=0.7075 1.58 it/s
[x16/random_fixed] step 27900/50000 lr=8.56e-05 d=0.6457 pixel=0.0124 perceptual=0.5486 adv=0.0703 g_total=0.6314 1.58 it/s
[x16/random_fixed] step 28000/50000 lr=8.50e-05 d=0.6451 pixel=0.0145 perceptual=0.6038 adv=0.0751 g_total=0.6934 1.58 it/s
[x16/random_fixed] step 28000 VAL ref_ssim=0.9114 (base 0.9211) ref_mse=0.000831 (base 0.000825) best_ssim=0.9143@3000
[x16/random_fixed] step 28100/50000 lr=8.44e-05 d=0.6697 pixel=0.0124 perceptual=0.5417 adv=0.0652 g_total=0.6193 1.58 it/s
[x16/random_fixed] step 28200/50000 lr=8.38e-05 d=0.6460 pixel=0.0166 perceptual=0.6540 adv=0.0878 g_total=0.7583 1.58 it/s
[x16/random_fixed] step 28300/50000 lr=8.32e-05 d=0.6618 pixel=0.0164 perceptual=0.6563 adv=0.0871 g_total=0.7598 1.58 it/s
[x16/random_fixed] step 28400/50000 lr=8.25e-05 d=0.6894 pixel=0.0141 perceptual=0.5643 adv=0.0633 g_total=0.6417 1.58 it/s
[x16/random_fixed] step 28500/50000 lr=8.19e-05 d=0.6708 pixel=0.0111 perceptual=0.4901 adv=0.0707 g_total=0.5719 1.58 it/s
[x16/random_fixed] step 28600/50000 lr=8.13e-05 d=0.7350 pixel=0.0170 perceptual=0.6280 adv=0.0999 g_total=0.7449 1.58 it/s
[x16/random_fixed] step 28700/50000 lr=8.07e-05 d=0.7069 pixel=0.0148 perceptual=0.6168 adv=0.0694 g_total=0.7009 1.58 it/s
[x16/random_fixed] step 28800/50000 lr=8.01e-05 d=0.6415 pixel=0.0144 perceptual=0.6455 adv=0.0634 g_total=0.7233 1.58 it/s
[x16/random_fixed] step 28900/50000 lr=7.95e-05 d=0.6890 pixel=0.0151 perceptual=0.6039 adv=0.0661 g_total=0.6850 1.58 it/s
[x16/random_fixed] step 29000/50000 lr=7.89e-05 d=0.6432 pixel=0.0162 perceptual=0.6506 adv=0.0801 g_total=0.7469 1.58 it/s
[x16/random_fixed] step 29000 VAL ref_ssim=0.9083 (base 0.9211) ref_mse=0.000833 (base 0.000825) best_ssim=0.9143@3000
[x16/random_fixed] step 29100/50000 lr=7.83e-05 d=0.6770 pixel=0.0142 perceptual=0.5803 adv=0.0799 g_total=0.6744 1.58 it/s
[x16/random_fixed] step 29200/50000 lr=7.77e-05 d=0.6935 pixel=0.0148 perceptual=0.5776 adv=0.0701 g_total=0.6624 1.58 it/s
[x16/random_fixed] step 29300/50000 lr=7.71e-05 d=0.7157 pixel=0.0152 perceptual=0.6107 adv=0.0711 g_total=0.6970 1.58 it/s
[x16/random_fixed] step 29400/50000 lr=7.65e-05 d=0.6213 pixel=0.0152 perceptual=0.6211 adv=0.0758 g_total=0.7120 1.58 it/s
[x16/random_fixed] step 29500/50000 lr=7.59e-05 d=0.6782 pixel=0.0133 perceptual=0.5453 adv=0.0694 g_total=0.6280 1.58 it/s
[x16/random_fixed] step 29600/50000 lr=7.53e-05 d=0.6489 pixel=0.0134 perceptual=0.5984 adv=0.0744 g_total=0.6862 1.58 it/s
[x16/random_fixed] step 29700/50000 lr=7.47e-05 d=0.6783 pixel=0.0134 perceptual=0.5898 adv=0.0581 g_total=0.6612 1.58 it/s
[x16/random_fixed] step 29800/50000 lr=7.41e-05 d=0.6695 pixel=0.0134 perceptual=0.5761 adv=0.0751 g_total=0.6646 1.58 it/s
[x16/random_fixed] step 29900/50000 lr=7.35e-05 d=0.6597 pixel=0.0148 perceptual=0.6001 adv=0.0659 g_total=0.6808 1.58 it/s
[x16/random_fixed] step 30000/50000 lr=7.29e-05 d=0.6516 pixel=0.0132 perceptual=0.5536 adv=0.0693 g_total=0.6360 1.58 it/s
[x16/random_fixed] step 30000 VAL ref_ssim=0.9095 (base 0.9211) ref_mse=0.000833 (base 0.000825) best_ssim=0.9143@3000
[x16/random_fixed] step 30100/50000 lr=7.23e-05 d=0.6759 pixel=0.0142 perceptual=0.6146 adv=0.0660 g_total=0.6948 1.58 it/s
[x16/random_fixed] step 30200/50000 lr=7.17e-05 d=0.6278 pixel=0.0170 perceptual=0.6116 adv=0.0787 g_total=0.7073 1.58 it/s
[x16/random_fixed] step 30300/50000 lr=7.11e-05 d=0.6596 pixel=0.0119 perceptual=0.5259 adv=0.0854 g_total=0.6232 1.58 it/s
[x16/random_fixed] step 30400/50000 lr=7.05e-05 d=0.6922 pixel=0.0143 perceptual=0.6109 adv=0.1068 g_total=0.7321 1.58 it/s
[x16/random_fixed] step 30500/50000 lr=7.00e-05 d=0.6757 pixel=0.0151 perceptual=0.6111 adv=0.0803 g_total=0.7065 1.58 it/s
[x16/random_fixed] step 30600/50000 lr=6.94e-05 d=0.6440 pixel=0.0156 perceptual=0.6354 adv=0.0697 g_total=0.7207 1.58 it/s
[x16/random_fixed] step 30700/50000 lr=6.88e-05 d=0.6842 pixel=0.0142 perceptual=0.5920 adv=0.0801 g_total=0.6863 1.58 it/s
[x16/random_fixed] step 30800/50000 lr=6.82e-05 d=0.6478 pixel=0.0118 perceptual=0.5275 adv=0.0733 g_total=0.6126 1.58 it/s
[x16/random_fixed] step 30900/50000 lr=6.76e-05 d=0.6914 pixel=0.0137 perceptual=0.5542 adv=0.0629 g_total=0.6309 1.58 it/s
[x16/random_fixed] step 31000/50000 lr=6.70e-05 d=0.5959 pixel=0.0163 perceptual=0.5962 adv=0.0760 g_total=0.6885 1.58 it/s
[x16/random_fixed] step 31000 VAL ref_ssim=0.9121 (base 0.9211) ref_mse=0.000721 (base 0.000825) best_ssim=0.9143@3000
[x16/random_fixed] step 31100/50000 lr=6.65e-05 d=0.6676 pixel=0.0127 perceptual=0.5154 adv=0.0749 g_total=0.6031 1.58 it/s
[x16/random_fixed] step 31200/50000 lr=6.59e-05 d=0.6386 pixel=0.0136 perceptual=0.5884 adv=0.0638 g_total=0.6658 1.58 it/s
[x16/random_fixed] step 31300/50000 lr=6.53e-05 d=0.6867 pixel=0.0163 perceptual=0.5373 adv=0.0903 g_total=0.6439 1.58 it/s
[x16/random_fixed] step 31400/50000 lr=6.47e-05 d=0.6932 pixel=0.0152 perceptual=0.6287 adv=0.0837 g_total=0.7275 1.58 it/s
[x16/random_fixed] step 31500/50000 lr=6.41e-05 d=0.6185 pixel=0.0133 perceptual=0.5578 adv=0.0842 g_total=0.6553 1.58 it/s
[x16/random_fixed] step 31600/50000 lr=6.36e-05 d=0.6890 pixel=0.0136 perceptual=0.5410 adv=0.0737 g_total=0.6284 1.58 it/s
[x16/random_fixed] step 31700/50000 lr=6.30e-05 d=0.6561 pixel=0.0161 perceptual=0.5650 adv=0.0669 g_total=0.6480 1.58 it/s
[x16/random_fixed] step 31800/50000 lr=6.24e-05 d=0.6846 pixel=0.0132 perceptual=0.5415 adv=0.0860 g_total=0.6407 1.58 it/s
[x16/random_fixed] step 31900/50000 lr=6.19e-05 d=0.6474 pixel=0.0129 perceptual=0.5734 adv=0.0713 g_total=0.6576 1.58 it/s
[x16/random_fixed] step 32000/50000 lr=6.13e-05 d=0.6996 pixel=0.0135 perceptual=0.5432 adv=0.0835 g_total=0.6402 1.58 it/s
[x16/random_fixed] step 32000 VAL ref_ssim=0.9027 (base 0.9211) ref_mse=0.000832 (base 0.000825) best_ssim=0.9143@3000
[x16/random_fixed] step 32100/50000 lr=6.07e-05 d=0.7679 pixel=0.0127 perceptual=0.5356 adv=0.0714 g_total=0.6197 1.58 it/s
[x16/random_fixed] step 32200/50000 lr=6.02e-05 d=0.6793 pixel=0.0125 perceptual=0.5570 adv=0.0704 g_total=0.6399 1.58 it/s
[x16/random_fixed] step 32300/50000 lr=5.96e-05 d=0.6660 pixel=0.0138 perceptual=0.5953 adv=0.0779 g_total=0.6870 1.58 it/s
[x16/random_fixed] step 32400/50000 lr=5.90e-05 d=0.6465 pixel=0.0147 perceptual=0.5069 adv=0.0739 g_total=0.5955 1.58 it/s
[x16/random_fixed] step 32500/50000 lr=5.85e-05 d=0.6168 pixel=0.0133 perceptual=0.5628 adv=0.0720 g_total=0.6481 1.58 it/s
[x16/random_fixed] step 32600/50000 lr=5.79e-05 d=0.6249 pixel=0.0144 perceptual=0.5917 adv=0.0759 g_total=0.6820 1.58 it/s
[x16/random_fixed] step 32700/50000 lr=5.74e-05 d=0.6651 pixel=0.0106 perceptual=0.4519 adv=0.0718 g_total=0.5343 1.58 it/s
[x16/random_fixed] step 32800/50000 lr=5.68e-05 d=0.6662 pixel=0.0111 perceptual=0.4838 adv=0.0829 g_total=0.5778 1.58 it/s
[x16/random_fixed] step 32900/50000 lr=5.63e-05 d=0.6505 pixel=0.0134 perceptual=0.5545 adv=0.0767 g_total=0.6446 1.58 it/s
[x16/random_fixed] step 33000/50000 lr=5.57e-05 d=0.6251 pixel=0.0173 perceptual=0.7091 adv=0.0798 g_total=0.8062 1.58 it/s
[x16/random_fixed] step 33000 VAL ref_ssim=0.9065 (base 0.9211) ref_mse=0.000861 (base 0.000825) best_ssim=0.9143@3000
[x16/random_fixed] step 33100/50000 lr=5.52e-05 d=0.7695 pixel=0.0155 perceptual=0.5924 adv=0.0867 g_total=0.6947 1.58 it/s
[x16/random_fixed] step 33200/50000 lr=5.46e-05 d=0.6474 pixel=0.0152 perceptual=0.6116 adv=0.0632 g_total=0.6900 1.58 it/s
[x16/random_fixed] step 33300/50000 lr=5.41e-05 d=0.6303 pixel=0.0121 perceptual=0.5085 adv=0.0775 g_total=0.5981 1.58 it/s
[x16/random_fixed] step 33400/50000 lr=5.35e-05 d=0.6906 pixel=0.0147 perceptual=0.6066 adv=0.0683 g_total=0.6896 1.58 it/s
[x16/random_fixed] step 33500/50000 lr=5.30e-05 d=0.6478 pixel=0.0138 perceptual=0.5712 adv=0.0781 g_total=0.6631 1.58 it/s
[x16/random_fixed] step 33600/50000 lr=5.25e-05 d=0.6322 pixel=0.0140 perceptual=0.5938 adv=0.0694 g_total=0.6771 1.58 it/s
[x16/random_fixed] step 33700/50000 lr=5.19e-05 d=0.6886 pixel=0.0153 perceptual=0.6627 adv=0.0575 g_total=0.7355 1.58 it/s
[x16/random_fixed] step 33800/50000 lr=5.14e-05 d=0.6779 pixel=0.0137 perceptual=0.5654 adv=0.0774 g_total=0.6565 1.58 it/s
[x16/random_fixed] step 33900/50000 lr=5.09e-05 d=0.6657 pixel=0.0148 perceptual=0.5854 adv=0.0777 g_total=0.6779 1.58 it/s
[x16/random_fixed] step 34000/50000 lr=5.03e-05 d=0.6274 pixel=0.0133 perceptual=0.5829 adv=0.0725 g_total=0.6687 1.58 it/s
[x16/random_fixed] step 34000 VAL ref_ssim=0.9089 (base 0.9211) ref_mse=0.000759 (base 0.000825) best_ssim=0.9143@3000
[x16/random_fixed] step 34100/50000 lr=4.98e-05 d=0.6739 pixel=0.0125 perceptual=0.5300 adv=0.0794 g_total=0.6219 1.58 it/s
[x16/random_fixed] step 34200/50000 lr=4.93e-05 d=0.6899 pixel=0.0158 perceptual=0.6352 adv=0.0639 g_total=0.7149 1.58 it/s
[x16/random_fixed] step 34300/50000 lr=4.88e-05 d=0.6842 pixel=0.0149 perceptual=0.6278 adv=0.0926 g_total=0.7353 1.58 it/s
[x16/random_fixed] step 34400/50000 lr=4.82e-05 d=0.7189 pixel=0.0143 perceptual=0.5524 adv=0.0656 g_total=0.6323 1.58 it/s
[x16/random_fixed] step 34500/50000 lr=4.77e-05 d=0.6263 pixel=0.0145 perceptual=0.6071 adv=0.0797 g_total=0.7012 1.58 it/s
[x16/random_fixed] step 34600/50000 lr=4.72e-05 d=0.6305 pixel=0.0130 perceptual=0.5401 adv=0.0790 g_total=0.6321 1.58 it/s
[x16/random_fixed] step 34700/50000 lr=4.67e-05 d=0.6300 pixel=0.0134 perceptual=0.5804 adv=0.0783 g_total=0.6721 1.58 it/s
[x16/random_fixed] step 34800/50000 lr=4.62e-05 d=0.6951 pixel=0.0137 perceptual=0.5467 adv=0.0700 g_total=0.6304 1.58 it/s
[x16/random_fixed] step 34900/50000 lr=4.57e-05 d=0.7110 pixel=0.0159 perceptual=0.6128 adv=0.0945 g_total=0.7232 1.58 it/s
[x16/random_fixed] step 35000/50000 lr=4.52e-05 d=0.7033 pixel=0.0119 perceptual=0.5238 adv=0.0827 g_total=0.6184 1.58 it/s
[x16/random_fixed] step 35000 VAL ref_ssim=0.9066 (base 0.9211) ref_mse=0.000794 (base 0.000825) best_ssim=0.9143@3000
[x16/random_fixed] step 35100/50000 lr=4.47e-05 d=0.6729 pixel=0.0131 perceptual=0.5355 adv=0.0699 g_total=0.6184 1.58 it/s
[x16/random_fixed] step 35200/50000 lr=4.42e-05 d=0.6701 pixel=0.0120 perceptual=0.5062 adv=0.0694 g_total=0.5876 1.58 it/s
[x16/random_fixed] step 35300/50000 lr=4.36e-05 d=0.6216 pixel=0.0130 perceptual=0.5550 adv=0.0764 g_total=0.6444 1.58 it/s
[x16/random_fixed] step 35400/50000 lr=4.32e-05 d=0.6878 pixel=0.0146 perceptual=0.6143 adv=0.0652 g_total=0.6941 1.58 it/s
[x16/random_fixed] step 35500/50000 lr=4.27e-05 d=0.6781 pixel=0.0136 perceptual=0.5492 adv=0.0721 g_total=0.6349 1.58 it/s
[x16/random_fixed] step 35600/50000 lr=4.22e-05 d=0.6411 pixel=0.0156 perceptual=0.6604 adv=0.0724 g_total=0.7484 1.58 it/s
[x16/random_fixed] step 35700/50000 lr=4.17e-05 d=0.6707 pixel=0.0132 perceptual=0.5570 adv=0.0742 g_total=0.6443 1.58 it/s
[x16/random_fixed] step 35800/50000 lr=4.12e-05 d=0.6782 pixel=0.0121 perceptual=0.5255 adv=0.0744 g_total=0.6120 1.58 it/s
[x16/random_fixed] step 35900/50000 lr=4.07e-05 d=0.7254 pixel=0.0146 perceptual=0.5887 adv=0.0809 g_total=0.6842 1.58 it/s
[x16/random_fixed] step 36000/50000 lr=4.02e-05 d=0.6985 pixel=0.0125 perceptual=0.5322 adv=0.0832 g_total=0.6279 1.58 it/s
[x16/random_fixed] step 36000 VAL ref_ssim=0.9053 (base 0.9211) ref_mse=0.000848 (base 0.000825) best_ssim=0.9143@3000
[x16/random_fixed] step 36100/50000 lr=3.97e-05 d=0.6821 pixel=0.0152 perceptual=0.6290 adv=0.0606 g_total=0.7048 1.58 it/s
[x16/random_fixed] step 36200/50000 lr=3.93e-05 d=0.6380 pixel=0.0150 perceptual=0.5187 adv=0.0786 g_total=0.6124 1.58 it/s
[x16/random_fixed] step 36300/50000 lr=3.88e-05 d=0.7156 pixel=0.0160 perceptual=0.6158 adv=0.0796 g_total=0.7114 1.58 it/s
[x16/random_fixed] step 36400/50000 lr=3.83e-05 d=0.6826 pixel=0.0165 perceptual=0.5823 adv=0.0754 g_total=0.6742 1.58 it/s
[x16/random_fixed] step 36500/50000 lr=3.78e-05 d=0.6745 pixel=0.0147 perceptual=0.5976 adv=0.0771 g_total=0.6894 1.58 it/s
[x16/random_fixed] step 36600/50000 lr=3.74e-05 d=0.6663 pixel=0.0143 perceptual=0.6208 adv=0.0712 g_total=0.7063 1.58 it/s
[x16/random_fixed] step 36700/50000 lr=3.69e-05 d=0.7164 pixel=0.0121 perceptual=0.4858 adv=0.0801 g_total=0.5779 1.58 it/s
[x16/random_fixed] step 36800/50000 lr=3.64e-05 d=0.7245 pixel=0.0131 perceptual=0.5251 adv=0.0869 g_total=0.6250 1.58 it/s
[x16/random_fixed] step 36900/50000 lr=3.60e-05 d=0.7811 pixel=0.0188 perceptual=0.6739 adv=0.0892 g_total=0.7820 1.58 it/s
[x16/random_fixed] step 37000/50000 lr=3.55e-05 d=0.6094 pixel=0.0139 perceptual=0.5364 adv=0.0871 g_total=0.6374 1.58 it/s
[x16/random_fixed] step 37000 VAL ref_ssim=0.9114 (base 0.9211) ref_mse=0.000839 (base 0.000825) best_ssim=0.9143@3000
[x16/random_fixed] step 37100/50000 lr=3.51e-05 d=0.6713 pixel=0.0135 perceptual=0.5763 adv=0.0879 g_total=0.6777 1.58 it/s
[x16/random_fixed] step 37200/50000 lr=3.46e-05 d=0.7049 pixel=0.0134 perceptual=0.5585 adv=0.0863 g_total=0.6583 1.58 it/s
[x16/random_fixed] step 37300/50000 lr=3.42e-05 d=0.6171 pixel=0.0123 perceptual=0.5512 adv=0.0690 g_total=0.6326 1.58 it/s
[x16/random_fixed] step 37400/50000 lr=3.37e-05 d=0.6076 pixel=0.0132 perceptual=0.5981 adv=0.0585 g_total=0.6698 1.58 it/s
[x16/random_fixed] step 37500/50000 lr=3.33e-05 d=0.7047 pixel=0.0140 perceptual=0.5405 adv=0.0702 g_total=0.6247 1.58 it/s
[x16/random_fixed] step 37600/50000 lr=3.28e-05 d=0.6392 pixel=0.0178 perceptual=0.6535 adv=0.0698 g_total=0.7411 1.58 it/s
[x16/random_fixed] step 37700/50000 lr=3.24e-05 d=0.7260 pixel=0.0193 perceptual=0.6165 adv=0.0649 g_total=0.7006 1.58 it/s
[x16/random_fixed] step 37800/50000 lr=3.19e-05 d=0.6591 pixel=0.0144 perceptual=0.5769 adv=0.0896 g_total=0.6809 1.58 it/s
[x16/random_fixed] step 37900/50000 lr=3.15e-05 d=0.7513 pixel=0.0166 perceptual=0.5926 adv=0.0634 g_total=0.6726 1.58 it/s
[x16/random_fixed] step 38000/50000 lr=3.11e-05 d=0.6817 pixel=0.0155 perceptual=0.6037 adv=0.0744 g_total=0.6936 1.58 it/s
[x16/random_fixed] step 38000 VAL ref_ssim=0.9042 (base 0.9211) ref_mse=0.000847 (base 0.000825) best_ssim=0.9143@3000
[x16/random_fixed] step 38100/50000 lr=3.07e-05 d=0.6737 pixel=0.0137 perceptual=0.5766 adv=0.0741 g_total=0.6644 1.58 it/s
[x16/random_fixed] step 38200/50000 lr=3.02e-05 d=0.6354 pixel=0.0133 perceptual=0.5789 adv=0.0678 g_total=0.6600 1.58 it/s
[x16/random_fixed] step 38300/50000 lr=2.98e-05 d=0.6077 pixel=0.0118 perceptual=0.5209 adv=0.0653 g_total=0.5979 1.58 it/s
[x16/random_fixed] step 38400/50000 lr=2.94e-05 d=0.6798 pixel=0.0135 perceptual=0.5658 adv=0.0819 g_total=0.6612 1.58 it/s
[x16/random_fixed] step 38500/50000 lr=2.90e-05 d=0.7254 pixel=0.0152 perceptual=0.6002 adv=0.0776 g_total=0.6929 1.58 it/s
[x16/random_fixed] step 38600/50000 lr=2.86e-05 d=0.5664 pixel=0.0116 perceptual=0.5331 adv=0.0732 g_total=0.6180 1.58 it/s
[x16/random_fixed] step 38700/50000 lr=2.81e-05 d=0.5906 pixel=0.0154 perceptual=0.6183 adv=0.0889 g_total=0.7226 1.58 it/s
[x16/random_fixed] step 38800/50000 lr=2.77e-05 d=0.6962 pixel=0.0153 perceptual=0.6411 adv=0.0693 g_total=0.7258 1.58 it/s
[x16/random_fixed] step 38900/50000 lr=2.73e-05 d=0.6403 pixel=0.0159 perceptual=0.5454 adv=0.0675 g_total=0.6288 1.58 it/s
[x16/random_fixed] step 39000/50000 lr=2.69e-05 d=0.6455 pixel=0.0128 perceptual=0.5368 adv=0.0705 g_total=0.6201 1.58 it/s
[x16/random_fixed] step 39000 VAL ref_ssim=0.9098 (base 0.9211) ref_mse=0.000767 (base 0.000825) best_ssim=0.9143@3000
[x16/random_fixed] step 39100/50000 lr=2.65e-05 d=0.6746 pixel=0.0140 perceptual=0.5794 adv=0.0656 g_total=0.6590 1.58 it/s
[x16/random_fixed] step 39200/50000 lr=2.61e-05 d=0.6487 pixel=0.0139 perceptual=0.6133 adv=0.0804 g_total=0.7075 1.58 it/s
[x16/random_fixed] step 39300/50000 lr=2.57e-05 d=0.7194 pixel=0.0160 perceptual=0.5810 adv=0.0638 g_total=0.6607 1.58 it/s
[x16/random_fixed] step 39400/50000 lr=2.54e-05 d=0.6307 pixel=0.0135 perceptual=0.5607 adv=0.0710 g_total=0.6452 1.58 it/s
[x16/random_fixed] step 39500/50000 lr=2.50e-05 d=0.5919 pixel=0.0134 perceptual=0.5578 adv=0.0842 g_total=0.6554 1.58 it/s
[x16/random_fixed] step 39600/50000 lr=2.46e-05 d=0.6383 pixel=0.0140 perceptual=0.5929 adv=0.0792 g_total=0.6861 1.58 it/s
[x16/random_fixed] step 39700/50000 lr=2.42e-05 d=0.7024 pixel=0.0131 perceptual=0.5575 adv=0.0619 g_total=0.6325 1.58 it/s
[x16/random_fixed] step 39800/50000 lr=2.38e-05 d=0.5942 pixel=0.0138 perceptual=0.6050 adv=0.0622 g_total=0.6810 1.58 it/s
[x16/random_fixed] step 39900/50000 lr=2.35e-05 d=0.7600 pixel=0.0154 perceptual=0.5550 adv=0.0796 g_total=0.6500 1.58 it/s
[x16/random_fixed] step 40000/50000 lr=2.31e-05 d=0.7537 pixel=0.0165 perceptual=0.6166 adv=0.0644 g_total=0.6975 1.58 it/s
[x16/random_fixed] step 40000 VAL ref_ssim=0.9030 (base 0.9211) ref_mse=0.000837 (base 0.000825) best_ssim=0.9143@3000
[x16/random_fixed] step 40100/50000 lr=2.27e-05 d=0.6971 pixel=0.0159 perceptual=0.6733 adv=0.0933 g_total=0.7825 1.58 it/s
[x16/random_fixed] step 40200/50000 lr=2.24e-05 d=0.6116 pixel=0.0170 perceptual=0.6106 adv=0.0683 g_total=0.6959 1.58 it/s
[x16/random_fixed] step 40300/50000 lr=2.20e-05 d=0.5672 pixel=0.0139 perceptual=0.6040 adv=0.0744 g_total=0.6922 1.58 it/s
[x16/random_fixed] step 40400/50000 lr=2.16e-05 d=0.6230 pixel=0.0137 perceptual=0.5704 adv=0.0785 g_total=0.6626 1.58 it/s
[x16/random_fixed] step 40500/50000 lr=2.13e-05 d=0.5215 pixel=0.0142 perceptual=0.6018 adv=0.0914 g_total=0.7075 1.58 it/s
[x16/random_fixed] step 40600/50000 lr=2.09e-05 d=0.6976 pixel=0.0149 perceptual=0.6031 adv=0.0826 g_total=0.7006 1.58 it/s
[x16/random_fixed] step 40700/50000 lr=2.06e-05 d=0.6717 pixel=0.0133 perceptual=0.5377 adv=0.0653 g_total=0.6162 1.58 it/s
[x16/random_fixed] step 40800/50000 lr=2.02e-05 d=0.6315 pixel=0.0149 perceptual=0.5831 adv=0.0754 g_total=0.6734 1.58 it/s
[x16/random_fixed] step 40900/50000 lr=1.99e-05 d=0.6681 pixel=0.0153 perceptual=0.6104 adv=0.0802 g_total=0.7058 1.58 it/s
[x16/random_fixed] step 41000/50000 lr=1.96e-05 d=0.6743 pixel=0.0142 perceptual=0.5577 adv=0.0802 g_total=0.6520 1.58 it/s
[x16/random_fixed] step 41000 VAL ref_ssim=0.9047 (base 0.9211) ref_mse=0.000827 (base 0.000825) best_ssim=0.9143@3000
[x16/random_fixed] step 41100/50000 lr=1.92e-05 d=0.8141 pixel=0.0166 perceptual=0.6535 adv=0.0636 g_total=0.7337 1.58 it/s
[x16/random_fixed] step 41200/50000 lr=1.89e-05 d=0.6668 pixel=0.0164 perceptual=0.5937 adv=0.0718 g_total=0.6819 1.58 it/s
[x16/random_fixed] step 41300/50000 lr=1.86e-05 d=0.6409 pixel=0.0135 perceptual=0.5879 adv=0.0800 g_total=0.6814 1.58 it/s
[x16/random_fixed] step 41400/50000 lr=1.82e-05 d=0.6329 pixel=0.0165 perceptual=0.5714 adv=0.0722 g_total=0.6601 1.58 it/s
[x16/random_fixed] step 41500/50000 lr=1.79e-05 d=0.7067 pixel=0.0142 perceptual=0.5689 adv=0.0601 g_total=0.6432 1.58 it/s
[x16/random_fixed] step 41600/50000 lr=1.76e-05 d=0.6469 pixel=0.0164 perceptual=0.6292 adv=0.0688 g_total=0.7144 1.58 it/s
[x16/random_fixed] step 41700/50000 lr=1.73e-05 d=0.6127 pixel=0.0124 perceptual=0.5237 adv=0.0814 g_total=0.6175 1.58 it/s
[x16/random_fixed] step 41800/50000 lr=1.70e-05 d=0.6377 pixel=0.0140 perceptual=0.6236 adv=0.0817 g_total=0.7192 1.58 it/s
[x16/random_fixed] step 41900/50000 lr=1.67e-05 d=0.6380 pixel=0.0149 perceptual=0.6347 adv=0.0943 g_total=0.7438 1.58 it/s
[x16/random_fixed] step 42000/50000 lr=1.64e-05 d=0.6783 pixel=0.0141 perceptual=0.5577 adv=0.0779 g_total=0.6497 1.58 it/s
[x16/random_fixed] step 42000 VAL ref_ssim=0.8987 (base 0.9211) ref_mse=0.000935 (base 0.000825) best_ssim=0.9143@3000
[x16/random_fixed] step 42100/50000 lr=1.61e-05 d=0.6224 pixel=0.0147 perceptual=0.5901 adv=0.0771 g_total=0.6818 1.58 it/s
[x16/random_fixed] step 42200/50000 lr=1.58e-05 d=0.6368 pixel=0.0127 perceptual=0.5200 adv=0.0944 g_total=0.6271 1.58 it/s
[x16/random_fixed] step 42300/50000 lr=1.55e-05 d=0.6136 pixel=0.0144 perceptual=0.5995 adv=0.0785 g_total=0.6925 1.58 it/s
[x16/random_fixed] step 42400/50000 lr=1.52e-05 d=0.6413 pixel=0.0135 perceptual=0.5640 adv=0.0888 g_total=0.6663 1.58 it/s
[x16/random_fixed] step 42500/50000 lr=1.49e-05 d=0.7205 pixel=0.0136 perceptual=0.5726 adv=0.0805 g_total=0.6668 1.58 it/s
[x16/random_fixed] step 42600/50000 lr=1.46e-05 d=0.6165 pixel=0.0114 perceptual=0.5200 adv=0.0800 g_total=0.6113 1.58 it/s
[x16/random_fixed] step 42700/50000 lr=1.43e-05 d=0.6146 pixel=0.0172 perceptual=0.5681 adv=0.0816 g_total=0.6668 1.58 it/s
[x16/random_fixed] step 42800/50000 lr=1.41e-05 d=0.6351 pixel=0.0132 perceptual=0.5560 adv=0.0939 g_total=0.6631 1.58 it/s
[x16/random_fixed] step 42900/50000 lr=1.38e-05 d=0.6734 pixel=0.0140 perceptual=0.5848 adv=0.0773 g_total=0.6761 1.58 it/s
[x16/random_fixed] step 43000/50000 lr=1.35e-05 d=0.7098 pixel=0.0151 perceptual=0.5743 adv=0.0978 g_total=0.6872 1.58 it/s
[x16/random_fixed] step 43000 VAL ref_ssim=0.9011 (base 0.9211) ref_mse=0.000860 (base 0.000825) best_ssim=0.9143@3000
[x16/random_fixed] step 43100/50000 lr=1.33e-05 d=0.6121 pixel=0.0136 perceptual=0.5494 adv=0.0620 g_total=0.6250 1.58 it/s
[x16/random_fixed] step 43200/50000 lr=1.30e-05 d=0.6011 pixel=0.0138 perceptual=0.5563 adv=0.0745 g_total=0.6446 1.58 it/s
[x16/random_fixed] step 43300/50000 lr=1.27e-05 d=0.6507 pixel=0.0174 perceptual=0.6000 adv=0.0883 g_total=0.7058 1.58 it/s
[x16/random_fixed] step 43400/50000 lr=1.25e-05 d=0.6857 pixel=0.0191 perceptual=0.5732 adv=0.0659 g_total=0.6582 1.58 it/s
[x16/random_fixed] step 43500/50000 lr=1.22e-05 d=0.6532 pixel=0.0121 perceptual=0.5416 adv=0.0910 g_total=0.6447 1.58 it/s
[x16/random_fixed] step 43600/50000 lr=1.20e-05 d=0.6716 pixel=0.0124 perceptual=0.5530 adv=0.0754 g_total=0.6407 1.58 it/s
[x16/random_fixed] step 43700/50000 lr=1.17e-05 d=0.6502 pixel=0.0143 perceptual=0.5166 adv=0.0826 g_total=0.6136 1.58 it/s
[x16/random_fixed] step 43800/50000 lr=1.15e-05 d=0.6846 pixel=0.0160 perceptual=0.6102 adv=0.0785 g_total=0.7048 1.58 it/s
[x16/random_fixed] step 43900/50000 lr=1.13e-05 d=0.6823 pixel=0.0160 perceptual=0.6400 adv=0.0831 g_total=0.7391 1.58 it/s
[x16/random_fixed] step 44000/50000 lr=1.10e-05 d=0.6790 pixel=0.0120 perceptual=0.5141 adv=0.0735 g_total=0.5996 1.58 it/s
[x16/random_fixed] step 44000 VAL ref_ssim=0.9081 (base 0.9211) ref_mse=0.000836 (base 0.000825) best_ssim=0.9143@3000
[x16/random_fixed] step 44100/50000 lr=1.08e-05 d=0.6585 pixel=0.0134 perceptual=0.5531 adv=0.0744 g_total=0.6409 1.58 it/s
[x16/random_fixed] step 44200/50000 lr=1.06e-05 d=0.6593 pixel=0.0138 perceptual=0.5710 adv=0.0716 g_total=0.6563 1.58 it/s
[x16/random_fixed] step 44300/50000 lr=1.03e-05 d=0.5922 pixel=0.0144 perceptual=0.6267 adv=0.1050 g_total=0.7461 1.58 it/s
[x16/random_fixed] step 44400/50000 lr=1.01e-05 d=0.7081 pixel=0.0147 perceptual=0.6147 adv=0.0707 g_total=0.7000 1.58 it/s
[x16/random_fixed] step 44500/50000 lr=9.91e-06 d=0.6309 pixel=0.0124 perceptual=0.5399 adv=0.0770 g_total=0.6294 1.58 it/s
[x16/random_fixed] step 44600/50000 lr=9.70e-06 d=0.6463 pixel=0.0113 perceptual=0.4914 adv=0.0839 g_total=0.5866 1.58 it/s
[x16/random_fixed] step 44700/50000 lr=9.49e-06 d=0.6545 pixel=0.0150 perceptual=0.6040 adv=0.0742 g_total=0.6931 1.58 it/s
[x16/random_fixed] step 44800/50000 lr=9.29e-06 d=0.6064 pixel=0.0138 perceptual=0.5655 adv=0.0820 g_total=0.6613 1.58 it/s
[x16/random_fixed] step 44900/50000 lr=9.09e-06 d=0.5967 pixel=0.0165 perceptual=0.6661 adv=0.0731 g_total=0.7557 1.58 it/s
[x16/random_fixed] step 45000/50000 lr=8.89e-06 d=0.6701 pixel=0.0157 perceptual=0.5980 adv=0.0941 g_total=0.7077 1.58 it/s
[x16/random_fixed] step 45000 VAL ref_ssim=0.9024 (base 0.9211) ref_mse=0.000875 (base 0.000825) best_ssim=0.9143@3000
[x16/random_fixed] step 45100/50000 lr=8.70e-06 d=0.7255 pixel=0.0158 perceptual=0.6357 adv=0.0561 g_total=0.7076 1.58 it/s
[x16/random_fixed] step 45200/50000 lr=8.51e-06 d=0.5849 pixel=0.0200 perceptual=0.6083 adv=0.0926 g_total=0.7209 1.58 it/s
[x16/random_fixed] step 45300/50000 lr=8.33e-06 d=0.6807 pixel=0.0139 perceptual=0.5870 adv=0.0884 g_total=0.6894 1.58 it/s
[x16/random_fixed] step 45400/50000 lr=8.15e-06 d=0.6158 pixel=0.0145 perceptual=0.5863 adv=0.0839 g_total=0.6847 1.58 it/s
[x16/random_fixed] step 45500/50000 lr=7.97e-06 d=0.6336 pixel=0.0136 perceptual=0.5779 adv=0.0985 g_total=0.6900 1.58 it/s
[x16/random_fixed] step 45600/50000 lr=7.80e-06 d=0.6442 pixel=0.0137 perceptual=0.5422 adv=0.0956 g_total=0.6515 1.58 it/s
[x16/random_fixed] step 45700/50000 lr=7.63e-06 d=0.6152 pixel=0.0136 perceptual=0.5827 adv=0.0779 g_total=0.6743 1.58 it/s
[x16/random_fixed] step 45800/50000 lr=7.46e-06 d=0.6324 pixel=0.0152 perceptual=0.6372 adv=0.0758 g_total=0.7282 1.58 it/s
[x16/random_fixed] step 45900/50000 lr=7.30e-06 d=0.6522 pixel=0.0131 perceptual=0.5469 adv=0.0771 g_total=0.6371 1.58 it/s
[x16/random_fixed] step 46000/50000 lr=7.14e-06 d=0.6841 pixel=0.0144 perceptual=0.6317 adv=0.0846 g_total=0.7307 1.58 it/s
[x16/random_fixed] step 46000 VAL ref_ssim=0.9095 (base 0.9211) ref_mse=0.000825 (base 0.000825) best_ssim=0.9143@3000
[x16/random_fixed] step 46100/50000 lr=6.99e-06 d=0.5644 pixel=0.0139 perceptual=0.5905 adv=0.0808 g_total=0.6852 1.58 it/s
[x16/random_fixed] step 46200/50000 lr=6.84e-06 d=0.5499 pixel=0.0139 perceptual=0.6042 adv=0.0936 g_total=0.7117 1.58 it/s
[x16/random_fixed] step 46300/50000 lr=6.69e-06 d=0.6710 pixel=0.0147 perceptual=0.6129 adv=0.0833 g_total=0.7108 1.58 it/s
[x16/random_fixed] step 46400/50000 lr=6.55e-06 d=0.6107 pixel=0.0117 perceptual=0.5326 adv=0.1098 g_total=0.6541 1.58 it/s
[x16/random_fixed] step 46500/50000 lr=6.41e-06 d=0.6711 pixel=0.0151 perceptual=0.5997 adv=0.0741 g_total=0.6888 1.58 it/s
[x16/random_fixed] step 46600/50000 lr=6.27e-06 d=0.6297 pixel=0.0146 perceptual=0.5472 adv=0.0989 g_total=0.6607 1.58 it/s
[x16/random_fixed] step 46700/50000 lr=6.14e-06 d=0.6432 pixel=0.0153 perceptual=0.6428 adv=0.0989 g_total=0.7570 1.58 it/s
[x16/random_fixed] step 46800/50000 lr=6.02e-06 d=0.5464 pixel=0.0138 perceptual=0.5902 adv=0.0741 g_total=0.6781 1.58 it/s
[x16/random_fixed] step 46900/50000 lr=5.89e-06 d=0.6740 pixel=0.0151 perceptual=0.6116 adv=0.0797 g_total=0.7064 1.58 it/s
[x16/random_fixed] step 47000/50000 lr=5.77e-06 d=0.6310 pixel=0.0129 perceptual=0.5731 adv=0.0811 g_total=0.6672 1.58 it/s
[x16/random_fixed] step 47000 VAL ref_ssim=0.9087 (base 0.9211) ref_mse=0.000835 (base 0.000825) best_ssim=0.9143@3000
[x16/random_fixed] step 47100/50000 lr=5.66e-06 d=0.6176 pixel=0.0155 perceptual=0.6130 adv=0.1210 g_total=0.7495 1.58 it/s
[x16/random_fixed] step 47200/50000 lr=5.54e-06 d=0.5855 pixel=0.0129 perceptual=0.5578 adv=0.0793 g_total=0.6500 1.58 it/s
[x16/random_fixed] step 47300/50000 lr=5.44e-06 d=0.6024 pixel=0.0180 perceptual=0.6425 adv=0.0913 g_total=0.7519 1.58 it/s
[x16/random_fixed] step 47400/50000 lr=5.33e-06 d=0.5877 pixel=0.0126 perceptual=0.5317 adv=0.0938 g_total=0.6382 1.58 it/s
[x16/random_fixed] step 47500/50000 lr=5.23e-06 d=0.5452 pixel=0.0134 perceptual=0.5632 adv=0.0951 g_total=0.6717 1.58 it/s
[x16/random_fixed] step 47600/50000 lr=5.14e-06 d=0.6110 pixel=0.0136 perceptual=0.5666 adv=0.0700 g_total=0.6503 1.58 it/s
[x16/random_fixed] step 47700/50000 lr=5.04e-06 d=0.6764 pixel=0.0150 perceptual=0.5718 adv=0.1132 g_total=0.7000 1.58 it/s
[x16/random_fixed] step 47800/50000 lr=4.95e-06 d=0.6139 pixel=0.0155 perceptual=0.6187 adv=0.0992 g_total=0.7335 1.58 it/s
[x16/random_fixed] step 47900/50000 lr=4.87e-06 d=0.5957 pixel=0.0153 perceptual=0.6116 adv=0.0751 g_total=0.7021 1.58 it/s
[x16/random_fixed] step 48000/50000 lr=4.79e-06 d=0.6172 pixel=0.0177 perceptual=0.6491 adv=0.0988 g_total=0.7656 1.58 it/s
[x16/random_fixed] step 48000 VAL ref_ssim=0.9095 (base 0.9211) ref_mse=0.000791 (base 0.000825) best_ssim=0.9143@3000
[x16/random_fixed] step 48100/50000 lr=4.71e-06 d=0.5505 pixel=0.0183 perceptual=0.6065 adv=0.0777 g_total=0.7026 1.58 it/s
[x16/random_fixed] step 48200/50000 lr=4.64e-06 d=0.6868 pixel=0.0155 perceptual=0.6478 adv=0.0584 g_total=0.7217 1.58 it/s
[x16/random_fixed] step 48300/50000 lr=4.57e-06 d=0.5308 pixel=0.0150 perceptual=0.6298 adv=0.0961 g_total=0.7409 1.58 it/s
[x16/random_fixed] step 48400/50000 lr=4.51e-06 d=0.5701 pixel=0.0160 perceptual=0.6040 adv=0.0830 g_total=0.7030 1.58 it/s
[x16/random_fixed] step 48500/50000 lr=4.44e-06 d=0.6479 pixel=0.0177 perceptual=0.6158 adv=0.0861 g_total=0.7196 1.58 it/s
[x16/random_fixed] step 48600/50000 lr=4.39e-06 d=0.6004 pixel=0.0146 perceptual=0.6193 adv=0.1232 g_total=0.7572 1.58 it/s
[x16/random_fixed] step 48700/50000 lr=4.33e-06 d=0.5988 pixel=0.0160 perceptual=0.6453 adv=0.0861 g_total=0.7474 1.58 it/s
[x16/random_fixed] step 48800/50000 lr=4.28e-06 d=0.6146 pixel=0.0170 perceptual=0.7025 adv=0.0754 g_total=0.7949 1.58 it/s
[x16/random_fixed] step 48900/50000 lr=4.24e-06 d=0.6275 pixel=0.0160 perceptual=0.5656 adv=0.0856 g_total=0.6672 1.58 it/s
[x16/random_fixed] step 49000/50000 lr=4.20e-06 d=0.5719 pixel=0.0127 perceptual=0.5704 adv=0.0808 g_total=0.6639 1.59 it/s
[x16/random_fixed] step 49000 VAL ref_ssim=0.9089 (base 0.9211) ref_mse=0.000840 (base 0.000825) best_ssim=0.9143@3000
[x16/random_fixed] step 49100/50000 lr=4.16e-06 d=0.6790 pixel=0.0150 perceptual=0.6157 adv=0.1245 g_total=0.7552 1.58 it/s
[x16/random_fixed] step 49200/50000 lr=4.13e-06 d=0.5765 pixel=0.0125 perceptual=0.5637 adv=0.0769 g_total=0.6531 1.58 it/s
[x16/random_fixed] step 49300/50000 lr=4.10e-06 d=0.5657 pixel=0.0157 perceptual=0.5849 adv=0.1326 g_total=0.7332 1.58 it/s
[x16/random_fixed] step 49400/50000 lr=4.07e-06 d=0.7092 pixel=0.0157 perceptual=0.6108 adv=0.0923 g_total=0.7188 1.58 it/s
[x16/random_fixed] step 49500/50000 lr=4.05e-06 d=0.6038 pixel=0.0153 perceptual=0.6138 adv=0.0813 g_total=0.7104 1.58 it/s
[x16/random_fixed] step 49600/50000 lr=4.03e-06 d=0.5479 pixel=0.0163 perceptual=0.6001 adv=0.1003 g_total=0.7167 1.58 it/s
[x16/random_fixed] step 49700/50000 lr=4.02e-06 d=0.5769 pixel=0.0148 perceptual=0.5927 adv=0.0995 g_total=0.7071 1.58 it/s
[x16/random_fixed] step 49800/50000 lr=4.01e-06 d=0.6868 pixel=0.0153 perceptual=0.6219 adv=0.1044 g_total=0.7417 1.59 it/s
[x16/random_fixed] step 49900/50000 lr=4.00e-06 d=0.5064 pixel=0.0131 perceptual=0.5812 adv=0.0990 g_total=0.6933 1.59 it/s
[x16/random_fixed] step 50000/50000 lr=4.00e-06 d=0.5518 pixel=0.0121 perceptual=0.5384 adv=0.0804 g_total=0.6308 1.59 it/s
[x16/random_fixed] step 50000 VAL ref_ssim=0.9073 (base 0.9211) ref_mse=0.000850 (base 0.000825) best_ssim=0.9143@3000
[x16/random_fixed] DONE test base->ref  SSIM 0.9175->0.9116 (+-0.0059) | MSE 0.000877->0.000755 (-0.000122) | 526.2 min
