[x16/learnable_frequency] loading frozen base ...
[x16/learnable_frequency] building caches (frozen base forward) ...
[x16/learnable_frequency] cache: train=7920 val=40 test=60 (58s)
/home/leonidas/workspace/differentiable_micoscopy_replication/microscopy-clean/.venv/lib/python3.12/site-packages/timm/models/layers/__init__.py:49: FutureWarning: Importing from timm.models.layers is deprecated, please import via timm.layers
  warnings.warn(f"Importing from {__name__} is deprecated, please import via timm.layers", FutureWarning)
/home/leonidas/workspace/differentiable_micoscopy_replication/microscopy-clean/.venv/lib/python3.12/site-packages/torch/functional.py:505: UserWarning: torch.meshgrid: in an upcoming release, it will be required to pass the indexing argument. (Triggered internally at /pytorch/aten/src/ATen/native/TensorShape.cpp:4381.)
  return _VF.meshgrid(tensors, **kwargs)  # type: ignore[attr-defined]
[x16/learnable_frequency] SwinIR params=11.50M embed_dim=180 depths=[6, 6, 6, 6, 6, 6] identity_init=True
[x16/learnable_frequency] base val: ssim=0.9281 mse=0.000657
[x16/learnable_frequency] step 100/50000 lr=4.00e-05 d=0.6813 pixel=0.0135 perceptual=1.0015 adv=0.0627 g_total=1.0778 1.62 it/s
[x16/learnable_frequency] step 200/50000 lr=8.00e-05 d=0.6456 pixel=0.0137 perceptual=0.8957 adv=0.0726 g_total=0.9820 1.61 it/s
[x16/learnable_frequency] step 300/50000 lr=1.20e-04 d=0.6362 pixel=0.0139 perceptual=0.8029 adv=0.0710 g_total=0.8877 1.61 it/s
[x16/learnable_frequency] step 400/50000 lr=1.60e-04 d=0.6599 pixel=0.0156 perceptual=0.7237 adv=0.0776 g_total=0.8169 1.62 it/s
[x16/learnable_frequency] step 500/50000 lr=2.00e-04 d=0.6476 pixel=0.0142 perceptual=0.7093 adv=0.0652 g_total=0.7886 1.62 it/s
[x16/learnable_frequency] step 600/50000 lr=2.00e-04 d=0.6813 pixel=0.0159 perceptual=0.7404 adv=0.0922 g_total=0.8484 1.62 it/s
[x16/learnable_frequency] step 700/50000 lr=2.00e-04 d=0.6932 pixel=0.0165 perceptual=0.6763 adv=0.0592 g_total=0.7520 1.62 it/s
[x16/learnable_frequency] step 800/50000 lr=2.00e-04 d=0.6957 pixel=0.0139 perceptual=0.6414 adv=0.0898 g_total=0.7450 1.62 it/s
[x16/learnable_frequency] step 900/50000 lr=2.00e-04 d=0.6790 pixel=0.0151 perceptual=0.7108 adv=0.0679 g_total=0.7938 1.62 it/s
[x16/learnable_frequency] step 1000/50000 lr=2.00e-04 d=0.6910 pixel=0.0118 perceptual=0.5762 adv=0.0762 g_total=0.6643 1.62 it/s
[x16/learnable_frequency] step 1000 VAL ref_ssim=0.9097 (base 0.9281) ref_mse=0.000729 (base 0.000657) best_ssim=0.9097@1000 *
[x16/learnable_frequency] step 1100/50000 lr=2.00e-04 d=0.6935 pixel=0.0139 perceptual=0.5505 adv=0.0737 g_total=0.6380 1.60 it/s
[x16/learnable_frequency] step 1200/50000 lr=2.00e-04 d=0.7553 pixel=0.0165 perceptual=0.7132 adv=0.0683 g_total=0.7980 1.60 it/s
[x16/learnable_frequency] step 1300/50000 lr=2.00e-04 d=0.6944 pixel=0.0203 perceptual=0.6403 adv=0.0737 g_total=0.7344 1.60 it/s
[x16/learnable_frequency] step 1400/50000 lr=2.00e-04 d=0.6941 pixel=0.0137 perceptual=0.6349 adv=0.0745 g_total=0.7231 1.60 it/s
[x16/learnable_frequency] step 1500/50000 lr=2.00e-04 d=0.6932 pixel=0.0126 perceptual=0.6170 adv=0.0734 g_total=0.7031 1.60 it/s
[x16/learnable_frequency] step 1600/50000 lr=2.00e-04 d=0.6943 pixel=0.0136 perceptual=0.5612 adv=0.0743 g_total=0.6491 1.60 it/s
[x16/learnable_frequency] step 1700/50000 lr=2.00e-04 d=0.6927 pixel=0.0141 perceptual=0.5803 adv=0.0717 g_total=0.6662 1.60 it/s
[x16/learnable_frequency] step 1800/50000 lr=2.00e-04 d=0.7021 pixel=0.0133 perceptual=0.5863 adv=0.0778 g_total=0.6774 1.60 it/s
[x16/learnable_frequency] step 1900/50000 lr=2.00e-04 d=0.6936 pixel=0.0145 perceptual=0.5949 adv=0.0713 g_total=0.6806 1.60 it/s
[x16/learnable_frequency] step 2000/50000 lr=2.00e-04 d=0.7071 pixel=0.0120 perceptual=0.5736 adv=0.0816 g_total=0.6672 1.61 it/s
[x16/learnable_frequency] step 2000 VAL ref_ssim=0.9046 (base 0.9281) ref_mse=0.000720 (base 0.000657) best_ssim=0.9097@1000
[x16/learnable_frequency] step 2100/50000 lr=1.99e-04 d=0.6934 pixel=0.0140 perceptual=0.6217 adv=0.0716 g_total=0.7073 1.59 it/s
[x16/learnable_frequency] step 2200/50000 lr=1.99e-04 d=0.6929 pixel=0.0126 perceptual=0.5860 adv=0.0714 g_total=0.6700 1.59 it/s
[x16/learnable_frequency] step 2300/50000 lr=1.99e-04 d=0.6528 pixel=0.0134 perceptual=0.6098 adv=0.0845 g_total=0.7078 1.60 it/s
[x16/learnable_frequency] step 2400/50000 lr=1.99e-04 d=0.6917 pixel=0.0142 perceptual=0.6088 adv=0.0716 g_total=0.6946 1.60 it/s
[x16/learnable_frequency] step 2500/50000 lr=1.99e-04 d=0.6913 pixel=0.0127 perceptual=0.6035 adv=0.0739 g_total=0.6901 1.60 it/s
[x16/learnable_frequency] step 2600/50000 lr=1.99e-04 d=0.6656 pixel=0.0143 perceptual=0.6525 adv=0.0810 g_total=0.7477 1.60 it/s
[x16/learnable_frequency] step 2700/50000 lr=1.99e-04 d=0.6929 pixel=0.0139 perceptual=0.6243 adv=0.0707 g_total=0.7089 1.60 it/s
[x16/learnable_frequency] step 2800/50000 lr=1.99e-04 d=0.7171 pixel=0.0132 perceptual=0.5927 adv=0.0663 g_total=0.6722 1.60 it/s
[x16/learnable_frequency] step 2900/50000 lr=1.99e-04 d=0.7579 pixel=0.0144 perceptual=0.6169 adv=0.0836 g_total=0.7149 1.60 it/s
[x16/learnable_frequency] step 3000/50000 lr=1.99e-04 d=0.6911 pixel=0.0130 perceptual=0.5914 adv=0.0695 g_total=0.6738 1.60 it/s
[x16/learnable_frequency] step 3000 VAL ref_ssim=0.9184 (base 0.9281) ref_mse=0.000628 (base 0.000657) best_ssim=0.9184@3000 *
[x16/learnable_frequency] step 3100/50000 lr=1.99e-04 d=0.6904 pixel=0.0124 perceptual=0.5659 adv=0.0724 g_total=0.6508 1.59 it/s
[x16/learnable_frequency] step 3200/50000 lr=1.99e-04 d=0.6938 pixel=0.0146 perceptual=0.6083 adv=0.0706 g_total=0.6935 1.59 it/s
[x16/learnable_frequency] step 3300/50000 lr=1.98e-04 d=0.7207 pixel=0.0139 perceptual=0.5789 adv=0.0624 g_total=0.6552 1.59 it/s
[x16/learnable_frequency] step 3400/50000 lr=1.98e-04 d=0.6838 pixel=0.0130 perceptual=0.6029 adv=0.0709 g_total=0.6868 1.59 it/s
[x16/learnable_frequency] step 3500/50000 lr=1.98e-04 d=0.5982 pixel=0.0138 perceptual=0.6421 adv=0.0973 g_total=0.7532 1.60 it/s
[x16/learnable_frequency] step 3600/50000 lr=1.98e-04 d=0.6894 pixel=0.0135 perceptual=0.5953 adv=0.0698 g_total=0.6786 1.60 it/s
[x16/learnable_frequency] step 3700/50000 lr=1.98e-04 d=0.6960 pixel=0.0136 perceptual=0.6230 adv=0.0657 g_total=0.7022 1.60 it/s
[x16/learnable_frequency] step 3800/50000 lr=1.98e-04 d=0.7895 pixel=0.0144 perceptual=0.6825 adv=0.0714 g_total=0.7684 1.60 it/s
[x16/learnable_frequency] step 3900/50000 lr=1.98e-04 d=0.6933 pixel=0.0135 perceptual=0.6089 adv=0.0674 g_total=0.6898 1.60 it/s
[x16/learnable_frequency] step 4000/50000 lr=1.98e-04 d=0.7472 pixel=0.0135 perceptual=0.5885 adv=0.0695 g_total=0.6715 1.60 it/s
[x16/learnable_frequency] step 4000 VAL ref_ssim=0.9118 (base 0.9281) ref_mse=0.000670 (base 0.000657) best_ssim=0.9184@3000
[x16/learnable_frequency] step 4100/50000 lr=1.97e-04 d=0.6839 pixel=0.0123 perceptual=0.5592 adv=0.0721 g_total=0.6436 1.59 it/s
[x16/learnable_frequency] step 4200/50000 lr=1.97e-04 d=0.6936 pixel=0.0150 perceptual=0.6079 adv=0.0669 g_total=0.6898 1.59 it/s
[x16/learnable_frequency] step 4300/50000 lr=1.97e-04 d=0.7036 pixel=0.0144 perceptual=0.6249 adv=0.0655 g_total=0.7048 1.59 it/s
[x16/learnable_frequency] step 4400/50000 lr=1.97e-04 d=0.6932 pixel=0.0127 perceptual=0.5694 adv=0.0727 g_total=0.6547 1.59 it/s
[x16/learnable_frequency] step 4500/50000 lr=1.97e-04 d=0.6857 pixel=0.0138 perceptual=0.6256 adv=0.0720 g_total=0.7115 1.59 it/s
[x16/learnable_frequency] step 4600/50000 lr=1.97e-04 d=0.6978 pixel=0.0127 perceptual=0.5682 adv=0.0751 g_total=0.6559 1.59 it/s
[x16/learnable_frequency] step 4700/50000 lr=1.97e-04 d=0.6830 pixel=0.0172 perceptual=0.6683 adv=0.0679 g_total=0.7534 1.59 it/s
[x16/learnable_frequency] step 4800/50000 lr=1.96e-04 d=0.7002 pixel=0.0134 perceptual=0.6255 adv=0.0665 g_total=0.7055 1.60 it/s
[x16/learnable_frequency] step 4900/50000 lr=1.96e-04 d=0.6702 pixel=0.0122 perceptual=0.5373 adv=0.0734 g_total=0.6230 1.60 it/s
[x16/learnable_frequency] step 5000/50000 lr=1.96e-04 d=0.6916 pixel=0.0130 perceptual=0.5775 adv=0.0672 g_total=0.6577 1.60 it/s
[x16/learnable_frequency] step 5000 VAL ref_ssim=0.9147 (base 0.9281) ref_mse=0.000677 (base 0.000657) best_ssim=0.9184@3000
[x16/learnable_frequency] step 5100/50000 lr=1.96e-04 d=0.6854 pixel=0.0129 perceptual=0.5897 adv=0.0794 g_total=0.6820 1.59 it/s
[x16/learnable_frequency] step 5200/50000 lr=1.96e-04 d=0.6864 pixel=0.0102 perceptual=0.4643 adv=0.0760 g_total=0.5504 1.59 it/s
[x16/learnable_frequency] step 5300/50000 lr=1.95e-04 d=0.6933 pixel=0.0125 perceptual=0.5766 adv=0.0691 g_total=0.6581 1.59 it/s
[x16/learnable_frequency] step 5400/50000 lr=1.95e-04 d=0.7779 pixel=0.0129 perceptual=0.6199 adv=0.0544 g_total=0.6872 1.59 it/s
[x16/learnable_frequency] step 5500/50000 lr=1.95e-04 d=0.6893 pixel=0.0141 perceptual=0.6408 adv=0.0688 g_total=0.7237 1.59 it/s
[x16/learnable_frequency] step 5600/50000 lr=1.95e-04 d=0.6846 pixel=0.0122 perceptual=0.5333 adv=0.0684 g_total=0.6139 1.59 it/s
[x16/learnable_frequency] step 5700/50000 lr=1.95e-04 d=0.6629 pixel=0.0144 perceptual=0.6275 adv=0.0756 g_total=0.7175 1.59 it/s
[x16/learnable_frequency] step 5800/50000 lr=1.95e-04 d=0.6934 pixel=0.0134 perceptual=0.5961 adv=0.0682 g_total=0.6777 1.59 it/s
[x16/learnable_frequency] step 5900/50000 lr=1.94e-04 d=0.7001 pixel=0.0163 perceptual=0.6245 adv=0.0683 g_total=0.7090 1.59 it/s
[x16/learnable_frequency] step 6000/50000 lr=1.94e-04 d=0.6817 pixel=0.0130 perceptual=0.5897 adv=0.0696 g_total=0.6723 1.59 it/s
[x16/learnable_frequency] step 6000 VAL ref_ssim=0.9154 (base 0.9281) ref_mse=0.000652 (base 0.000657) best_ssim=0.9184@3000
[x16/learnable_frequency] step 6100/50000 lr=1.94e-04 d=0.6863 pixel=0.0103 perceptual=0.4927 adv=0.0697 g_total=0.5727 1.59 it/s
[x16/learnable_frequency] step 6200/50000 lr=1.94e-04 d=0.7151 pixel=0.0121 perceptual=0.5122 adv=0.0769 g_total=0.6012 1.59 it/s
[x16/learnable_frequency] step 6300/50000 lr=1.93e-04 d=0.6864 pixel=0.0125 perceptual=0.5526 adv=0.0708 g_total=0.6359 1.59 it/s
[x16/learnable_frequency] step 6400/50000 lr=1.93e-04 d=0.6874 pixel=0.0158 perceptual=0.6170 adv=0.0653 g_total=0.6981 1.59 it/s
[x16/learnable_frequency] step 6500/50000 lr=1.93e-04 d=0.6911 pixel=0.0128 perceptual=0.5997 adv=0.0700 g_total=0.6825 1.59 it/s
[x16/learnable_frequency] step 6600/50000 lr=1.93e-04 d=0.6930 pixel=0.0121 perceptual=0.5744 adv=0.0656 g_total=0.6522 1.59 it/s
[x16/learnable_frequency] step 6700/50000 lr=1.93e-04 d=0.7474 pixel=0.0131 perceptual=0.6062 adv=0.0578 g_total=0.6771 1.59 it/s
[x16/learnable_frequency] step 6800/50000 lr=1.92e-04 d=0.6935 pixel=0.0134 perceptual=0.6023 adv=0.0671 g_total=0.6828 1.59 it/s
[x16/learnable_frequency] step 6900/50000 lr=1.92e-04 d=0.7024 pixel=0.0148 perceptual=0.6186 adv=0.0670 g_total=0.7005 1.59 it/s
[x16/learnable_frequency] step 7000/50000 lr=1.92e-04 d=0.6661 pixel=0.0137 perceptual=0.5902 adv=0.0736 g_total=0.6775 1.59 it/s
[x16/learnable_frequency] step 7000 VAL ref_ssim=0.9196 (base 0.9281) ref_mse=0.000608 (base 0.000657) best_ssim=0.9196@7000 *
[x16/learnable_frequency] step 7100/50000 lr=1.92e-04 d=0.6939 pixel=0.0132 perceptual=0.5581 adv=0.0658 g_total=0.6372 1.59 it/s
[x16/learnable_frequency] step 7200/50000 lr=1.91e-04 d=0.6885 pixel=0.0143 perceptual=0.6196 adv=0.0671 g_total=0.7010 1.59 it/s
[x16/learnable_frequency] step 7300/50000 lr=1.91e-04 d=0.6972 pixel=0.0145 perceptual=0.6232 adv=0.0634 g_total=0.7010 1.59 it/s
[x16/learnable_frequency] step 7400/50000 lr=1.91e-04 d=0.6870 pixel=0.0119 perceptual=0.5279 adv=0.0650 g_total=0.6048 1.59 it/s
[x16/learnable_frequency] step 7500/50000 lr=1.90e-04 d=0.6099 pixel=0.0124 perceptual=0.5317 adv=0.0888 g_total=0.6329 1.59 it/s
[x16/learnable_frequency] step 7600/50000 lr=1.90e-04 d=0.6785 pixel=0.0141 perceptual=0.5939 adv=0.0659 g_total=0.6739 1.59 it/s
[x16/learnable_frequency] step 7700/50000 lr=1.90e-04 d=0.6786 pixel=0.0116 perceptual=0.5270 adv=0.0611 g_total=0.5997 1.59 it/s
[x16/learnable_frequency] step 7800/50000 lr=1.90e-04 d=0.6411 pixel=0.0137 perceptual=0.5454 adv=0.0587 g_total=0.6178 1.59 it/s
[x16/learnable_frequency] step 7900/50000 lr=1.89e-04 d=0.6786 pixel=0.0163 perceptual=0.6381 adv=0.0486 g_total=0.7030 1.59 it/s
[x16/learnable_frequency] step 8000/50000 lr=1.89e-04 d=0.6842 pixel=0.0113 perceptual=0.4642 adv=0.0605 g_total=0.5359 1.59 it/s
[x16/learnable_frequency] step 8000 VAL ref_ssim=0.9053 (base 0.9281) ref_mse=0.000675 (base 0.000657) best_ssim=0.9196@7000
[x16/learnable_frequency] step 8100/50000 lr=1.89e-04 d=0.6454 pixel=0.0131 perceptual=0.5718 adv=0.0630 g_total=0.6479 1.59 it/s
[x16/learnable_frequency] step 8200/50000 lr=1.89e-04 d=0.6643 pixel=0.0142 perceptual=0.6331 adv=0.0698 g_total=0.7171 1.59 it/s
[x16/learnable_frequency] step 8300/50000 lr=1.88e-04 d=0.6755 pixel=0.0128 perceptual=0.5587 adv=0.0762 g_total=0.6476 1.59 it/s
[x16/learnable_frequency] step 8400/50000 lr=1.88e-04 d=0.7202 pixel=0.0129 perceptual=0.5834 adv=0.0639 g_total=0.6602 1.59 it/s
[x16/learnable_frequency] step 8500/50000 lr=1.88e-04 d=0.6773 pixel=0.0127 perceptual=0.5693 adv=0.0589 g_total=0.6409 1.59 it/s
[x16/learnable_frequency] step 8600/50000 lr=1.87e-04 d=0.6775 pixel=0.0140 perceptual=0.5323 adv=0.0798 g_total=0.6261 1.59 it/s
[x16/learnable_frequency] step 8700/50000 lr=1.87e-04 d=0.6887 pixel=0.0130 perceptual=0.5972 adv=0.0770 g_total=0.6871 1.59 it/s
[x16/learnable_frequency] step 8800/50000 lr=1.87e-04 d=0.6944 pixel=0.0116 perceptual=0.5003 adv=0.0784 g_total=0.5903 1.59 it/s
[x16/learnable_frequency] step 8900/50000 lr=1.86e-04 d=0.6937 pixel=0.0113 perceptual=0.5123 adv=0.0825 g_total=0.6061 1.59 it/s
[x16/learnable_frequency] step 9000/50000 lr=1.86e-04 d=0.7290 pixel=0.0149 perceptual=0.6115 adv=0.0581 g_total=0.6845 1.59 it/s
[x16/learnable_frequency] step 9000 VAL ref_ssim=0.9063 (base 0.9281) ref_mse=0.000767 (base 0.000657) best_ssim=0.9196@7000
[x16/learnable_frequency] step 9100/50000 lr=1.86e-04 d=0.6452 pixel=0.0128 perceptual=0.5851 adv=0.0898 g_total=0.6876 1.59 it/s
[x16/learnable_frequency] step 9200/50000 lr=1.85e-04 d=0.6610 pixel=0.0144 perceptual=0.6195 adv=0.0637 g_total=0.6976 1.59 it/s
[x16/learnable_frequency] step 9300/50000 lr=1.85e-04 d=0.6836 pixel=0.0128 perceptual=0.5669 adv=0.0810 g_total=0.6607 1.59 it/s
[x16/learnable_frequency] step 9400/50000 lr=1.85e-04 d=0.6685 pixel=0.0144 perceptual=0.6390 adv=0.0644 g_total=0.7178 1.59 it/s
[x16/learnable_frequency] step 9500/50000 lr=1.84e-04 d=0.6517 pixel=0.0125 perceptual=0.5672 adv=0.0680 g_total=0.6477 1.59 it/s
[x16/learnable_frequency] step 9600/50000 lr=1.84e-04 d=0.6853 pixel=0.0156 perceptual=0.6009 adv=0.0864 g_total=0.7030 1.59 it/s
[x16/learnable_frequency] step 9700/50000 lr=1.84e-04 d=0.6437 pixel=0.0183 perceptual=0.6708 adv=0.0667 g_total=0.7557 1.59 it/s
[x16/learnable_frequency] step 9800/50000 lr=1.83e-04 d=0.6894 pixel=0.0117 perceptual=0.5235 adv=0.0803 g_total=0.6156 1.59 it/s
[x16/learnable_frequency] step 9900/50000 lr=1.83e-04 d=0.6958 pixel=0.0111 perceptual=0.5145 adv=0.0900 g_total=0.6156 1.59 it/s
[x16/learnable_frequency] step 10000/50000 lr=1.83e-04 d=0.7098 pixel=0.0122 perceptual=0.5586 adv=0.0554 g_total=0.6262 1.59 it/s
[x16/learnable_frequency] step 10000 VAL ref_ssim=0.9122 (base 0.9281) ref_mse=0.000656 (base 0.000657) best_ssim=0.9196@7000
[x16/learnable_frequency] step 10100/50000 lr=1.82e-04 d=0.6697 pixel=0.0137 perceptual=0.5895 adv=0.0629 g_total=0.6660 1.59 it/s
[x16/learnable_frequency] step 10200/50000 lr=1.82e-04 d=0.6761 pixel=0.0108 perceptual=0.5147 adv=0.0668 g_total=0.5923 1.59 it/s
[x16/learnable_frequency] step 10300/50000 lr=1.82e-04 d=0.6664 pixel=0.0130 perceptual=0.5575 adv=0.0618 g_total=0.6324 1.59 it/s
[x16/learnable_frequency] step 10400/50000 lr=1.81e-04 d=0.6952 pixel=0.0136 perceptual=0.5683 adv=0.0880 g_total=0.6699 1.59 it/s
[x16/learnable_frequency] step 10500/50000 lr=1.81e-04 d=0.6508 pixel=0.0139 perceptual=0.5314 adv=0.0761 g_total=0.6214 1.59 it/s
[x16/learnable_frequency] step 10600/50000 lr=1.81e-04 d=0.6956 pixel=0.0131 perceptual=0.5829 adv=0.0818 g_total=0.6779 1.59 it/s
[x16/learnable_frequency] step 10700/50000 lr=1.80e-04 d=0.6708 pixel=0.0135 perceptual=0.5634 adv=0.0711 g_total=0.6480 1.59 it/s
[x16/learnable_frequency] step 10800/50000 lr=1.80e-04 d=0.6872 pixel=0.0139 perceptual=0.6257 adv=0.0859 g_total=0.7255 1.59 it/s
[x16/learnable_frequency] step 10900/50000 lr=1.79e-04 d=0.6545 pixel=0.0159 perceptual=0.5684 adv=0.0726 g_total=0.6570 1.59 it/s
[x16/learnable_frequency] step 11000/50000 lr=1.79e-04 d=0.6752 pixel=0.0154 perceptual=0.6049 adv=0.0801 g_total=0.7004 1.59 it/s
[x16/learnable_frequency] step 11000 VAL ref_ssim=0.9097 (base 0.9281) ref_mse=0.000697 (base 0.000657) best_ssim=0.9196@7000
[x16/learnable_frequency] step 11100/50000 lr=1.79e-04 d=0.6619 pixel=0.0144 perceptual=0.6073 adv=0.0617 g_total=0.6833 1.59 it/s
[x16/learnable_frequency] step 11200/50000 lr=1.78e-04 d=0.6760 pixel=0.0137 perceptual=0.5727 adv=0.0780 g_total=0.6645 1.59 it/s
[x16/learnable_frequency] step 11300/50000 lr=1.78e-04 d=0.6466 pixel=0.0125 perceptual=0.5149 adv=0.0684 g_total=0.5957 1.59 it/s
[x16/learnable_frequency] step 11400/50000 lr=1.77e-04 d=0.7129 pixel=0.0130 perceptual=0.5418 adv=0.0576 g_total=0.6123 1.59 it/s
[x16/learnable_frequency] step 11500/50000 lr=1.77e-04 d=0.6627 pixel=0.0114 perceptual=0.5073 adv=0.0856 g_total=0.6042 1.59 it/s
[x16/learnable_frequency] step 11600/50000 lr=1.77e-04 d=0.6797 pixel=0.0159 perceptual=0.5912 adv=0.0639 g_total=0.6710 1.59 it/s
[x16/learnable_frequency] step 11700/50000 lr=1.76e-04 d=0.7128 pixel=0.0141 perceptual=0.6151 adv=0.0715 g_total=0.7007 1.59 it/s
[x16/learnable_frequency] step 11800/50000 lr=1.76e-04 d=0.6848 pixel=0.0131 perceptual=0.5673 adv=0.0741 g_total=0.6546 1.59 it/s
[x16/learnable_frequency] step 11900/50000 lr=1.75e-04 d=0.6758 pixel=0.0131 perceptual=0.5647 adv=0.0763 g_total=0.6540 1.59 it/s
[x16/learnable_frequency] step 12000/50000 lr=1.75e-04 d=0.6667 pixel=0.0132 perceptual=0.5968 adv=0.0688 g_total=0.6788 1.59 it/s
[x16/learnable_frequency] step 12000 VAL ref_ssim=0.9157 (base 0.9281) ref_mse=0.000620 (base 0.000657) best_ssim=0.9196@7000
[x16/learnable_frequency] step 12100/50000 lr=1.75e-04 d=0.6593 pixel=0.0137 perceptual=0.5491 adv=0.0849 g_total=0.6477 1.59 it/s
[x16/learnable_frequency] step 12200/50000 lr=1.74e-04 d=0.6680 pixel=0.0141 perceptual=0.6046 adv=0.0726 g_total=0.6912 1.59 it/s
[x16/learnable_frequency] step 12300/50000 lr=1.74e-04 d=0.6967 pixel=0.0127 perceptual=0.5739 adv=0.0773 g_total=0.6640 1.59 it/s
[x16/learnable_frequency] step 12400/50000 lr=1.73e-04 d=0.6801 pixel=0.0123 perceptual=0.5329 adv=0.0797 g_total=0.6249 1.59 it/s
[x16/learnable_frequency] step 12500/50000 lr=1.73e-04 d=0.6256 pixel=0.0142 perceptual=0.6349 adv=0.0696 g_total=0.7187 1.59 it/s
[x16/learnable_frequency] step 12600/50000 lr=1.72e-04 d=0.7136 pixel=0.0149 perceptual=0.5924 adv=0.0573 g_total=0.6645 1.59 it/s
[x16/learnable_frequency] step 12700/50000 lr=1.72e-04 d=0.7039 pixel=0.0154 perceptual=0.6124 adv=0.0553 g_total=0.6830 1.59 it/s
[x16/learnable_frequency] step 12800/50000 lr=1.72e-04 d=0.6848 pixel=0.0137 perceptual=0.5934 adv=0.0681 g_total=0.6752 1.59 it/s
[x16/learnable_frequency] step 12900/50000 lr=1.71e-04 d=0.6404 pixel=0.0129 perceptual=0.5870 adv=0.0707 g_total=0.6705 1.59 it/s
[x16/learnable_frequency] step 13000/50000 lr=1.71e-04 d=0.7011 pixel=0.0150 perceptual=0.5863 adv=0.0610 g_total=0.6623 1.59 it/s
[x16/learnable_frequency] step 13000 VAL ref_ssim=0.9009 (base 0.9281) ref_mse=0.000771 (base 0.000657) best_ssim=0.9196@7000
[x16/learnable_frequency] step 13100/50000 lr=1.70e-04 d=0.6930 pixel=0.0136 perceptual=0.5784 adv=0.0857 g_total=0.6778 1.59 it/s
[x16/learnable_frequency] step 13200/50000 lr=1.70e-04 d=0.7085 pixel=0.0135 perceptual=0.5576 adv=0.0530 g_total=0.6241 1.59 it/s
[x16/learnable_frequency] step 13300/50000 lr=1.69e-04 d=0.6947 pixel=0.0168 perceptual=0.5819 adv=0.0710 g_total=0.6697 1.59 it/s
[x16/learnable_frequency] step 13400/50000 lr=1.69e-04 d=0.6539 pixel=0.0118 perceptual=0.5256 adv=0.0770 g_total=0.6143 1.59 it/s
[x16/learnable_frequency] step 13500/50000 lr=1.68e-04 d=0.6815 pixel=0.0123 perceptual=0.5788 adv=0.0753 g_total=0.6664 1.59 it/s
[x16/learnable_frequency] step 13600/50000 lr=1.68e-04 d=0.6801 pixel=0.0137 perceptual=0.5876 adv=0.0721 g_total=0.6735 1.59 it/s
[x16/learnable_frequency] step 13700/50000 lr=1.68e-04 d=0.6873 pixel=0.0143 perceptual=0.6034 adv=0.0632 g_total=0.6808 1.59 it/s
[x16/learnable_frequency] step 13800/50000 lr=1.67e-04 d=0.6558 pixel=0.0138 perceptual=0.5315 adv=0.0785 g_total=0.6238 1.59 it/s
[x16/learnable_frequency] step 13900/50000 lr=1.67e-04 d=0.6831 pixel=0.0139 perceptual=0.5984 adv=0.0723 g_total=0.6845 1.59 it/s
[x16/learnable_frequency] step 14000/50000 lr=1.66e-04 d=0.6649 pixel=0.0126 perceptual=0.5535 adv=0.0881 g_total=0.6542 1.59 it/s
[x16/learnable_frequency] step 14000 VAL ref_ssim=0.9153 (base 0.9281) ref_mse=0.000730 (base 0.000657) best_ssim=0.9196@7000
[x16/learnable_frequency] step 14100/50000 lr=1.66e-04 d=0.7014 pixel=0.0129 perceptual=0.5498 adv=0.0965 g_total=0.6592 1.59 it/s
[x16/learnable_frequency] step 14200/50000 lr=1.65e-04 d=0.6917 pixel=0.0158 perceptual=0.6446 adv=0.0754 g_total=0.7358 1.59 it/s
[x16/learnable_frequency] step 14300/50000 lr=1.65e-04 d=0.7036 pixel=0.0142 perceptual=0.5874 adv=0.0614 g_total=0.6631 1.59 it/s
[x16/learnable_frequency] step 14400/50000 lr=1.64e-04 d=0.6959 pixel=0.0150 perceptual=0.6224 adv=0.0585 g_total=0.6959 1.59 it/s
[x16/learnable_frequency] step 14500/50000 lr=1.64e-04 d=0.6642 pixel=0.0157 perceptual=0.6478 adv=0.0761 g_total=0.7396 1.59 it/s
[x16/learnable_frequency] step 14600/50000 lr=1.63e-04 d=0.6997 pixel=0.0146 perceptual=0.6123 adv=0.0734 g_total=0.7003 1.59 it/s
[x16/learnable_frequency] step 14700/50000 lr=1.63e-04 d=0.6894 pixel=0.0138 perceptual=0.5696 adv=0.0671 g_total=0.6505 1.59 it/s
[x16/learnable_frequency] step 14800/50000 lr=1.62e-04 d=0.6924 pixel=0.0140 perceptual=0.6242 adv=0.0793 g_total=0.7175 1.59 it/s
[x16/learnable_frequency] step 14900/50000 lr=1.62e-04 d=0.7063 pixel=0.0137 perceptual=0.6008 adv=0.0638 g_total=0.6783 1.59 it/s
[x16/learnable_frequency] step 15000/50000 lr=1.61e-04 d=0.6749 pixel=0.0151 perceptual=0.5801 adv=0.0663 g_total=0.6615 1.59 it/s
[x16/learnable_frequency] step 15000 VAL ref_ssim=0.9084 (base 0.9281) ref_mse=0.000810 (base 0.000657) best_ssim=0.9196@7000
[x16/learnable_frequency] step 15100/50000 lr=1.61e-04 d=0.6843 pixel=0.0143 perceptual=0.6038 adv=0.0850 g_total=0.7030 1.59 it/s
[x16/learnable_frequency] step 15200/50000 lr=1.60e-04 d=0.7090 pixel=0.0134 perceptual=0.5640 adv=0.0910 g_total=0.6685 1.59 it/s
[x16/learnable_frequency] step 15300/50000 lr=1.60e-04 d=0.6986 pixel=0.0153 perceptual=0.5852 adv=0.0638 g_total=0.6644 1.59 it/s
[x16/learnable_frequency] step 15400/50000 lr=1.59e-04 d=0.6526 pixel=0.0116 perceptual=0.5184 adv=0.0737 g_total=0.6037 1.59 it/s
[x16/learnable_frequency] step 15500/50000 lr=1.59e-04 d=0.6505 pixel=0.0146 perceptual=0.6339 adv=0.0841 g_total=0.7326 1.59 it/s
[x16/learnable_frequency] step 15600/50000 lr=1.58e-04 d=0.6810 pixel=0.0127 perceptual=0.5293 adv=0.0657 g_total=0.6077 1.59 it/s
[x16/learnable_frequency] step 15700/50000 lr=1.58e-04 d=0.6873 pixel=0.0132 perceptual=0.5831 adv=0.0804 g_total=0.6768 1.59 it/s
[x16/learnable_frequency] step 15800/50000 lr=1.57e-04 d=0.6575 pixel=0.0138 perceptual=0.5855 adv=0.0814 g_total=0.6807 1.59 it/s
[x16/learnable_frequency] step 15900/50000 lr=1.57e-04 d=0.6719 pixel=0.0177 perceptual=0.6161 adv=0.0605 g_total=0.6943 1.59 it/s
[x16/learnable_frequency] step 16000/50000 lr=1.56e-04 d=0.6808 pixel=0.0132 perceptual=0.5765 adv=0.0695 g_total=0.6591 1.59 it/s
[x16/learnable_frequency] step 16000 VAL ref_ssim=0.9127 (base 0.9281) ref_mse=0.000675 (base 0.000657) best_ssim=0.9196@7000
[x16/learnable_frequency] step 16100/50000 lr=1.56e-04 d=0.6992 pixel=0.0142 perceptual=0.5797 adv=0.0651 g_total=0.6590 1.59 it/s
[x16/learnable_frequency] step 16200/50000 lr=1.55e-04 d=0.6845 pixel=0.0138 perceptual=0.6368 adv=0.0757 g_total=0.7263 1.59 it/s
[x16/learnable_frequency] step 16300/50000 lr=1.55e-04 d=0.6724 pixel=0.0142 perceptual=0.5794 adv=0.0693 g_total=0.6629 1.59 it/s
[x16/learnable_frequency] step 16400/50000 lr=1.54e-04 d=0.6682 pixel=0.0135 perceptual=0.5586 adv=0.0758 g_total=0.6478 1.59 it/s
[x16/learnable_frequency] step 16500/50000 lr=1.54e-04 d=0.6406 pixel=0.0168 perceptual=0.6712 adv=0.0753 g_total=0.7633 1.59 it/s
[x16/learnable_frequency] step 16600/50000 lr=1.53e-04 d=0.7332 pixel=0.0152 perceptual=0.5943 adv=0.0537 g_total=0.6633 1.59 it/s
[x16/learnable_frequency] step 16700/50000 lr=1.53e-04 d=0.6766 pixel=0.0149 perceptual=0.5507 adv=0.0640 g_total=0.6296 1.59 it/s
[x16/learnable_frequency] step 16800/50000 lr=1.52e-04 d=0.7231 pixel=0.0140 perceptual=0.5611 adv=0.0747 g_total=0.6497 1.59 it/s
[x16/learnable_frequency] step 16900/50000 lr=1.52e-04 d=0.6721 pixel=0.0134 perceptual=0.5343 adv=0.0722 g_total=0.6199 1.59 it/s
[x16/learnable_frequency] step 17000/50000 lr=1.51e-04 d=0.7163 pixel=0.0137 perceptual=0.5620 adv=0.0654 g_total=0.6411 1.59 it/s
[x16/learnable_frequency] step 17000 VAL ref_ssim=0.9046 (base 0.9281) ref_mse=0.000764 (base 0.000657) best_ssim=0.9196@7000
[x16/learnable_frequency] step 17100/50000 lr=1.50e-04 d=0.6661 pixel=0.0126 perceptual=0.5410 adv=0.0635 g_total=0.6171 1.59 it/s
[x16/learnable_frequency] step 17200/50000 lr=1.50e-04 d=0.6880 pixel=0.0134 perceptual=0.5734 adv=0.0781 g_total=0.6649 1.59 it/s
[x16/learnable_frequency] step 17300/50000 lr=1.49e-04 d=0.6897 pixel=0.0131 perceptual=0.5442 adv=0.0637 g_total=0.6210 1.59 it/s
[x16/learnable_frequency] step 17400/50000 lr=1.49e-04 d=0.6722 pixel=0.0135 perceptual=0.5440 adv=0.0872 g_total=0.6446 1.59 it/s
[x16/learnable_frequency] step 17500/50000 lr=1.48e-04 d=0.7035 pixel=0.0142 perceptual=0.5582 adv=0.0817 g_total=0.6541 1.59 it/s
[x16/learnable_frequency] step 17600/50000 lr=1.48e-04 d=0.6617 pixel=0.0124 perceptual=0.5434 adv=0.0797 g_total=0.6355 1.59 it/s
[x16/learnable_frequency] step 17700/50000 lr=1.47e-04 d=0.6542 pixel=0.0139 perceptual=0.5863 adv=0.0792 g_total=0.6795 1.59 it/s
[x16/learnable_frequency] step 17800/50000 lr=1.47e-04 d=0.6518 pixel=0.0148 perceptual=0.5892 adv=0.0842 g_total=0.6882 1.59 it/s
[x16/learnable_frequency] step 17900/50000 lr=1.46e-04 d=0.6825 pixel=0.0137 perceptual=0.6334 adv=0.0955 g_total=0.7425 1.59 it/s
[x16/learnable_frequency] step 18000/50000 lr=1.46e-04 d=0.7292 pixel=0.0144 perceptual=0.5852 adv=0.0661 g_total=0.6657 1.59 it/s
[x16/learnable_frequency] step 18000 VAL ref_ssim=0.9008 (base 0.9281) ref_mse=0.000814 (base 0.000657) best_ssim=0.9196@7000
[x16/learnable_frequency] step 18100/50000 lr=1.45e-04 d=0.6840 pixel=0.0128 perceptual=0.5450 adv=0.0875 g_total=0.6453 1.59 it/s
[x16/learnable_frequency] step 18200/50000 lr=1.44e-04 d=0.6810 pixel=0.0142 perceptual=0.5843 adv=0.0671 g_total=0.6656 1.59 it/s
[x16/learnable_frequency] step 18300/50000 lr=1.44e-04 d=0.6578 pixel=0.0134 perceptual=0.6125 adv=0.0670 g_total=0.6928 1.59 it/s
[x16/learnable_frequency] step 18400/50000 lr=1.43e-04 d=0.6715 pixel=0.0127 perceptual=0.5451 adv=0.0785 g_total=0.6364 1.59 it/s
[x16/learnable_frequency] step 18500/50000 lr=1.43e-04 d=0.6761 pixel=0.0159 perceptual=0.6196 adv=0.0726 g_total=0.7081 1.59 it/s
[x16/learnable_frequency] step 18600/50000 lr=1.42e-04 d=0.6759 pixel=0.0130 perceptual=0.5679 adv=0.0846 g_total=0.6656 1.59 it/s
[x16/learnable_frequency] step 18700/50000 lr=1.42e-04 d=0.6812 pixel=0.0128 perceptual=0.5457 adv=0.0837 g_total=0.6422 1.59 it/s
[x16/learnable_frequency] step 18800/50000 lr=1.41e-04 d=0.7145 pixel=0.0140 perceptual=0.5774 adv=0.0606 g_total=0.6520 1.59 it/s
[x16/learnable_frequency] step 18900/50000 lr=1.40e-04 d=0.6301 pixel=0.0132 perceptual=0.5766 adv=0.0695 g_total=0.6593 1.59 it/s
[x16/learnable_frequency] step 19000/50000 lr=1.40e-04 d=0.7314 pixel=0.0167 perceptual=0.6364 adv=0.0946 g_total=0.7478 1.59 it/s
[x16/learnable_frequency] step 19000 VAL ref_ssim=0.9125 (base 0.9281) ref_mse=0.000891 (base 0.000657) best_ssim=0.9196@7000
[x16/learnable_frequency] step 19100/50000 lr=1.39e-04 d=0.6598 pixel=0.0155 perceptual=0.6284 adv=0.0761 g_total=0.7200 1.59 it/s
[x16/learnable_frequency] step 19200/50000 lr=1.39e-04 d=0.6561 pixel=0.0130 perceptual=0.5490 adv=0.0742 g_total=0.6362 1.59 it/s
[x16/learnable_frequency] step 19300/50000 lr=1.38e-04 d=0.6861 pixel=0.0147 perceptual=0.6132 adv=0.0709 g_total=0.6987 1.59 it/s
[x16/learnable_frequency] step 19400/50000 lr=1.38e-04 d=0.6822 pixel=0.0139 perceptual=0.5711 adv=0.0797 g_total=0.6647 1.59 it/s
[x16/learnable_frequency] step 19500/50000 lr=1.37e-04 d=0.6901 pixel=0.0171 perceptual=0.5942 adv=0.0766 g_total=0.6879 1.59 it/s
[x16/learnable_frequency] step 19600/50000 lr=1.36e-04 d=0.6642 pixel=0.0140 perceptual=0.6200 adv=0.0822 g_total=0.7162 1.59 it/s
[x16/learnable_frequency] step 19700/50000 lr=1.36e-04 d=0.6630 pixel=0.0138 perceptual=0.5909 adv=0.0607 g_total=0.6654 1.59 it/s
[x16/learnable_frequency] step 19800/50000 lr=1.35e-04 d=0.6680 pixel=0.0118 perceptual=0.5487 adv=0.0721 g_total=0.6326 1.59 it/s
[x16/learnable_frequency] step 19900/50000 lr=1.35e-04 d=0.6749 pixel=0.0122 perceptual=0.5335 adv=0.0757 g_total=0.6214 1.59 it/s
[x16/learnable_frequency] step 20000/50000 lr=1.34e-04 d=0.6735 pixel=0.0117 perceptual=0.5265 adv=0.0700 g_total=0.6082 1.59 it/s
[x16/learnable_frequency] step 20000 VAL ref_ssim=0.9154 (base 0.9281) ref_mse=0.000676 (base 0.000657) best_ssim=0.9196@7000
[x16/learnable_frequency] step 20100/50000 lr=1.33e-04 d=0.6685 pixel=0.0134 perceptual=0.5948 adv=0.0723 g_total=0.6805 1.59 it/s
[x16/learnable_frequency] step 20200/50000 lr=1.33e-04 d=0.6316 pixel=0.0123 perceptual=0.5209 adv=0.0776 g_total=0.6109 1.59 it/s
[x16/learnable_frequency] step 20300/50000 lr=1.32e-04 d=0.6716 pixel=0.0132 perceptual=0.5718 adv=0.0789 g_total=0.6639 1.59 it/s
[x16/learnable_frequency] step 20400/50000 lr=1.32e-04 d=0.6606 pixel=0.0128 perceptual=0.5630 adv=0.0665 g_total=0.6423 1.59 it/s
[x16/learnable_frequency] step 20500/50000 lr=1.31e-04 d=0.6847 pixel=0.0138 perceptual=0.6030 adv=0.0733 g_total=0.6901 1.59 it/s
[x16/learnable_frequency] step 20600/50000 lr=1.31e-04 d=0.6648 pixel=0.0117 perceptual=0.5737 adv=0.0751 g_total=0.6605 1.59 it/s
[x16/learnable_frequency] step 20700/50000 lr=1.30e-04 d=0.6552 pixel=0.0145 perceptual=0.5865 adv=0.0788 g_total=0.6798 1.59 it/s
[x16/learnable_frequency] step 20800/50000 lr=1.29e-04 d=0.6884 pixel=0.0138 perceptual=0.5956 adv=0.0742 g_total=0.6836 1.59 it/s
[x16/learnable_frequency] step 20900/50000 lr=1.29e-04 d=0.6426 pixel=0.0123 perceptual=0.5426 adv=0.0733 g_total=0.6283 1.59 it/s
[x16/learnable_frequency] step 21000/50000 lr=1.28e-04 d=0.6878 pixel=0.0134 perceptual=0.6103 adv=0.0625 g_total=0.6862 1.59 it/s
[x16/learnable_frequency] step 21000 VAL ref_ssim=0.9097 (base 0.9281) ref_mse=0.000717 (base 0.000657) best_ssim=0.9196@7000
[x16/learnable_frequency] step 21100/50000 lr=1.28e-04 d=0.6932 pixel=0.0143 perceptual=0.5199 adv=0.0799 g_total=0.6141 1.59 it/s
[x16/learnable_frequency] step 21200/50000 lr=1.27e-04 d=0.6841 pixel=0.0138 perceptual=0.5391 adv=0.0892 g_total=0.6421 1.59 it/s
[x16/learnable_frequency] step 21300/50000 lr=1.26e-04 d=0.6461 pixel=0.0139 perceptual=0.5838 adv=0.0733 g_total=0.6710 1.59 it/s
[x16/learnable_frequency] step 21400/50000 lr=1.26e-04 d=0.6818 pixel=0.0150 perceptual=0.5985 adv=0.0861 g_total=0.6996 1.59 it/s
[x16/learnable_frequency] step 21500/50000 lr=1.25e-04 d=0.6941 pixel=0.0135 perceptual=0.5510 adv=0.0745 g_total=0.6390 1.59 it/s
[x16/learnable_frequency] step 21600/50000 lr=1.25e-04 d=0.6893 pixel=0.0129 perceptual=0.5711 adv=0.0689 g_total=0.6529 1.59 it/s
[x16/learnable_frequency] step 21700/50000 lr=1.24e-04 d=0.7185 pixel=0.0148 perceptual=0.5818 adv=0.0622 g_total=0.6587 1.59 it/s
[x16/learnable_frequency] step 21800/50000 lr=1.23e-04 d=0.7247 pixel=0.0181 perceptual=0.5602 adv=0.0855 g_total=0.6638 1.59 it/s
[x16/learnable_frequency] step 21900/50000 lr=1.23e-04 d=0.6652 pixel=0.0132 perceptual=0.5703 adv=0.0708 g_total=0.6543 1.59 it/s
[x16/learnable_frequency] step 22000/50000 lr=1.22e-04 d=0.6345 pixel=0.0132 perceptual=0.5756 adv=0.0763 g_total=0.6651 1.59 it/s
[x16/learnable_frequency] step 22000 VAL ref_ssim=0.9111 (base 0.9281) ref_mse=0.000711 (base 0.000657) best_ssim=0.9196@7000
[x16/learnable_frequency] step 22100/50000 lr=1.21e-04 d=0.7346 pixel=0.0148 perceptual=0.6063 adv=0.0726 g_total=0.6937 1.59 it/s
[x16/learnable_frequency] step 22200/50000 lr=1.21e-04 d=0.6960 pixel=0.0152 perceptual=0.6070 adv=0.0671 g_total=0.6894 1.59 it/s
[x16/learnable_frequency] step 22300/50000 lr=1.20e-04 d=0.6580 pixel=0.0141 perceptual=0.5897 adv=0.0658 g_total=0.6696 1.59 it/s
[x16/learnable_frequency] step 22400/50000 lr=1.20e-04 d=0.6511 pixel=0.0137 perceptual=0.5878 adv=0.0627 g_total=0.6642 1.59 it/s
[x16/learnable_frequency] step 22500/50000 lr=1.19e-04 d=0.7436 pixel=0.0153 perceptual=0.5614 adv=0.0864 g_total=0.6630 1.59 it/s
[x16/learnable_frequency] step 22600/50000 lr=1.18e-04 d=0.6401 pixel=0.0128 perceptual=0.5623 adv=0.0733 g_total=0.6484 1.59 it/s
[x16/learnable_frequency] step 22700/50000 lr=1.18e-04 d=0.6284 pixel=0.0139 perceptual=0.5683 adv=0.0746 g_total=0.6568 1.59 it/s
[x16/learnable_frequency] step 22800/50000 lr=1.17e-04 d=0.6692 pixel=0.0129 perceptual=0.5438 adv=0.0750 g_total=0.6317 1.59 it/s
[x16/learnable_frequency] step 22900/50000 lr=1.17e-04 d=0.6793 pixel=0.0138 perceptual=0.5127 adv=0.0734 g_total=0.5999 1.59 it/s
[x16/learnable_frequency] step 23000/50000 lr=1.16e-04 d=0.6563 pixel=0.0130 perceptual=0.5517 adv=0.0747 g_total=0.6395 1.59 it/s
[x16/learnable_frequency] step 23000 VAL ref_ssim=0.9127 (base 0.9281) ref_mse=0.000700 (base 0.000657) best_ssim=0.9196@7000
[x16/learnable_frequency] step 23100/50000 lr=1.15e-04 d=0.6587 pixel=0.0150 perceptual=0.6183 adv=0.0765 g_total=0.7098 1.59 it/s
[x16/learnable_frequency] step 23200/50000 lr=1.15e-04 d=0.6733 pixel=0.0134 perceptual=0.5925 adv=0.0579 g_total=0.6639 1.59 it/s
[x16/learnable_frequency] step 23300/50000 lr=1.14e-04 d=0.6972 pixel=0.0128 perceptual=0.4892 adv=0.0755 g_total=0.5775 1.59 it/s
[x16/learnable_frequency] step 23400/50000 lr=1.13e-04 d=0.6415 pixel=0.0130 perceptual=0.5905 adv=0.0682 g_total=0.6717 1.59 it/s
[x16/learnable_frequency] step 23500/50000 lr=1.13e-04 d=0.6415 pixel=0.0131 perceptual=0.5761 adv=0.0798 g_total=0.6689 1.59 it/s
[x16/learnable_frequency] step 23600/50000 lr=1.12e-04 d=0.7012 pixel=0.0135 perceptual=0.5589 adv=0.0659 g_total=0.6384 1.59 it/s
[x16/learnable_frequency] step 23700/50000 lr=1.12e-04 d=0.6680 pixel=0.0148 perceptual=0.6233 adv=0.0730 g_total=0.7110 1.59 it/s
[x16/learnable_frequency] step 23800/50000 lr=1.11e-04 d=0.6733 pixel=0.0143 perceptual=0.6134 adv=0.0850 g_total=0.7127 1.59 it/s
[x16/learnable_frequency] step 23900/50000 lr=1.10e-04 d=0.6479 pixel=0.0136 perceptual=0.6094 adv=0.0853 g_total=0.7084 1.59 it/s
[x16/learnable_frequency] step 24000/50000 lr=1.10e-04 d=0.6579 pixel=0.0136 perceptual=0.5693 adv=0.0603 g_total=0.6431 1.59 it/s
[x16/learnable_frequency] step 24000 VAL ref_ssim=0.9128 (base 0.9281) ref_mse=0.000759 (base 0.000657) best_ssim=0.9196@7000
[x16/learnable_frequency] step 24100/50000 lr=1.09e-04 d=0.6647 pixel=0.0165 perceptual=0.5946 adv=0.0800 g_total=0.6912 1.59 it/s
[x16/learnable_frequency] step 24200/50000 lr=1.09e-04 d=0.6680 pixel=0.0110 perceptual=0.4860 adv=0.0620 g_total=0.5590 1.59 it/s
[x16/learnable_frequency] step 24300/50000 lr=1.08e-04 d=0.7335 pixel=0.0140 perceptual=0.6047 adv=0.0679 g_total=0.6866 1.59 it/s
[x16/learnable_frequency] step 24400/50000 lr=1.07e-04 d=0.6837 pixel=0.0138 perceptual=0.5719 adv=0.0745 g_total=0.6601 1.59 it/s
[x16/learnable_frequency] step 24500/50000 lr=1.07e-04 d=0.6914 pixel=0.0142 perceptual=0.5840 adv=0.0817 g_total=0.6799 1.59 it/s
[x16/learnable_frequency] step 24600/50000 lr=1.06e-04 d=0.6659 pixel=0.0119 perceptual=0.5200 adv=0.0840 g_total=0.6159 1.59 it/s
[x16/learnable_frequency] step 24700/50000 lr=1.05e-04 d=0.6552 pixel=0.0130 perceptual=0.5676 adv=0.0657 g_total=0.6463 1.59 it/s
[x16/learnable_frequency] step 24800/50000 lr=1.05e-04 d=0.7010 pixel=0.0135 perceptual=0.5800 adv=0.0782 g_total=0.6717 1.59 it/s
[x16/learnable_frequency] step 24900/50000 lr=1.04e-04 d=0.6912 pixel=0.0165 perceptual=0.5621 adv=0.0650 g_total=0.6436 1.59 it/s
[x16/learnable_frequency] step 25000/50000 lr=1.04e-04 d=0.6785 pixel=0.0164 perceptual=0.6467 adv=0.0741 g_total=0.7373 1.59 it/s
[x16/learnable_frequency] step 25000 VAL ref_ssim=0.9081 (base 0.9281) ref_mse=0.000812 (base 0.000657) best_ssim=0.9196@7000
[x16/learnable_frequency] step 25100/50000 lr=1.03e-04 d=0.6939 pixel=0.0175 perceptual=0.5812 adv=0.0772 g_total=0.6759 1.59 it/s
[x16/learnable_frequency] step 25200/50000 lr=1.02e-04 d=0.6924 pixel=0.0136 perceptual=0.5560 adv=0.0621 g_total=0.6317 1.59 it/s
[x16/learnable_frequency] step 25300/50000 lr=1.02e-04 d=0.6738 pixel=0.0124 perceptual=0.5111 adv=0.0649 g_total=0.5884 1.59 it/s
[x16/learnable_frequency] step 25400/50000 lr=1.01e-04 d=0.6959 pixel=0.0149 perceptual=0.5554 adv=0.0775 g_total=0.6477 1.59 it/s
[x16/learnable_frequency] step 25500/50000 lr=1.00e-04 d=0.6461 pixel=0.0145 perceptual=0.6202 adv=0.0708 g_total=0.7055 1.59 it/s
[x16/learnable_frequency] step 25600/50000 lr=9.98e-05 d=0.6745 pixel=0.0128 perceptual=0.5251 adv=0.0828 g_total=0.6208 1.59 it/s
[x16/learnable_frequency] step 25700/50000 lr=9.92e-05 d=0.6887 pixel=0.0126 perceptual=0.5345 adv=0.0733 g_total=0.6205 1.59 it/s
[x16/learnable_frequency] step 25800/50000 lr=9.86e-05 d=0.6771 pixel=0.0134 perceptual=0.5504 adv=0.0666 g_total=0.6304 1.59 it/s
[x16/learnable_frequency] step 25900/50000 lr=9.80e-05 d=0.6329 pixel=0.0146 perceptual=0.6226 adv=0.0792 g_total=0.7164 1.59 it/s
[x16/learnable_frequency] step 26000/50000 lr=9.73e-05 d=0.6565 pixel=0.0140 perceptual=0.5836 adv=0.0860 g_total=0.6836 1.59 it/s
[x16/learnable_frequency] step 26000 VAL ref_ssim=0.9117 (base 0.9281) ref_mse=0.000779 (base 0.000657) best_ssim=0.9196@7000
[x16/learnable_frequency] step 26100/50000 lr=9.67e-05 d=0.7307 pixel=0.0181 perceptual=0.5491 adv=0.0860 g_total=0.6531 1.59 it/s
[x16/learnable_frequency] step 26200/50000 lr=9.61e-05 d=0.6876 pixel=0.0146 perceptual=0.6253 adv=0.0981 g_total=0.7381 1.59 it/s
[x16/learnable_frequency] step 26300/50000 lr=9.55e-05 d=0.7049 pixel=0.0158 perceptual=0.5857 adv=0.0660 g_total=0.6675 1.59 it/s
[x16/learnable_frequency] step 26400/50000 lr=9.49e-05 d=0.6742 pixel=0.0137 perceptual=0.5880 adv=0.0702 g_total=0.6720 1.59 it/s
[x16/learnable_frequency] step 26500/50000 lr=9.42e-05 d=0.6747 pixel=0.0137 perceptual=0.5639 adv=0.0670 g_total=0.6447 1.59 it/s
[x16/learnable_frequency] step 26600/50000 lr=9.36e-05 d=0.6591 pixel=0.0132 perceptual=0.5625 adv=0.0740 g_total=0.6498 1.59 it/s
[x16/learnable_frequency] step 26700/50000 lr=9.30e-05 d=0.6704 pixel=0.0125 perceptual=0.5283 adv=0.0680 g_total=0.6087 1.59 it/s
[x16/learnable_frequency] step 26800/50000 lr=9.24e-05 d=0.6307 pixel=0.0146 perceptual=0.6092 adv=0.0716 g_total=0.6954 1.59 it/s
[x16/learnable_frequency] step 26900/50000 lr=9.18e-05 d=0.6474 pixel=0.0128 perceptual=0.5540 adv=0.0830 g_total=0.6498 1.59 it/s
[x16/learnable_frequency] step 27000/50000 lr=9.11e-05 d=0.6505 pixel=0.0133 perceptual=0.5906 adv=0.0758 g_total=0.6797 1.59 it/s
[x16/learnable_frequency] step 27000 VAL ref_ssim=0.9150 (base 0.9281) ref_mse=0.000685 (base 0.000657) best_ssim=0.9196@7000
[x16/learnable_frequency] step 27100/50000 lr=9.05e-05 d=0.6813 pixel=0.0127 perceptual=0.5759 adv=0.0754 g_total=0.6640 1.59 it/s
[x16/learnable_frequency] step 27200/50000 lr=8.99e-05 d=0.6519 pixel=0.0132 perceptual=0.5758 adv=0.0643 g_total=0.6533 1.59 it/s
[x16/learnable_frequency] step 27300/50000 lr=8.93e-05 d=0.7202 pixel=0.0122 perceptual=0.5326 adv=0.0779 g_total=0.6227 1.59 it/s
[x16/learnable_frequency] step 27400/50000 lr=8.87e-05 d=0.6961 pixel=0.0158 perceptual=0.5574 adv=0.0692 g_total=0.6424 1.59 it/s
[x16/learnable_frequency] step 27500/50000 lr=8.81e-05 d=0.6699 pixel=0.0137 perceptual=0.5774 adv=0.0723 g_total=0.6634 1.59 it/s
[x16/learnable_frequency] step 27600/50000 lr=8.74e-05 d=0.6520 pixel=0.0146 perceptual=0.6155 adv=0.0791 g_total=0.7092 1.59 it/s
[x16/learnable_frequency] step 27700/50000 lr=8.68e-05 d=0.6583 pixel=0.0131 perceptual=0.5665 adv=0.0695 g_total=0.6491 1.59 it/s
[x16/learnable_frequency] step 27800/50000 lr=8.62e-05 d=0.6381 pixel=0.0147 perceptual=0.6168 adv=0.0692 g_total=0.7007 1.59 it/s
[x16/learnable_frequency] step 27900/50000 lr=8.56e-05 d=0.6475 pixel=0.0121 perceptual=0.5484 adv=0.0799 g_total=0.6404 1.59 it/s
[x16/learnable_frequency] step 28000/50000 lr=8.50e-05 d=0.6803 pixel=0.0143 perceptual=0.5980 adv=0.0672 g_total=0.6796 1.59 it/s
[x16/learnable_frequency] step 28000 VAL ref_ssim=0.9115 (base 0.9281) ref_mse=0.000741 (base 0.000657) best_ssim=0.9196@7000
[x16/learnable_frequency] step 28100/50000 lr=8.44e-05 d=0.6787 pixel=0.0112 perceptual=0.5257 adv=0.0797 g_total=0.6166 1.59 it/s
[x16/learnable_frequency] step 28200/50000 lr=8.38e-05 d=0.6625 pixel=0.0147 perceptual=0.6334 adv=0.0641 g_total=0.7122 1.59 it/s
[x16/learnable_frequency] step 28300/50000 lr=8.32e-05 d=0.6421 pixel=0.0155 perceptual=0.6365 adv=0.0725 g_total=0.7245 1.59 it/s
[x16/learnable_frequency] step 28400/50000 lr=8.25e-05 d=0.6545 pixel=0.0137 perceptual=0.5575 adv=0.0794 g_total=0.6506 1.59 it/s
[x16/learnable_frequency] step 28500/50000 lr=8.19e-05 d=0.6818 pixel=0.0113 perceptual=0.4781 adv=0.0778 g_total=0.5672 1.59 it/s
[x16/learnable_frequency] step 28600/50000 lr=8.13e-05 d=0.6816 pixel=0.0146 perceptual=0.6004 adv=0.0812 g_total=0.6961 1.59 it/s
[x16/learnable_frequency] step 28700/50000 lr=8.07e-05 d=0.7764 pixel=0.0151 perceptual=0.6097 adv=0.0662 g_total=0.6910 1.59 it/s
[x16/learnable_frequency] step 28800/50000 lr=8.01e-05 d=0.6429 pixel=0.0145 perceptual=0.6277 adv=0.0708 g_total=0.7130 1.59 it/s
[x16/learnable_frequency] step 28900/50000 lr=7.95e-05 d=0.6636 pixel=0.0138 perceptual=0.5936 adv=0.0694 g_total=0.6768 1.59 it/s
[x16/learnable_frequency] step 29000/50000 lr=7.89e-05 d=0.6566 pixel=0.0154 perceptual=0.6378 adv=0.0684 g_total=0.7216 1.59 it/s
[x16/learnable_frequency] step 29000 VAL ref_ssim=0.9121 (base 0.9281) ref_mse=0.000767 (base 0.000657) best_ssim=0.9196@7000
[x16/learnable_frequency] step 29100/50000 lr=7.83e-05 d=0.6505 pixel=0.0135 perceptual=0.5720 adv=0.0820 g_total=0.6675 1.59 it/s
[x16/learnable_frequency] step 29200/50000 lr=7.77e-05 d=0.6312 pixel=0.0124 perceptual=0.5487 adv=0.0819 g_total=0.6430 1.59 it/s
[x16/learnable_frequency] step 29300/50000 lr=7.71e-05 d=0.6919 pixel=0.0143 perceptual=0.5886 adv=0.0733 g_total=0.6762 1.59 it/s
[x16/learnable_frequency] step 29400/50000 lr=7.65e-05 d=0.6606 pixel=0.0143 perceptual=0.6029 adv=0.0639 g_total=0.6811 1.59 it/s
[x16/learnable_frequency] step 29500/50000 lr=7.59e-05 d=0.6641 pixel=0.0122 perceptual=0.5327 adv=0.0906 g_total=0.6355 1.59 it/s
[x16/learnable_frequency] step 29600/50000 lr=7.53e-05 d=0.6328 pixel=0.0131 perceptual=0.5748 adv=0.0740 g_total=0.6619 1.59 it/s
[x16/learnable_frequency] step 29700/50000 lr=7.47e-05 d=0.6473 pixel=0.0124 perceptual=0.5580 adv=0.0755 g_total=0.6459 1.59 it/s
[x16/learnable_frequency] step 29800/50000 lr=7.41e-05 d=0.6900 pixel=0.0133 perceptual=0.5582 adv=0.0743 g_total=0.6458 1.59 it/s
[x16/learnable_frequency] step 29900/50000 lr=7.35e-05 d=0.6660 pixel=0.0144 perceptual=0.5873 adv=0.0778 g_total=0.6796 1.59 it/s
[x16/learnable_frequency] step 30000/50000 lr=7.29e-05 d=0.7304 pixel=0.0131 perceptual=0.5515 adv=0.0938 g_total=0.6584 1.59 it/s
[x16/learnable_frequency] step 30000 VAL ref_ssim=0.9115 (base 0.9281) ref_mse=0.000815 (base 0.000657) best_ssim=0.9196@7000
[x16/learnable_frequency] step 30100/50000 lr=7.23e-05 d=0.6973 pixel=0.0148 perceptual=0.6012 adv=0.0674 g_total=0.6834 1.59 it/s
[x16/learnable_frequency] step 30200/50000 lr=7.17e-05 d=0.6050 pixel=0.0163 perceptual=0.5837 adv=0.0847 g_total=0.6847 1.59 it/s
[x16/learnable_frequency] step 30300/50000 lr=7.11e-05 d=0.6856 pixel=0.0116 perceptual=0.5113 adv=0.0660 g_total=0.5889 1.59 it/s
[x16/learnable_frequency] step 30400/50000 lr=7.05e-05 d=0.6298 pixel=0.0128 perceptual=0.5837 adv=0.0784 g_total=0.6749 1.59 it/s
[x16/learnable_frequency] step 30500/50000 lr=7.00e-05 d=0.6613 pixel=0.0147 perceptual=0.5893 adv=0.0674 g_total=0.6714 1.59 it/s
[x16/learnable_frequency] step 30600/50000 lr=6.94e-05 d=0.6480 pixel=0.0155 perceptual=0.6161 adv=0.0827 g_total=0.7143 1.59 it/s
[x16/learnable_frequency] step 30700/50000 lr=6.88e-05 d=0.7115 pixel=0.0139 perceptual=0.5738 adv=0.0914 g_total=0.6792 1.59 it/s
[x16/learnable_frequency] step 30800/50000 lr=6.82e-05 d=0.7408 pixel=0.0132 perceptual=0.5377 adv=0.0907 g_total=0.6417 1.59 it/s
[x16/learnable_frequency] step 30900/50000 lr=6.76e-05 d=0.7412 pixel=0.0135 perceptual=0.5616 adv=0.0799 g_total=0.6549 1.59 it/s
[x16/learnable_frequency] step 31000/50000 lr=6.70e-05 d=0.6885 pixel=0.0171 perceptual=0.5938 adv=0.0695 g_total=0.6804 1.59 it/s
[x16/learnable_frequency] step 31000 VAL ref_ssim=0.9132 (base 0.9281) ref_mse=0.000772 (base 0.000657) best_ssim=0.9196@7000
[x16/learnable_frequency] step 31100/50000 lr=6.65e-05 d=0.7166 pixel=0.0127 perceptual=0.5204 adv=0.0821 g_total=0.6152 1.59 it/s
[x16/learnable_frequency] step 31200/50000 lr=6.59e-05 d=0.7275 pixel=0.0139 perceptual=0.5937 adv=0.0707 g_total=0.6783 1.59 it/s
[x16/learnable_frequency] step 31300/50000 lr=6.53e-05 d=0.8066 pixel=0.0169 perceptual=0.5456 adv=0.0935 g_total=0.6561 1.59 it/s
[x16/learnable_frequency] step 31400/50000 lr=6.47e-05 d=0.6957 pixel=0.0145 perceptual=0.6123 adv=0.0745 g_total=0.7013 1.59 it/s
[x16/learnable_frequency] step 31500/50000 lr=6.41e-05 d=0.7058 pixel=0.0123 perceptual=0.5528 adv=0.0780 g_total=0.6432 1.59 it/s
[x16/learnable_frequency] step 31600/50000 lr=6.36e-05 d=0.6346 pixel=0.0124 perceptual=0.5417 adv=0.0715 g_total=0.6257 1.59 it/s
[x16/learnable_frequency] step 31700/50000 lr=6.30e-05 d=0.6626 pixel=0.0155 perceptual=0.5590 adv=0.0654 g_total=0.6399 1.59 it/s
[x16/learnable_frequency] step 31800/50000 lr=6.24e-05 d=0.6812 pixel=0.0121 perceptual=0.5272 adv=0.0731 g_total=0.6124 1.59 it/s
[x16/learnable_frequency] step 31900/50000 lr=6.19e-05 d=0.6645 pixel=0.0123 perceptual=0.5643 adv=0.0743 g_total=0.6510 1.59 it/s
[x16/learnable_frequency] step 32000/50000 lr=6.13e-05 d=0.6907 pixel=0.0143 perceptual=0.5307 adv=0.0733 g_total=0.6184 1.59 it/s
[x16/learnable_frequency] step 32000 VAL ref_ssim=0.8971 (base 0.9281) ref_mse=0.000806 (base 0.000657) best_ssim=0.9196@7000
[x16/learnable_frequency] step 32100/50000 lr=6.07e-05 d=0.6869 pixel=0.0138 perceptual=0.5238 adv=0.0870 g_total=0.6245 1.59 it/s
[x16/learnable_frequency] step 32200/50000 lr=6.02e-05 d=0.6771 pixel=0.0129 perceptual=0.5577 adv=0.0728 g_total=0.6434 1.59 it/s
[x16/learnable_frequency] step 32300/50000 lr=5.96e-05 d=0.6752 pixel=0.0136 perceptual=0.5834 adv=0.0788 g_total=0.6757 1.59 it/s
[x16/learnable_frequency] step 32400/50000 lr=5.90e-05 d=0.6830 pixel=0.0154 perceptual=0.5058 adv=0.0683 g_total=0.5895 1.59 it/s
[x16/learnable_frequency] step 32500/50000 lr=5.85e-05 d=0.7051 pixel=0.0137 perceptual=0.5625 adv=0.0690 g_total=0.6451 1.59 it/s
[x16/learnable_frequency] step 32600/50000 lr=5.79e-05 d=0.6794 pixel=0.0143 perceptual=0.5792 adv=0.0800 g_total=0.6734 1.59 it/s
[x16/learnable_frequency] step 32700/50000 lr=5.74e-05 d=0.6452 pixel=0.0102 perceptual=0.4419 adv=0.0739 g_total=0.5261 1.59 it/s
[x16/learnable_frequency] step 32800/50000 lr=5.68e-05 d=0.6879 pixel=0.0103 perceptual=0.4764 adv=0.0777 g_total=0.5644 1.59 it/s
[x16/learnable_frequency] step 32900/50000 lr=5.63e-05 d=0.6444 pixel=0.0125 perceptual=0.5424 adv=0.0774 g_total=0.6322 1.59 it/s
[x16/learnable_frequency] step 33000/50000 lr=5.57e-05 d=0.6000 pixel=0.0166 perceptual=0.6817 adv=0.0694 g_total=0.7678 1.59 it/s
[x16/learnable_frequency] step 33000 VAL ref_ssim=0.9168 (base 0.9281) ref_mse=0.000666 (base 0.000657) best_ssim=0.9196@7000
[x16/learnable_frequency] step 33100/50000 lr=5.52e-05 d=0.6632 pixel=0.0131 perceptual=0.5804 adv=0.0738 g_total=0.6673 1.59 it/s
[x16/learnable_frequency] step 33200/50000 lr=5.46e-05 d=0.6516 pixel=0.0141 perceptual=0.5985 adv=0.0786 g_total=0.6912 1.59 it/s
[x16/learnable_frequency] step 33300/50000 lr=5.41e-05 d=0.7201 pixel=0.0128 perceptual=0.5169 adv=0.0812 g_total=0.6109 1.59 it/s
[x16/learnable_frequency] step 33400/50000 lr=5.35e-05 d=0.6605 pixel=0.0144 perceptual=0.6079 adv=0.0748 g_total=0.6971 1.59 it/s
[x16/learnable_frequency] step 33500/50000 lr=5.30e-05 d=0.6603 pixel=0.0125 perceptual=0.5494 adv=0.0690 g_total=0.6309 1.59 it/s
[x16/learnable_frequency] step 33600/50000 lr=5.25e-05 d=0.7226 pixel=0.0137 perceptual=0.5924 adv=0.0847 g_total=0.6908 1.59 it/s
[x16/learnable_frequency] step 33700/50000 lr=5.19e-05 d=0.6815 pixel=0.0143 perceptual=0.6456 adv=0.0775 g_total=0.7374 1.59 it/s
[x16/learnable_frequency] step 33800/50000 lr=5.14e-05 d=0.5959 pixel=0.0125 perceptual=0.5509 adv=0.0739 g_total=0.6373 1.59 it/s
[x16/learnable_frequency] step 33900/50000 lr=5.09e-05 d=0.6441 pixel=0.0139 perceptual=0.5712 adv=0.0660 g_total=0.6511 1.59 it/s
[x16/learnable_frequency] step 34000/50000 lr=5.03e-05 d=0.6678 pixel=0.0140 perceptual=0.5652 adv=0.0792 g_total=0.6584 1.59 it/s
[x16/learnable_frequency] step 34000 VAL ref_ssim=0.9082 (base 0.9281) ref_mse=0.000823 (base 0.000657) best_ssim=0.9196@7000
[x16/learnable_frequency] step 34100/50000 lr=4.98e-05 d=0.7465 pixel=0.0135 perceptual=0.5283 adv=0.0741 g_total=0.6159 1.59 it/s
[x16/learnable_frequency] step 34200/50000 lr=4.93e-05 d=0.6182 pixel=0.0140 perceptual=0.6167 adv=0.0731 g_total=0.7039 1.59 it/s
[x16/learnable_frequency] step 34300/50000 lr=4.88e-05 d=0.6670 pixel=0.0135 perceptual=0.5964 adv=0.0753 g_total=0.6851 1.59 it/s
[x16/learnable_frequency] step 34400/50000 lr=4.82e-05 d=0.6803 pixel=0.0120 perceptual=0.5409 adv=0.0774 g_total=0.6304 1.59 it/s
[x16/learnable_frequency] step 34500/50000 lr=4.77e-05 d=0.6648 pixel=0.0132 perceptual=0.5918 adv=0.0621 g_total=0.6671 1.59 it/s
[x16/learnable_frequency] step 34600/50000 lr=4.72e-05 d=0.6623 pixel=0.0125 perceptual=0.5326 adv=0.0715 g_total=0.6166 1.59 it/s
[x16/learnable_frequency] step 34700/50000 lr=4.67e-05 d=0.6382 pixel=0.0126 perceptual=0.5747 adv=0.0693 g_total=0.6566 1.59 it/s
[x16/learnable_frequency] step 34800/50000 lr=4.62e-05 d=0.6499 pixel=0.0123 perceptual=0.5417 adv=0.0779 g_total=0.6319 1.59 it/s
[x16/learnable_frequency] step 34900/50000 lr=4.57e-05 d=0.6415 pixel=0.0155 perceptual=0.6059 adv=0.0874 g_total=0.7088 1.59 it/s
[x16/learnable_frequency] step 35000/50000 lr=4.52e-05 d=0.6771 pixel=0.0116 perceptual=0.5176 adv=0.0768 g_total=0.6060 1.59 it/s
[x16/learnable_frequency] step 35000 VAL ref_ssim=0.9104 (base 0.9281) ref_mse=0.000746 (base 0.000657) best_ssim=0.9196@7000
[x16/learnable_frequency] step 35100/50000 lr=4.47e-05 d=0.6469 pixel=0.0115 perceptual=0.5188 adv=0.0753 g_total=0.6056 1.59 it/s
[x16/learnable_frequency] step 35200/50000 lr=4.42e-05 d=0.6628 pixel=0.0111 perceptual=0.4992 adv=0.0722 g_total=0.5825 1.59 it/s
[x16/learnable_frequency] step 35300/50000 lr=4.36e-05 d=0.6273 pixel=0.0130 perceptual=0.5469 adv=0.0867 g_total=0.6466 1.59 it/s
[x16/learnable_frequency] step 35400/50000 lr=4.32e-05 d=0.6621 pixel=0.0142 perceptual=0.5932 adv=0.0686 g_total=0.6761 1.59 it/s
[x16/learnable_frequency] step 35500/50000 lr=4.27e-05 d=0.6327 pixel=0.0127 perceptual=0.5423 adv=0.0793 g_total=0.6343 1.59 it/s
[x16/learnable_frequency] step 35600/50000 lr=4.22e-05 d=0.7437 pixel=0.0157 perceptual=0.6858 adv=0.0802 g_total=0.7816 1.59 it/s
[x16/learnable_frequency] step 35700/50000 lr=4.17e-05 d=0.6686 pixel=0.0125 perceptual=0.5396 adv=0.0739 g_total=0.6260 1.59 it/s
[x16/learnable_frequency] step 35800/50000 lr=4.12e-05 d=0.6797 pixel=0.0115 perceptual=0.5161 adv=0.0711 g_total=0.5987 1.59 it/s
[x16/learnable_frequency] step 35900/50000 lr=4.07e-05 d=0.6951 pixel=0.0142 perceptual=0.5782 adv=0.0706 g_total=0.6630 1.59 it/s
[x16/learnable_frequency] step 36000/50000 lr=4.02e-05 d=0.6862 pixel=0.0119 perceptual=0.5108 adv=0.0763 g_total=0.5991 1.59 it/s
[x16/learnable_frequency] step 36000 VAL ref_ssim=0.9081 (base 0.9281) ref_mse=0.000727 (base 0.000657) best_ssim=0.9196@7000
[x16/learnable_frequency] step 36100/50000 lr=3.97e-05 d=0.6243 pixel=0.0150 perceptual=0.6229 adv=0.0836 g_total=0.7215 1.59 it/s
[x16/learnable_frequency] step 36200/50000 lr=3.93e-05 d=0.6281 pixel=0.0147 perceptual=0.5021 adv=0.0739 g_total=0.5907 1.59 it/s
[x16/learnable_frequency] step 36300/50000 lr=3.88e-05 d=0.6664 pixel=0.0139 perceptual=0.5951 adv=0.0840 g_total=0.6930 1.59 it/s
[x16/learnable_frequency] step 36400/50000 lr=3.83e-05 d=0.7748 pixel=0.0160 perceptual=0.5981 adv=0.0798 g_total=0.6939 1.59 it/s
[x16/learnable_frequency] step 36500/50000 lr=3.78e-05 d=0.6684 pixel=0.0135 perceptual=0.5920 adv=0.0882 g_total=0.6937 1.59 it/s
[x16/learnable_frequency] step 36600/50000 lr=3.74e-05 d=0.6230 pixel=0.0130 perceptual=0.6029 adv=0.0710 g_total=0.6869 1.59 it/s
[x16/learnable_frequency] step 36700/50000 lr=3.69e-05 d=0.6964 pixel=0.0111 perceptual=0.4746 adv=0.0771 g_total=0.5628 1.59 it/s
[x16/learnable_frequency] step 36800/50000 lr=3.64e-05 d=0.6405 pixel=0.0112 perceptual=0.4970 adv=0.0707 g_total=0.5789 1.59 it/s
[x16/learnable_frequency] step 36900/50000 lr=3.60e-05 d=0.6521 pixel=0.0158 perceptual=0.6397 adv=0.0657 g_total=0.7212 1.59 it/s
[x16/learnable_frequency] step 37000/50000 lr=3.55e-05 d=0.6528 pixel=0.0127 perceptual=0.5263 adv=0.0698 g_total=0.6088 1.59 it/s
[x16/learnable_frequency] step 37000 VAL ref_ssim=0.9134 (base 0.9281) ref_mse=0.000750 (base 0.000657) best_ssim=0.9196@7000
[x16/learnable_frequency] step 37100/50000 lr=3.51e-05 d=0.6563 pixel=0.0139 perceptual=0.5629 adv=0.0749 g_total=0.6516 1.59 it/s
[x16/learnable_frequency] step 37200/50000 lr=3.46e-05 d=0.6071 pixel=0.0130 perceptual=0.5558 adv=0.0802 g_total=0.6490 1.59 it/s
[x16/learnable_frequency] step 37300/50000 lr=3.42e-05 d=0.6321 pixel=0.0129 perceptual=0.5455 adv=0.0804 g_total=0.6387 1.59 it/s
[x16/learnable_frequency] step 37400/50000 lr=3.37e-05 d=0.6942 pixel=0.0132 perceptual=0.5863 adv=0.0832 g_total=0.6827 1.59 it/s
[x16/learnable_frequency] step 37500/50000 lr=3.33e-05 d=0.6894 pixel=0.0127 perceptual=0.5369 adv=0.0737 g_total=0.6233 1.59 it/s
[x16/learnable_frequency] step 37600/50000 lr=3.28e-05 d=0.5548 pixel=0.0151 perceptual=0.6313 adv=0.0838 g_total=0.7301 1.59 it/s
[x16/learnable_frequency] step 37700/50000 lr=3.24e-05 d=0.6142 pixel=0.0171 perceptual=0.5871 adv=0.0729 g_total=0.6770 1.59 it/s
[x16/learnable_frequency] step 37800/50000 lr=3.19e-05 d=0.6623 pixel=0.0127 perceptual=0.5725 adv=0.0704 g_total=0.6555 1.59 it/s
[x16/learnable_frequency] step 37900/50000 lr=3.15e-05 d=0.6699 pixel=0.0156 perceptual=0.5798 adv=0.0654 g_total=0.6608 1.59 it/s
[x16/learnable_frequency] step 38000/50000 lr=3.11e-05 d=0.5982 pixel=0.0141 perceptual=0.5886 adv=0.0880 g_total=0.6907 1.59 it/s
[x16/learnable_frequency] step 38000 VAL ref_ssim=0.9115 (base 0.9281) ref_mse=0.000711 (base 0.000657) best_ssim=0.9196@7000
[x16/learnable_frequency] step 38100/50000 lr=3.07e-05 d=0.6814 pixel=0.0138 perceptual=0.5720 adv=0.0683 g_total=0.6541 1.59 it/s
[x16/learnable_frequency] step 38200/50000 lr=3.02e-05 d=0.7516 pixel=0.0140 perceptual=0.5792 adv=0.0775 g_total=0.6707 1.59 it/s
[x16/learnable_frequency] step 38300/50000 lr=2.98e-05 d=0.5884 pixel=0.0111 perceptual=0.5116 adv=0.0709 g_total=0.5936 1.59 it/s
[x16/learnable_frequency] step 38400/50000 lr=2.94e-05 d=0.6100 pixel=0.0131 perceptual=0.5544 adv=0.0717 g_total=0.6391 1.59 it/s
[x16/learnable_frequency] step 38500/50000 lr=2.90e-05 d=0.6742 pixel=0.0140 perceptual=0.5873 adv=0.0645 g_total=0.6658 1.59 it/s
[x16/learnable_frequency] step 38600/50000 lr=2.86e-05 d=0.7288 pixel=0.0122 perceptual=0.5327 adv=0.0717 g_total=0.6167 1.59 it/s
[x16/learnable_frequency] step 38700/50000 lr=2.81e-05 d=0.6444 pixel=0.0134 perceptual=0.6126 adv=0.0738 g_total=0.6999 1.59 it/s
[x16/learnable_frequency] step 38800/50000 lr=2.77e-05 d=0.6550 pixel=0.0145 perceptual=0.6163 adv=0.0723 g_total=0.7030 1.59 it/s
[x16/learnable_frequency] step 38900/50000 lr=2.73e-05 d=0.6731 pixel=0.0149 perceptual=0.5444 adv=0.0746 g_total=0.6338 1.59 it/s
[x16/learnable_frequency] step 39000/50000 lr=2.69e-05 d=0.6900 pixel=0.0123 perceptual=0.5178 adv=0.0547 g_total=0.5847 1.59 it/s
[x16/learnable_frequency] step 39000 VAL ref_ssim=0.9121 (base 0.9281) ref_mse=0.000708 (base 0.000657) best_ssim=0.9196@7000
[x16/learnable_frequency] step 39100/50000 lr=2.65e-05 d=0.6474 pixel=0.0132 perceptual=0.5556 adv=0.0706 g_total=0.6394 1.59 it/s
[x16/learnable_frequency] step 39200/50000 lr=2.61e-05 d=0.5658 pixel=0.0136 perceptual=0.6011 adv=0.0804 g_total=0.6952 1.59 it/s
[x16/learnable_frequency] step 39300/50000 lr=2.57e-05 d=0.6958 pixel=0.0138 perceptual=0.5698 adv=0.1057 g_total=0.6893 1.59 it/s
[x16/learnable_frequency] step 39400/50000 lr=2.54e-05 d=0.6545 pixel=0.0132 perceptual=0.5563 adv=0.0779 g_total=0.6474 1.59 it/s
[x16/learnable_frequency] step 39500/50000 lr=2.50e-05 d=0.6771 pixel=0.0127 perceptual=0.5396 adv=0.0713 g_total=0.6236 1.59 it/s
[x16/learnable_frequency] step 39600/50000 lr=2.46e-05 d=0.6246 pixel=0.0135 perceptual=0.5918 adv=0.0838 g_total=0.6890 1.59 it/s
[x16/learnable_frequency] step 39700/50000 lr=2.42e-05 d=0.6361 pixel=0.0123 perceptual=0.5354 adv=0.0716 g_total=0.6193 1.59 it/s
[x16/learnable_frequency] step 39800/50000 lr=2.38e-05 d=0.6730 pixel=0.0135 perceptual=0.5930 adv=0.0708 g_total=0.6773 1.59 it/s
[x16/learnable_frequency] step 39900/50000 lr=2.35e-05 d=0.6949 pixel=0.0121 perceptual=0.5341 adv=0.0755 g_total=0.6216 1.59 it/s
[x16/learnable_frequency] step 40000/50000 lr=2.31e-05 d=0.6104 pixel=0.0142 perceptual=0.5922 adv=0.0708 g_total=0.6772 1.59 it/s
[x16/learnable_frequency] step 40000 VAL ref_ssim=0.9139 (base 0.9281) ref_mse=0.000707 (base 0.000657) best_ssim=0.9196@7000
[x16/learnable_frequency] step 40100/50000 lr=2.27e-05 d=0.6537 pixel=0.0148 perceptual=0.6650 adv=0.0711 g_total=0.7508 1.59 it/s
[x16/learnable_frequency] step 40200/50000 lr=2.24e-05 d=0.6538 pixel=0.0163 perceptual=0.5977 adv=0.0820 g_total=0.6959 1.59 it/s
[x16/learnable_frequency] step 40300/50000 lr=2.20e-05 d=0.7092 pixel=0.0139 perceptual=0.5790 adv=0.0886 g_total=0.6815 1.59 it/s
[x16/learnable_frequency] step 40400/50000 lr=2.16e-05 d=0.6534 pixel=0.0136 perceptual=0.5744 adv=0.0767 g_total=0.6647 1.59 it/s
[x16/learnable_frequency] step 40500/50000 lr=2.13e-05 d=0.6058 pixel=0.0138 perceptual=0.5829 adv=0.0886 g_total=0.6852 1.59 it/s
[x16/learnable_frequency] step 40600/50000 lr=2.09e-05 d=0.5032 pixel=0.0148 perceptual=0.6016 adv=0.1009 g_total=0.7173 1.59 it/s
[x16/learnable_frequency] step 40700/50000 lr=2.06e-05 d=0.7035 pixel=0.0131 perceptual=0.5231 adv=0.0644 g_total=0.6006 1.59 it/s
[x16/learnable_frequency] step 40800/50000 lr=2.02e-05 d=0.6302 pixel=0.0144 perceptual=0.5712 adv=0.0774 g_total=0.6630 1.59 it/s
[x16/learnable_frequency] step 40900/50000 lr=1.99e-05 d=0.7069 pixel=0.0137 perceptual=0.5905 adv=0.0610 g_total=0.6652 1.59 it/s
[x16/learnable_frequency] step 41000/50000 lr=1.96e-05 d=0.6780 pixel=0.0144 perceptual=0.5535 adv=0.0671 g_total=0.6351 1.59 it/s
[x16/learnable_frequency] step 41000 VAL ref_ssim=0.8996 (base 0.9281) ref_mse=0.000768 (base 0.000657) best_ssim=0.9196@7000
[x16/learnable_frequency] step 41100/50000 lr=1.92e-05 d=0.5979 pixel=0.0147 perceptual=0.6243 adv=0.0737 g_total=0.7127 1.59 it/s
[x16/learnable_frequency] step 41200/50000 lr=1.89e-05 d=0.6258 pixel=0.0172 perceptual=0.5876 adv=0.0846 g_total=0.6894 1.59 it/s
[x16/learnable_frequency] step 41300/50000 lr=1.86e-05 d=0.6184 pixel=0.0137 perceptual=0.5718 adv=0.0964 g_total=0.6818 1.59 it/s
[x16/learnable_frequency] step 41400/50000 lr=1.82e-05 d=0.6338 pixel=0.0161 perceptual=0.5566 adv=0.0775 g_total=0.6502 1.59 it/s
[x16/learnable_frequency] step 41500/50000 lr=1.79e-05 d=0.6422 pixel=0.0129 perceptual=0.5569 adv=0.0944 g_total=0.6642 1.59 it/s
[x16/learnable_frequency] step 41600/50000 lr=1.76e-05 d=0.7125 pixel=0.0152 perceptual=0.6227 adv=0.0755 g_total=0.7134 1.59 it/s
[x16/learnable_frequency] step 41700/50000 lr=1.73e-05 d=0.6356 pixel=0.0123 perceptual=0.5198 adv=0.0762 g_total=0.6083 1.59 it/s
[x16/learnable_frequency] step 41800/50000 lr=1.70e-05 d=0.6605 pixel=0.0140 perceptual=0.6076 adv=0.0694 g_total=0.6910 1.59 it/s
[x16/learnable_frequency] step 41900/50000 lr=1.67e-05 d=0.6061 pixel=0.0137 perceptual=0.6140 adv=0.0752 g_total=0.7030 1.59 it/s
[x16/learnable_frequency] step 42000/50000 lr=1.64e-05 d=0.6316 pixel=0.0123 perceptual=0.5254 adv=0.0785 g_total=0.6163 1.59 it/s
[x16/learnable_frequency] step 42000 VAL ref_ssim=0.9140 (base 0.9281) ref_mse=0.000712 (base 0.000657) best_ssim=0.9196@7000
[x16/learnable_frequency] step 42100/50000 lr=1.61e-05 d=0.6539 pixel=0.0141 perceptual=0.5840 adv=0.0710 g_total=0.6690 1.59 it/s
[x16/learnable_frequency] step 42200/50000 lr=1.58e-05 d=0.6146 pixel=0.0116 perceptual=0.5184 adv=0.0704 g_total=0.6003 1.59 it/s
[x16/learnable_frequency] step 42300/50000 lr=1.55e-05 d=0.7000 pixel=0.0141 perceptual=0.5810 adv=0.0836 g_total=0.6787 1.59 it/s
[x16/learnable_frequency] step 42400/50000 lr=1.52e-05 d=0.6315 pixel=0.0127 perceptual=0.5704 adv=0.0743 g_total=0.6573 1.59 it/s
[x16/learnable_frequency] step 42500/50000 lr=1.49e-05 d=0.7114 pixel=0.0135 perceptual=0.5785 adv=0.0835 g_total=0.6756 1.59 it/s
[x16/learnable_frequency] step 42600/50000 lr=1.46e-05 d=0.5974 pixel=0.0109 perceptual=0.5049 adv=0.0759 g_total=0.5916 1.59 it/s
[x16/learnable_frequency] step 42700/50000 lr=1.43e-05 d=0.5318 pixel=0.0159 perceptual=0.5592 adv=0.1142 g_total=0.6893 1.59 it/s
[x16/learnable_frequency] step 42800/50000 lr=1.41e-05 d=0.7019 pixel=0.0126 perceptual=0.5421 adv=0.0962 g_total=0.6510 1.59 it/s
[x16/learnable_frequency] step 42900/50000 lr=1.38e-05 d=0.6481 pixel=0.0137 perceptual=0.5834 adv=0.0703 g_total=0.6675 1.59 it/s
[x16/learnable_frequency] step 43000/50000 lr=1.35e-05 d=0.6976 pixel=0.0148 perceptual=0.5594 adv=0.1075 g_total=0.6817 1.59 it/s
[x16/learnable_frequency] step 43000 VAL ref_ssim=0.9038 (base 0.9281) ref_mse=0.000818 (base 0.000657) best_ssim=0.9196@7000
[x16/learnable_frequency] step 43100/50000 lr=1.33e-05 d=0.6290 pixel=0.0132 perceptual=0.5357 adv=0.0710 g_total=0.6199 1.59 it/s
[x16/learnable_frequency] step 43200/50000 lr=1.30e-05 d=0.6828 pixel=0.0125 perceptual=0.5301 adv=0.0677 g_total=0.6103 1.59 it/s
[x16/learnable_frequency] step 43300/50000 lr=1.27e-05 d=0.6503 pixel=0.0168 perceptual=0.5968 adv=0.1079 g_total=0.7215 1.59 it/s
[x16/learnable_frequency] step 43400/50000 lr=1.25e-05 d=0.7067 pixel=0.0189 perceptual=0.5607 adv=0.0702 g_total=0.6497 1.59 it/s
[x16/learnable_frequency] step 43500/50000 lr=1.22e-05 d=0.6960 pixel=0.0116 perceptual=0.5278 adv=0.0987 g_total=0.6382 1.59 it/s
[x16/learnable_frequency] step 43600/50000 lr=1.20e-05 d=0.6339 pixel=0.0122 perceptual=0.5322 adv=0.0867 g_total=0.6312 1.59 it/s
[x16/learnable_frequency] step 43700/50000 lr=1.17e-05 d=0.6936 pixel=0.0137 perceptual=0.5136 adv=0.0755 g_total=0.6028 1.59 it/s
[x16/learnable_frequency] step 43800/50000 lr=1.15e-05 d=0.7303 pixel=0.0142 perceptual=0.6080 adv=0.0867 g_total=0.7089 1.59 it/s
[x16/learnable_frequency] step 43900/50000 lr=1.13e-05 d=0.5982 pixel=0.0154 perceptual=0.6172 adv=0.0825 g_total=0.7151 1.59 it/s
[x16/learnable_frequency] step 44000/50000 lr=1.10e-05 d=0.6276 pixel=0.0124 perceptual=0.5033 adv=0.1006 g_total=0.6163 1.59 it/s
[x16/learnable_frequency] step 44000 VAL ref_ssim=0.9070 (base 0.9281) ref_mse=0.000780 (base 0.000657) best_ssim=0.9196@7000
[x16/learnable_frequency] step 44100/50000 lr=1.08e-05 d=0.5936 pixel=0.0123 perceptual=0.5380 adv=0.0912 g_total=0.6415 1.59 it/s
[x16/learnable_frequency] step 44200/50000 lr=1.06e-05 d=0.6483 pixel=0.0131 perceptual=0.5565 adv=0.0688 g_total=0.6383 1.59 it/s
[x16/learnable_frequency] step 44300/50000 lr=1.03e-05 d=0.6756 pixel=0.0138 perceptual=0.6101 adv=0.0844 g_total=0.7083 1.59 it/s
[x16/learnable_frequency] step 44400/50000 lr=1.01e-05 d=0.6464 pixel=0.0151 perceptual=0.6117 adv=0.0916 g_total=0.7184 1.59 it/s
[x16/learnable_frequency] step 44500/50000 lr=9.91e-06 d=0.6598 pixel=0.0117 perceptual=0.5338 adv=0.0713 g_total=0.6168 1.59 it/s
[x16/learnable_frequency] step 44600/50000 lr=9.70e-06 d=0.5941 pixel=0.0109 perceptual=0.4834 adv=0.0881 g_total=0.5825 1.59 it/s
[x16/learnable_frequency] step 44700/50000 lr=9.49e-06 d=0.5933 pixel=0.0135 perceptual=0.5920 adv=0.0831 g_total=0.6887 1.59 it/s
[x16/learnable_frequency] step 44800/50000 lr=9.29e-06 d=0.6815 pixel=0.0128 perceptual=0.5623 adv=0.0659 g_total=0.6410 1.59 it/s
[x16/learnable_frequency] step 44900/50000 lr=9.09e-06 d=0.6538 pixel=0.0163 perceptual=0.6595 adv=0.0953 g_total=0.7711 1.59 it/s
[x16/learnable_frequency] step 45000/50000 lr=8.89e-06 d=0.5764 pixel=0.0150 perceptual=0.5833 adv=0.0840 g_total=0.6824 1.59 it/s
[x16/learnable_frequency] step 45000 VAL ref_ssim=0.9080 (base 0.9281) ref_mse=0.000796 (base 0.000657) best_ssim=0.9196@7000
[x16/learnable_frequency] step 45100/50000 lr=8.70e-06 d=0.5854 pixel=0.0150 perceptual=0.6232 adv=0.0979 g_total=0.7361 1.59 it/s
[x16/learnable_frequency] step 45200/50000 lr=8.51e-06 d=0.6553 pixel=0.0198 perceptual=0.6009 adv=0.0703 g_total=0.6910 1.59 it/s
[x16/learnable_frequency] step 45300/50000 lr=8.33e-06 d=0.6474 pixel=0.0131 perceptual=0.5726 adv=0.0956 g_total=0.6812 1.59 it/s
[x16/learnable_frequency] step 45400/50000 lr=8.15e-06 d=0.6166 pixel=0.0137 perceptual=0.5712 adv=0.0871 g_total=0.6719 1.59 it/s
[x16/learnable_frequency] step 45500/50000 lr=7.97e-06 d=0.5679 pixel=0.0132 perceptual=0.5695 adv=0.0944 g_total=0.6771 1.59 it/s
[x16/learnable_frequency] step 45600/50000 lr=7.80e-06 d=0.5889 pixel=0.0131 perceptual=0.5274 adv=0.1051 g_total=0.6456 1.59 it/s
[x16/learnable_frequency] step 45700/50000 lr=7.63e-06 d=0.5320 pixel=0.0135 perceptual=0.5757 adv=0.0848 g_total=0.6741 1.59 it/s
[x16/learnable_frequency] step 45800/50000 lr=7.46e-06 d=0.6932 pixel=0.0147 perceptual=0.6235 adv=0.0950 g_total=0.7332 1.59 it/s
[x16/learnable_frequency] step 45900/50000 lr=7.30e-06 d=0.5796 pixel=0.0134 perceptual=0.5447 adv=0.0735 g_total=0.6317 1.59 it/s
[x16/learnable_frequency] step 46000/50000 lr=7.14e-06 d=0.6918 pixel=0.0143 perceptual=0.6062 adv=0.0791 g_total=0.6995 1.59 it/s
[x16/learnable_frequency] step 46000 VAL ref_ssim=0.9082 (base 0.9281) ref_mse=0.000779 (base 0.000657) best_ssim=0.9196@7000
[x16/learnable_frequency] step 46100/50000 lr=6.99e-06 d=0.5700 pixel=0.0134 perceptual=0.5764 adv=0.1041 g_total=0.6939 1.59 it/s
[x16/learnable_frequency] step 46200/50000 lr=6.84e-06 d=0.6511 pixel=0.0139 perceptual=0.5848 adv=0.0669 g_total=0.6656 1.59 it/s
[x16/learnable_frequency] step 46300/50000 lr=6.69e-06 d=0.6195 pixel=0.0133 perceptual=0.5831 adv=0.1121 g_total=0.7086 1.59 it/s
[x16/learnable_frequency] step 46400/50000 lr=6.55e-06 d=0.5876 pixel=0.0119 perceptual=0.5313 adv=0.1151 g_total=0.6583 1.59 it/s
[x16/learnable_frequency] step 46500/50000 lr=6.41e-06 d=0.5481 pixel=0.0137 perceptual=0.5859 adv=0.0906 g_total=0.6903 1.59 it/s
[x16/learnable_frequency] step 46600/50000 lr=6.27e-06 d=0.5742 pixel=0.0135 perceptual=0.5435 adv=0.0935 g_total=0.6505 1.59 it/s
[x16/learnable_frequency] step 46700/50000 lr=6.14e-06 d=0.5282 pixel=0.0147 perceptual=0.6260 adv=0.0976 g_total=0.7383 1.59 it/s
[x16/learnable_frequency] step 46800/50000 lr=6.02e-06 d=0.7178 pixel=0.0136 perceptual=0.5750 adv=0.0493 g_total=0.6379 1.59 it/s
[x16/learnable_frequency] step 46900/50000 lr=5.89e-06 d=0.6552 pixel=0.0146 perceptual=0.6028 adv=0.0687 g_total=0.6860 1.59 it/s
[x16/learnable_frequency] step 47000/50000 lr=5.77e-06 d=0.4970 pixel=0.0141 perceptual=0.5643 adv=0.1046 g_total=0.6830 1.59 it/s
[x16/learnable_frequency] step 47000 VAL ref_ssim=0.8965 (base 0.9281) ref_mse=0.000787 (base 0.000657) best_ssim=0.9196@7000
[x16/learnable_frequency] step 47100/50000 lr=5.66e-06 d=0.5096 pixel=0.0151 perceptual=0.6040 adv=0.1137 g_total=0.7328 1.59 it/s
[x16/learnable_frequency] step 47200/50000 lr=5.54e-06 d=0.6068 pixel=0.0132 perceptual=0.5402 adv=0.0917 g_total=0.6451 1.59 it/s
[x16/learnable_frequency] step 47300/50000 lr=5.44e-06 d=0.6472 pixel=0.0177 perceptual=0.6388 adv=0.0805 g_total=0.7370 1.59 it/s
[x16/learnable_frequency] step 47400/50000 lr=5.33e-06 d=0.6122 pixel=0.0141 perceptual=0.5275 adv=0.0854 g_total=0.6271 1.59 it/s
[x16/learnable_frequency] step 47500/50000 lr=5.23e-06 d=0.5567 pixel=0.0131 perceptual=0.5498 adv=0.0932 g_total=0.6561 1.59 it/s
[x16/learnable_frequency] step 47600/50000 lr=5.14e-06 d=0.7947 pixel=0.0147 perceptual=0.5614 adv=0.0653 g_total=0.6414 1.59 it/s
[x16/learnable_frequency] step 47700/50000 lr=5.04e-06 d=0.8200 pixel=0.0145 perceptual=0.5551 adv=0.0806 g_total=0.6502 1.59 it/s
[x16/learnable_frequency] step 47800/50000 lr=4.95e-06 d=0.7451 pixel=0.0157 perceptual=0.6040 adv=0.0802 g_total=0.6999 1.59 it/s
[x16/learnable_frequency] step 47900/50000 lr=4.87e-06 d=0.6613 pixel=0.0154 perceptual=0.6090 adv=0.1112 g_total=0.7356 1.59 it/s
[x16/learnable_frequency] step 48000/50000 lr=4.79e-06 d=0.5223 pixel=0.0174 perceptual=0.6329 adv=0.1048 g_total=0.7551 1.59 it/s
[x16/learnable_frequency] step 48000 VAL ref_ssim=0.9103 (base 0.9281) ref_mse=0.000749 (base 0.000657) best_ssim=0.9196@7000
[x16/learnable_frequency] step 48100/50000 lr=4.71e-06 d=0.6073 pixel=0.0191 perceptual=0.5803 adv=0.0926 g_total=0.6920 1.59 it/s
[x16/learnable_frequency] step 48200/50000 lr=4.64e-06 d=0.5290 pixel=0.0141 perceptual=0.6113 adv=0.1026 g_total=0.7279 1.59 it/s
[x16/learnable_frequency] step 48300/50000 lr=4.57e-06 d=0.5301 pixel=0.0156 perceptual=0.6157 adv=0.1032 g_total=0.7345 1.59 it/s
[x16/learnable_frequency] step 48400/50000 lr=4.51e-06 d=0.5460 pixel=0.0143 perceptual=0.5801 adv=0.0948 g_total=0.6891 1.59 it/s
[x16/learnable_frequency] step 48500/50000 lr=4.44e-06 d=0.6492 pixel=0.0166 perceptual=0.6028 adv=0.0933 g_total=0.7127 1.59 it/s
[x16/learnable_frequency] step 48600/50000 lr=4.39e-06 d=0.6603 pixel=0.0141 perceptual=0.6052 adv=0.1319 g_total=0.7512 1.59 it/s
[x16/learnable_frequency] step 48700/50000 lr=4.33e-06 d=0.5655 pixel=0.0169 perceptual=0.6282 adv=0.0987 g_total=0.7438 1.59 it/s
[x16/learnable_frequency] step 48800/50000 lr=4.28e-06 d=0.6571 pixel=0.0165 perceptual=0.6879 adv=0.0745 g_total=0.7789 1.59 it/s
[x16/learnable_frequency] step 48900/50000 lr=4.24e-06 d=0.6214 pixel=0.0136 perceptual=0.5423 adv=0.1172 g_total=0.6731 1.59 it/s
[x16/learnable_frequency] step 49000/50000 lr=4.20e-06 d=0.7094 pixel=0.0150 perceptual=0.5621 adv=0.0912 g_total=0.6682 1.59 it/s
[x16/learnable_frequency] step 49000 VAL ref_ssim=0.8810 (base 0.9281) ref_mse=0.000855 (base 0.000657) best_ssim=0.9196@7000
[x16/learnable_frequency] step 49100/50000 lr=4.16e-06 d=0.5919 pixel=0.0139 perceptual=0.5973 adv=0.0954 g_total=0.7066 1.59 it/s
[x16/learnable_frequency] step 49200/50000 lr=4.13e-06 d=0.4096 pixel=0.0120 perceptual=0.5426 adv=0.1324 g_total=0.6870 1.59 it/s
[x16/learnable_frequency] step 49300/50000 lr=4.10e-06 d=0.6657 pixel=0.0137 perceptual=0.5546 adv=0.1037 g_total=0.6720 1.59 it/s
[x16/learnable_frequency] step 49400/50000 lr=4.07e-06 d=0.5819 pixel=0.0150 perceptual=0.5967 adv=0.0743 g_total=0.6860 1.59 it/s
[x16/learnable_frequency] step 49500/50000 lr=4.05e-06 d=0.5496 pixel=0.0142 perceptual=0.5987 adv=0.1127 g_total=0.7256 1.59 it/s
[x16/learnable_frequency] step 49600/50000 lr=4.03e-06 d=0.6034 pixel=0.0146 perceptual=0.5905 adv=0.0826 g_total=0.6877 1.59 it/s
[x16/learnable_frequency] step 49700/50000 lr=4.02e-06 d=0.5631 pixel=0.0140 perceptual=0.5767 adv=0.1145 g_total=0.7052 1.59 it/s
[x16/learnable_frequency] step 49800/50000 lr=4.01e-06 d=0.4837 pixel=0.0134 perceptual=0.6033 adv=0.1411 g_total=0.7578 1.59 it/s
[x16/learnable_frequency] step 49900/50000 lr=4.00e-06 d=0.5953 pixel=0.0157 perceptual=0.5813 adv=0.0857 g_total=0.6826 1.59 it/s
[x16/learnable_frequency] step 50000/50000 lr=4.00e-06 d=0.5557 pixel=0.0110 perceptual=0.5295 adv=0.1429 g_total=0.6835 1.59 it/s
[x16/learnable_frequency] step 50000 VAL ref_ssim=0.9118 (base 0.9281) ref_mse=0.000695 (base 0.000657) best_ssim=0.9196@7000
[x16/learnable_frequency] DONE test base->ref  SSIM 0.9252->0.9175 (+-0.0077) | MSE 0.000694->0.000634 (-0.000059) | 524.9 min
