Using device: cuda:0
[stage1] training content-aware microscope (learnable=True)...
Using device: cuda:0

=== segmentation/x1024_learnable_frequency_seed42_stage1: inverse_warmup_m1 (m=1.0, steps=1500) ===
[inverse_warmup_m1] step=200 m=1.0 loss=0.19226 val_mse=0.15409 bin_frac=0.028
[inverse_warmup_m1] step=400 m=1.0 loss=0.18037 val_mse=0.14882 bin_frac=0.028
[inverse_warmup_m1] step=600 m=1.0 loss=0.16991 val_mse=0.14414 bin_frac=0.028
[inverse_warmup_m1] step=800 m=1.0 loss=0.19367 val_mse=0.14228 bin_frac=0.028
[inverse_warmup_m1] step=1000 m=1.0 loss=0.19222 val_mse=0.13905 bin_frac=0.028
[inverse_warmup_m1] step=1200 m=1.0 loss=0.17051 val_mse=0.14095 bin_frac=0.028
[inverse_warmup_m1] step=1400 m=1.0 loss=0.18722 val_mse=0.14228 bin_frac=0.028
[inverse_warmup_m1] step=1500 m=1.0 loss=0.19689 val_mse=0.14456 bin_frac=0.028

=== segmentation/x1024_learnable_frequency_seed42_stage1: joint_soft_m1 (m=1.0, steps=3500) ===
[joint_soft_m1] step=1700 m=1.0 loss=0.18720 val_mse=0.14554 bin_frac=0.028
[joint_soft_m1] step=1900 m=1.0 loss=0.20609 val_mse=0.14096 bin_frac=0.028
[joint_soft_m1] step=2100 m=1.0 loss=0.21220 val_mse=0.14438 bin_frac=0.028
[joint_soft_m1] step=2300 m=1.0 loss=0.18476 val_mse=0.14348 bin_frac=0.028
[joint_soft_m1] step=2500 m=1.0 loss=0.21001 val_mse=0.14607 bin_frac=0.028
[joint_soft_m1] step=2700 m=1.0 loss=0.17403 val_mse=0.14113 bin_frac=0.028
[joint_soft_m1] step=2900 m=1.0 loss=0.16917 val_mse=0.14075 bin_frac=0.028
[joint_soft_m1] step=3100 m=1.0 loss=0.18878 val_mse=0.14342 bin_frac=0.028
[joint_soft_m1] step=3300 m=1.0 loss=0.21549 val_mse=0.14481 bin_frac=0.028
[joint_soft_m1] step=3500 m=1.0 loss=0.18276 val_mse=0.14509 bin_frac=0.028
[joint_soft_m1] step=3700 m=1.0 loss=0.19275 val_mse=0.14397 bin_frac=0.028
[joint_soft_m1] step=3900 m=1.0 loss=0.17997 val_mse=0.14081 bin_frac=0.028
[joint_soft_m1] step=4100 m=1.0 loss=0.21160 val_mse=0.14131 bin_frac=0.028
[joint_soft_m1] step=4300 m=1.0 loss=0.17803 val_mse=0.14297 bin_frac=0.029
[joint_soft_m1] step=4500 m=1.0 loss=0.16073 val_mse=0.14384 bin_frac=0.029
[joint_soft_m1] step=4700 m=1.0 loss=0.19011 val_mse=0.14408 bin_frac=0.029
[joint_soft_m1] step=4900 m=1.0 loss=0.18444 val_mse=0.14319 bin_frac=0.029
[joint_soft_m1] step=5000 m=1.0 loss=0.20636 val_mse=0.13913 bin_frac=0.029

=== segmentation/x1024_learnable_frequency_seed42_stage1: harden_m2 (m=2.0, steps=800) ===
[harden_m2] step=5200 m=2.0 loss=0.16471 val_mse=0.13406 bin_frac=0.280
[harden_m2] step=5400 m=2.0 loss=0.16479 val_mse=0.12609 bin_frac=0.281
[harden_m2] step=5600 m=2.0 loss=0.16908 val_mse=0.11924 bin_frac=0.281
[harden_m2] step=5800 m=2.0 loss=0.12503 val_mse=0.11170 bin_frac=0.282

=== segmentation/x1024_learnable_frequency_seed42_stage1: harden_m4 (m=4.0, steps=800) ===
[harden_m4] step=6000 m=4.0 loss=0.12675 val_mse=0.11123 bin_frac=0.631
[harden_m4] step=6200 m=4.0 loss=0.11876 val_mse=0.10679 bin_frac=0.637
[harden_m4] step=6400 m=4.0 loss=0.10506 val_mse=0.10533 bin_frac=0.645
[harden_m4] step=6600 m=4.0 loss=0.10206 val_mse=0.10801 bin_frac=0.653

=== segmentation/x1024_learnable_frequency_seed42_stage1: harden_m8 (m=8.0, steps=800) ===
[harden_m8] step=6800 m=8.0 loss=0.09510 val_mse=0.11721 bin_frac=0.853
[harden_m8] step=7000 m=8.0 loss=0.09410 val_mse=0.11250 bin_frac=0.864
[harden_m8] step=7200 m=8.0 loss=0.09780 val_mse=0.10559 bin_frac=0.876
[harden_m8] step=7400 m=8.0 loss=0.09912 val_mse=0.10447 bin_frac=0.887
[stage2] trainable report: {"illumination": {"num_params": 1, "total_elems": 262144, "trainable_elems": 0, "all_trainable": false, "all_frozen": true}, "inverse_model": {"num_params": 23, "total_elems": 334337, "trainable_elems": 0, "all_trainable": false, "all_frozen": true}, "segmentation_head": {"num_params": 6, "total_elems": 2625, "trainable_elems": 2625, "all_trainable": true, "all_frozen": false}}
[stage2] segmentation-head-only training (1200 steps)...
[stage2_seg_head] step=1/1200 total=1.08607 bce=0.71113 gn_seg=4.842e-01 gn_inv=0.000e+00 gn_illum=0.000e+00
[stage2_seg_head] step=200/1200 total=0.39473 bce=0.23129 gn_seg=2.407e-02 gn_inv=0.000e+00 gn_illum=0.000e+00
[stage2_seg_head] step=400/1200 total=0.37361 bce=0.21511 gn_seg=2.262e-01 gn_inv=0.000e+00 gn_illum=0.000e+00
[stage2_seg_head] step=600/1200 total=0.33370 bce=0.19772 gn_seg=1.291e-01 gn_inv=0.000e+00 gn_illum=0.000e+00
[stage2_seg_head] step=800/1200 total=0.39133 bce=0.22388 gn_seg=1.393e-01 gn_inv=0.000e+00 gn_illum=0.000e+00
[stage2_seg_head] step=1000/1200 total=0.36924 bce=0.22493 gn_seg=1.766e-01 gn_inv=0.000e+00 gn_illum=0.000e+00
[stage2_seg_head] step=1200/1200 total=0.36651 bce=0.21224 gn_seg=9.820e-02 gn_inv=0.000e+00 gn_illum=0.000e+00
[stage2] val dice=0.5671 iou=0.3972 (t=0.15)
[stage3] trainable report: {"illumination": {"num_params": 1, "total_elems": 262144, "trainable_elems": 262144, "all_trainable": true, "all_frozen": false}, "inverse_model": {"num_params": 23, "total_elems": 334337, "trainable_elems": 334337, "all_trainable": true, "all_frozen": false}, "segmentation_head": {"num_params": 6, "total_elems": 2625, "trainable_elems": 2625, "all_trainable": true, "all_frozen": false}}
[stage3] end-to-end finetuning (2500 steps; phases=[(1.0, 1500), (2.0, 333), (4.0, 333), (8.0, 334)])...
[stage3_finetune_all_m1] step=1/1500 total=0.67774 bce=0.40212 gn_seg=6.022e-01 gn_inv=1.511e+00 gn_illum=1.009e-05
[stage3_finetune_all_m1] step=200/1500 total=0.40464 bce=0.23496 gn_seg=3.883e-01 gn_inv=1.465e+00 gn_illum=6.661e-06
[stage3_finetune_all_m1] step=400/1500 total=0.38869 bce=0.22376 gn_seg=1.231e-01 gn_inv=1.432e+00 gn_illum=5.980e-06
[stage3_finetune_all_m1] step=600/1500 total=0.40116 bce=0.23787 gn_seg=5.302e-01 gn_inv=1.905e+00 gn_illum=9.470e-06
[stage3_finetune_all_m1] step=800/1500 total=0.37687 bce=0.22601 gn_seg=5.096e-02 gn_inv=1.374e+00 gn_illum=6.369e-06
[stage3_finetune_all_m1] step=1000/1500 total=0.36914 bce=0.21339 gn_seg=1.596e-01 gn_inv=1.997e+00 gn_illum=6.191e-06
[stage3_finetune_all_m1] step=1200/1500 total=0.32856 bce=0.19943 gn_seg=2.747e-01 gn_inv=1.908e+00 gn_illum=1.024e-05
[stage3_finetune_all_m1] step=1400/1500 total=0.29497 bce=0.16320 gn_seg=2.178e-01 gn_inv=1.088e+00 gn_illum=4.959e-06
[stage3_finetune_all_m1] step=1500/1500 total=0.43916 bce=0.23244 gn_seg=3.893e-01 gn_inv=1.875e+00 gn_illum=9.769e-06
[stage3_finetune_all_m2] step=1/333 total=0.44344 bce=0.28520 gn_seg=6.352e-01 gn_inv=2.017e+00 gn_illum=1.303e-05
[stage3_finetune_all_m2] step=200/333 total=0.28231 bce=0.15992 gn_seg=4.789e-01 gn_inv=1.571e+00 gn_illum=6.707e-06
[stage3_finetune_all_m2] step=333/333 total=0.24756 bce=0.13840 gn_seg=1.308e-01 gn_inv=1.401e+00 gn_illum=5.737e-06
[stage3_finetune_all_m4] step=1/333 total=0.27418 bce=0.16775 gn_seg=2.880e-01 gn_inv=1.654e+00 gn_illum=1.177e-05
[stage3_finetune_all_m4] step=200/333 total=0.18504 bce=0.11026 gn_seg=2.802e-01 gn_inv=9.000e-01 gn_illum=4.471e-06
[stage3_finetune_all_m4] step=333/333 total=0.22407 bce=0.12766 gn_seg=7.482e-02 gn_inv=1.309e+00 gn_illum=5.151e-06
[stage3_finetune_all_m8] step=1/334 total=0.18875 bce=0.11170 gn_seg=1.201e-01 gn_inv=1.418e+00 gn_illum=9.392e-06
[stage3_finetune_all_m8] step=200/334 total=0.16592 bce=0.08961 gn_seg=5.578e-02 gn_inv=1.170e+00 gn_illum=5.468e-06
[stage3_finetune_all_m8] step=334/334 total=0.16172 bce=0.09809 gn_seg=2.921e-02 gn_inv=1.760e+00 gn_illum=5.777e-06
[stage3] illumination pattern change (eval m=10.0): L2=1.1009e+02 rel=3.2161e-01
[final] test dice=0.5455 iou=0.3776 (val-selected t=0.1); dice@0.5=0.5292
