Using device: cuda:0
[stage1] training content-aware microscope (learnable=True)...
Using device: cuda:0

=== segmentation/x1024_learnable_frequency_seed43_stage1: inverse_warmup_m1 (m=1.0, steps=1500) ===
[inverse_warmup_m1] step=200 m=1.0 loss=0.18443 val_mse=0.15092 bin_frac=0.028
[inverse_warmup_m1] step=400 m=1.0 loss=0.18608 val_mse=0.14739 bin_frac=0.028
[inverse_warmup_m1] step=600 m=1.0 loss=0.20259 val_mse=0.14638 bin_frac=0.028
[inverse_warmup_m1] step=800 m=1.0 loss=0.18193 val_mse=0.14620 bin_frac=0.028
[inverse_warmup_m1] step=1000 m=1.0 loss=0.17745 val_mse=0.14580 bin_frac=0.028
[inverse_warmup_m1] step=1200 m=1.0 loss=0.22736 val_mse=0.14612 bin_frac=0.028
[inverse_warmup_m1] step=1400 m=1.0 loss=0.18299 val_mse=0.14458 bin_frac=0.028
[inverse_warmup_m1] step=1500 m=1.0 loss=0.17535 val_mse=0.14458 bin_frac=0.028

=== segmentation/x1024_learnable_frequency_seed43_stage1: joint_soft_m1 (m=1.0, steps=3500) ===
[joint_soft_m1] step=1700 m=1.0 loss=0.17581 val_mse=0.14438 bin_frac=0.028
[joint_soft_m1] step=1900 m=1.0 loss=0.17348 val_mse=0.14323 bin_frac=0.028
[joint_soft_m1] step=2100 m=1.0 loss=0.17744 val_mse=0.14383 bin_frac=0.028
[joint_soft_m1] step=2300 m=1.0 loss=0.18955 val_mse=0.14236 bin_frac=0.028
[joint_soft_m1] step=2500 m=1.0 loss=0.19182 val_mse=0.14111 bin_frac=0.028
[joint_soft_m1] step=2700 m=1.0 loss=0.17583 val_mse=0.14440 bin_frac=0.028
[joint_soft_m1] step=2900 m=1.0 loss=0.18660 val_mse=0.14278 bin_frac=0.028
[joint_soft_m1] step=3100 m=1.0 loss=0.18666 val_mse=0.14171 bin_frac=0.028
[joint_soft_m1] step=3300 m=1.0 loss=0.19091 val_mse=0.14461 bin_frac=0.028
[joint_soft_m1] step=3500 m=1.0 loss=0.19089 val_mse=0.14072 bin_frac=0.028
[joint_soft_m1] step=3700 m=1.0 loss=0.17859 val_mse=0.14375 bin_frac=0.028
[joint_soft_m1] step=3900 m=1.0 loss=0.18014 val_mse=0.14234 bin_frac=0.028
[joint_soft_m1] step=4100 m=1.0 loss=0.17102 val_mse=0.14382 bin_frac=0.028
[joint_soft_m1] step=4300 m=1.0 loss=0.18626 val_mse=0.14475 bin_frac=0.028
[joint_soft_m1] step=4500 m=1.0 loss=0.18146 val_mse=0.14158 bin_frac=0.028
[joint_soft_m1] step=4700 m=1.0 loss=0.17607 val_mse=0.13951 bin_frac=0.028
[joint_soft_m1] step=4900 m=1.0 loss=0.17746 val_mse=0.14242 bin_frac=0.028
[joint_soft_m1] step=5000 m=1.0 loss=0.20399 val_mse=0.14157 bin_frac=0.028

=== segmentation/x1024_learnable_frequency_seed43_stage1: harden_m2 (m=2.0, steps=800) ===
[harden_m2] step=5200 m=2.0 loss=0.17207 val_mse=0.13804 bin_frac=0.279
[harden_m2] step=5400 m=2.0 loss=0.15435 val_mse=0.12637 bin_frac=0.280
[harden_m2] step=5600 m=2.0 loss=0.14234 val_mse=0.11862 bin_frac=0.280
[harden_m2] step=5800 m=2.0 loss=0.12132 val_mse=0.11254 bin_frac=0.280

=== segmentation/x1024_learnable_frequency_seed43_stage1: harden_m4 (m=4.0, steps=800) ===
[harden_m4] step=6000 m=4.0 loss=0.11669 val_mse=0.11009 bin_frac=0.628
[harden_m4] step=6200 m=4.0 loss=0.10953 val_mse=0.10325 bin_frac=0.634
[harden_m4] step=6400 m=4.0 loss=0.10746 val_mse=0.10329 bin_frac=0.643
[harden_m4] step=6600 m=4.0 loss=0.10150 val_mse=0.10304 bin_frac=0.652

=== segmentation/x1024_learnable_frequency_seed43_stage1: harden_m8 (m=8.0, steps=800) ===
[harden_m8] step=6800 m=8.0 loss=0.09908 val_mse=0.10982 bin_frac=0.861
[harden_m8] step=7000 m=8.0 loss=0.09132 val_mse=0.10347 bin_frac=0.871
[harden_m8] step=7200 m=8.0 loss=0.10038 val_mse=0.10380 bin_frac=0.881
[harden_m8] step=7400 m=8.0 loss=0.08897 val_mse=0.10475 bin_frac=0.891
[stage2] trainable report: {"illumination": {"num_params": 1, "total_elems": 262144, "trainable_elems": 0, "all_trainable": false, "all_frozen": true}, "inverse_model": {"num_params": 23, "total_elems": 334337, "trainable_elems": 0, "all_trainable": false, "all_frozen": true}, "segmentation_head": {"num_params": 6, "total_elems": 2625, "trainable_elems": 2625, "all_trainable": true, "all_frozen": false}}
[stage2] segmentation-head-only training (1200 steps)...
[stage2_seg_head] step=1/1200 total=1.05950 bce=0.69143 gn_seg=4.146e-01 gn_inv=0.000e+00 gn_illum=0.000e+00
[stage2_seg_head] step=200/1200 total=0.38599 bce=0.22313 gn_seg=1.637e-01 gn_inv=0.000e+00 gn_illum=0.000e+00
[stage2_seg_head] step=400/1200 total=0.38548 bce=0.23432 gn_seg=1.303e-01 gn_inv=0.000e+00 gn_illum=0.000e+00
[stage2_seg_head] step=600/1200 total=0.39853 bce=0.24473 gn_seg=2.983e-01 gn_inv=0.000e+00 gn_illum=0.000e+00
[stage2_seg_head] step=800/1200 total=0.35810 bce=0.20954 gn_seg=1.556e-01 gn_inv=0.000e+00 gn_illum=0.000e+00
[stage2_seg_head] step=1000/1200 total=0.37709 bce=0.22059 gn_seg=5.730e-02 gn_inv=0.000e+00 gn_illum=0.000e+00
[stage2_seg_head] step=1200/1200 total=0.42202 bce=0.27110 gn_seg=4.219e-02 gn_inv=0.000e+00 gn_illum=0.000e+00
[stage2] val dice=0.5736 iou=0.4042 (t=0.1)
[stage3] trainable report: {"illumination": {"num_params": 1, "total_elems": 262144, "trainable_elems": 262144, "all_trainable": true, "all_frozen": false}, "inverse_model": {"num_params": 23, "total_elems": 334337, "trainable_elems": 334337, "all_trainable": true, "all_frozen": false}, "segmentation_head": {"num_params": 6, "total_elems": 2625, "trainable_elems": 2625, "all_trainable": true, "all_frozen": false}}
[stage3] end-to-end finetuning (2500 steps; phases=[(1.0, 1500), (2.0, 333), (4.0, 333), (8.0, 334)])...
[stage3_finetune_all_m1] step=1/1500 total=0.66591 bce=0.39539 gn_seg=8.646e-01 gn_inv=1.435e+00 gn_illum=1.045e-05
[stage3_finetune_all_m1] step=200/1500 total=0.39260 bce=0.22829 gn_seg=1.202e-01 gn_inv=1.009e+00 gn_illum=6.321e-06
[stage3_finetune_all_m1] step=400/1500 total=0.39962 bce=0.23145 gn_seg=6.396e-01 gn_inv=1.337e+00 gn_illum=6.249e-06
[stage3_finetune_all_m1] step=600/1500 total=0.41304 bce=0.21426 gn_seg=5.452e-01 gn_inv=1.862e+00 gn_illum=8.497e-06
[stage3_finetune_all_m1] step=800/1500 total=0.34942 bce=0.19691 gn_seg=4.887e-01 gn_inv=1.215e+00 gn_illum=5.751e-06
[stage3_finetune_all_m1] step=1000/1500 total=0.34427 bce=0.20050 gn_seg=1.795e-01 gn_inv=1.197e+00 gn_illum=5.315e-06
[stage3_finetune_all_m1] step=1200/1500 total=0.40803 bce=0.26107 gn_seg=1.467e-01 gn_inv=2.346e+00 gn_illum=1.084e-05
[stage3_finetune_all_m1] step=1400/1500 total=0.36195 bce=0.22452 gn_seg=1.123e-01 gn_inv=1.834e+00 gn_illum=6.033e-06
[stage3_finetune_all_m1] step=1500/1500 total=0.28956 bce=0.16430 gn_seg=3.853e-01 gn_inv=1.799e+00 gn_illum=6.981e-06
[stage3_finetune_all_m2] step=1/333 total=0.37523 bce=0.23030 gn_seg=5.102e-01 gn_inv=1.761e+00 gn_illum=1.033e-05
[stage3_finetune_all_m2] step=200/333 total=0.24099 bce=0.13895 gn_seg=3.747e-01 gn_inv=1.302e+00 gn_illum=4.429e-06
[stage3_finetune_all_m2] step=333/333 total=0.22511 bce=0.13360 gn_seg=2.332e-01 gn_inv=9.628e-01 gn_illum=4.091e-06
[stage3_finetune_all_m4] step=1/333 total=0.31745 bce=0.19168 gn_seg=5.768e-01 gn_inv=2.111e+00 gn_illum=1.196e-05
[stage3_finetune_all_m4] step=200/333 total=0.29070 bce=0.18278 gn_seg=8.703e-02 gn_inv=2.017e+00 gn_illum=7.505e-06
[stage3_finetune_all_m4] step=333/333 total=0.18888 bce=0.10869 gn_seg=1.517e-01 gn_inv=1.426e+00 gn_illum=4.726e-06
[stage3_finetune_all_m8] step=1/334 total=0.20942 bce=0.12483 gn_seg=1.237e-01 gn_inv=1.983e+00 gn_illum=9.748e-06
[stage3_finetune_all_m8] step=200/334 total=0.20112 bce=0.11208 gn_seg=1.283e-01 gn_inv=1.203e+00 gn_illum=5.865e-06
[stage3_finetune_all_m8] step=334/334 total=0.26003 bce=0.16567 gn_seg=1.225e-01 gn_inv=2.516e+00 gn_illum=6.659e-06
[stage3] illumination pattern change (eval m=10.0): L2=1.1181e+02 rel=3.2599e-01
[final] test dice=0.5510 iou=0.3821 (val-selected t=0.1); dice@0.5=0.5260
