Using device: cuda:0

=== content/bbbc022_x256_learnable_frequency_seed42: inverse_warmup_m1 (m=1.0, steps=1500) ===
[inverse_warmup_m1] step=200 m=1.0 loss=0.09714 val_mse=0.04256 bin_frac=0.028
[inverse_warmup_m1] step=400 m=1.0 loss=0.07814 val_mse=0.02614 bin_frac=0.028
[inverse_warmup_m1] step=600 m=1.0 loss=0.07967 val_mse=0.02558 bin_frac=0.028
[inverse_warmup_m1] step=800 m=1.0 loss=0.07481 val_mse=0.02486 bin_frac=0.028
[inverse_warmup_m1] step=1000 m=1.0 loss=0.08410 val_mse=0.02541 bin_frac=0.028
[inverse_warmup_m1] step=1200 m=1.0 loss=0.07673 val_mse=0.02454 bin_frac=0.028
[inverse_warmup_m1] step=1400 m=1.0 loss=0.08815 val_mse=0.02579 bin_frac=0.028
[inverse_warmup_m1] step=1500 m=1.0 loss=0.07756 val_mse=0.02396 bin_frac=0.028

=== content/bbbc022_x256_learnable_frequency_seed42: joint_soft_m1 (m=1.0, steps=5000) ===
[joint_soft_m1] step=1700 m=1.0 loss=0.07314 val_mse=0.02418 bin_frac=0.028
[joint_soft_m1] step=1900 m=1.0 loss=0.08102 val_mse=0.02410 bin_frac=0.028
[joint_soft_m1] step=2100 m=1.0 loss=0.07669 val_mse=0.02417 bin_frac=0.028
[joint_soft_m1] step=2300 m=1.0 loss=0.06861 val_mse=0.02297 bin_frac=0.028
[joint_soft_m1] step=2500 m=1.0 loss=0.08020 val_mse=0.02446 bin_frac=0.028
[joint_soft_m1] step=2700 m=1.0 loss=0.06501 val_mse=0.01561 bin_frac=0.029
[joint_soft_m1] step=2900 m=1.0 loss=0.04298 val_mse=0.01091 bin_frac=0.029
[joint_soft_m1] step=3100 m=1.0 loss=0.04414 val_mse=0.00945 bin_frac=0.029
[joint_soft_m1] step=3300 m=1.0 loss=0.04447 val_mse=0.00910 bin_frac=0.029
[joint_soft_m1] step=3500 m=1.0 loss=0.03899 val_mse=0.00786 bin_frac=0.029
[joint_soft_m1] step=3700 m=1.0 loss=0.04096 val_mse=0.00823 bin_frac=0.029
[joint_soft_m1] step=3900 m=1.0 loss=0.03524 val_mse=0.00822 bin_frac=0.029
[joint_soft_m1] step=4100 m=1.0 loss=0.04657 val_mse=0.00659 bin_frac=0.029
[joint_soft_m1] step=4300 m=1.0 loss=0.03707 val_mse=0.00764 bin_frac=0.029
[joint_soft_m1] step=4500 m=1.0 loss=0.04691 val_mse=0.00668 bin_frac=0.029
[joint_soft_m1] step=4700 m=1.0 loss=0.03662 val_mse=0.00735 bin_frac=0.029
[joint_soft_m1] step=4900 m=1.0 loss=0.03531 val_mse=0.00596 bin_frac=0.029
[joint_soft_m1] step=5100 m=1.0 loss=0.04727 val_mse=0.00702 bin_frac=0.029
[joint_soft_m1] step=5300 m=1.0 loss=0.03542 val_mse=0.00572 bin_frac=0.029
[joint_soft_m1] step=5500 m=1.0 loss=0.03487 val_mse=0.00599 bin_frac=0.029
[joint_soft_m1] step=5700 m=1.0 loss=0.03690 val_mse=0.00603 bin_frac=0.029
[joint_soft_m1] step=5900 m=1.0 loss=0.03511 val_mse=0.00542 bin_frac=0.029
[joint_soft_m1] step=6100 m=1.0 loss=0.03567 val_mse=0.00554 bin_frac=0.029
[joint_soft_m1] step=6300 m=1.0 loss=0.03237 val_mse=0.00566 bin_frac=0.029
[joint_soft_m1] step=6500 m=1.0 loss=0.03712 val_mse=0.00516 bin_frac=0.029

=== content/bbbc022_x256_learnable_frequency_seed42: harden_m2 (m=2.0, steps=1200) ===
[harden_m2] step=6700 m=2.0 loss=0.03210 val_mse=0.00502 bin_frac=0.306
[harden_m2] step=6900 m=2.0 loss=0.03440 val_mse=0.00557 bin_frac=0.306
[harden_m2] step=7100 m=2.0 loss=0.02935 val_mse=0.00518 bin_frac=0.306
[harden_m2] step=7300 m=2.0 loss=0.03223 val_mse=0.00552 bin_frac=0.306
[harden_m2] step=7500 m=2.0 loss=0.03484 val_mse=0.00481 bin_frac=0.307
[harden_m2] step=7700 m=2.0 loss=0.02922 val_mse=0.00479 bin_frac=0.307

=== content/bbbc022_x256_learnable_frequency_seed42: harden_m4 (m=4.0, steps=1200) ===
[harden_m4] step=7900 m=4.0 loss=0.03148 val_mse=0.00497 bin_frac=0.632
[harden_m4] step=8100 m=4.0 loss=0.03947 val_mse=0.00486 bin_frac=0.633
[harden_m4] step=8300 m=4.0 loss=0.02971 val_mse=0.00467 bin_frac=0.633
[harden_m4] step=8500 m=4.0 loss=0.03007 val_mse=0.00511 bin_frac=0.634
[harden_m4] step=8700 m=4.0 loss=0.03533 val_mse=0.00455 bin_frac=0.635
[harden_m4] step=8900 m=4.0 loss=0.03106 val_mse=0.00453 bin_frac=0.636

=== content/bbbc022_x256_learnable_frequency_seed42: harden_m8 (m=8.0, steps=1200) ===
[harden_m8] step=9100 m=8.0 loss=0.03043 val_mse=0.00475 bin_frac=0.822
[harden_m8] step=9300 m=8.0 loss=0.03137 val_mse=0.00462 bin_frac=0.823
[harden_m8] step=9500 m=8.0 loss=0.03277 val_mse=0.00462 bin_frac=0.825
[harden_m8] step=9700 m=8.0 loss=0.02963 val_mse=0.00464 bin_frac=0.827
[harden_m8] step=9900 m=8.0 loss=0.03239 val_mse=0.00469 bin_frac=0.830
[harden_m8] step=10100 m=8.0 loss=0.03164 val_mse=0.00449 bin_frac=0.832
