Using device: cuda:0

=== noise/k10_sigma2.7_learnable_frequency_seed44: inverse_warmup_m1 (m=1.0, steps=3000) ===
[inverse_warmup_m1] step=500 m=1.0 loss=0.08486 val_mse=0.04446 bin_frac=0.028
[inverse_warmup_m1] step=1000 m=1.0 loss=0.07720 val_mse=0.03722 bin_frac=0.028
[inverse_warmup_m1] step=1500 m=1.0 loss=0.07448 val_mse=0.03630 bin_frac=0.028
[inverse_warmup_m1] step=2000 m=1.0 loss=0.07244 val_mse=0.03480 bin_frac=0.028
[inverse_warmup_m1] step=2500 m=1.0 loss=0.07199 val_mse=0.03453 bin_frac=0.028
[inverse_warmup_m1] step=3000 m=1.0 loss=0.07232 val_mse=0.03440 bin_frac=0.028

=== noise/k10_sigma2.7_learnable_frequency_seed44: joint_soft_m1 (m=1.0, steps=7350) ===
[joint_soft_m1] step=3500 m=1.0 loss=0.06520 val_mse=0.02938 bin_frac=0.029
[joint_soft_m1] step=4000 m=1.0 loss=0.05877 val_mse=0.02557 bin_frac=0.030
[joint_soft_m1] step=4500 m=1.0 loss=0.05521 val_mse=0.02232 bin_frac=0.031
[joint_soft_m1] step=5000 m=1.0 loss=0.05145 val_mse=0.02015 bin_frac=0.032
[joint_soft_m1] step=5500 m=1.0 loss=0.04917 val_mse=0.01893 bin_frac=0.033
[joint_soft_m1] step=6000 m=1.0 loss=0.04670 val_mse=0.01726 bin_frac=0.034
[joint_soft_m1] step=6500 m=1.0 loss=0.04495 val_mse=0.01645 bin_frac=0.035
[joint_soft_m1] step=7000 m=1.0 loss=0.04377 val_mse=0.01536 bin_frac=0.037
[joint_soft_m1] step=7500 m=1.0 loss=0.04325 val_mse=0.01457 bin_frac=0.038
[joint_soft_m1] step=8000 m=1.0 loss=0.04126 val_mse=0.01409 bin_frac=0.039
[joint_soft_m1] step=8500 m=1.0 loss=0.04102 val_mse=0.01369 bin_frac=0.041
[joint_soft_m1] step=9000 m=1.0 loss=0.04002 val_mse=0.01309 bin_frac=0.042
[joint_soft_m1] step=9500 m=1.0 loss=0.03860 val_mse=0.01249 bin_frac=0.044
[joint_soft_m1] step=10000 m=1.0 loss=0.03838 val_mse=0.01241 bin_frac=0.045
[joint_soft_m1] step=10350 m=1.0 loss=0.03766 val_mse=0.01210 bin_frac=0.047

=== noise/k10_sigma2.7_learnable_frequency_seed44: harden_m2 (m=2.0, steps=1500) ===
[harden_m2] step=10850 m=2.0 loss=0.03246 val_mse=0.00905 bin_frac=0.430
[harden_m2] step=11350 m=2.0 loss=0.03209 val_mse=0.00878 bin_frac=0.434
[harden_m2] step=11850 m=2.0 loss=0.03163 val_mse=0.00867 bin_frac=0.438

=== noise/k10_sigma2.7_learnable_frequency_seed44: harden_m4 (m=4.0, steps=1500) ===
[harden_m4] step=12350 m=4.0 loss=0.02952 val_mse=0.00761 bin_frac=0.724
[harden_m4] step=12850 m=4.0 loss=0.02945 val_mse=0.00742 bin_frac=0.727
[harden_m4] step=13350 m=4.0 loss=0.02959 val_mse=0.00736 bin_frac=0.731

=== noise/k10_sigma2.7_learnable_frequency_seed44: harden_m8 (m=8.0, steps=1500) ===
[harden_m8] step=13850 m=8.0 loss=0.02801 val_mse=0.00684 bin_frac=0.874
[harden_m8] step=14350 m=8.0 loss=0.02744 val_mse=0.00672 bin_frac=0.878
[harden_m8] step=14850 m=8.0 loss=0.02751 val_mse=0.00669 bin_frac=0.884
