Using device: cuda:0

=== noise/k10_sigma2_learnable_frequency_seed43: inverse_warmup_m1 (m=1.0, steps=3000) ===
[inverse_warmup_m1] step=500 m=1.0 loss=0.08485 val_mse=0.04243 bin_frac=0.028
[inverse_warmup_m1] step=1000 m=1.0 loss=0.07736 val_mse=0.03638 bin_frac=0.028
[inverse_warmup_m1] step=1500 m=1.0 loss=0.07405 val_mse=0.03544 bin_frac=0.028
[inverse_warmup_m1] step=2000 m=1.0 loss=0.07224 val_mse=0.03450 bin_frac=0.028
[inverse_warmup_m1] step=2500 m=1.0 loss=0.07111 val_mse=0.03412 bin_frac=0.028
[inverse_warmup_m1] step=3000 m=1.0 loss=0.07099 val_mse=0.03350 bin_frac=0.028

=== noise/k10_sigma2_learnable_frequency_seed43: joint_soft_m1 (m=1.0, steps=7350) ===
[joint_soft_m1] step=3500 m=1.0 loss=0.06424 val_mse=0.02912 bin_frac=0.029
[joint_soft_m1] step=4000 m=1.0 loss=0.05919 val_mse=0.02547 bin_frac=0.030
[joint_soft_m1] step=4500 m=1.0 loss=0.05553 val_mse=0.02257 bin_frac=0.031
[joint_soft_m1] step=5000 m=1.0 loss=0.05187 val_mse=0.02054 bin_frac=0.032
[joint_soft_m1] step=5500 m=1.0 loss=0.04999 val_mse=0.01901 bin_frac=0.033
[joint_soft_m1] step=6000 m=1.0 loss=0.04771 val_mse=0.01781 bin_frac=0.034
[joint_soft_m1] step=6500 m=1.0 loss=0.04608 val_mse=0.01646 bin_frac=0.035
[joint_soft_m1] step=7000 m=1.0 loss=0.04443 val_mse=0.01562 bin_frac=0.036
[joint_soft_m1] step=7500 m=1.0 loss=0.04289 val_mse=0.01501 bin_frac=0.038
[joint_soft_m1] step=8000 m=1.0 loss=0.04173 val_mse=0.01438 bin_frac=0.039
[joint_soft_m1] step=8500 m=1.0 loss=0.04172 val_mse=0.01380 bin_frac=0.040
[joint_soft_m1] step=9000 m=1.0 loss=0.04018 val_mse=0.01334 bin_frac=0.042
[joint_soft_m1] step=9500 m=1.0 loss=0.03898 val_mse=0.01269 bin_frac=0.043
[joint_soft_m1] step=10000 m=1.0 loss=0.03872 val_mse=0.01231 bin_frac=0.045
[joint_soft_m1] step=10350 m=1.0 loss=0.03794 val_mse=0.01216 bin_frac=0.046

=== noise/k10_sigma2_learnable_frequency_seed43: harden_m2 (m=2.0, steps=1500) ===
[harden_m2] step=10850 m=2.0 loss=0.03213 val_mse=0.00903 bin_frac=0.428
[harden_m2] step=11350 m=2.0 loss=0.03209 val_mse=0.00873 bin_frac=0.432
[harden_m2] step=11850 m=2.0 loss=0.03165 val_mse=0.00860 bin_frac=0.436

=== noise/k10_sigma2_learnable_frequency_seed43: harden_m4 (m=4.0, steps=1500) ===
[harden_m4] step=12350 m=4.0 loss=0.02955 val_mse=0.00758 bin_frac=0.726
[harden_m4] step=12850 m=4.0 loss=0.02914 val_mse=0.00747 bin_frac=0.728
[harden_m4] step=13350 m=4.0 loss=0.02851 val_mse=0.00725 bin_frac=0.732

=== noise/k10_sigma2_learnable_frequency_seed43: harden_m8 (m=8.0, steps=1500) ===
[harden_m8] step=13850 m=8.0 loss=0.02771 val_mse=0.00685 bin_frac=0.875
[harden_m8] step=14350 m=8.0 loss=0.02785 val_mse=0.00679 bin_frac=0.880
[harden_m8] step=14850 m=8.0 loss=0.02736 val_mse=0.00650 bin_frac=0.886
